00:22:17.904 > [37ma[37mder
00:22:17.905 > I (32) boot: compile time Jul  3 2025 00:17:27
00:22:17.905 > D (32) bootloader_flash: XMC chip detected by RDID (00204016), skip.
00:22:17.905 > D (34) bootloader_flash: mmu set block paddr=0x00000000 (was 0xffffffff)
00:22:17.905 > I (35) boot: chip revision: v0.0
00:22:17.905 > I (35) boot: efuse block revision: v0.2
00:22:17.905 > D (35) boot.esp32s2: magic e9
00:22:17.905 > D (35) boot.esp32s2: segments 04
00:22:17.905 > D (35) boot.esp32s2: spi_mode 02
00:22:17.905 > D (35) boot.esp32s2: spi_speed 0f
00:22:17.905 > D (35) boot.esp32s2: spi_size 02
00:22:17.905 > I (35) boot.esp32s2: SPI Speed      : 80MHz
00:22:17.905 > I (35) boot.esp32s2: SPI Mode       : DIO
00:22:17.905 > I (35) boot.esp32s2: SPI Flash Size : 4MB
00:22:17.905 > D (36) boot: Enabling RTCWDT(9000 ms)
00:22:17.905 > I (36) boot: Enabling RNG early entropy source...
00:22:17.905 > D (36) bootloader_flash: rodata starts from paddr=0x00008000, size=0xc00, will be mapped to vaddr=0x3f000000
00:22:17.905 > V (36) bootloader_flash: after mapping, starting from paddr=0x00000000 and vaddr=0x3f000000, 0x10000 bytes are mapped
00:22:17.905 > D (36) boot: mapped partition table 0x8000 at 0x3f008000
00:22:17.905 > D (36) flash_parts: partition table verified, 5 entries
00:22:17.905 > I (37) boot: P[37ma[37mrtition Table:
00:22:17.905 > I (38) boot: ## Label            Usage          Type ST Offset   Length
00:22:17.905 > D (39) boot: load partition table entry 0x3f008000
00:22:17.905 > D (39) boot: type=1 subtype=2
00:22:17.905 > I (39) boot:  0 nvs              WiFi data        01 02 00009000 00004000
00:22:17.905 > D (40) boot: load partition table entry 0x3f008020
00:22:17.905 > D (40) boot: type=1 subtype=1
00:22:17.905 > I (40) boot:  1 phy_init         RF data          01 01 0000d000 00001000
00:22:17.905 > D (41) boot: load partition table entry 0x3f008040
00:22:17.905 > D (42) boot: type=0 subtype=0
00:22:17.905 > I (43) boot:  2 factory          factory app      00 00 00010000 00100000
00:22:17.905 > D (44) boot: load partition table entry 0x3f008060
00:22:17.905 > D (44) boot: type=1 subtype=83
00:22:17.905 > I (44) boot:  3 storage          Unknown data     01 83 00110000 000f0000
00:22:17.905 > I (45) boot: End of partition table
00:22:17.905 > D (45) boot: Trying partition index -1 offs 0x10000 size 0x100000
00:22:17.905 > D (46) esp_image: reading image header @ 0x10000
00:22:17.905 > D (47) bootloader_flash: mmu set block paddr=0x00010000 (was 0xffffffff)
00:22:17.905 > D (48) esp_image: image header: 0xe9 0x06 0x02 0x02 40026a3c
00:22:17.905 > V (48) [37mesp_image: loading segment header 0 at offset 0x10018
00:22:17.905 > V (48) esp_image: segment data length 0x14fd8 data starts 0x10020
00:22:17.905 > V (49) esp_image: MMU page size 0x10000
00:22:17.905 > V (49) esp_image: segment 0 map_segment 1 segment_data_offs 0x10020 load_addr 0x3f000020
00:22:17.905 > I (50) esp_image: segment 0: paddr=00010020 vaddr=3f000020 size=14fd8h ( 85976) map
00:22:17.905 > D (51) esp_image: free data page_count 0x00000038
00:22:17.905 > D (51) bootloader_flash: rodata starts from paddr=0x00010020, size=0x14fd8, will be mapped to vaddr=0x3f000000
00:22:17.905 > V (51) bootloader_flash: after mapping, starting from paddr=0x00010000 and vaddr=0x3f000000, 0x20000 bytes are mapped
00:22:17.905 > V (68) esp_image: loading segment header 1 at offset 0x24ff8
00:22:17.905 > D (68) bootloader_flash: mmu set block paddr=0x00020000 (was 0xffffffff)
00:22:17.905 > V (70) esp_image: segment data length 0x1c data starts 0x25000
00:22:17.905 > V (70) esp_image: MMU page size 0x10000
00:22:17.905 > V (70) esp_image: segment 1 map_segment 0 segment_data_offs 0x25000 load_addr 0x3ff9e010
00:22:17.905 > I (71) esp_image: segment 1: paddr=00025000 vaddr=3ff9e010 size=0001c[37mh (    28) load
00:22:17.905 > D (72) esp_image: free data page_count 0x00000038
00:22:17.905 > D (72) bootloader_flash: rodata starts from paddr=0x00025000, size=0x1c, will be mapped to vaddr=0x3f000000
00:22:17.905 > V (72) bootloader_flash: after mapping, starting from paddr=0x00020000 and vaddr=0x3f000000, 0x10000 bytes are mapped
00:22:17.905 > V (73) esp_image: loading segment header 2 at offset 0x2501c
00:22:17.905 > D (73) bootloader_flash: mmu set block paddr=0x00020000 (was 0xffffffff)
00:22:17.905 > V (74) esp_image: segment data length 0x2ed8 data starts 0x25024
00:22:17.905 > V (75) esp_image: MMU page size 0x10000
00:22:17.905 > V (75) esp_image: segment 2 map_segment 0 segment_data_offs 0x25024 load_addr 0x3ffc5ad0
00:22:17.905 > I (77) esp_image: segment 2: paddr=00025024 vaddr=3ffc5ad0 size=02ed8h ( 11992) load
00:22:17.905 > D (78) esp_image: free data page_count 0x00000038
00:22:17.905 > D (78) bootloader_flash: rodata starts from paddr=0x00025024, size=0x2ed8, will be mapped to vaddr=0x3f000000
00:22:17.905 > V (78) bootloader_flash: after mapping, starting from paddr=0x00020000 and vaddr=0x3f000000, 0x10000 bytes are mapped
00:22:17.905 > V (81) esp_image: loadin[37mg segment header 3 at offset 0x27efc
00:22:17.905 > D (81) bootloader_flash: mmu set block paddr=0x00020000 (was 0xffffffff)
00:22:17.905 > V (82) esp_image: segment data length 0x8114 data starts 0x27f04
00:22:17.905 > V (84) esp_image: MMU page size 0x10000
00:22:17.905 > V (84) esp_image: segment 3 map_segment 0 segment_data_offs 0x27f04 load_addr 0x40024000
00:22:17.905 > I (84) esp_image: segment 3: paddr=00027f04 vaddr=40024000 size=08114h ( 33044) load
00:22:17.905 > D (84) esp_image: free data page_count 0x00000038
00:22:17.905 > D (84) bootloader_flash: rodata starts from paddr=0x00027f04, size=0x8114, will be mapped to vaddr=0x3f000000
00:22:17.905 > V (84) bootloader_flash: after mapping, starting from paddr=0x00020000 and vaddr=0x3f000000, 0x20000 bytes are mapped
00:22:17.905 > V (93) esp_image: loading segment header 4 at offset 0x30018
00:22:17.905 > D (93) bootloader_flash: mmu set block paddr=0x00030000 (was 0xffffffff)
00:22:17.905 > V (94) esp_image: segment data length 0x3f804 data starts 0x30020
00:22:17.905 > V (95) esp_image: MMU page size 0x10000
00:22:17.905 > V (95) esp_image: segment 4 map_segment 1 segment_data_offs 0x30020 load_addr 0x40080020
00:22:17.905 > I (97) esp[37m_image: segment 4: paddr=00030020 vaddr=40080020 size=3f804h (260100) map
00:22:17.905 > D (97) esp_image: free data page_count 0x00000038
00:22:17.905 > D (97) bootloader_flash: rodata starts from paddr=0x00030020, size=0x3f804, will be mapped to vaddr=0x3f000000
00:22:17.905 > V (97) bootloader_flash: after mapping, starting from paddr=0x00030000 and vaddr=0x3f000000, 0x40000 bytes are mapped
00:22:17.905 > V (148) esp_image: loading segment header 5 at offset 0x6f824
00:22:17.905 > D (149) bootloader_flash: mmu set block paddr=0x00060000 (was 0xffffffff)
00:22:17.905 > V (150) esp_image: segment data length 0x99b8 data starts 0x6f82c
00:22:17.905 > V (151) esp_image: MMU page size 0x10000
00:22:17.905 > V (151) esp_image: segment 5 map_segment 0 segment_data_offs 0x6f82c load_addr 0x4002c114
00:22:17.905 > I (151) esp_image: segment 5: paddr=0006f82c vaddr=4002c114 size=099b8h ( 39352) load
00:22:17.905 > D (151) esp_image: free data page_count 0x00000038
00:22:17.905 > D (152) bootloader_flash: rodata starts from paddr=0x0006f82c, size=0x99b8, will be mapped to vaddr=0x3f000000
00:22:17.905 > V (152) bootloader_flash: after mapping, starting from paddr=0x00060000 an[37md vaddr=0x3f000000, 0x20000 bytes are mapped
00:22:17.907 > V (162) esp_image: image start 0x00010000 end of last section 0x000791e4
00:22:17.907 > D (163) bootloader_flash: mmu set block paddr=0x00070000 (was 0xffffffff)
00:22:17.907 > I (173) boot: Loaded app from partition at offset 0x10000
00:22:17.907 > I (173) boot: Disabling RNG early entropy source...
00:22:17.907 > D (173) boot: Mapping segment 0 as DROM
00:22:17.907 > D (173) boot: Mapping segment 4 as IROM
00:22:17.907 > D (173) boot: calling set_cache_and_start_app
00:22:17.907 > D (173) boot: configure drom and irom and start
00:22:17.907 > V (173) boot: rodata starts from paddr=0x00010020, vaddr=0x3f000020, size=0x14fd8
00:22:17.907 > V (175) boot: after mapping rodata, starting from paddr=0x00010000 and vaddr=0x3f000000, 0x20000 bytes are mapped
00:22:17.907 > V (175) boot: mapped one page of the rodata, from paddr=0x00010000 and vaddr=0x3f3f0000, 0x10000 bytes are mapped
00:22:17.907 > V (175) boot: text starts from paddr=0x00030020, vaddr=0x40080020, size=0x3f804
00:22:17.907 > V (176) boot: after mapping text, starting from paddr=0x00030000 and vaddr=0x40080000, 0x40000 bytes are mapped
00:22:17.907 > D (176) boot: start: 0x40026[37ma3c
00:22:17.907 > I (198) main_task: Started on CPU0
00:22:17.907 > I (198) main_task: Calling app_main()
00:22:17.907 > [INFO][SYSTEM][13ms] [1;36m
00:22:17.907 > Guru Meditation Error: Core  0 panic'ed (LoadProhibited). Exception was unhandled.
00:22:17.907 > 
00:22:17.907 > Core  0 register dump:
00:22:17.907 > PC      : 0x400b3f3f  PS      : 0x00060730  A0      : 0x800a9a48  A1      : 0x3ffcdc20  
00:22:17.907 > A2      : 0x3ffce1d0  A3      : 0x00000000  A4      : 0x3ffcdc30  A5      : 0x3ffcdf70  
00:22:17.907 > A6      : 0x3ffcdf50  A7      : 0x00000008  A8      : 0x00000000  A9      : 0x3ffcdc10  
00:22:17.907 > A10     : 0x00000001  A11     : 0x3f01266a  A12     : 0x000000ff  A13     : 0x0000ff00  
00:22:17.907 > A14     : 0x00ff0000  A15     : 0xff000000  SAR     : 0x00000004  EXCCAUSE: 0x0000001c  
00:22:17.907 > EXCVADDR: 0x00000064  LBEG    : 0x000000ff  LEND    : 0x0000ff00  LCOUNT  : 0x4002a7e8  
00:22:17.907 > 
00:22:17.907 > 
00:22:17.907 > Backtrace: 0x400b3f3c:0x3ffcdc20 0x400a9a45:0x3ffcdf40 0x40089696:0x3ffcdf90 0x4008a413:0x3ffce0e0 0x4008a716:0x3ffce100 0x400bf1bb:0x3ffce120 0x4002d279:0x3ffce150
00:22:17.907 > 
00:22:17.907 > 
00:22:17.907 > 
00:22:17.907 > 
00:22:17.907 > ELF file SHA256: 1f375162b
00:22:17.907 > 
00:22:17.907 > Rebooting...
00:22:17.907 > I (32) boot: ESP-IDF 5.4.0 2nd stage b[37mootloader
00:22:17.907 > I (32) boot: compile time Jul  3 2025 00:17:27
00:22:17.907 > D (32) bootloader_flash: XMC chip detected by RDID (00204016), skip.
00:22:17.907 > D (34) bootloader_flash: mmu set block paddr=0x00000000 (was 0xffffffff)
00:22:17.907 > I (35) boot: chip revision: v0.0
00:22:17.907 > I (35) boot: efuse block revision: v0.2
00:22:17.907 > D (35) boot.esp32s2: magic e9
00:22:17.907 > D (35) boot.esp32s2: segments 04
00:22:17.907 > D (35) boot.esp32s2: spi_mode 02
00:22:17.907 > D (35) boot.esp32s2: spi_speed 0f
00:22:17.907 > D (35) boot.esp32s2: spi_size 02
00:22:17.907 > I (35) boot.esp32s2: SPI Speed      : 80MHz
00:22:17.907 > I (35) boot.esp32s2: SPI Mode       : DIO
00:22:17.907 > I (35) boot.esp32s2: SPI Flash Size : 4MB
00:22:17.907 > D (36) boot: Enabling RTCWDT(9000 ms)
00:22:17.907 > I (36) boot: Enabling RNG early entropy source...
00:22:17.907 > D (36) bootloader_flash: rodata starts from paddr=0x00008000, size=0xc00, will be mapped to vaddr=0x3f000000
00:22:17.907 > V (36) bootloader_flash: after mapping, starting from paddr=0x00000000 and vaddr=0x3f000000, 0x10000 bytes are mapped
00:22:17.907 > D (36) boot: mapped partition table 0x8000 at 0x3f008000
00:22:17.907 > D (36) flash_parts: partition table verified, 5 entries
00:22:17.907 > I (37) bo[37mot: Partition Table:
00:22:17.907 > I (37) boot: ## Label            Usage          Type ST Offset   Length
00:22:17.907 > D (38) boot: load partition table entry 0x3f008000
00:22:17.907 > D (38) boot: type=1 subtype=2
00:22:17.907 > I (38) boot:  0 nvs              WiFi data        01 02 00009000 00004000
00:22:17.907 > D (39) boot: load partition table entry 0x3f008020
00:22:17.907 > D (39) boot: type=1 subtype=1
00:22:17.907 > I (39) boot:  1 phy_init         RF data          01 01 0000d000 00001000
00:22:17.907 > D (40) boot: load partition table entry 0x3f008040
00:22:17.907 > D (41) boot: type=0 subtype=0
00:22:17.907 > I (41) boot:  2 factory          factory app      00 00 00010000 00100000
00:22:17.907 > D (42) boot: load partition table entry 0x3f008060
00:22:17.907 > D (42) boot: type=1 subtype=83
00:22:17.907 > I (43) boot:  3 storage          Unknown data     01 83 00110000 000f0000
00:22:17.907 > I (44) boot: End of partition table
00:22:17.907 > D (44) boot: Trying partition index -1 offs 0x10000 size 0x100000
00:22:17.907 > D (45) esp_image: reading image header @ 0x10000
00:22:17.907 > D (46) bootloader_flash: mmu set block paddr=0x00010000 (was 0xffffffff)
00:22:17.907 > D (47) esp_image: image header: 0xe9 0x06 0x02 0x02 40026a3c
00:22:17.907 > V [37m(47) esp_image: loading segment header 0 at offset 0x10018
00:22:17.907 > V (47) esp_image: segment data length 0x14fd8 data starts 0x10020
00:22:17.907 > V (48) esp_image: MMU page size 0x10000
00:22:17.907 > V (48) esp_image: segment 0 map_segment 1 segment_data_offs 0x10020 load_addr 0x3f000020
00:22:17.907 > I (48) esp_image: segment 0: paddr=00010020 vaddr=3f000020 size=14fd8h ( 85976) map
00:22:17.907 > D (49) esp_image: free data page_count 0x00000038
00:22:17.907 > D (49) bootloader_flash: rodata starts from paddr=0x00010020, size=0x14fd8, will be mapped to vaddr=0x3f000000
00:22:17.907 > V (50) bootloader_flash: after mapping, starting from paddr=0x00010000 and vaddr=0x3f000000, 0x20000 bytes are mapped
00:22:17.907 > V (67) esp_image: loading segment header 1 at offset 0x24ff8
00:22:17.907 > D (67) bootloader_flash: mmu set block paddr=0x00020000 (was 0xffffffff)
00:22:17.907 > V (69) esp_image: segment data length 0x1c data starts 0x25000
00:22:17.907 > V (69) esp_image: MMU page size 0x10000
00:22:17.907 > V (69) esp_image: segment 1 map_segment 0 segment_data_offs 0x25000 load_addr 0x3ff9e010
00:22:17.907 > I (70) esp_image: segment 1: paddr=00025000 vaddr=3ff9e010 size=[37m0001ch (    28) load
00:22:17.907 > D (71) esp_image: free data page_count 0x00000038
00:22:17.907 > D (71) bootloader_flash: rodata starts from paddr=0x00025000, size=0x1c, will be mapped to vaddr=0x3f000000
00:22:17.907 > V (71) bootloader_flash: after mapping, starting from paddr=0x00020000 and vaddr=0x3f000000, 0x10000 bytes are mapped
00:22:17.907 > V (72) esp_image: loading segment header 2 at offset 0x2501c
00:22:17.907 > D (72) bootloader_flash: mmu set block paddr=0x00020000 (was 0xffffffff)
00:22:17.907 > V (73) esp_image: segment data length 0x2ed8 data starts 0x25024
00:22:17.907 > V (74) esp_image: MMU page size 0x10000
00:22:17.907 > V (74) esp_image: segment 2 map_segment 0 segment_data_offs 0x25024 load_addr 0x3ffc5ad0
00:22:17.907 > I (75) esp_image: segment 2: paddr=00025024 vaddr=3ffc5ad0 size=02ed8h ( 11992) load
00:22:17.907 > D (75) esp_image: free data page_count 0x00000038
00:22:17.907 > D (75) bootloader_flash: rodata starts from paddr=0x00025024, size=0x2ed8, will be mapped to vaddr=0x3f000000
00:22:17.907 > V (75) bootloader_flash: after mapping, starting from paddr=0x00020000 and vaddr=0x3f000000, 0x10000 bytes are mapped
00:22:17.907 > V (78) esp_image: l[37moading segment header 3 at offset 0x27efc
00:22:17.907 > D (78) bootloader_flash: mmu set block paddr=0x00020000 (was 0xffffffff)
00:22:17.907 > V (79) esp_image: segment data length 0x8114 data starts 0x27f04
00:22:17.907 > V (81) esp_image: MMU page size 0x10000
00:22:17.907 > V (81) esp_image: segment 3 map_segment 0 segment_data_offs 0x27f04 load_addr 0x40024000
00:22:17.907 > I (81) esp_image: segment 3: paddr=00027f04 vaddr=40024000 size=08114h ( 33044) load
00:22:17.907 > D (82) esp_image: free data page_count 0x00000038
00:22:17.907 > D (82) bootloader_flash: rodata starts from paddr=0x00027f04, size=0x8114, will be mapped to vaddr=0x3f000000
00:22:17.907 > V (82) bootloader_flash: after mapping, starting from paddr=0x00020000 and vaddr=0x3f000000, 0x20000 bytes are mapped
00:22:17.907 > V (91) esp_image: loading segment header 4 at offset 0x30018
00:22:17.907 > D (91) bootloader_flash: mmu set block paddr=0x00030000 (was 0xffffffff)
00:22:17.907 > V (92) esp_image: segment data length 0x3f804 data starts 0x30020
00:22:17.907 > V (93) esp_image: MMU page size 0x10000
00:22:17.907 > V (93) esp_image: segment 4 map_segment 1 segment_data_offs 0x30020 load_addr 0x40080020
00:22:17.907 > I (94[37m) esp_image: segment 4: paddr=00030020 vaddr=40080020 size=3f804h (260100) map
00:22:17.907 > D (94) esp_image: free data page_count 0x00000038
00:22:17.907 > D (94) bootloader_flash: rodata starts from paddr=0x00030020, size=0x3f804, will be mapped to vaddr=0x3f000000
00:22:17.907 > V (94) bootloader_flash: after mapping, starting from paddr=0x00030000 and vaddr=0x3f000000, 0x40000 bytes are mapped
00:22:17.907 > V (145) esp_image: loading segment header 5 at offset 0x6f824
00:22:17.907 > D (146) bootloader_flash: mmu set block paddr=0x00060000 (was 0xffffffff)
00:22:17.907 > V (147) esp_image: segment data length 0x99b8 data starts 0x6f82c
00:22:17.907 > V (148) esp_image: MMU page size 0x10000
00:22:17.907 > V (148) esp_image: segment 5 map_segment 0 segment_data_offs 0x6f82c load_addr 0x4002c114
00:22:17.907 > I (148) esp_image: segment 5: paddr=0006f82c vaddr=4002c114 size=099b8h ( 39352) load
00:22:17.907 > D (148) esp_image: free data page_count 0x00000038
00:22:17.907 > D (149) bootloader_flash: rodata starts from paddr=0x0006f82c, size=0x99b8, will be mapped to vaddr=0x3f000000
00:22:17.907 > V (149) bootloader_flash: after mapping, starting from paddr=0x000600[37m00 and vaddr=0x3f000000, 0x20000 bytes are mapped
00:22:17.908 > V (159) esp_image: image start 0x00010000 end of last section 0x000791e4
00:22:17.908 > D (160) bootloader_flash: mmu set block paddr=0x00070000 (was 0xffffffff)
00:22:17.908 > I (170) boot: Loaded app from partition at offset 0x10000
00:22:17.908 > I (170) boot: Disabling RNG early entropy source...
00:22:17.908 > D (170) boot: Mapping segment 0 as DROM
00:22:17.908 > D (170) boot: Mapping segment 4 as IROM
00:22:17.908 > D (170) boot: calling set_cache_and_start_app
00:22:17.908 > D (170) boot: configure drom and irom and start
00:22:17.908 > V (170) boot: rodata starts from paddr=0x00010020, vaddr=0x3f000020, size=0x14fd8
00:22:17.908 > V (171) boot: after mapping rodata, starting from paddr=0x00010000 and vaddr=0x3f000000, 0x20000 bytes are mapped
00:22:17.908 > V (172) boot: mapped one page of the rodata, from paddr=0x00010000 and vaddr=0x3f3f0000, 0x10000 bytes are mapped
00:22:17.908 > V (173) boot: text starts from paddr=0x00030020, vaddr=0x40080020, size=0x3f804
00:22:17.908 > V (174) boot: after mapping text, starting from paddr=0x00030000 and vaddr=0x40080000, 0x40000 bytes are mapped
00:22:17.908 > D (174) boot: start: 0x[37m40026a3c
00:22:17.908 > I (196) main_task: Started on CPU0
00:22:17.908 > I (196) main_task: Calling app_main()
00:22:17.908 > [INFO][SYSTEM][13ms] [1;36m
00:22:17.908 > Guru Meditation Error: Core  0 panic'ed (LoadProhibited). Exception was unhandled.
00:22:17.908 > 
00:22:17.908 > Core  0 register dump:
00:22:17.908 > PC      : 0x400b3f3f  PS      : 0x00060730  A0      : 0x800a9a48  A1      : 0x3ffcdc20  
00:22:17.908 > A2      : 0x3ffce1d0  A3      : 0x00000000  A4      : 0x3ffcdc30  A5      : 0x3ffcdf70  
00:22:17.908 > A6      : 0x3ffcdf50  A7      : 0x00000008  A8      : 0x00000000  A9      : 0x3ffcdc10  
00:22:17.908 > A10     : 0x00000001  A11     : 0x3f01266a  A12     : 0x000000ff  A13     : 0x0000ff00  
00:22:17.908 > A14     : 0x00ff0000  A15     : 0xff000000  SAR     : 0x00000004  EXCCAUSE: 0x0000001c  
00:22:17.908 > EXCVADDR: 0x00000064  LBEG    : 0x000000ff  LEND    : 0x0000ff00  LCOUNT  : 0x4002a7e8  
00:22:17.908 > 
00:22:17.908 > 
00:22:17.908 > Backtrace: 0x400b3f3c:0x3ffcdc20 0x400a9a45:0x3ffcdf40 0x40089696:0x3ffcdf90 0x4008a413:0x3ffce0e0 0x4008a716:0x3ffce100 0x400bf1bb:0x3ffce120 0x4002d279:0x3ffce150
00:22:17.908 > 
00:22:17.908 > 
00:22:17.908 > 
00:22:17.908 > 
00:22:17.908 > ELF file SHA256: 1f375162b
00:22:17.908 > 
00:22:17.908 > Rebooting...
00:22:17.908 > I (32) boot: ESP-IDF 5.4.0 2nd st[37mage bootloader
00:22:17.908 > I (32) boot: compile time Jul  3 2025 00:17:27
00:22:17.908 > D (32) bootloader_flash: XMC chip detected by RDID (00204016), skip.
00:22:17.908 > D (34) bootloader_flash: mmu set block paddr=0x00000000 (was 0xffffffff)
00:22:17.908 > I (35) boot: chip revision: v0.0
00:22:17.908 > I (35) boot: efuse block revision: v0.2
00:22:17.908 > D (35) boot.esp32s2: magic e9
00:22:17.908 > D (35) boot.esp32s2: segments 04
00:22:17.908 > D (35) boot.esp32s2: spi_mode 02
00:22:17.908 > D (35) boot.esp32s2: spi_speed 0f
00:22:17.908 > D (35) boot.esp32s2: spi_size 02
00:22:17.908 > I (36) boot.esp32s2: SPI Speed      : 80MHz
00:22:17.908 > I (36) boot.esp32s2: SPI Mode       : DIO
00:22:17.908 > I (36) boot.esp32s2: SPI Flash Size : 4MB
00:22:17.908 > D (37) boot: Enabling RTCWDT(9000 ms)
00:22:17.908 > I (37) boot: Enabling RNG early entropy source...
00:22:17.908 > D (37) bootloader_flash: rodata starts from paddr=0x00008000, size=0xc00, will be mapped to vaddr=0x3f000000
00:22:17.908 > V (37) bootloader_flash: after mapping, starting from paddr=0x00000000 and vaddr=0x3f000000, 0x10000 bytes are mapped
00:22:17.908 > D (37) boot: mapped partition table 0x8000 at 0x3f008000
00:22:17.908 > D (37) flash_parts: partition table verified, 5 entries
00:22:17.908 > I (3[37m8) boot: Partition Table:
00:22:17.909 > I (38) boot: ## Label            Usage          Type ST Offset   Length
00:22:17.909 > D (39) boot: load partition table entry 0x3f008000
00:22:17.909 > D (39) boot: type=1 subtype=2
00:22:17.909 > I (39) boot:  0 nvs              WiFi data        01 02 00009000 00004000
00:22:17.909 > D (40) boot: load partition table entry 0x3f008020
00:22:17.909 > D (40) boot: type=1 subtype=1
00:22:17.909 > I (40) boot:  1 phy_init         RF data          01 01 0000d000 00001000
00:22:17.909 > D (41) boot: load partition table entry 0x3f008040
00:22:17.909 > D (42) boot: type=0 subtype=0
00:22:17.909 > I (42) boot:  2 factory          factory app      00 00 00010000 00100000
00:22:17.909 > D (43) boot: load partition table entry 0x3f008060
00:22:17.909 > D (43) boot: type=1 subtype=83
00:22:17.909 > I (43) boot:  3 storage          Unknown data     01 83 00110000 000f0000
00:22:17.909 > I (44) boot: End of partition table
00:22:17.909 > D (44) boot: Trying partition index -1 offs 0x10000 size 0x100000
00:22:17.909 > D (45) esp_image: reading image header @ 0x10000
00:22:17.909 > D (46) bootloader_flash: mmu set block paddr=0x00010000 (was 0xffffffff)
00:22:17.909 > D (47) esp_image: image header: 0xe9 0x06 0x02 0x02 40026a3[37mc
00:22:17.909 > V (47) esp_image: loading segment header 0 at offset 0x10018
00:22:17.909 > V (47) esp_image: segment data length 0x14fd8 data starts 0x10020
00:22:17.909 > V (48) esp_image: MMU page size 0x10000
00:22:17.909 > V (48) esp_image: segment 0 map_segment 1 segment_data_offs 0x10020 load_addr 0x3f000020
00:22:17.909 > I (48) esp_image: segment 0: paddr=00010020 vaddr=3f000020 size=14fd8h ( 85976) map
00:22:17.909 > D (49) esp_image: free data page_count 0x00000038
00:22:17.909 > D (49) bootloader_flash: rodata starts from paddr=0x00010020, size=0x14fd8, will be mapped to vaddr=0x3f000000
00:22:17.909 > V (49) bootloader_flash: after mapping, starting from paddr=0x00010000 and vaddr=0x3f000000, 0x20000 bytes are mapped
00:22:17.909 > V (66) esp_image: loading segment header 1 at offset 0x24ff8
00:22:17.909 > D (66) bootloader_flash: mmu set block paddr=0x00020000 (was 0xffffffff)
00:22:17.909 > V (68) esp_image: segment data length 0x1c data starts 0x25000
00:22:17.909 > V (68) esp_image: MMU page size 0x10000
00:22:17.909 > V (68) esp_image: segment 1 map_segment 0 segment_data_offs 0x25000 load_addr 0x3ff9e010
00:22:17.909 > I (68) esp_image: segment 1: paddr=00025000 vaddr=3ff9e010 [37msize=0001ch (    28) load
00:22:17.910 > D (69) esp_image: free data page_count 0x00000038
00:22:17.910 > D (69) bootloader_flash: rodata starts from paddr=0x00025000, size=0x1c, will be mapped to vaddr=0x3f000000
00:22:17.910 > V (69) bootloader_flash: after mapping, starting from paddr=0x00020000 and vaddr=0x3f000000, 0x10000 bytes are mapped
00:22:17.910 > V (70) esp_image: loading segment header 2 at offset 0x2501c
00:22:17.910 > D (70) bootloader_flash: mmu set block paddr=0x00020000 (was 0xffffffff)
00:22:17.910 > V (71) esp_image: segment data length 0x2ed8 data starts 0x25024
00:22:17.910 > V (72) esp_image: MMU page size 0x10000
00:22:17.910 > V (72) esp_image: segment 2 map_segment 0 segment_data_offs 0x25024 load_addr 0x3ffc5ad0
00:22:17.910 > I (73) esp_image: segment 2: paddr=00025024 vaddr=3ffc5ad0 size=02ed8h ( 11992) load
00:22:17.910 > D (74) esp_image: free data page_count 0x00000038
00:22:17.910 > D (74) bootloader_flash: rodata starts from paddr=0x00025024, size=0x2ed8, will be mapped to vaddr=0x3f000000
00:22:17.910 > V (74) bootloader_flash: after mapping, starting from paddr=0x00020000 and vaddr=0x3f000000, 0x10000 bytes are mapped
00:22:17.910 > V (77) esp_ima[37mge: loading segment header 3 at offset 0x27efc
00:22:17.910 > D (77) bootloader_flash: mmu set block paddr=0x00020000 (was 0xffffffff)
00:22:17.910 > V (78) esp_image: segment data length 0x8114 data starts 0x27f04
00:22:17.910 > V (80) esp_image: MMU page size 0x10000
00:22:17.910 > V (80) esp_image: segment 3 map_segment 0 segment_data_offs 0x27f04 load_addr 0x40024000
00:22:17.910 > I (81) esp_image: segment 3: paddr=00027f04 vaddr=40024000 size=08114h ( 33044) load
00:22:17.910 > D (81) esp_image: free data page_count 0x00000038
00:22:17.910 > D (81) bootloader_flash: rodata starts from paddr=0x00027f04, size=0x8114, will be mapped to vaddr=0x3f000000
00:22:17.910 > V (81) bootloader_flash: after mapping, starting from paddr=0x00020000 and vaddr=0x3f000000, 0x20000 bytes are mapped
00:22:17.910 > V (90) esp_image: loading segment header 4 at offset 0x30018
00:22:17.910 > D (90) bootloader_flash: mmu set block paddr=0x00030000 (was 0xffffffff)
00:22:17.910 > V (91) esp_image: segment data length 0x3f804 data starts 0x30020
00:22:17.910 > V (92) esp_image: MMU page size 0x10000
00:22:17.910 > V (92) esp_image: segment 4 map_segment 1 segment_data_offs 0x30020 load_addr 0x40080020
00:22:17.910 > [37mI (94) esp_image: segment 4: paddr=00030020 vaddr=40080020 size=3f804h (260100) map
00:22:17.910 > D (94) esp_image: free data page_count 0x00000038
00:22:17.910 > D (94) bootloader_flash: rodata starts from paddr=0x00030020, size=0x3f804, will be mapped to vaddr=0x3f000000
00:22:17.910 > V (94) bootloader_flash: after mapping, starting from paddr=0x00030000 and vaddr=0x3f000000, 0x40000 bytes are mapped
00:22:17.910 > V (145) esp_image: loading segment header 5 at offset 0x6f824
00:22:17.910 > D (146) bootloader_flash: mmu set block paddr=0x00060000 (was 0xffffffff)
00:22:17.910 > V (147) esp_image: segment data length 0x99b8 data starts 0x6f82c
00:22:17.910 > V (148) esp_image: MMU page size 0x10000
00:22:17.910 > V (148) esp_image: segment 5 map_segment 0 segment_data_offs 0x6f82c load_addr 0x4002c114
00:22:17.910 > I (148) esp_image: segment 5: paddr=0006f82c vaddr=4002c114 size=099b8h ( 39352) load
00:22:17.910 > D (149) esp_image: free data page_count 0x00000038
00:22:17.910 > D (150) bootloader_flash: rodata starts from paddr=0x0006f82c, size=0x99b8, will be mapped to vaddr=0x3f000000
00:22:17.910 > V (150) bootloader_flash: after mapping, starting from paddr=0x0[37m0060000 and vaddr=0x3f000000, 0x20000 bytes are mapped
00:22:17.911 > V (160) esp_image: image start 0x00010000 end of last section 0x000791e4
00:22:17.911 > D (161) bootloader_flash: mmu set block paddr=0x00070000 (was 0xffffffff)
00:22:17.911 > I (171) boot: Loaded app from partition at offset 0x10000
00:22:17.911 > I (171) boot: Disabling RNG early entropy source...
00:22:17.911 > D (171) boot: Mapping segment 0 as DROM
00:22:17.911 > D (171) boot: Mapping segment 4 as IROM
00:22:17.911 > D (171) boot: calling set_cache_and_start_app
00:22:17.911 > D (171) boot: configure drom and irom and start
00:22:17.911 > V (171) boot: rodata starts from paddr=0x00010020, vaddr=0x3f000020, size=0x14fd8
00:22:17.911 > V (172) boot: after mapping rodata, starting from paddr=0x00010000 and vaddr=0x3f000000, 0x20000 bytes are mapped
00:22:17.911 > V (173) boot: mapped one page of the rodata, from paddr=0x00010000 and vaddr=0x3f3f0000, 0x10000 bytes are mapped
00:22:17.911 > V (173) boot: text starts from paddr=0x00030020, vaddr=0x40080020, size=0x3f804
00:22:17.911 > V (174) boot: after mapping text, starting from paddr=0x00030000 and vaddr=0x40080000, 0x40000 bytes are mapped
00:22:17.911 > D (174) boot: star[37mt: 0x40026a3c
00:22:17.911 > I (196) main_task: Started on CPU0
00:22:17.911 > I (196) main_task: Calling app_main()
00:22:17.911 > [INFO][SYSTEM][13ms] [1;36m
00:22:17.911 > Guru Meditation Error: Core  0 panic'ed (LoadProhibited). Exception was unhandled.
00:22:17.911 > 
00:22:17.911 > Core  0 register dump:
00:22:17.911 > PC      : 0x400b3f3f  PS      : 0x00060730  A0      : 0x800a9a48  A1      : 0x3ffcdc20  
00:22:17.911 > A2      : 0x3ffce1d0  A3      : 0x00000000  A4      : 0x3ffcdc30  A5      : 0x3ffcdf70  
00:22:17.911 > A6      : 0x3ffcdf50  A7      : 0x00000008  A8      : 0x00000000  A9      : 0x3ffcdc10  
00:22:17.911 > A10     : 0x00000001  A11     : 0x3f01266a  A12     : 0x000000ff  A13     : 0x0000ff00  
00:22:17.911 > A14     : 0x00ff0000  A15     : 0xff000000  SAR     : 0x00000004  EXCCAUSE: 0x0000001c  
00:22:17.911 > EXCVADDR: 0x00000064  LBEG    : 0x000000ff  LEND    : 0x0000ff00  LCOUNT  : 0x4002a7e8  
00:22:17.911 > 
00:22:17.911 > 
00:22:17.911 > Backtrace: 0x400b3f3c:0x3ffcdc20 0x400a9a45:0x3ffcdf40 0x40089696:0x3ffcdf90 0x4008a413:0x3ffce0e0 0x4008a716:0x3ffce100 0x400bf1bb:0x3ffce120 0x4002d279:0x3ffce150
00:22:17.911 > 
00:22:17.911 > 
00:22:17.911 > 
00:22:17.911 > 
00:22:17.911 > ELF file SHA256: 1f375162b
00:22:17.911 > 
00:22:17.911 > Rebooting...
00:22:17.911 > I (32) boot: ESP-IDF 5.4.0 2[37mnd stage bootloader
00:22:17.911 > I (32) boot: compile time Jul  3 2025 00:17:27
00:22:17.911 > D (32) bootloader_flash: XMC chip detected by RDID (00204016), skip.
00:22:17.911 > D (34) bootloader_flash: mmu set block paddr=0x00000000 (was 0xffffffff)
00:22:17.911 > I (35) boot: chip revision: v0.0
00:22:17.911 > I (35) boot: efuse block revision: v0.2
00:22:17.911 > D (35) boot.esp32s2: magic e9
00:22:17.911 > D (35) boot.esp32s2: segments 04
00:22:17.911 > D (35) boot.esp32s2: spi_mode 02
00:22:17.911 > D (35) boot.esp32s2: spi_speed 0f
00:22:17.911 > D (35) boot.esp32s2: spi_size 02
00:22:17.911 > I (35) boot.esp32s2: SPI Speed      : 80MHz
00:22:17.911 > I (35) boot.esp32s2: SPI Mode       : DIO
00:22:17.911 > I (35) boot.esp32s2: SPI Flash Size : 4MB
00:22:17.911 > D (36) boot: Enabling RTCWDT(9000 ms)
00:22:17.911 > I (36) boot: Enabling RNG early entropy source...
00:22:17.911 > D (36) bootloader_flash: rodata starts from paddr=0x00008000, size=0xc00, will be mapped to vaddr=0x3f000000
00:22:17.911 > V (36) bootloader_flash: after mapping, starting from paddr=0x00000000 and vaddr=0x3f000000, 0x10000 bytes are mapped
00:22:17.911 > D (36) boot: mapped partition table 0x8000 at 0x3f008000
00:22:17.911 > D (36) flash_parts: partition table verified, 5 entries[37m
00:22:17.911 > I (37) boot: Partition Table:
00:22:17.911 > I (38) boot: ## Label            Usage          Type ST Offset   Length
00:22:17.911 > D (39) boot: load partition table entry 0x3f008000
00:22:17.911 > D (39) boot: type=1 subtype=2
00:22:17.911 > I (39) boot:  0 nvs              WiFi data        01 02 00009000 00004000
00:22:17.911 > D (40) boot: load partition table entry 0x3f008020
00:22:17.911 > D (40) boot: type=1 subtype=1
00:22:17.911 > I (40) boot:  1 phy_init         RF data          01 01 0000d000 00001000
00:22:17.911 > D (41) boot: load partition table entry 0x3f008040
00:22:17.911 > D (42) boot: type=0 subtype=0
00:22:17.911 > I (42) boot:  2 factory          factory app      00 00 00010000 00100000
00:22:17.911 > D (43) boot: load partition table entry 0x3f008060
00:22:17.911 > D (43) boot: type=1 subtype=83
00:22:17.911 > I (43) boot:  3 storage          Unknown data     01 83 00110000 000f0000
00:22:17.911 > I (44) boot: End of partition table
00:22:17.911 > D (44) boot: Trying partition index -1 offs 0x10000 size 0x100000
00:22:17.911 > D (45) esp_image: reading image header @ 0x10000
00:22:17.911 > D (46) bootloader_flash: mmu set block paddr=0x00010000 (was 0xffffffff)
00:22:17.911 > D (47) esp_image: image header: 0xe9 0x06 0x02 0x02 40[37m026a3c
00:22:17.911 > V (47) esp_image: loading segment header 0 at offset 0x10018
00:22:17.911 > V (47) esp_image: segment data length 0x14fd8 data starts 0x10020
00:22:17.911 > V (48) esp_image: MMU page size 0x10000
00:22:17.911 > V (48) esp_image: segment 0 map_segment 1 segment_data_offs 0x10020 load_addr 0x3f000020
00:22:17.911 > I (48) esp_image: segment 0: paddr=00010020 vaddr=3f000020 size=14fd8h ( 85976) map
00:22:17.911 > D (50) esp_image: free data page_count 0x00000038
00:22:17.911 > D (50) bootloader_flash: rodata starts from paddr=0x00010020, size=0x14fd8, will be mapped to vaddr=0x3f000000
00:22:17.911 > V (50) bootloader_flash: after mapping, starting from paddr=0x00010000 and vaddr=0x3f000000, 0x20000 bytes are mapped
00:22:17.911 > V (67) esp_image: loading segment header 1 at offset 0x24ff8
00:22:17.911 > D (67) bootloader_flash: mmu set block paddr=0x00020000 (was 0xffffffff)
00:22:17.911 > V (69) esp_image: segment data length 0x1c data starts 0x25000
00:22:17.911 > V (69) esp_image: MMU page size 0x10000
00:22:17.911 > V (69) esp_image: segment 1 map_segment 0 segment_data_offs 0x25000 load_addr 0x3ff9e010
00:22:17.911 > I (69) esp_image: segment 1: paddr=00025000 vaddr=3ff9[37me010 size=0001ch (    28) load
00:22:17.911 > D (70) esp_image: free data page_count 0x00000038
00:22:17.911 > D (70) bootloader_flash: rodata starts from paddr=0x00025000, size=0x1c, will be mapped to vaddr=0x3f000000
00:22:17.911 > V (70) bootloader_flash: after mapping, starting from paddr=0x00020000 and vaddr=0x3f000000, 0x10000 bytes are mapped
00:22:17.911 > V (71) esp_image: loading segment header 2 at offset 0x2501c
00:22:17.911 > D (71) bootloader_flash: mmu set block paddr=0x00020000 (was 0xffffffff)
00:22:17.911 > V (72) esp_image: segment data length 0x2ed8 data starts 0x25024
00:22:17.911 > V (73) esp_image: MMU page size 0x10000
00:22:17.911 > V (73) esp_image: segment 2 map_segment 0 segment_data_offs 0x25024 load_addr 0x3ffc5ad0
00:22:17.911 > I (74) esp_image: segment 2: paddr=00025024 vaddr=3ffc5ad0 size=02ed8h ( 11992) load
00:22:17.911 > D (75) esp_image: free data page_count 0x00000038
00:22:17.911 > D (75) bootloader_flash: rodata starts from paddr=0x00025024, size=0x2ed8, will be mapped to vaddr=0x3f000000
00:22:17.911 > V (75) bootloader_flash: after mapping, starting from paddr=0x00020000 and vaddr=0x3f000000, 0x10000 bytes are mapped
00:22:17.911 > V (78) es[37mp_image: loading segment header 3 at offset 0x27efc
00:22:17.911 > D (78) bootloader_flash: mmu set block paddr=0x00020000 (was 0xffffffff)
00:22:17.911 > V (79) esp_image: segment data length 0x8114 data starts 0x27f04
00:22:17.911 > V (81) esp_image: MMU page size 0x10000
00:22:17.911 > V (81) esp_image: segment 3 map_segment 0 segment_data_offs 0x27f04 load_addr 0x40024000
00:22:17.911 > I (81) esp_image: segment 3: paddr=00027f04 vaddr=40024000 size=08114h ( 33044) load
00:22:17.911 > D (81) esp_image: free data page_count 0x00000038
00:22:17.911 > D (81) bootloader_flash: rodata starts from paddr=0x00027f04, size=0x8114, will be mapped to vaddr=0x3f000000
00:22:17.911 > V (81) bootloader_flash: after mapping, starting from paddr=0x00020000 and vaddr=0x3f000000, 0x20000 bytes are mapped
00:22:17.911 > V (90) esp_image: loading segment header 4 at offset 0x30018
00:22:17.911 > D (90) bootloader_flash: mmu set block paddr=0x00030000 (was 0xffffffff)
00:22:17.911 > V (91) esp_image: segment data length 0x3f804 data starts 0x30020
00:22:17.911 > V (92) esp_image: MMU page size 0x10000
00:22:17.911 > V (92) esp_image: segment 4 map_segment 1 segment_data_offs 0x30020 load_addr 0x40080[37m020
00:22:17.911 > I (94) esp_image: segment 4: paddr=00030020 vaddr=40080020 size=3f804h (260100) map
00:22:17.911 > D (94) esp_image: free data page_count 0x00000038
00:22:17.911 > D (94) bootloader_flash: rodata starts from paddr=0x00030020, size=0x3f804, will be mapped to vaddr=0x3f000000
00:22:17.911 > V (94) bootloader_flash: after mapping, starting from paddr=0x00030000 and vaddr=0x3f000000, 0x40000 bytes are mapped
00:22:17.911 > V (145) esp_image: loading segment header 5 at offset 0x6f824
00:22:17.911 > D (146) bootloader_flash: mmu set block paddr=0x00060000 (was 0xffffffff)
00:22:17.911 > V (147) esp_image: segment data length 0x99b8 data starts 0x6f82c
00:22:17.911 > V (148) esp_image: MMU page size 0x10000
00:22:17.911 > V (148) esp_image: segment 5 map_segment 0 segment_data_offs 0x6f82c load_addr 0x4002c114
00:22:17.911 > I (148) esp_image: segment 5: paddr=0006f82c vaddr=4002c114 size=099b8h ( 39352) load
00:22:17.911 > D (148) esp_image: free data page_count 0x00000038
00:22:17.911 > D (149) bootloader_flash: rodata starts from paddr=0x0006f82c, size=0x99b8, will be mapped to vaddr=0x3f000000
00:22:17.911 > V (149) bootloader_flash: after mapping, starting from padd[37mr=0x00060000 and vaddr=0x3f000000, 0x20000 bytes are mapped
00:22:17.911 > V (159) esp_image: image start 0x00010000 end of last section 0x000791e4
00:22:17.911 > D (160) bootloader_flash: mmu set block paddr=0x00070000 (was 0xffffffff)
00:22:17.911 > I (170) boot: Loaded app from partition at offset 0x10000
00:22:17.911 > I (170) boot: Disabling RNG early entropy source...
00:22:17.911 > D (170) boot: Mapping segment 0 as DROM
00:22:17.911 > D (170) boot: Mapping segment 4 as IROM
00:22:17.911 > D (170) boot: calling set_cache_and_start_app
00:22:17.911 > D (170) boot: configure drom and irom and start
00:22:17.911 > V (170) boot: rodata starts from paddr=0x00010020, vaddr=0x3f000020, size=0x14fd8
00:22:17.911 > V (171) boot: after mapping rodata, starting from paddr=0x00010000 and vaddr=0x3f000000, 0x20000 bytes are mapped
00:22:17.911 > V (172) boot: mapped one page of the rodata, from paddr=0x00010000 and vaddr=0x3f3f0000, 0x10000 bytes are mapped
00:22:17.911 > V (172) boot: text starts from paddr=0x00030020, vaddr=0x40080020, size=0x3f804
00:22:17.911 > V (173) boot: after mapping text, starting from paddr=0x00030000 and vaddr=0x40080000, 0x40000 bytes are mapped
00:22:17.911 > D (173) boot:[37m start: 0x40026a3c
00:22:17.911 > I (195) main_task: Started on CPU0
00:22:17.911 > I (195) main_task: Calling app_main()
00:22:17.911 > [INFO][SYSTEM][13ms] [1;36m
00:22:17.911 > Guru Meditation Error: Core  0 panic'ed (LoadProhibited). Exception was unhandled.
00:22:17.911 > 
00:22:17.911 > Core  0 register dump:
00:22:17.911 > PC      : 0x400b3f3f  PS      : 0x00060730  A0      : 0x800a9a48  A1      : 0x3ffcdc20  
00:22:17.911 > A2      : 0x3ffce1d0  A3      : 0x00000000  A4      : 0x3ffcdc30  A5      : 0x3ffcdf70  
00:22:17.911 > A6      : 0x3ffcdf50  A7      : 0x00000008  A8      : 0x00000000  A9      : 0x3ffcdc10  
00:22:17.911 > A10     : 0x00000001  A11     : 0x3f01266a  A12     : 0x000000ff  A13     : 0x0000ff00  
00:22:17.911 > A14     : 0x00ff0000  A15     : 0xff000000  SAR     : 0x00000004  EXCCAUSE: 0x0000001c  
00:22:17.911 > EXCVADDR: 0x00000064  LBEG    : 0x000000ff  LEND    : 0x0000ff00  LCOUNT  : 0x4002a7e8  
00:22:17.911 > 
00:22:17.911 > 
00:22:17.911 > Backtrace: 0x400b3f3c:0x3ffcdc20 0x400a9a45:0x3ffcdf40 0x40089696:0x3ffcdf90 0x4008a413:0x3ffce0e0 0x4008a716:0x3ffce100 0x400bf1bb:0x3ffce120 0x4002d279:0x3ffce150
00:22:17.911 > 
00:22:17.911 > 
00:22:17.911 > 
00:22:17.911 > 
00:22:17.911 > ELF file SHA256: 1f375162b
00:22:17.911 > 
00:22:17.911 > Rebooting...
00:22:17.911 > I (32) boot: ESP-IDF 5.[37m4.0 2nd stage bootloader
00:22:17.911 > I (32) boot: compile time Jul  3 2025 00:17:27
00:22:17.911 > D (32) bootloader_flash: XMC chip detected by RDID (00204016), skip.
00:22:17.911 > D (34) bootloader_flash: mmu set block paddr=0x00000000 (was 0xffffffff)
00:22:17.911 > I (35) boot: chip revision: v0.0
00:22:17.911 > I (35) boot: efuse block revision: v0.2
00:22:17.911 > D (35) boot.esp32s2: magic e9
00:22:17.911 > D (35) boot.esp32s2: segments 04
00:22:17.911 > D (35) boot.esp32s2: spi_mode 02
00:22:17.911 > D (35) boot.esp32s2: spi_speed 0f
00:22:17.911 > D (35) boot.esp32s2: spi_size 02
00:22:17.911 > I (35) boot.esp32s2: SPI Speed      : 80MHz
00:22:17.911 > I (35) boot.esp32s2: SPI Mode       : DIO
00:22:17.911 > I (35) boot.esp32s2: SPI Flash Size : 4MB
00:22:17.911 > D (36) boot: Enabling RTCWDT(9000 ms)
00:22:17.911 > I (36) boot: Enabling RNG early entropy source...
00:22:17.911 > D (36) bootloader_flash: rodata starts from paddr=0x00008000, size=0xc00, will be mapped to vaddr=0x3f000000
00:22:17.911 > V (37) bootloader_flash: after mapping, starting from paddr=0x00000000 and vaddr=0x3f000000, 0x10000 bytes are mapped
00:22:17.911 > D (37) boot: mapped partition table 0x8000 at 0x3f008000
00:22:17.911 > D (37) flash_parts: partition table verified, 5 ent[37mries
00:22:17.911 > I (38) boot: Partition Table:
00:22:17.911 > I (38) boot: ## Label            Usage          Type ST Offset   Length
00:22:17.911 > D (39) boot: load partition table entry 0x3f008000
00:22:17.911 > D (39) boot: type=1 subtype=2
00:22:17.911 > I (39) boot:  0 nvs              WiFi data        01 02 00009000 00004000
00:22:17.911 > D (40) boot: load partition table entry 0x3f008020
00:22:17.911 > D (40) boot: type=1 subtype=1
00:22:17.911 > I (40) boot:  1 phy_init         RF data          01 01 0000d000 00001000
00:22:17.911 > D (41) boot: load partition table entry 0x3f008040
00:22:17.911 > D (42) boot: type=0 subtype=0
00:22:17.911 > I (42) boot:  2 factory          factory app      00 00 00010000 00100000
00:22:17.911 > D (43) boot: load partition table entry 0x3f008060
00:22:17.911 > D (43) boot: type=1 subtype=83
00:22:17.911 > I (43) boot:  3 storage          Unknown data     01 83 00110000 000f0000
00:22:17.911 > I (44) boot: End of partition table
00:22:17.911 > D (44) boot: Trying partition index -1 offs 0x10000 size 0x100000
00:22:17.911 > D (45) esp_image: reading image header @ 0x10000
00:22:17.911 > D (46) bootloader_flash: mmu set block paddr=0x00010000 (was 0xffffffff)
00:22:17.911 > D (47) esp_image: image header: 0xe9 0x06 0x02 0x[37m02 40026a3c
00:22:17.911 > V (47) esp_image: loading segment header 0 at offset 0x10018
00:22:17.911 > V (47) esp_image: segment data length 0x14fd8 data starts 0x10020
00:22:17.911 > V (48) esp_image: MMU page size 0x10000
00:22:17.911 > V (48) esp_image: segment 0 map_segment 1 segment_data_offs 0x10020 load_addr 0x3f000020
00:22:17.911 > I (49) esp_image: segment 0: paddr=00010020 vaddr=3f000020 size=14fd8h ( 85976) map
00:22:17.911 > D (50) esp_image: free data page_count 0x00000038
00:22:17.911 > D (50) bootloader_flash: rodata starts from paddr=0x00010020, size=0x14fd8, will be mapped to vaddr=0x3f000000
00:22:17.911 > V (50) bootloader_flash: after mapping, starting from paddr=0x00010000 and vaddr=0x3f000000, 0x20000 bytes are mapped
00:22:17.911 > V (67) esp_image: loading segment header 1 at offset 0x24ff8
00:22:17.911 > D (67) bootloader_flash: mmu set block paddr=0x00020000 (was 0xffffffff)
00:22:17.911 > V (69) esp_image: segment data length 0x1c data starts 0x25000
00:22:17.911 > V (69) esp_image: MMU page size 0x10000
00:22:17.911 > V (69) esp_image: segment 1 map_segment 0 segment_data_offs 0x25000 load_addr 0x3ff9e010
00:22:17.911 > I (69) esp_image: segment 1: paddr=00025000 vaddr[37m=3ff9e010 size=0001ch (    28) load
00:22:17.911 > D (70) esp_image: free data page_count 0x00000038
00:22:17.911 > D (70) bootloader_flash: rodata starts from paddr=0x00025000, size=0x1c, will be mapped to vaddr=0x3f000000
00:22:17.911 > V (70) bootloader_flash: after mapping, starting from paddr=0x00020000 and vaddr=0x3f000000, 0x10000 bytes are mapped
00:22:17.911 > V (71) esp_image: loading segment header 2 at offset 0x2501c
00:22:17.911 > D (71) bootloader_flash: mmu set block paddr=0x00020000 (was 0xffffffff)
00:22:17.911 > V (72) esp_image: segment data length 0x2ed8 data starts 0x25024
00:22:17.911 > V (73) esp_image: MMU page size 0x10000
00:22:17.911 > V (73) esp_image: segment 2 map_segment 0 segment_data_offs 0x25024 load_addr 0x3ffc5ad0
00:22:17.911 > I (75) esp_image: segment 2: paddr=00025024 vaddr=3ffc5ad0 size=02ed8h ( 11992) load
00:22:17.911 > D (75) esp_image: free data page_count 0x00000038
00:22:17.911 > D (75) bootloader_flash: rodata starts from paddr=0x00025024, size=0x2ed8, will be mapped to vaddr=0x3f000000
00:22:17.911 > V (75) bootloader_flash: after mapping, starting from paddr=0x00020000 and vaddr=0x3f000000, 0x10000 bytes are mapped
00:22:17.911 > V (7[37m8) esp_image: loading segment header 3 at offset 0x27efc
00:22:17.911 > D (78) bootloader_flash: mmu set block paddr=0x00020000 (was 0xffffffff)
00:22:17.911 > V (79) esp_image: segment data length 0x8114 data starts 0x27f04
00:22:17.911 > V (81) esp_image: MMU page size 0x10000
00:22:17.911 > V (81) esp_image: segment 3 map_segment 0 segment_data_offs 0x27f04 load_addr 0x40024000
00:22:17.911 > I (81) esp_image: segment 3: paddr=00027f04 vaddr=40024000 size=08114h ( 33044) load
00:22:17.911 > D (82) esp_image: free data page_count 0x00000038
00:22:17.911 > D (82) bootloader_flash: rodata starts from paddr=0x00027f04, size=0x8114, will be mapped to vaddr=0x3f000000
00:22:17.911 > V (82) bootloader_flash: after mapping, starting from paddr=0x00020000 and vaddr=0x3f000000, 0x20000 bytes are mapped
00:22:17.911 > V (91) esp_image: loading segment header 4 at offset 0x30018
00:22:17.911 > D (91) bootloader_flash: mmu set block paddr=0x00030000 (was 0xffffffff)
00:22:17.911 > V (92) esp_image: segment data length 0x3f804 data starts 0x30020
00:22:17.911 > V (93) esp_image: MMU page size 0x10000
00:22:17.911 > V (93) esp_image: segment 4 map_segment 1 segment_data_offs 0x30020 load_addr 0x[37m40080020
00:22:17.911 > I (94) esp_image: segment 4: paddr=00030020 vaddr=40080020 size=3f804h (260100) map
00:22:17.911 > D (94) esp_image: free data page_count 0x00000038
00:22:17.911 > D (94) bootloader_flash: rodata starts from paddr=0x00030020, size=0x3f804, will be mapped to vaddr=0x3f000000
00:22:17.911 > V (95) bootloader_flash: after mapping, starting from paddr=0x00030000 and vaddr=0x3f000000, 0x40000 bytes are mapped
00:22:17.911 > V (146) esp_image: loading segment header 5 at offset 0x6f824
00:22:17.911 > D (147) bootloader_flash: mmu set block paddr=0x00060000 (was 0xffffffff)
00:22:17.911 > V (148) esp_image: segment data length 0x99b8 data starts 0x6f82c
00:22:17.911 > V (149) esp_image: MMU page size 0x10000
00:22:17.911 > V (150) esp_image: segment 5 map_segment 0 segment_data_offs 0x6f82c load_addr 0x4002c114
00:22:17.911 > I (150) esp_image: segment 5: paddr=0006f82c vaddr=4002c114 size=099b8h ( 39352) load
00:22:17.911 > D (150) esp_image: free data page_count 0x00000038
00:22:17.911 > D (151) bootloader_flash: rodata starts from paddr=0x0006f82c, size=0x99b8, will be mapped to vaddr=0x3f000000
00:22:17.911 > V (151) bootloader_flash: after mapping, starting from[37m paddr=0x00060000 and vaddr=0x3f000000, 0x20000 bytes are mapped
00:22:17.911 > V (161) esp_image: image start 0x00010000 end of last section 0x000791e4
00:22:17.911 > D (162) bootloader_flash: mmu set block paddr=0x00070000 (was 0xffffffff)
00:22:17.911 > I (172) boot: Loaded app from partition at offset 0x10000
00:22:17.911 > I (172) boot: Disabling RNG early entropy source...
00:22:17.911 > D (172) boot: Mapping segment 0 as DROM
00:22:17.911 > D (172) boot: Mapping segment 4 as IROM
00:22:17.911 > D (172) boot: calling set_cache_and_start_app
00:22:17.911 > D (172) boot: configure drom and irom and start
00:22:17.911 > V (172) boot: rodata starts from paddr=0x00010020, vaddr=0x3f000020, size=0x14fd8
00:22:17.911 > V (174) boot: after mapping rodata, starting from paddr=0x00010000 and vaddr=0x3f000000, 0x20000 bytes are mapped
00:22:17.911 > V (174) boot: mapped one page of the rodata, from paddr=0x00010000 and vaddr=0x3f3f0000, 0x10000 bytes are mapped
00:22:17.911 > V (174) boot: text starts from paddr=0x00030020, vaddr=0x40080020, size=0x3f804
00:22:17.911 > V (175) boot: after mapping text, starting from paddr=0x00030000 and vaddr=0x40080000, 0x40000 bytes are mapped
00:22:17.911 > D (175) [37mboot: start: 0x40026a3c
00:22:17.911 > I (197) main_task: Started on CPU0
00:22:17.911 > I (197) main_task: Calling app_main()
00:22:17.911 > [INFO][SYSTEM][13ms] [1;36m
00:22:17.911 > Guru Meditation Error: Core  0 panic'ed (LoadProhibited). Exception was unhandled.
00:22:17.911 > 
00:22:17.911 > Core  0 register dump:
00:22:17.911 > PC      : 0x400b3f3f  PS      : 0x00060730  A0      : 0x800a9a48  A1      : 0x3ffcdc20  
00:22:17.911 > A2      : 0x3ffce1d0  A3      : 0x00000000  A4      : 0x3ffcdc30  A5      : 0x3ffcdf70  
00:22:17.911 > A6      : 0x3ffcdf50  A7      : 0x00000008  A8      : 0x00000000  A9      : 0x3ffcdc10  
00:22:17.911 > A10     : 0x00000001  A11     : 0x3f01266a  A12     : 0x000000ff  A13     : 0x0000ff00  
00:22:17.911 > A14     : 0x00ff0000  A15     : 0xff000000  SAR     : 0x00000004  EXCCAUSE: 0x0000001c  
00:22:17.911 > EXCVADDR: 0x00000064  LBEG    : 0x000000ff  LEND    : 0x0000ff00  LCOUNT  : 0x4002a7e8  
00:22:17.911 > 
00:22:17.911 > 
00:22:17.911 > Backtrace: 0x400b3f3c:0x3ffcdc20 0x400a9a45:0x3ffcdf40 0x40089696:0x3ffcdf90 0x4008a413:0x3ffce0e0 0x4008a716:0x3ffce100 0x400bf1bb:0x3ffce120 0x4002d279:0x3ffce150
00:22:17.911 > 
00:22:17.911 > 
00:22:17.911 > 
00:22:17.911 > 
00:22:17.911 > ELF file SHA256: 1f375162b
00:22:17.911 > 
00:22:17.911 > Rebooting...
00:22:17.911 > I (32) boot: ESP-I[37mDF 5.4.0 2nd stage bootloader
00:22:17.912 > I (32) boot: compile time Jul  3 2025 00:17:27
00:22:17.912 > D (33) bootloader_flash: XMC chip detected by RDID (00204016), skip.
00:22:17.912 > D (35) bootloader_flash: mmu set block paddr=0x00000000 (was 0xffffffff)
00:22:17.912 > I (36) boot: chip revision: v0.0
00:22:17.912 > I (36) boot: efuse block revision: v0.2
00:22:17.912 > D (36) boot.esp32s2: magic e9
00:22:17.912 > D (36) boot.esp32s2: segments 04
00:22:17.912 > D (36) boot.esp32s2: spi_mode 02
00:22:17.912 > D (36) boot.esp32s2: spi_speed 0f
00:22:17.912 > D (36) boot.esp32s2: spi_size 02
00:22:17.912 > I (36) boot.esp32s2: SPI Speed      : 80MHz
00:22:17.912 > I (37) boot.esp32s2: SPI Mode       : DIO
00:22:17.912 > I (37) boot.esp32s2: SPI Flash Size : 4MB
00:22:17.912 > D (38) boot: Enabling RTCWDT(9000 ms)
00:22:17.912 > I (38) boot: Enabling RNG early entropy source...
00:22:17.912 > D (38) bootloader_flash: rodata starts from paddr=0x00008000, size=0xc00, will be mapped to vaddr=0x3f000000
00:22:17.912 > V (38) bootloader_flash: after mapping, starting from paddr=0x00000000 and vaddr=0x3f000000, 0x10000 bytes are mapped
00:22:17.912 > D (38) boot: mapped partition table 0x8000 at 0x3f008000
00:22:17.912 > D (38) flash_parts: partition table verified, [37m5 entries
00:22:17.912 > I (39) boot: Partition Table:
00:22:17.912 > I (40) boot: ## Label            Usage          Type ST Offset   Length
00:22:17.912 > D (41) boot: load partition table entry 0x3f008000
00:22:17.912 > D (41) boot: type=1 subtype=2
00:22:17.912 > I (41) boot:  0 nvs              WiFi data        01 02 00009000 00004000
00:22:17.912 > D (42) boot: load partition table entry 0x3f008020
00:22:17.912 > D (42) boot: type=1 subtype=1
00:22:17.912 > I (42) boot:  1 phy_init         RF data          01 01 0000d000 00001000
00:22:17.912 > D (43) boot: load partition table entry 0x3f008040
00:22:17.912 > D (44) boot: type=0 subtype=0
00:22:17.912 > I (44) boot:  2 factory          factory app      00 00 00010000 00100000
00:22:17.912 > D (45) boot: load partition table entry 0x3f008060
00:22:17.912 > D (45) boot: type=1 subtype=83
00:22:17.912 > I (45) boot:  3 storage          Unknown data     01 83 00110000 000f0000
00:22:17.912 > I (46) boot: End of partition table
00:22:17.912 > D (46) boot: Trying partition index -1 offs 0x10000 size 0x100000
00:22:17.912 > D (47) esp_image: reading image header @ 0x10000
00:22:17.912 > D (48) bootloader_flash: mmu set block paddr=0x00010000 (was 0xffffffff)
00:22:17.912 > D (49) esp_image: image header: 0xe9 0x06 0x[37m02 0x02 40026a3c
00:22:17.912 > V (49) esp_image: loading segment header 0 at offset 0x10018
00:22:17.912 > V (49) esp_image: segment data length 0x14fd8 data starts 0x10020
00:22:17.912 > V (50) esp_image: MMU page size 0x10000
00:22:17.912 > V (50) esp_image: segment 0 map_segment 1 segment_data_offs 0x10020 load_addr 0x3f000020
00:22:17.912 > I (51) esp_image: segment 0: paddr=00010020 vaddr=3f000020 size=14fd8h ( 85976) map
00:22:17.912 > D (52) esp_image: free data page_count 0x00000038
00:22:17.912 > D (52) bootloader_flash: rodata starts from paddr=0x00010020, size=0x14fd8, will be mapped to vaddr=0x3f000000
00:22:17.912 > V (52) bootloader_flash: after mapping, starting from paddr=0x00010000 and vaddr=0x3f000000, 0x20000 bytes are mapped
00:22:17.912 > V (69) esp_image: loading segment header 1 at offset 0x24ff8
00:22:17.912 > D (69) bootloader_flash: mmu set block paddr=0x00020000 (was 0xffffffff)
00:22:17.912 > V (71) esp_image: segment data length 0x1c data starts 0x25000
00:22:17.912 > V (71) esp_image: MMU page size 0x10000
00:22:17.912 > V (71) esp_image: segment 1 map_segment 0 segment_data_offs 0x25000 load_addr 0x3ff9e010
00:22:17.912 > I (71) esp_image: segment 1: paddr=00025000 [37mvaddr=3ff9e010 size=0001ch (    28) load
00:22:17.912 > D (72) esp_image: free data page_count 0x00000038
00:22:17.912 > D (72) bootloader_flash: rodata starts from paddr=0x00025000, size=0x1c, will be mapped to vaddr=0x3f000000
00:22:17.912 > V (73) bootloader_flash: after mapping, starting from paddr=0x00020000 and vaddr=0x3f000000, 0x10000 bytes are mapped
00:22:17.912 > V (74) esp_image: loading segment header 2 at offset 0x2501c
00:22:17.912 > D (74) bootloader_flash: mmu set block paddr=0x00020000 (was 0xffffffff)
00:22:17.912 > V (75) esp_image: segment data length 0x2ed8 data starts 0x25024
00:22:17.912 > V (76) esp_image: MMU page size 0x10000
00:22:17.912 > V (76) esp_image: segment 2 map_segment 0 segment_data_offs 0x25024 load_addr 0x3ffc5ad0
00:22:17.912 > I (78) esp_image: segment 2: paddr=00025024 vaddr=3ffc5ad0 size=02ed8h ( 11992) load
00:22:17.912 > D (78) esp_image: free data page_count 0x00000038
00:22:17.912 > D (78) bootloader_flash: rodata starts from paddr=0x00025024, size=0x2ed8, will be mapped to vaddr=0x3f000000
00:22:17.912 > V (78) bootloader_flash: after mapping, starting from paddr=0x00020000 and vaddr=0x3f000000, 0x10000 bytes are mapped[37m
00:22:17.912 > V (81) esp_image: loading segment header 3 at offset 0x27efc
00:22:17.912 > D (81) bootloader_flash: mmu set block paddr=0x00020000 (was 0xffffffff)
00:22:17.912 > V (82) esp_image: segment data length 0x8114 data starts 0x27f04
00:22:17.912 > V (84) esp_image: MMU page size 0x10000
00:22:17.912 > V (84) esp_image: segment 3 map_segment 0 segment_data_offs 0x27f04 load_addr 0x40024000
00:22:17.912 > I (84) esp_image: segment 3: paddr=00027f04 vaddr=40024000 size=08114h ( 33044) load
00:22:17.912 > D (84) esp_image: free data page_count 0x00000038
00:22:17.912 > D (84) bootloader_flash: rodata starts from paddr=0x00027f04, size=0x8114, will be mapped to vaddr=0x3f000000
00:22:17.912 > V (84) bootloader_flash: after mapping, starting from paddr=0x00020000 and vaddr=0x3f000000, 0x20000 bytes are mapped
00:22:17.912 > V (93) esp_image: loading segment header 4 at offset 0x30018
00:22:17.912 > D (93) bootloader_flash: mmu set block paddr=0x00030000 (was 0xffffffff)
00:22:17.912 > V (94) esp_image: segment data length 0x3f804 data starts 0x30020
00:22:17.912 > V (95) esp_image: MMU page size 0x10000
00:22:17.912 > V (95) esp_image: segment 4 map_segment 1 segment_data_offs 0x30020 load_ad[37mdr 0x40080020
00:22:17.912 > I (97) esp_image: segment 4: paddr=00030020 vaddr=40080020 size=3f804h (260100) map
00:22:17.912 > D (97) esp_image: free data page_count 0x00000038
00:22:17.912 > D (97) bootloader_flash: rodata starts from paddr=0x00030020, size=0x3f804, will be mapped to vaddr=0x3f000000
00:22:17.912 > V (97) bootloader_flash: after mapping, starting from paddr=0x00030000 and vaddr=0x3f000000, 0x40000 bytes are mapped
00:22:17.912 > V (149) esp_image: loading segment header 5 at offset 0x6f824
00:22:17.912 > D (150) bootloader_flash: mmu set block paddr=0x00060000 (was 0xffffffff)
00:22:17.912 > V (151) esp_image: segment data length 0x99b8 data starts 0x6f82c
00:22:17.912 > V (152) esp_image: MMU page size 0x10000
00:22:17.912 > V (152) esp_image: segment 5 map_segment 0 segment_data_offs 0x6f82c load_addr 0x4002c114
00:22:17.912 > I (153) esp_image: segment 5: paddr=0006f82c vaddr=4002c114 size=099b8h ( 39352) load
00:22:17.912 > D (154) esp_image: free data page_count 0x00000038
00:22:17.912 > D (155) bootloader_flash: rodata starts from paddr=0x0006f82c, size=0x99b8, will be mapped to vaddr=0x3f000000
00:22:17.912 > V (155) bootloader_flash: after mapping, starting[37m from paddr=0x00060000 and vaddr=0x3f000000, 0x20000 bytes are mapped
00:22:17.912 > V (165) esp_image: image start 0x00010000 end of last section 0x000791e4
00:22:17.912 > D (166) bootloader_flash: mmu set block paddr=0x00070000 (was 0xffffffff)
00:22:17.912 > I (176) boot: Loaded app from partition at offset 0x10000
00:22:17.912 > I (176) boot: Disabling RNG early entropy source...
00:22:17.912 > D (176) boot: Mapping segment 0 as DROM
00:22:17.912 > D (176) boot: Mapping segment 4 as IROM
00:22:17.912 > D (176) boot: calling set_cache_and_start_app
00:22:17.912 > D (176) boot: configure drom and irom and start
00:22:17.912 > V (176) boot: rodata starts from paddr=0x00010020, vaddr=0x3f000020, size=0x14fd8
00:22:17.912 > V (178) boot: after mapping rodata, starting from paddr=0x00010000 and vaddr=0x3f000000, 0x20000 bytes are mapped
00:22:17.912 > V (178) boot: mapped one page of the rodata, from paddr=0x00010000 and vaddr=0x3f3f0000, 0x10000 bytes are mapped
00:22:17.912 > V (178) boot: text starts from paddr=0x00030020, vaddr=0x40080020, size=0x3f804
00:22:17.912 > V (179) boot: after mapping text, starting from paddr=0x00030000 and vaddr=0x40080000, 0x40000 bytes are mapped
00:22:17.912 > D ([37m180) boot: start: 0x40026a3c
00:22:17.912 > I (202) main_task: Started on CPU0
00:22:17.912 > I (202) main_task: Calling app_main()
00:22:17.912 > [INFO][SYSTEM][13ms] [1;36m
00:22:17.912 > Guru Meditation Error: Core  0 panic'ed (LoadProhibited). Exception was unhandled.
00:22:17.912 > 
00:22:17.912 > Core  0 register dump:
00:22:17.912 > PC      : 0x400b3f3f  PS      : 0x00060730  A0      : 0x800a9a48  A1      : 0x3ffcdc20  
00:22:17.912 > A2      : 0x3ffce1d0  A3      : 0x00000000  A4      : 0x3ffcdc30  A5      : 0x3ffcdf70  
00:22:17.912 > A6      : 0x3ffcdf50  A7      : 0x00000008  A8      : 0x00000000  A9      : 0x3ffcdc10  
00:22:17.912 > A10     : 0x00000001  A11     : 0x3f01266a  A12     : 0x000000ff  A13     : 0x0000ff00  
00:22:17.912 > A14     : 0x00ff0000  A15     : 0xff000000  SAR     : 0x00000004  EXCCAUSE: 0x0000001c  
00:22:17.912 > EXCVADDR: 0x00000064  LBEG    : 0x000000ff  LEND    : 0x0000ff00  LCOUNT  : 0x4002a7e8  
00:22:17.912 > 
00:22:17.912 > 
00:22:17.912 > Backtrace: 0x400b3f3c:0x3ffcdc20 0x400a9a45:0x3ffcdf40 0x40089696:0x3ffcdf90 0x4008a413:0x3ffce0e0 0x4008a716:0x3ffce100 0x400bf1bb:0x3ffce120 0x4002d279:0x3ffce150
00:22:17.912 > 
00:22:17.912 > 
00:22:17.912 > 
00:22:17.912 > 
00:22:17.912 > ELF file SHA256: 1f375162b
00:22:17.912 > 
00:22:17.912 > Rebooting...
00:22:17.912 > I (32) boot: [37mESP-IDF 5.4.0 2nd stage bootloader
00:22:17.912 > I (32) boot: compile time Jul  3 2025 00:17:27
00:22:17.912 > D (32) bootloader_flash: XMC chip detected by RDID (00204016), skip.
00:22:17.912 > D (34) bootloader_flash: mmu set block paddr=0x00000000 (was 0xffffffff)
00:22:17.912 > I (35) boot: chip revision: v0.0
00:22:17.912 > I (35) boot: efuse block revision: v0.2
00:22:17.912 > D (35) boot.esp32s2: magic e9
00:22:17.912 > D (35) boot.esp32s2: segments 04
00:22:17.912 > D (35) boot.esp32s2: spi_mode 02
00:22:17.912 > D (35) boot.esp32s2: spi_speed 0f
00:22:17.912 > D (35) boot.esp32s2: spi_size 02
00:22:17.912 > I (35) boot.esp32s2: SPI Speed      : 80MHz
00:22:17.912 > I (35) boot.esp32s2: SPI Mode       : DIO
00:22:17.912 > I (35) boot.esp32s2: SPI Flash Size : 4MB
00:22:17.912 > D (36) boot: Enabling RTCWDT(9000 ms)
00:22:17.912 > I (36) boot: Enabling RNG early entropy source...
00:22:17.912 > D (36) bootloader_flash: rodata starts from paddr=0x00008000, size=0xc00, will be mapped to vaddr=0x3f000000
00:22:17.912 > V (36) bootloader_flash: after mapping, starting from paddr=0x00000000 and vaddr=0x3f000000, 0x10000 bytes are mapped
00:22:17.912 > D (36) boot: mapped partition table 0x8000 at 0x3f008000
00:22:17.912 > D (36) flash_parts: partition table verif[37mied, 5 entries
00:22:17.912 > I (37) boot: Partition Table:
00:22:17.912 > I (38) boot: ## Label            Usage          Type ST Offset   Length
00:22:17.912 > D (39) boot: load partition table entry 0x3f008000
00:22:17.912 > D (39) boot: type=1 subtype=2
00:22:17.912 > I (39) boot:  0 nvs              WiFi data        01 02 00009000 00004000
00:22:17.912 > D (40) boot: load partition table entry 0x3f008020
00:22:17.912 > D (40) boot: type=1 subtype=1
00:22:17.912 > I (40) boot:  1 phy_init         RF data          01 01 0000d000 00001000
00:22:17.912 > D (41) boot: load partition table entry 0x3f008040
00:22:17.912 > D (42) boot: type=0 subtype=0
00:22:17.912 > I (42) boot:  2 factory          factory app      00 00 00010000 00100000
00:22:17.912 > D (43) boot: load partition table entry 0x3f008060
00:22:17.912 > D (43) boot: type=1 subtype=83
00:22:17.912 > I (43) boot:  3 storage          Unknown data     01 83 00110000 000f0000
00:22:17.912 > I (44) boot: End of partition table
00:22:17.912 > D (44) boot: Trying partition index -1 offs 0x10000 size 0x100000
00:22:17.912 > D (45) esp_image: reading image header @ 0x10000
00:22:17.912 > D (46) bootloader_flash: mmu set block paddr=0x00010000 (was 0xffffffff)
00:22:17.912 > D (47) esp_image: image header: 0xe9 0x[37m06 0x02 0x02 40026a3c
00:22:17.912 > V (47) esp_image: loading segment header 0 at offset 0x10018
00:22:17.912 > V (47) esp_image: segment data length 0x14fd8 data starts 0x10020
00:22:17.912 > V (48) esp_image: MMU page size 0x10000
00:22:17.912 > V (48) esp_image: segment 0 map_segment 1 segment_data_offs 0x10020 load_addr 0x3f000020
00:22:17.912 > I (48) esp_image: segment 0: paddr=00010020 vaddr=3f000020 size=14fd8h ( 85976) map
00:22:17.912 > D (49) esp_image: free data page_count 0x00000038
00:22:17.912 > D (49) bootloader_flash: rodata starts from paddr=0x00010020, size=0x14fd8, will be mapped to vaddr=0x3f000000
00:22:17.912 > V (49) bootloader_flash: after mapping, starting from paddr=0x00010000 and vaddr=0x3f000000, 0x20000 bytes are mapped
00:22:17.912 > V (66) esp_image: loading segment header 1 at offset 0x24ff8
00:22:17.912 > D (66) bootloader_flash: mmu set block paddr=0x00020000 (was 0xffffffff)
00:22:17.912 > V (68) esp_image: segment data length 0x1c data starts 0x25000
00:22:17.912 > V (68) esp_image: MMU page size 0x10000
00:22:17.912 > V (68) esp_image: segment 1 map_segment 0 segment_data_offs 0x25000 load_addr 0x3ff9e010
00:22:17.912 > I (68) esp_image: segment 1: paddr=0002[37m5000 vaddr=3ff9e010 size=0001ch (    28) load
00:22:17.912 > D (69) esp_image: free data page_count 0x00000038
00:22:17.912 > D (69) bootloader_flash: rodata starts from paddr=0x00025000, size=0x1c, will be mapped to vaddr=0x3f000000
00:22:17.912 > V (69) bootloader_flash: after mapping, starting from paddr=0x00020000 and vaddr=0x3f000000, 0x10000 bytes are mapped
00:22:17.912 > V (71) esp_image: loading segment header 2 at offset 0x2501c
00:22:17.912 > D (71) bootloader_flash: mmu set block paddr=0x00020000 (was 0xffffffff)
00:22:17.912 > V (72) esp_image: segment data length 0x2ed8 data starts 0x25024
00:22:17.912 > V (73) esp_image: MMU page size 0x10000
00:22:17.912 > V (73) esp_image: segment 2 map_segment 0 segment_data_offs 0x25024 load_addr 0x3ffc5ad0
00:22:17.912 > I (74) esp_image: segment 2: paddr=00025024 vaddr=3ffc5ad0 size=02ed8h ( 11992) load
00:22:17.912 > D (75) esp_image: free data page_count 0x00000038
00:22:17.912 > D (75) bootloader_flash: rodata starts from paddr=0x00025024, size=0x2ed8, will be mapped to vaddr=0x3f000000
00:22:17.912 > V (75) bootloader_flash: after mapping, starting from paddr=0x00020000 and vaddr=0x3f000000, 0x10000 bytes are ma[37mpped
00:22:17.912 > V (78) esp_image: loading segment header 3 at offset 0x27efc
00:22:17.912 > D (78) bootloader_flash: mmu set block paddr=0x00020000 (was 0xffffffff)
00:22:17.912 > V (79) esp_image: segment data length 0x8114 data starts 0x27f04
00:22:17.912 > V (81) esp_image: MMU page size 0x10000
00:22:17.912 > V (81) esp_image: segment 3 map_segment 0 segment_data_offs 0x27f04 load_addr 0x40024000
00:22:17.912 > I (81) esp_image: segment 3: paddr=00027f04 vaddr=40024000 size=08114h ( 33044) load
00:22:17.912 > D (81) esp_image: free data page_count 0x00000038
00:22:17.912 > D (81) bootloader_flash: rodata starts from paddr=0x00027f04, size=0x8114, will be mapped to vaddr=0x3f000000
00:22:17.912 > V (81) bootloader_flash: after mapping, starting from paddr=0x00020000 and vaddr=0x3f000000, 0x20000 bytes are mapped
00:22:17.912 > V (90) esp_image: loading segment header 4 at offset 0x30018
00:22:17.912 > D (90) bootloader_flash: mmu set block paddr=0x00030000 (was 0xffffffff)
00:22:17.912 > V (91) esp_image: segment data length 0x3f804 data starts 0x30020
00:22:17.912 > V (92) esp_image: MMU page size 0x10000
00:22:17.912 > V (92) esp_image: segment 4 map_segment 1 segment_data_offs 0x30020 lo[37mad_addr 0x40080020
00:22:17.912 > I (94) esp_image: segment 4: paddr=00030020 vaddr=40080020 size=3f804h (260100) map
00:22:17.912 > D (94) esp_image: free data page_count 0x00000038
00:22:17.912 > D (94) bootloader_flash: rodata starts from paddr=0x00030020, size=0x3f804, will be mapped to vaddr=0x3f000000
00:22:17.912 > V (94) bootloader_flash: after mapping, starting from paddr=0x00030000 and vaddr=0x3f000000, 0x40000 bytes are mapped
00:22:17.912 > V (145) esp_image: loading segment header 5 at offset 0x6f824
00:22:17.912 > D (146) bootloader_flash: mmu set block paddr=0x00060000 (was 0xffffffff)
00:22:17.912 > V (147) esp_image: segment data length 0x99b8 data starts 0x6f82c
00:22:17.912 > V (148) esp_image: MMU page size 0x10000
00:22:17.912 > V (148) esp_image: segment 5 map_segment 0 segment_data_offs 0x6f82c load_addr 0x4002c114
00:22:17.912 > I (148) esp_image: segment 5: paddr=0006f82c vaddr=4002c114 size=099b8h ( 39352) load
00:22:17.912 > D (148) esp_image: free data page_count 0x00000038
00:22:17.912 > D (149) bootloader_flash: rodata starts from paddr=0x0006f82c, size=0x99b8, will be mapped to vaddr=0x3f000000
00:22:17.912 > V (149) bootloader_flash: after mapping, sta[37mrting from paddr=0x00060000 and vaddr=0x3f000000, 0x20000 bytes are mapped
00:22:17.912 > V (159) esp_image: image start 0x00010000 end of last section 0x000791e4
00:22:17.912 > D (160) bootloader_flash: mmu set block paddr=0x00070000 (was 0xffffffff)
00:22:17.912 > I (170) boot: Loaded app from partition at offset 0x10000
00:22:17.912 > I (170) boot: Disabling RNG early entropy source...
00:22:17.912 > D (170) boot: Mapping segment 0 as DROM
00:22:17.912 > D (170) boot: Mapping segment 4 as IROM
00:22:17.912 > D (170) boot: calling set_cache_and_start_app
00:22:17.912 > D (170) boot: configure drom and irom and start
00:22:17.912 > V (170) boot: rodata starts from paddr=0x00010020, vaddr=0x3f000020, size=0x14fd8
00:22:17.912 > V (171) boot: after mapping rodata, starting from paddr=0x00010000 and vaddr=0x3f000000, 0x20000 bytes are mapped
00:22:17.912 > V (173) boot: mapped one page of the rodata, from paddr=0x00010000 and vaddr=0x3f3f0000, 0x10000 bytes are mapped
00:22:17.912 > V (173) boot: text starts from paddr=0x00030020, vaddr=0x40080020, size=0x3f804
00:22:17.912 > V (174) boot: after mapping text, starting from paddr=0x00030000 and vaddr=0x40080000, 0x40000 bytes are mapped[37m
00:22:17.912 > D (174) boot: start: 0x40026a3c
00:22:17.912 > I (196) main_task: Started on CPU0
00:22:17.912 > I (196) main_task: Calling app_main()
00:22:17.912 > [INFO][SYSTEM][13ms] [1;36m
00:22:17.912 > Guru Meditation Error: Core  0 panic'ed (LoadProhibited). Exception was unhandled.
00:22:17.912 > 
00:22:17.912 > Core  0 register dump:
00:22:17.912 > PC      : 0x400b3f3f  PS      : 0x00060730  A0      : 0x800a9a48  A1      : 0x3ffcdc20  
00:22:17.912 > A2      : 0x3ffce1d0  A3      : 0x00000000  A4      : 0x3ffcdc30  A5      : 0x3ffcdf70  
00:22:17.912 > A6      : 0x3ffcdf50  A7      : 0x00000008  A8      : 0x00000000  A9      : 0x3ffcdc10  
00:22:17.912 > A10     : 0x00000001  A11     : 0x3f01266a  A12     : 0x000000ff  A13     : 0x0000ff00  
00:22:17.912 > A14     : 0x00ff0000  A15     : 0xff000000  SAR     : 0x00000004  EXCCAUSE: 0x0000001c  
00:22:17.912 > EXCVADDR: 0x00000064  LBEG    : 0x000000ff  LEND    : 0x0000ff00  LCOUNT  : 0x4002a7e8  
00:22:17.912 > 
00:22:17.912 > 
00:22:17.912 > Backtrace: 0x400b3f3c:0x3ffcdc20 0x400a9a45:0x3ffcdf40 0x40089696:0x3ffcdf90 0x4008a413:0x3ffce0e0 0x4008a716:0x3ffce100 0x400bf1bb:0x3ffce120 0x4002d279:0x3ffce150
00:22:17.912 > 
00:22:17.912 > 
00:22:17.912 > 
00:22:17.912 > 
00:22:17.912 > ELF file SHA256: 1f375162b
00:22:17.912 > 
00:22:17.912 > Rebooting...
00:22:17.912 > I (32) b[37moot: ESP-IDF 5.4.0 2nd stage bootloader
00:22:17.912 > I (32) boot: compile time Jul  3 2025 00:17:27
00:22:17.912 > D (32) bootloader_flash: XMC chip detected by RDID (00204016), skip.
00:22:17.912 > D (34) bootloader_flash: mmu set block paddr=0x00000000 (was 0xffffffff)
00:22:17.912 > I (35) boot: chip revision: v0.0
00:22:17.912 > I (35) boot: efuse block revision: v0.2
00:22:17.912 > D (35) boot.esp32s2: magic e9
00:22:17.912 > D (35) boot.esp32s2: segments 04
00:22:17.912 > D (36) boot.esp32s2: spi_mode 02
00:22:17.912 > D (36) boot.esp32s2: spi_speed 0f
00:22:17.912 > D (36) boot.esp32s2: spi_size 02
00:22:17.912 > I (36) boot.esp32s2: SPI Speed      : 80MHz
00:22:17.912 > I (36) boot.esp32s2: SPI Mode       : DIO
00:22:17.912 > I (36) boot.esp32s2: SPI Flash Size : 4MB
00:22:17.912 > D (37) boot: Enabling RTCWDT(9000 ms)
00:22:17.912 > I (37) boot: Enabling RNG early entropy source...
00:22:17.912 > D (37) bootloader_flash: rodata starts from paddr=0x00008000, size=0xc00, will be mapped to vaddr=0x3f000000
00:22:17.912 > V (37) bootloader_flash: after mapping, starting from paddr=0x00000000 and vaddr=0x3f000000, 0x10000 bytes are mapped
00:22:17.912 > D (37) boot: mapped partition table 0x8000 at 0x3f008000
00:22:17.912 > D (37) flash_parts: partition table [37mverified, 5 entries
00:22:17.912 > I (38) boot: Partition Table:
00:22:17.912 > I (39) boot: ## Label            Usage          Type ST Offset   Length
00:22:17.912 > D (40) boot: load partition table entry 0x3f008000
00:22:17.912 > D (40) boot: type=1 subtype=2
00:22:17.912 > I (40) boot:  0 nvs              WiFi data        01 02 00009000 00004000
00:22:17.912 > D (41) boot: load partition table entry 0x3f008020
00:22:17.912 > D (41) boot: type=1 subtype=1
00:22:17.912 > I (41) boot:  1 phy_init         RF data          01 01 0000d000 00001000
00:22:17.912 > D (42) boot: load partition table entry 0x3f008040
00:22:17.912 > D (43) boot: type=0 subtype=0
00:22:17.912 > I (43) boot:  2 factory          factory app      00 00 00010000 00100000
00:22:17.912 > D (44) boot: load partition table entry 0x3f008060
00:22:17.912 > D (44) boot: type=1 subtype=83
00:22:17.912 > I (44) boot:  3 storage          Unknown data     01 83 00110000 000f0000
00:22:17.912 > I (45) boot: End of partition table
00:22:17.912 > D (45) boot: Trying partition index -1 offs 0x10000 size 0x100000
00:22:17.912 > D (46) esp_image: reading image header @ 0x10000
00:22:17.912 > D (47) bootloader_flash: mmu set block paddr=0x00010000 (was 0xffffffff)
00:22:17.912 > D (48) esp_image: image header: 0x[37me9 0x06 0x02 0x02 40026a3c
00:22:17.912 > V (48) esp_image: loading segment header 0 at offset 0x10018
00:22:17.912 > V (48) esp_image: segment data length 0x14fd8 data starts 0x10020
00:22:17.912 > V (49) esp_image: MMU page size 0x10000
00:22:17.912 > V (49) esp_image: segment 0 map_segment 1 segment_data_offs 0x10020 load_addr 0x3f000020
00:22:17.912 > I (49) esp_image: segment 0: paddr=00010020 vaddr=3f000020 size=14fd8h ( 85976) map
00:22:17.912 > D (50) esp_image: free data page_count 0x00000038
00:22:17.912 > D (50) bootloader_flash: rodata starts from paddr=0x00010020, size=0x14fd8, will be mapped to vaddr=0x3f000000
00:22:17.912 > V (50) bootloader_flash: after mapping, starting from paddr=0x00010000 and vaddr=0x3f000000, 0x20000 bytes are mapped
00:22:17.912 > V (68) esp_image: loading segment header 1 at offset 0x24ff8
00:22:17.912 > D (68) bootloader_flash: mmu set block paddr=0x00020000 (was 0xffffffff)
00:22:17.912 > V (70) esp_image: segment data length 0x1c data starts 0x25000
00:22:17.912 > V (70) esp_image: MMU page size 0x10000
00:22:17.912 > V (70) esp_image: segment 1 map_segment 0 segment_data_offs 0x25000 load_addr 0x3ff9e010
00:22:17.912 > I (71) esp_image: segment 1: paddr[37m=00025000 vaddr=3ff9e010 size=0001ch (    28) load
00:22:17.912 > D (72) esp_image: free data page_count 0x00000038
00:22:17.912 > D (72) bootloader_flash: rodata starts from paddr=0x00025000, size=0x1c, will be mapped to vaddr=0x3f000000
00:22:17.912 > V (72) bootloader_flash: after mapping, starting from paddr=0x00020000 and vaddr=0x3f000000, 0x10000 bytes are mapped
00:22:17.912 > V (73) esp_image: loading segment header 2 at offset 0x2501c
00:22:17.912 > D (73) bootloader_flash: mmu set block paddr=0x00020000 (was 0xffffffff)
00:22:17.912 > V (74) esp_image: segment data length 0x2ed8 data starts 0x25024
00:22:17.912 > V (75) esp_image: MMU page size 0x10000
00:22:17.912 > V (75) esp_image: segment 2 map_segment 0 segment_data_offs 0x25024 load_addr 0x3ffc5ad0
00:22:17.912 > I (76) esp_image: segment 2: paddr=00025024 vaddr=3ffc5ad0 size=02ed8h ( 11992) load
00:22:17.912 > D (76) esp_image: free data page_count 0x00000038
00:22:17.912 > D (76) bootloader_flash: rodata starts from paddr=0x00025024, size=0x2ed8, will be mapped to vaddr=0x3f000000
00:22:17.912 > V (77) bootloader_flash: after mapping, starting from paddr=0x00020000 and vaddr=0x3f000000, 0x10000 bytes a[37mre mapped
00:22:17.912 > V (80) esp_image: loading segment header 3 at offset 0x27efc
00:22:17.912 > D (80) bootloader_flash: mmu set block paddr=0x00020000 (was 0xffffffff)
00:22:17.912 > V (81) esp_image: segment data length 0x8114 data starts 0x27f04
00:22:17.912 > V (83) esp_image: MMU page size 0x10000
00:22:17.912 > V (83) esp_image: segment 3 map_segment 0 segment_data_offs 0x27f04 load_addr 0x40024000
00:22:17.912 > I (84) esp_image: segment 3: paddr=00027f04 vaddr=40024000 size=08114h ( 33044) load
00:22:17.912 > D (84) esp_image: free data page_count 0x00000038
00:22:17.912 > D (84) bootloader_flash: rodata starts from paddr=0x00027f04, size=0x8114, will be mapped to vaddr=0x3f000000
00:22:17.912 > V (84) bootloader_flash: after mapping, starting from paddr=0x00020000 and vaddr=0x3f000000, 0x20000 bytes are mapped
00:22:17.912 > V (93) esp_image: loading segment header 4 at offset 0x30018
00:22:17.912 > D (93) bootloader_flash: mmu set block paddr=0x00030000 (was 0xffffffff)
00:22:17.912 > V (94) esp_image: segment data length 0x3f804 data starts 0x30020
00:22:17.912 > V (95) esp_image: MMU page size 0x10000
00:22:17.912 > V (95) esp_image: segment 4 map_segment 1 segment_data_offs 0x300[37m20 load_addr 0x40080020
00:22:17.912 > I (96) esp_image: segment 4: paddr=00030020 vaddr=40080020 size=3f804h (260100) map
00:22:17.912 > D (96) esp_image: free data page_count 0x00000038
00:22:17.912 > D (96) bootloader_flash: rodata starts from paddr=0x00030020, size=0x3f804, will be mapped to vaddr=0x3f000000
00:22:17.912 > V (96) bootloader_flash: after mapping, starting from paddr=0x00030000 and vaddr=0x3f000000, 0x40000 bytes are mapped
00:22:17.912 > V (147) esp_image: loading segment header 5 at offset 0x6f824
00:22:17.912 > D (148) bootloader_flash: mmu set block paddr=0x00060000 (was 0xffffffff)
00:22:17.912 > V (149) esp_image: segment data length 0x99b8 data starts 0x6f82c
00:22:17.912 > V (150) esp_image: MMU page size 0x10000
00:22:17.912 > V (150) esp_image: segment 5 map_segment 0 segment_data_offs 0x6f82c load_addr 0x4002c114
00:22:17.912 > I (151) esp_image: segment 5: paddr=0006f82c vaddr=4002c114 size=099b8h ( 39352) load
00:22:17.912 > D (151) esp_image: free data page_count 0x00000038
00:22:17.912 > D (152) bootloader_flash: rodata starts from paddr=0x0006f82c, size=0x99b8, will be mapped to vaddr=0x3f000000
00:22:17.912 > V (152) bootloader_flash: after mapping[37m, starting from paddr=0x00060000 and vaddr=0x3f000000, 0x20000 bytes are mapped
00:22:17.912 > V (162) esp_image: image start 0x00010000 end of last section 0x000791e4
00:22:17.912 > D (163) bootloader_flash: mmu set block paddr=0x00070000 (was 0xffffffff)
00:22:17.912 > I (173) boot: Loaded app from partition at offset 0x10000
00:22:17.912 > I (173) boot: Disabling RNG early entropy source...
00:22:17.912 > D (173) boot: Mapping segment 0 as DROM
00:22:17.912 > D (173) boot: Mapping segment 4 as IROM
00:22:17.912 > D (173) boot: calling set_cache_and_start_app
00:22:17.912 > D (173) boot: configure drom and irom and start
00:22:17.912 > V (173) boot: rodata starts from paddr=0x00010020, vaddr=0x3f000020, size=0x14fd8
00:22:17.912 > V (175) boot: after mapping rodata, starting from paddr=0x00010000 and vaddr=0x3f000000, 0x20000 bytes are mapped
00:22:17.912 > V (175) boot: mapped one page of the rodata, from paddr=0x00010000 and vaddr=0x3f3f0000, 0x10000 bytes are mapped
00:22:17.912 > V (175) boot: text starts from paddr=0x00030020, vaddr=0x40080020, size=0x3f804
00:22:17.912 > V (176) boot: after mapping text, starting from paddr=0x00030000 and vaddr=0x40080000, 0x40000 bytes are m[37mapped
00:22:17.912 > D (176) boot: start: 0x40026a3c
00:22:17.912 > I (198) main_task: Started on CPU0
00:22:17.912 > I (198) main_task: Calling app_main()
00:22:17.912 > [INFO][SYSTEM][13ms] [1;36m
00:22:17.912 > Guru Meditation Error: Core  0 panic'ed (LoadProhibited). Exception was unhandled.
00:22:17.912 > 
00:22:17.912 > Core  0 register dump:
00:22:17.912 > PC      : 0x400b3f3f  PS      : 0x00060730  A0      : 0x800a9a48  A1      : 0x3ffcdc20  
00:22:17.912 > A2      : 0x3ffce1d0  A3      : 0x00000000  A4      : 0x3ffcdc30  A5      : 0x3ffcdf70  
00:22:17.912 > A6      : 0x3ffcdf50  A7      : 0x00000008  A8      : 0x00000000  A9      : 0x3ffcdc10  
00:22:17.912 > A10     : 0x00000001  A11     : 0x3f01266a  A12     : 0x000000ff  A13     : 0x0000ff00  
00:22:17.912 > A14     : 0x00ff0000  A15     : 0xff000000  SAR     : 0x00000004  EXCCAUSE: 0x0000001c  
00:22:17.912 > EXCVADDR: 0x00000064  LBEG    : 0x000000ff  LEND    : 0x0000ff00  LCOUNT  : 0x4002a7e8  
00:22:17.912 > 
00:22:17.912 > 
00:22:17.912 > Backtrace: 0x400b3f3c:0x3ffcdc20 0x400a9a45:0x3ffcdf40 0x40089696:0x3ffcdf90 0x4008a413:0x3ffce0e0 0x4008a716:0x3ffce100 0x400bf1bb:0x3ffce120 0x4002d279:0x3ffce150
00:22:17.912 > 
00:22:17.912 > 
00:22:17.912 > 
00:22:17.912 > 
00:22:17.912 > ELF file SHA256: 1f375162b
00:22:17.912 > 
00:22:17.912 > Rebooting...
00:22:17.912 > I ([37m32) boot: ESP-IDF 5.4.0 2nd stage bootloader
00:22:17.913 > I (32) boot: compile time Jul  3 2025 00:17:27
00:22:17.913 > D (32) bootloader_flash: XMC chip detected by RDID (00204016), skip.
00:22:17.913 > D (34) bootloader_flash: mmu set block paddr=0x00000000 (was 0xffffffff)
00:22:17.913 > I (35) boot: chip revision: v0.0
00:22:17.913 > I (35) boot: efuse block revision: v0.2
00:22:17.913 > D (35) boot.esp32s2: magic e9
00:22:17.913 > D (35) boot.esp32s2: segments 04
00:22:17.913 > D (35) boot.esp32s2: spi_mode 02
00:22:17.913 > D (35) boot.esp32s2: spi_speed 0f
00:22:17.913 > D (35) boot.esp32s2: spi_size 02
00:22:17.913 > I (35) boot.esp32s2: SPI Speed      : 80MHz
00:22:17.913 > I (35) boot.esp32s2: SPI Mode       : DIO
00:22:17.913 > I (36) boot.esp32s2: SPI Flash Size : 4MB
00:22:17.913 > D (37) boot: Enabling RTCWDT(9000 ms)
00:22:17.913 > I (37) boot: Enabling RNG early entropy source...
00:22:17.913 > D (37) bootloader_flash: rodata starts from paddr=0x00008000, size=0xc00, will be mapped to vaddr=0x3f000000
00:22:17.913 > V (37) bootloader_flash: after mapping, starting from paddr=0x00000000 and vaddr=0x3f000000, 0x10000 bytes are mapped
00:22:17.913 > D (37) boot: mapped partition table 0x8000 at 0x3f008000
00:22:17.913 > D (37) flash_parts: partition t[37mable verified, 5 entries
00:22:17.913 > I (38) boot: Partition Table:
00:22:17.913 > I (38) boot: ## Label            Usage          Type ST Offset   Length
00:22:17.913 > D (39) boot: load partition table entry 0x3f008000
00:22:17.913 > D (39) boot: type=1 subtype=2
00:22:17.913 > I (39) boot:  0 nvs              WiFi data        01 02 00009000 00004000
00:22:17.913 > D (40) boot: load partition table entry 0x3f008020
00:22:17.913 > D (40) boot: type=1 subtype=1
00:22:17.913 > I (40) boot:  1 phy_init         RF data          01 01 0000d000 00001000
00:22:17.913 > D (41) boot: load partition table entry 0x3f008040
00:22:17.913 > D (42) boot: type=0 subtype=0
00:22:17.913 > I (42) boot:  2 factory          factory app      00 00 00010000 00100000
00:22:17.913 > D (43) boot: load partition table entry 0x3f008060
00:22:17.913 > D (43) boot: type=1 subtype=83
00:22:17.913 > I (43) boot:  3 storage          Unknown data     01 83 00110000 000f0000
00:22:17.913 > I (44) boot: End of partition table
00:22:17.913 > D (44) boot: Trying partition index -1 offs 0x10000 size 0x100000
00:22:17.913 > D (45) esp_image: reading image header @ 0x10000
00:22:17.913 > D (46) bootloader_flash: mmu set block paddr=0x00010000 (was 0xffffffff)
00:22:17.913 > D (47) esp_image: image heade[37mr: 0xe9 0x06 0x02 0x02 40026a3c
00:22:17.913 > V (47) esp_image: loading segment header 0 at offset 0x10018
00:22:17.913 > V (47) esp_image: segment data length 0x14fd8 data starts 0x10020
00:22:17.913 > V (48) esp_image: MMU page size 0x10000
00:22:17.913 > V (48) esp_image: segment 0 map_segment 1 segment_data_offs 0x10020 load_addr 0x3f000020
00:22:17.913 > I (49) esp_image: segment 0: paddr=00010020 vaddr=3f000020 size=14fd8h ( 85976) map
00:22:17.913 > D (50) esp_image: free data page_count 0x00000038
00:22:17.913 > D (50) bootloader_flash: rodata starts from paddr=0x00010020, size=0x14fd8, will be mapped to vaddr=0x3f000000
00:22:17.913 > V (50) bootloader_flash: after mapping, starting from paddr=0x00010000 and vaddr=0x3f000000, 0x20000 bytes are mapped
00:22:17.913 > V (67) esp_image: loading segment header 1 at offset 0x24ff8
00:22:17.913 > D (67) bootloader_flash: mmu set block paddr=0x00020000 (was 0xffffffff)
00:22:17.913 > V (69) esp_image: segment data length 0x1c data starts 0x25000
00:22:17.913 > V (69) esp_image: MMU page size 0x10000
00:22:17.913 > V (69) esp_image: segment 1 map_segment 0 segment_data_offs 0x25000 load_addr 0x3ff9e010
00:22:17.913 > I (69) esp_image: segment 1: [37mpaddr=00025000 vaddr=3ff9e010 size=0001ch (    28) load
00:22:17.913 > D (70) esp_image: free data page_count 0x00000038
00:22:17.913 > D (70) bootloader_flash: rodata starts from paddr=0x00025000, size=0x1c, will be mapped to vaddr=0x3f000000
00:22:17.913 > V (70) bootloader_flash: after mapping, starting from paddr=0x00020000 and vaddr=0x3f000000, 0x10000 bytes are mapped
00:22:17.913 > V (71) esp_image: loading segment header 2 at offset 0x2501c
00:22:17.913 > D (71) bootloader_flash: mmu set block paddr=0x00020000 (was 0xffffffff)
00:22:17.913 > V (72) esp_image: segment data length 0x2ed8 data starts 0x25024
00:22:17.913 > V (73) esp_image: MMU page size 0x10000
00:22:17.913 > V (73) esp_image: segment 2 map_segment 0 segment_data_offs 0x25024 load_addr 0x3ffc5ad0
00:22:17.913 > I (74) esp_image: segment 2: paddr=00025024 vaddr=3ffc5ad0 size=02ed8h ( 11992) load
00:22:17.913 > D (74) esp_image: free data page_count 0x00000038
00:22:17.913 > D (74) bootloader_flash: rodata starts from paddr=0x00025024, size=0x2ed8, will be mapped to vaddr=0x3f000000
00:22:17.913 > V (74) bootloader_flash: after mapping, starting from paddr=0x00020000 and vaddr=0x3f000000, 0x10000 by[37mtes are mapped
00:22:17.913 > V (77) esp_image: loading segment header 3 at offset 0x27efc
00:22:17.913 > D (77) bootloader_flash: mmu set block paddr=0x00020000 (was 0xffffffff)
00:22:17.913 > V (78) esp_image: segment data length 0x8114 data starts 0x27f04
00:22:17.913 > V (80) esp_image: MMU page size 0x10000
00:22:17.913 > V (80) esp_image: segment 3 map_segment 0 segment_data_offs 0x27f04 load_addr 0x40024000
00:22:17.913 > I (80) esp_image: segment 3: paddr=00027f04 vaddr=40024000 size=08114h ( 33044) load
00:22:17.913 > D (80) esp_image: free data page_count 0x00000038
00:22:17.913 > D (80) bootloader_flash: rodata starts from paddr=0x00027f04, size=0x8114, will be mapped to vaddr=0x3f000000
00:22:17.913 > V (80) bootloader_flash: after mapping, starting from paddr=0x00020000 and vaddr=0x3f000000, 0x20000 bytes are mapped
00:22:17.913 > V (89) esp_image: loading segment header 4 at offset 0x30018
00:22:17.913 > D (89) bootloader_flash: mmu set block paddr=0x00030000 (was 0xffffffff)
00:22:17.913 > V (90) esp_image: segment data length 0x3f804 data starts 0x30020
00:22:17.913 > V (91) esp_image: MMU page size 0x10000
00:22:17.913 > V (91) esp_image: segment 4 map_segment 1 segment_data_offs [37m0x30020 load_addr 0x40080020
00:22:17.913 > I (93) esp_image: segment 4: paddr=00030020 vaddr=40080020 size=3f804h (260100) map
00:22:17.913 > D (93) esp_image: free data page_count 0x00000038
00:22:17.913 > D (93) bootloader_flash: rodata starts from paddr=0x00030020, size=0x3f804, will be mapped to vaddr=0x3f000000
00:22:17.913 > V (93) bootloader_flash: after mapping, starting from paddr=0x00030000 and vaddr=0x3f000000, 0x40000 bytes are mapped
00:22:17.913 > V (144) esp_image: loading segment header 5 at offset 0x6f824
00:22:17.913 > D (145) bootloader_flash: mmu set block paddr=0x00060000 (was 0xffffffff)
00:22:17.913 > V (146) esp_image: segment data length 0x99b8 data starts 0x6f82c
00:22:17.913 > V (147) esp_image: MMU page size 0x10000
00:22:17.913 > V (147) esp_image: segment 5 map_segment 0 segment_data_offs 0x6f82c load_addr 0x4002c114
00:22:17.913 > I (148) esp_image: segment 5: paddr=0006f82c vaddr=4002c114 size=099b8h ( 39352) load
00:22:17.913 > D (149) esp_image: free data page_count 0x00000038
00:22:17.913 > D (150) bootloader_flash: rodata starts from paddr=0x0006f82c, size=0x99b8, will be mapped to vaddr=0x3f000000
00:22:17.913 > V (150) bootloader_flash: after ma[37mpping, starting from paddr=0x00060000 and vaddr=0x3f000000, 0x20000 bytes are mapped
00:22:17.914 > V (160) esp_image: image start 0x00010000 end of last section 0x000791e4
00:22:17.914 > D (161) bootloader_flash: mmu set block paddr=0x00070000 (was 0xffffffff)
00:22:17.914 > I (171) boot: Loaded app from partition at offset 0x10000
00:22:17.914 > I (171) boot: Disabling RNG early entropy source...
00:22:17.914 > D (171) boot: Mapping segment 0 as DROM
00:22:17.914 > D (171) boot: Mapping segment 4 as IROM
00:22:17.914 > D (171) boot: calling set_cache_and_start_app
00:22:17.914 > D (171) boot: configure drom and irom and start
00:22:17.914 > V (171) boot: rodata starts from paddr=0x00010020, vaddr=0x3f000020, size=0x14fd8
00:22:17.914 > V (172) boot: after mapping rodata, starting from paddr=0x00010000 and vaddr=0x3f000000, 0x20000 bytes are mapped
00:22:17.914 > V (173) boot: mapped one page of the rodata, from paddr=0x00010000 and vaddr=0x3f3f0000, 0x10000 bytes are mapped
00:22:17.914 > V (173) boot: text starts from paddr=0x00030020, vaddr=0x40080020, size=0x3f804
00:22:17.914 > V (174) boot: after mapping text, starting from paddr=0x00030000 and vaddr=0x40080000, 0x40000 bytes [37mare mapped
00:22:17.914 > D (174) boot: start: 0x40026a3c
00:22:17.914 > I (196) main_task: Started on CPU0
00:22:17.914 > I (196) main_task: Calling app_main()
00:22:17.914 > [INFO][SYSTEM][13ms] [1;36m
00:22:17.914 > Guru Meditation Error: Core  0 panic'ed (LoadProhibited). Exception was unhandled.
00:22:17.914 > 
00:22:17.914 > Core  0 register dump:
00:22:17.914 > PC      : 0x400b3f3f  PS      : 0x00060730  A0      : 0x800a9a48  A1      : 0x3ffcdc20  
00:22:17.914 > A2      : 0x3ffce1d0  A3      : 0x00000000  A4      : 0x3ffcdc30  A5      : 0x3ffcdf70  
00:22:17.914 > A6      : 0x3ffcdf50  A7      : 0x00000008  A8      : 0x00000000  A9      : 0x3ffcdc10  
00:22:17.914 > A10     : 0x00000001  A11     : 0x3f01266a  A12     : 0x000000ff  A13     : 0x0000ff00  
00:22:17.914 > A14     : 0x00ff0000  A15     : 0xff000000  SAR     : 0x00000004  EXCCAUSE: 0x0000001c  
00:22:17.914 > EXCVADDR: 0x00000064  LBEG    : 0x000000ff  LEND    : 0x0000ff00  LCOUNT  : 0x4002a7e8  
00:22:17.914 > 
00:22:17.914 > 
00:22:17.914 > Backtrace: 0x400b3f3c:0x3ffcdc20 0x400a9a45:0x3ffcdf40 0x40089696:0x3ffcdf90 0x4008a413:0x3ffce0e0 0x4008a716:0x3ffce100 0x400bf1bb:0x3ffce120 0x4002d279:0x3ffce150
00:22:17.914 > 
00:22:17.914 > 
00:22:17.914 > 
00:22:17.914 > 
00:22:17.914 > ELF file SHA256: 1f375162b
00:22:17.914 > 
00:22:17.914 > Rebooting...[37m
00:22:17.914 > I (32) boot: ESP-IDF 5.4.0 2nd stage bootloader
00:22:17.914 > I (32) boot: compile time Jul  3 2025 00:17:27
00:22:17.914 > D (32) bootloader_flash: XMC chip detected by RDID (00204016), skip.
00:22:17.914 > D (34) bootloader_flash: mmu set block paddr=0x00000000 (was 0xffffffff)
00:22:17.914 > I (35) boot: chip revision: v0.0
00:22:17.914 > I (35) boot: efuse block revision: v0.2
00:22:17.914 > D (35) boot.esp32s2: magic e9
00:22:17.914 > D (35) boot.esp32s2: segments 04
00:22:17.914 > D (35) boot.esp32s2: spi_mode 02
00:22:17.914 > D (35) boot.esp32s2: spi_speed 0f
00:22:17.914 > D (35) boot.esp32s2: spi_size 02
00:22:17.914 > I (35) boot.esp32s2: SPI Speed      : 80MHz
00:22:17.914 > I (35) boot.esp32s2: SPI Mode       : DIO
00:22:17.914 > I (35) boot.esp32s2: SPI Flash Size : 4MB
00:22:17.914 > D (36) boot: Enabling RTCWDT(9000 ms)
00:22:17.914 > I (36) boot: Enabling RNG early entropy source...
00:22:17.914 > D (36) bootloader_flash: rodata starts from paddr=0x00008000, size=0xc00, will be mapped to vaddr=0x3f000000
00:22:17.914 > V (36) bootloader_flash: after mapping, starting from paddr=0x00000000 and vaddr=0x3f000000, 0x10000 bytes are mapped
00:22:17.914 > D (36) boot: mapped partition table 0x8000 at 0x3f008000
00:22:17.914 > D (36) flash_parts: partit[37mion table verified, 5 entries
00:22:17.915 > I (37) boot: Partition Table:
00:22:17.915 > I (37) boot: ## Label            Usage          Type ST Offset   Length
00:22:17.915 > D (38) boot: load partition table entry 0x3f008000
00:22:17.915 > D (38) boot: type=1 subtype=2
00:22:17.915 > I (38) boot:  0 nvs              WiFi data        01 02 00009000 00004000
00:22:17.915 > D (39) boot: load partition table entry 0x3f008020
00:22:17.915 > D (39) boot: type=1 subtype=1
00:22:17.915 > I (39) boot:  1 phy_init         RF data          01 01 0000d000 00001000
00:22:17.915 > D (40) boot: load partition table entry 0x3f008040
00:22:17.915 > D (41) boot: type=0 subtype=0
00:22:17.915 > I (41) boot:  2 factory          factory app      00 00 00010000 00100000
00:22:17.915 > D (42) boot: load partition table entry 0x3f008060
00:22:17.915 > D (42) boot: type=1 subtype=83
00:22:17.915 > I (42) boot:  3 storage          Unknown data     01 83 00110000 000f0000
00:22:17.915 > I (43) boot: End of partition table
00:22:17.915 > D (43) boot: Trying partition index -1 offs 0x10000 size 0x100000
00:22:17.915 > D (44) esp_image: reading image header @ 0x10000
00:22:17.915 > D (45) bootloader_flash: mmu set block paddr=0x00010000 (was 0xffffffff)
00:22:17.915 > D (46) esp_image: image [37mheader: 0xe9 0x06 0x02 0x02 40026a3c
00:22:17.915 > V (46) esp_image: loading segment header 0 at offset 0x10018
00:22:17.915 > V (46) esp_image: segment data length 0x14fd8 data starts 0x10020
00:22:17.915 > V (47) esp_image: MMU page size 0x10000
00:22:17.915 > V (47) esp_image: segment 0 map_segment 1 segment_data_offs 0x10020 load_addr 0x3f000020
00:22:17.915 > I (47) esp_image: segment 0: paddr=00010020 vaddr=3f000020 size=14fd8h ( 85976) map
00:22:17.915 > D (48) esp_image: free data page_count 0x00000038
00:22:17.915 > D (48) bootloader_flash: rodata starts from paddr=0x00010020, size=0x14fd8, will be mapped to vaddr=0x3f000000
00:22:17.915 > V (48) bootloader_flash: after mapping, starting from paddr=0x00010000 and vaddr=0x3f000000, 0x20000 bytes are mapped
00:22:17.915 > V (65) esp_image: loading segment header 1 at offset 0x24ff8
00:22:17.915 > D (65) bootloader_flash: mmu set block paddr=0x00020000 (was 0xffffffff)
00:22:17.915 > V (67) esp_image: segment data length 0x1c data starts 0x25000
00:22:17.915 > V (67) esp_image: MMU page size 0x10000
00:22:17.915 > V (68) esp_image: segment 1 map_segment 0 segment_data_offs 0x25000 load_addr 0x3ff9e010
00:22:17.915 > I (69) esp_image: segmen[37mt 1: paddr=00025000 vaddr=3ff9e010 size=0001ch (    28) load
00:22:17.915 > D (70) esp_image: free data page_count 0x00000038
00:22:17.915 > D (70) bootloader_flash: rodata starts from paddr=0x00025000, size=0x1c, will be mapped to vaddr=0x3f000000
00:22:17.915 > V (70) bootloader_flash: after mapping, starting from paddr=0x00020000 and vaddr=0x3f000000, 0x10000 bytes are mapped
00:22:17.915 > V (71) esp_image: loading segment header 2 at offset 0x2501c
00:22:17.915 > D (71) bootloader_flash: mmu set block paddr=0x00020000 (was 0xffffffff)
00:22:17.915 > V (72) esp_image: segment data length 0x2ed8 data starts 0x25024
00:22:17.915 > V (73) esp_image: MMU page size 0x10000
00:22:17.915 > V (73) esp_image: segment 2 map_segment 0 segment_data_offs 0x25024 load_addr 0x3ffc5ad0
00:22:17.915 > I (74) esp_image: segment 2: paddr=00025024 vaddr=3ffc5ad0 size=02ed8h ( 11992) load
00:22:17.915 > D (75) esp_image: free data page_count 0x00000038
00:22:17.915 > D (75) bootloader_flash: rodata starts from paddr=0x00025024, size=0x2ed8, will be mapped to vaddr=0x3f000000
00:22:17.915 > V (75) bootloader_flash: after mapping, starting from paddr=0x00020000 and vaddr=0x3f000000, 0x100[37m00 bytes are mapped
00:22:17.915 > V (78) esp_image: loading segment header 3 at offset 0x27efc
00:22:17.915 > D (78) bootloader_flash: mmu set block paddr=0x00020000 (was 0xffffffff)
00:22:17.915 > V (79) esp_image: segment data length 0x8114 data starts 0x27f04
00:22:17.915 > V (81) esp_image: MMU page size 0x10000
00:22:17.915 > V (81) esp_image: segment 3 map_segment 0 segment_data_offs 0x27f04 load_addr 0x40024000
00:22:17.915 > I (81) esp_image: segment 3: paddr=00027f04 vaddr=40024000 size=08114h ( 33044) load
00:22:17.915 > D (81) esp_image: free data page_count 0x00000038
00:22:17.915 > D (81) bootloader_flash: rodata starts from paddr=0x00027f04, size=0x8114, will be mapped to vaddr=0x3f000000
00:22:17.915 > V (81) bootloader_flash: after mapping, starting from paddr=0x00020000 and vaddr=0x3f000000, 0x20000 bytes are mapped
00:22:17.915 > V (90) esp_image: loading segment header 4 at offset 0x30018
00:22:17.915 > D (90) bootloader_flash: mmu set block paddr=0x00030000 (was 0xffffffff)
00:22:17.915 > V (91) esp_image: segment data length 0x3f804 data starts 0x30020
00:22:17.915 > V (92) esp_image: MMU page size 0x10000
00:22:17.915 > V (92) esp_image: segment 4 map_segment 1 segment_data_[37moffs 0x30020 load_addr 0x40080020
00:22:17.915 > I (94) esp_image: segment 4: paddr=00030020 vaddr=40080020 size=3f804h (260100) map
00:22:17.915 > D (94) esp_image: free data page_count 0x00000038
00:22:17.915 > D (94) bootloader_flash: rodata starts from paddr=0x00030020, size=0x3f804, will be mapped to vaddr=0x3f000000
00:22:17.915 > V (94) bootloader_flash: after mapping, starting from paddr=0x00030000 and vaddr=0x3f000000, 0x40000 bytes are mapped
00:22:17.915 > V (145) esp_image: loading segment header 5 at offset 0x6f824
00:22:17.915 > D (146) bootloader_flash: mmu set block paddr=0x00060000 (was 0xffffffff)
00:22:17.915 > V (147) esp_image: segment data length 0x99b8 data starts 0x6f82c
00:22:17.915 > V (148) esp_image: MMU page size 0x10000
00:22:17.915 > V (148) esp_image: segment 5 map_segment 0 segment_data_offs 0x6f82c load_addr 0x4002c114
00:22:17.915 > I (148) esp_image: segment 5: paddr=0006f82c vaddr=4002c114 size=099b8h ( 39352) load
00:22:17.915 > D (148) esp_image: free data page_count 0x00000038
00:22:17.915 > D (149) bootloader_flash: rodata starts from paddr=0x0006f82c, size=0x99b8, will be mapped to vaddr=0x3f000000
00:22:17.915 > V (149) bootloader_flash: aft[37mer mapping, starting from paddr=0x00060000 and vaddr=0x3f000000, 0x20000 bytes are mapped
00:22:17.915 > V (159) esp_image: image start 0x00010000 end of last section 0x000791e4
00:22:17.915 > D (160) bootloader_flash: mmu set block paddr=0x00070000 (was 0xffffffff)
00:22:17.915 > I (170) boot: Loaded app from partition at offset 0x10000
00:22:17.915 > I (170) boot: Disabling RNG early entropy source...
00:22:17.915 > D (170) boot: Mapping segment 0 as DROM
00:22:17.915 > D (170) boot: Mapping segment 4 as IROM
00:22:17.915 > D (170) boot: calling set_cache_and_start_app
00:22:17.915 > D (170) boot: configure drom and irom and start
00:22:17.915 > V (170) boot: rodata starts from paddr=0x00010020, vaddr=0x3f000020, size=0x14fd8
00:22:17.915 > V (171) boot: after mapping rodata, starting from paddr=0x00010000 and vaddr=0x3f000000, 0x20000 bytes are mapped
00:22:17.915 > V (172) boot: mapped one page of the rodata, from paddr=0x00010000 and vaddr=0x3f3f0000, 0x10000 bytes are mapped
00:22:17.915 > V (172) boot: text starts from paddr=0x00030020, vaddr=0x40080020, size=0x3f804
00:22:17.915 > V (173) boot: after mapping text, starting from paddr=0x00030000 and vaddr=0x40080000, 0x40000 b[37mytes are mapped
00:22:17.915 > D (173) boot: start: 0x40026a3c
00:22:17.915 > I (195) main_task: Started on CPU0
