00:53:29.343 > [37mI[37m (32) boot: ESP-IDF 5.4.0 2nd stage bootloader
00:53:29.344 > I (32) boot: compile time Jul  3 2025 00:41:34
00:53:29.344 > D (32) bootloader_flash: XMC chip detected by RDID (00204016), s[37mk[37mip.
00:53:29.345 > [37mD (34) bootloader_flash: mmu set block paddr=0x00000000 (was 0xf[37mf[37mffffff)
00:53:29.346 > I (35) boot: chip revision: v0.0
00:53:29.346 > I (35) boot: efuse block revision: v0.2
00:53:29.346 > D (35) boot.esp32s2: magic e9
00:53:29.346 > D (35) boot.esp32s2: segments 04
00:53:29.346 > [37mD (35) boot.esp32s2: spi_mode 02
00:53:29.347 > [37mD[37m (35) boot.esp32s2: spi_speed 0f
00:53:29.347 > D (36) boot.esp32s2: spi_size 02
00:53:29.347 > I (36) boot.esp32s2: SPI Speed      : 80MHz
00:53:29.347 > I (36) boot.esp32s2: SPI Mode       : DIO
00:53:29.347 > I (36) boot.esp32s2: SPI Flash Size : 4MB
00:53:29.347 > [37mD (37) boot: Enabling RTCWDT(9000 ms)
00:53:29.348 > [37mI[37m (37) boot: Enabling RNG early entropy source...
00:53:29.348 > [37mD[37m (37) bootloader_flash: rodata starts from paddr=0x00008000, si[37mze=0xc00, will be mapped to vaddr=0x3f000000
00:53:29.348 > [37mV[37m (37) bootloader_flash: after mapping, starting from paddr=0x00[37m0[37m00000 and vaddr=0x3f000000, 0x10000 bytes are mapped
00:53:29.349 > D (38) boot: mapped partition table 0x8000 at 0x3f008000
00:53:29.349 > D (38) flash_parts: partition table verified, 5 entries
00:53:29.349 > I (39) boot: Partition Table:
00:53:29.350 > [37mI (39) boot: ## Label            Usage          Type ST Offset  [37m [37mLength
00:53:29.351 > D (40) boot: load partition table entry 0x3f008000
00:53:29.351 > D (40) boot: type=1 subtype=2
00:53:29.351 > [37mI[37m (40) boot:  0 nvs              WiFi data        01 02 00009000[37m [37m00004000
00:53:29.352 > [37mD (41) boot: load partition table entry 0x3f008020
00:53:29.352 > D (41) boot: type=1 subtype=1
00:53:29.352 > [37mI[37m (41) boot:  1 phy_init         RF data          01 01 0000d000[37m [37m00001000
00:53:29.353 > [37mD (42) boot: load partition table entry 0x3f008040
00:53:29.353 > [37mD (43) boot: type=0 subtype=0
00:53:29.354 > [37mI[37m (43) boot:  2 factory          factory app      00 00 00010000[37m [37m00100000
00:53:29.355 > [37mD (44) boot: load partition table entry 0x3f008060
00:53:29.355 > [37mD (44) boot: type=1 subtype=83
00:53:29.355 > [37mI[37m (44) boot:  3 storage          Unknown data     01 83 00110000[37m [37m000f0000
00:53:29.356 > I (45) boot: End of partition table
00:53:29.356 > [37mD[37m (45) boot: Trying partition index -1 offs 0x10000 size 0x10000[37m0[37m
00:53:29.357 > [37mD[37m (46) esp_image: reading image header @ 0x10000
00:53:29.358 > [37mD[37m (47) bootloader_flash: mmu set block paddr=0x00010000 (was 0xf[37mf[37mffffff)
00:53:29.359 > [37mD[37m (48) esp_image: image header: 0xe9 0x06 0x02 0x02 40026a3c
00:53:29.359 > [37mV[37m (48) esp_image: loading segment header 0 at offset 0x10018
00:53:29.359 > [37mV (48) esp_image: segment data length 0x14e10 data starts 0x1002[37m0[37m
00:53:29.360 > V (49) esp_image: MMU page size 0x10000
00:53:29.360 > [37mV (49) esp_image: segment 0 map_segment 1 segment_data_offs 0x10020 load_addr 0x3f000020
00:53:29.360 > [37mI[37m (49) esp_image: segment 0: paddr=00010020 vaddr=3f000020 size=14e10h ( 85520) map
00:53:29.361 > D (50) esp_image: free data page_count 0x00000038
00:53:29.361 > [37mD (50) bootloader_flash: rodata starts from paddr=0x00010020, si[37mze=0x14e10, will be mapped to vaddr=0x3f000000
00:53:29.361 > [37mV[37m (50) bootloader_flash: after mapping, starting from paddr=0x00010000 and vaddr=0x3f000000, 0x20000 bytes are mapped
00:53:29.378 > [37mV[37m (67) esp_image: loading segment header 1 at offset 0x24e30
00:53:29.378 > D (67) bootloader_flash: mmu set block paddr=0x00020000 (was 0xf[37mf[37mffffff)
00:53:29.379 > [37mV[37m (68) esp_image: segment data length 0x1c data starts 0x24e38
00:53:29.380 > [37mV (69) esp_image: MMU page size 0x10000
00:53:29.380 > [37mV[37m (69) esp_image: segment 1 map_segment 0 segment_data_offs 0x24e38 load_addr 0x3ff9e010
00:53:29.380 > [37mI[37m (69) esp_image: segment 1: paddr=00024e38 vaddr=3ff9e010 size=[37m0[37m001ch (    28) load
00:53:29.381 > D (70) esp_image: free data page_count 0x00000038
00:53:29.381 > [37mD[37m (70) bootloader_flash: rodata starts from paddr=0x00024e38, si[37mz[37me=0x1c, will be mapped to vaddr=0x3f000000
00:53:29.381 > [37mV[37m (70) bootloader_flash: after mapping, starting from paddr=0x00[37m0[37m20000 and vaddr=0x3f000000, 0x10000 bytes are mapped
00:53:29.382 > [37mV[37m (71) esp_image: loading segment header 2 at offset 0x24e54
00:53:29.382 > [37mD[37m (71) bootloader_flash: mmu set block paddr=0x00020000 (was 0xf[37mf[37mffffff)
00:53:29.383 > [37mV[37m (72) esp_image: segment data length 0x2ed8 data starts 0x24e5c[37m[37m
00:53:29.384 > V (73) esp_image: MMU page size 0x10000
00:53:29.384 > [37mV[37m (73) esp_image: segment 2 map_segment 0 segment_data_offs 0x24e5c load_addr 0x3ffc5ad0
00:53:29.384 > [37mI[37m (73) esp_image: segment 2: paddr=00024e5c vaddr=3ffc5ad0 size=02ed8h ( 11992) load
00:53:29.385 > [37mD[37m (74) esp_image: free data page_count 0x00000038
00:53:29.385 > [37mD[37m (74) bootloader_flash: rodata starts from paddr=0x00024e5c, si[37mze=0x2ed8, will be mapped to vaddr=0x3f000000
00:53:29.385 > [37mV[37m (74) bootloader_flash: after mapping, starting from paddr=0x00[37m0[37m20000 and vaddr=0x3f000000, 0x10000 bytes are mapped
00:53:29.388 > [37mV[37m (77) esp_image: loading segment header 3 at offset 0x27d34
00:53:29.388 > [37mD (77) bootloader_flash: mmu set block paddr=0x00020000 (was 0xf[37mf[37mffffff)
00:53:29.407 > V (78) esp_image: segment data length 0x82dc data starts 0x27d3c
00:53:29.407 > V (79) esp_image: MMU page size 0x10000
00:53:29.407 > V (80) esp_image: segment 3 map_segment 0 segment_data_offs 0x27d3c load_addr 0x40024000
00:53:29.407 > I (80) esp_image: segment 3: paddr=00027d3c vaddr=40024000 size=082dch ( 33500) load
00:53:29.407 > D (80) esp_image: free data page_count 0x00000038
00:53:29.407 > D (80) bootloader_flash: rodata starts from paddr=0x00027d3c, size=0x82dc, will be mapped to vaddr=0x3f000000
00:53:29.407 > V (80) bootloader_flash: after mapping, starting from paddr=0x00020000 and vaddr=0x3f000000, 0x20000 bytes are mapped
00:53:29.407 > V (89) esp_image: loading segment header 4 at offset 0x30018
00:53:29.407 > D (89) bootloader_flash: mmu set block paddr=0x00030000 (was 0xffffffff)
00:53:29.407 > V (90) esp_image: segment data length 0x3fe60 data starts 0x30020
00:53:29.407 > V (91) esp_image: MMU page size 0x10000
00:53:29.407 > V (91) esp_image: segment 4 map_segment 1 segment_data_offs 0x30020 load_addr 0x40080020
00:53:29.407 > I (92) esp_image: segment 4: paddr=00030020 vaddr=40080020 size=3fe60h (261728) map
00:53:29.407 > D (92) esp_image: free data [37mpage_count 0x00000038
00:53:29.407 > D (92) bootloader_flash: rodata starts from paddr=0x00030020, size=0x3fe60, will be mapped to vaddr=0x3f000000
00:53:29.407 > V (92) bootloader_flash: after mapping, starting from paddr=0x00030000 and vaddr=0x3f000000, 0x40000 bytes are mapped
00:53:29.455 > [37mV[37m (144) esp_image: loading segment header 5 at offset 0x6fe80
00:53:29.455 > D (144) bootloader_flash: mmu set block paddr=0x00060000 (was 0x[37mf[37mfffffff)
00:53:29.456 > V (145) esp_image: segment data length 0x97f0 data starts 0x6fe8[37m8[37m
00:53:29.457 > [37mV (146) esp_image: MMU page size 0x10000
00:53:29.457 > [37mV[37m (146) esp_image: segment 5 map_segment 0 segment_data_offs 0x6fe88 load_addr 0x4002c2dc
00:53:29.458 > [37mI[37m (147) esp_image: segment 5: paddr=0006fe88 vaddr=4002c2dc size=097f0h ( 38896) load
00:53:29.458 > [37mD[37m (147) esp_image: free data page_count 0x00000038
00:53:29.458 > [37mD[37m (147) bootloader_flash: rodata starts from paddr=0x0006fe88, s[37mi[37mze=0x97f0, will be mapped to vaddr=0x3f000000
00:53:29.459 > [37mV[37m (147) bootloader_flash: after mapping, starting from paddr=0x0[37m0060000 and vaddr=0x3f000000, 0x20000 bytes are mapped
00:53:29.469 > [37mV[37m (158) esp_image: image start 0x00010000 end of last section 0x[37m0[37m0079678
00:53:29.470 > [37mD[37m (159) bootloader_flash: mmu set block paddr=0x00070000 (was 0x[37mf[37mfffffff)
00:53:29.480 > [37mI[37m (169) boot: Loaded app from partition at offset 0x10000
00:53:29.480 > I (169) boot: Disabling RNG early entropy source...
00:53:29.481 > [37mD[37m (169) boot: Mapping segment 0 as DROM
00:53:29.481 > D (170) boot: Mapping segment 4 as IROM
00:53:29.481 > [37mD[37m (170) boot: calling set_cache_and_start_app
00:53:29.481 > [37mD (170) boot: configure drom and irom and start
00:53:29.482 > [37mV[37m (171) boot: rodata starts from paddr=0x00010020, vaddr=0x3f000[37m0[37m20, size=0x14e10
00:53:29.483 > [37mV[37m (172) boot: after mapping rodata, starting from paddr=0x000100[37m0[37m0 and vaddr=0x3f000000, 0x20000 bytes are mapped
00:53:29.483 > [37mV[37m (172) boot: mapped one page of the rodata, from paddr=0x000100[37m00 and vaddr=0x3f3f0000, 0x10000 bytes are mapped
00:53:29.483 > [37mV[37m (172) boot: text starts from paddr=0x00030020, vaddr=0x4008002[37m0[37m, size=0x3fe60
00:53:29.484 > [37mV[37m (173) boot: after mapping text, starting from paddr=0x00030000 and vaddr=0x40080000, 0x40000 bytes are mapped
00:53:29.485 > [37mD[37m (174) boot: start: 0x40026a3c
00:53:29.507 > [37mI[37m (196) main_task: Started on CPU0
00:53:29.508 > [37mI[37m (196) main_task: Calling app_main()
00:53:29.508 > [37m\[37m033[1;32m[INFO][MAIN][13ms] START[0m
00:53:29.508 > [37m\[37m033[1;32m[INFO][DATA][14ms] START[0m
00:53:29.508 > [37m\[37m033[1;32m[INFO][SDCard][14ms] Init SD Card.[0m
00:53:29.509 > [37m\[37m033[1;31m[ERROR][SD CARD][14ms] Using SPI peripheral[0m
00:53:29.509 > [37mI[37m (196) SD CARD: Mounting filesystem
00:53:29.511 > [37mI[37m (196) gpio: GPIO[5]| InputEn: 0| OutputEn: 1| OpenDrain: 0| Pu[37ml[37mlup: 0| Pulldown: 0| Intr:0 
00:53:29.518 > [37mI[37m (206) sdspi_transaction: cmd=52, R1 response: command not supp[37mo[37mrted
00:53:29.568 > [37mI[37m (256) sdspi_transaction: cmd=5, R1 response: command not suppo[37mr[37mted
00:53:29.619 > [37mE[37m (306) vfs_fat_sdmmc: mount_to_vfs failed (0x101).
00:53:29.620 > [37mI[37m (306) gpio: GPIO[5]| InputEn: 1| OutputEn: 0| OpenDrain: 0| Pu[37ml[37mlup: 0| Pulldown: 0| Intr:0 
00:53:39.726 > [37m\[37m033[1;32m[INFO][SETUP][10232ms] [USER] > Select log level:[0m[37m
00:53:39.736 > [37m\[37m033[1;32m[INFO][SETUP][10242ms]   I - ERROR and INFO logs[0m
00:53:39.736 > [37m\[37m033[1;32m[INFO][SETUP][10242ms]   D - ERROR, INFO, and DEBUG lo[37mg[37ms[0m
00:53:39.746 > [37mGuru Meditation Error: Core  0 panic'ed (LoadProhibited). Except[37mi[37mon was unhandled.
00:53:39.748 > [37m[37m
00:53:39.748 > Core  0 register dump:
00:53:39.748 > [37mPC      : 0x4008f309  PS      : 0x00060030  A0      : 0x80087efd[37m [37m A1      : 0x3ffcdff0  
00:53:39.749 > A2      : 0x3ffc89b8  A3      : 0x00000000  A4      : 0x40096a54[37m [37m A5      : 0x00000000  
00:53:39.750 > A6      : 0x3ffc9380  A7      : 0x3ffcddcc  A8      : 0x00000000[37m [37m A9      : 0x3ffcdb50  
00:53:39.751 > A10     : 0x3ffcdba0  A11     : 0x00000004  A12     : 0x00000005[37m [37m A13     : 0x00000080  
00:53:39.752 > A14     : 0x3f001cfc  A15     : 0x3ffcba3c  SAR     : 0x0000001f[37m [37m EXCCAUSE: 0x0000001c  
00:53:39.754 > EXCVADDR: 0x00000010  LBEG    : 0x00000005  LEND    : 0x00000080[37m [37m LCOUNT  : 0x4002a7e8  
00:53:39.756 > [37m[37m
00:53:39.757 > [37m[37m
00:53:39.757 > [37mBacktrace: 0x4008f306:0x3ffcdff0 0x40087efa:0x3ffce010 0x400880a[37m3[37m:0x3ffce030 0x400884bb:0x3ffce050 0x400884ac:0x3ffce070 0x40088fe1:0x3ffce090 0x400892ff:0x3ffce0b0 0x400882cb:0x3ffce0e0 0x4008aaa4:0x3ffce100 0x400bf817:0x3ffce120 0x4002d279:0x3ffce150
00:53:39.759 > [37m[37m
00:53:39.760 > [37m[37m
00:53:39.761 > [37m[37m
00:53:39.762 > [37m[37m
00:53:39.762 > ELF file SHA256: 5aa813b03
00:53:39.763 > [37m[37m
00:53:39.763 > Rebooting...
00:53:39.796 > [37mI[37m (32) boot: ESP-IDF 5.4.0 2nd stage bootloader
00:53:39.796 > I (32) boot: compile time Jul  3 2025 00:41:34
00:53:39.796 > [37mD[37m (32) bootloader_flash: XMC chip detected by RDID (00204016), s[37mk[37mip.
00:53:39.797 > [37mD[37m (34) bootloader_flash: mmu set block paddr=0x00000000 (was 0xf[37mf[37mffffff)
00:53:39.798 > [37mI[37m (35) boot: chip revision: v0.0
00:53:39.798 > [37mI[37m (35) boot: efuse block revision: v0.2
00:53:39.799 > [37mD (35) boot.esp32s2: magic e9
00:53:39.799 > [37mD[37m (35) boot.esp32s2: segments 04
00:53:39.799 > [37mD[37m (35) boot.esp32s2: spi_mode 02
00:53:39.799 > D (35) boot.esp32s2: spi_speed 0f
00:53:39.799 > [37mD[37m (35) boot.esp32s2: spi_size 02
00:53:39.799 > [37mI[37m (35) boot.esp32s2: SPI Speed      : 80MHz
00:53:39.799 > [37mI[37m (35) boot.esp32s2: SPI Mode       : DIO
00:53:39.799 > [37mI (35) boot.esp32s2: SPI Flash Size : 4MB
00:53:39.799 > [37mD[37m (36) boot: Enabling RTCWDT(9000 ms)
00:53:39.799 > [37mI[37m (36) boot: Enabling RNG early entropy source...
00:53:39.799 > [37mD[37m (36) bootloader_flash: rodata starts from paddr=0x00008000, si[37mz[37me=0xc00, will be mapped to vaddr=0x3f000000
00:53:39.800 > [37mV[37m (36) bootloader_flash: after mapping, starting from paddr=0x00[37m0[37m00000 and vaddr=0x3f000000, 0x10000 bytes are mapped
00:53:39.800 > [37mD[37m (36) boot: mapped partition table 0x8000 at 0x3f008000
00:53:39.800 > [37mD[37m (36) flash_parts: partition table verified, 5 entries
00:53:39.800 > I (37) boot: Partition Table:
00:53:39.800 > [37mI[37m (37) boot: ## Label            Usage          Type ST Offset  [37m [37mLength
00:53:39.801 > [37mD[37m (38) boot: load partition table entry 0x3f008000
00:53:39.801 > D (38) boot: type=1 subtype=2
00:53:39.802 > [37mI[37m (38) boot:  0 nvs              WiFi data        01 02 00009000[37m [37m00004000
00:53:39.803 > [37mD[37m (39) boot: load partition table entry 0x3f008020
00:53:39.803 > [37mD[37m (39) boot: type=1 subtype=1
00:53:39.803 > [37mI[37m (39) boot:  1 phy_init         RF data          01 01 0000d000[37m [37m00001000
00:53:39.804 > [37mD[37m (40) boot: load partition table entry 0x3f008040
00:53:39.804 > [37mD (41) boot: type=0 subtype=0
00:53:39.804 > [37mI[37m (41) boot:  2 factory          factory app      00 00 00010000[37m [37m00100000
00:53:39.805 > [37mD[37m (42) boot: load partition table entry 0x3f008060
00:53:39.805 > D (42) boot: type=1 subtype=83
00:53:39.806 > [37mI[37m (42) boot:  3 storage          Unknown data     01 83 00110000[37m [37m000f0000
00:53:39.807 > [37mI[37m (43) boot: End of partition table
00:53:39.807 > [37mD[37m (43) boot: Trying partition index -1 offs 0x10000 size 0x10000[37m0[37m
00:53:39.808 > [37mD[37m (44) esp_image: reading image header @ 0x10000
00:53:39.808 > [37mD[37m (45) bootloader_flash: mmu set block paddr=0x00010000 (was 0xf[37mf[37mffffff)
00:53:39.809 > [37mD[37m (46) esp_image: image header: 0xe9 0x06 0x02 0x02 40026a3c
00:53:39.810 > [37mV[37m (46) esp_image: loading segment header 0 at offset 0x10018
00:53:39.810 > [37mV[37m (46) esp_image: segment data length 0x14e10 data starts 0x1002[37m0[37m
00:53:39.811 > [37mV[37m (47) esp_image: MMU page size 0x10000
00:53:39.811 > [37mV[37m (47) esp_image: segment 0 map_segment 1 segment_data_offs 0x10[37m020 load_addr 0x3f000020
00:53:39.811 > [37mI[37m (47) esp_image: segment 0: paddr=00010020 vaddr=3f000020 size=14e10h ( 85520) map
00:53:39.811 > [37mD[37m (48) esp_image: free data page_count 0x00000038
00:53:39.811 > [37mD[37m (48) bootloader_flash: rodata starts from paddr=0x00010020, size=0x14e10, will be mapped to vaddr=0x3f000000
00:53:39.812 > [37mV[37m (48) bootloader_flash: after mapping, starting from paddr=0x00[37m0[37m10000 and vaddr=0x3f000000, 0x20000 bytes are mapped
00:53:39.830 > [37mV[37m (66) esp_image: loading segment header 1 at offset 0x24e30
00:53:39.830 > D (66) bootloader_flash: mmu set block paddr=0x00020000 (was 0xf[37mf[37mffffff)
00:53:39.831 > [37mV[37m (67) esp_image: segment data length 0x1c data starts 0x24e38
00:53:39.831 > [37mV[37m (68) esp_image: MMU page size 0x10000
00:53:39.831 > [37mV[37m (68) esp_image: segment 1 map_segment 0 segment_data_offs 0x24e38 load_addr 0x3ff9e010
00:53:39.832 > [37mI[37m (68) esp_image: segment 1: paddr=00024e38 vaddr=3ff9e010 size=[37m0[37m001ch (    28) load
00:53:39.833 > [37mD[37m (69) esp_image: free data page_count 0x00000038
00:53:39.833 > [37mD[37m (69) bootloader_flash: rodata starts from paddr=0x00024e38, si[37mz[37me=0x1c, will be mapped to vaddr=0x3f000000
00:53:39.833 > [37mV[37m (69) bootloader_flash: after mapping, starting from paddr=0x00[37m0[37m20000 and vaddr=0x3f000000, 0x10000 bytes are mapped
00:53:39.833 > [37mV[37m (70) esp_image: loading segment header 2 at offset 0x24e54
00:53:39.833 > [37mD[37m (70) bootloader_flash: mmu set block paddr=0x00020000 (was 0xf[37mf[37mffffff)
00:53:39.835 > [37mV[37m (71) esp_image: segment data length 0x2ed8 data starts 0x24e5c[37m[37m
00:53:39.836 > [37mV[37m (72) esp_image: MMU page size 0x10000
00:53:39.836 > [37mV[37m (72) esp_image: segment 2 map_segment 0 segment_data_offs 0x24e5c load_addr 0x3ffc5ad0
00:53:39.836 > [37mI[37m (72) esp_image: segment 2: paddr=00024e5c vaddr=3ffc5ad0 size=02ed8h ( 11992) load
00:53:39.836 > D (73) esp_image: free data page_count 0x00000038
00:53:39.836 > [37mD (73) bootloader_flash: rodata starts from paddr=0x00024e5c, si[37mz[37me=0x2ed8, will be mapped to vaddr=0x3f000000
00:53:39.837 > [37mV[37m (73) bootloader_flash: after mapping, starting from paddr=0x00[37m0[37m20000 and vaddr=0x3f000000, 0x10000 bytes are mapped
00:53:39.841 > [37mV[37m (77) esp_image: loading segment header 3 at offset 0x27d34
00:53:39.841 > [37mD (77) bootloader_flash: mmu set block paddr=0x00020000 (was 0xf[37mf[37mffffff)
00:53:39.842 > [37mV[37m (78) esp_image: segment data length 0x82dc data starts 0x27d3c[37m[37m
00:53:39.843 > [37mV[37m (79) esp_image: MMU page size 0x10000
00:53:39.843 > [37mV[37m (80) esp_image: segment 3 map_segment 0 segment_data_offs 0x27d3c load_addr 0x40024000
00:53:39.843 > [37mI[37m (80) esp_image: segment 3: paddr=00027d3c vaddr=40024000 size=082dch ( 33500) load
00:53:39.844 > [37mD[37m (80) esp_image: free data page_count 0x00000038
00:53:39.844 > [37mD[37m (80) bootloader_flash: rodata starts from paddr=0x00027d3c, si[37mz[37me=0x82dc, will be mapped to vaddr=0x3f000000
00:53:39.844 > [37mV[37m (80) bootloader_flash: after mapping, starting from paddr=0x00[37m0[37m20000 and vaddr=0x3f000000, 0x20000 bytes are mapped
00:53:39.853 > [37mV[37m (89) esp_image: loading segment header 4 at offset 0x30018
00:53:39.853 > D (89) bootloader_flash: mmu set block paddr=0x00030000 (was 0xf[37mf[37mffffff)
00:53:39.854 > [37mV[37m (90) esp_image: segment data length 0x3fe60 data starts 0x3002[37m0[37m
00:53:39.855 > [37mV[37m (91) esp_image: MMU page size 0x10000
00:53:39.855 > [37mV[37m (91) esp_image: segment 4 map_segment 1 segment_data_offs 0x30020 load_addr 0x40080020
00:53:39.855 > [37mI[37m (92) esp_image: segment 4: paddr=00030020 vaddr=40080020 size=3fe60h (261728) map
00:53:39.855 > [37mD[37m (92) esp_image: free data page_count 0x00000038
00:53:39.856 > [37mD[37m (92) bootloader_flash: rodata starts from paddr=0x00030020, si[37mz[37me=0x3fe60, will be mapped to vaddr=0x3f000000
00:53:39.857 > [37mV[37m (93) bootloader_flash: after mapping, starting from paddr=0x00[37m0[37m30000 and vaddr=0x3f000000, 0x40000 bytes are mapped
00:53:39.909 > [37mV[37m (145) esp_image: loading segment header 5 at offset 0x6fe80
00:53:39.909 > D (145) bootloader_flash: mmu set block paddr=0x00060000 (was 0x[37mf[37mfffffff)
00:53:39.910 > [37mV[37m (146) esp_image: segment data length 0x97f0 data starts 0x6fe8[37m8[37m
00:53:39.911 > [37mV (147) esp_image: MMU page size 0x10000
00:53:39.911 > [37mV[37m (147) esp_image: segment 5 map_segment 0 segment_data_offs 0x6fe88 load_addr 0x4002c2dc
00:53:39.911 > [37mI[37m (148) esp_image: segment 5: paddr=0006fe88 vaddr=4002c2dc size=097f0h ( 38896) load
00:53:39.911 > [37mD[37m (148) esp_image: free data page_count 0x00000038
00:53:39.912 > [37mD[37m (148) bootloader_flash: rodata starts from paddr=0x0006fe88, s[37mi[37mze=0x97f0, will be mapped to vaddr=0x3f000000
00:53:39.912 > [37mV[37m (148) bootloader_flash: after mapping, starting from paddr=0x0[37m0[37m060000 and vaddr=0x3f000000, 0x20000 bytes are mapped
00:53:39.922 > [37mV[37m (158) esp_image: image start 0x00010000 end of last section 0x[37m0[37m0079678
00:53:39.923 > [37mD[37m (159) bootloader_flash: mmu set block paddr=0x00070000 (was 0x[37mf[37mfffffff)
00:53:39.933 > [37mI[37m (169) boot: Loaded app from partition at offset 0x10000
00:53:39.933 > I (169) boot: Disabling RNG early entropy source...
00:53:39.933 > [37mD (169) boot: Mapping segment 0 as DROM
00:53:39.933 > D (169) boot: Mapping segment 4 as IROM
00:53:39.933 > [37mD[37m (169) boot: calling set_cache_and_start_app
00:53:39.933 > D (169) boot: configure drom and irom and start
00:53:39.933 > [37mV[37m (170) boot: rodata starts from paddr=0x00010020, vaddr=0x3f000[37m0[37m20, size=0x14e10
00:53:39.934 > V (171) boot: after mapping rodata, starting from paddr=0x000100[37m00 and vaddr=0x3f000000, 0x20000 bytes are mapped
00:53:39.935 > [37mV[37m (171) boot: mapped one page of the rodata, from paddr=0x000100[37m0[37m0 and vaddr=0x3f3f0000, 0x10000 bytes are mapped
00:53:39.936 > [37mV[37m (172) boot: text starts from paddr=0x00030020, vaddr=0x4008002[37m0[37m, size=0x3fe60
00:53:39.937 > [37mV[37m (173) boot: after mapping text, starting from paddr=0x00030000[37m [37mand vaddr=0x40080000, 0x40000 bytes are mapped
00:53:39.937 > [37mD[37m (174) boot: start: 0x40026a3c
00:53:39.960 > [37mI[37m (196) main_task: Started on CPU0
00:53:39.960 > [37mI[37m (196) main_task: Calling app_main()
00:53:39.961 > [37m\[37m033[1;32m[INFO][MAIN][13ms] START[0m
00:53:39.961 > [37m\[37m033[1;32m[INFO][DATA][14ms] START[0m
00:53:39.961 > [37m\[37m033[1;32m[INFO][SDCard][14ms] Init SD Card.[0m
00:53:39.961 > [37m\[37m033[1;31m[ERROR][SD CARD][14ms] Using SPI peripheral[0m
00:53:39.962 > [37mI[37m (196) SD CARD: Mounting filesystem
00:53:39.963 > [37mI[37m (196) gpio: GPIO[5]| InputEn: 0| OutputEn: 1| OpenDrain: 0| Pu[37ml[37mlup: 0| Pulldown: 0| Intr:0 
00:53:39.970 > [37mI[37m (206) sdspi_transaction: cmd=52, R1 response: command not supp[37mo[37mrted
00:53:40.021 > [37mI[37m (256) sdspi_transaction: cmd=5, R1 response: command not suppo[37mr[37mted
00:53:40.072 > [37mE[37m (306) vfs_fat_sdmmc: mount_to_vfs failed (0x101).
00:53:40.072 > [37mI[37m (306) gpio: GPIO[5]| InputEn: 1| OutputEn: 0| OpenDrain: 0| Pu[37ml[37mlup: 0| Pulldown: 0| Intr:0 
