01:00:24.806 > [37mI[37m (32) boot: ESP-IDF 5.4.0 2nd stage bootloader
01:00:24.806 > I (32) boot: compile time Jul  3 2025 00:41:34
01:00:24.806 > D (32) bootloader_flash: XMC chip detected by RDID (00204016), s[37mk[37mip.
01:00:24.807 > [37mD (34) bootloader_flash: mmu set block paddr=0x00000000 (was 0xf[37mf[37mffffff)
01:00:24.808 > I (35) boot: chip revision: v0.0
01:00:24.809 > [37mI (35) boot: efuse block revision: v0.2
01:00:24.809 > D (35) boot.esp32s2: magic e9
01:00:24.809 > [37mD (35) boot.esp32s2: segments 04
01:00:24.809 > [37mD (35) boot.esp32s2: spi_mode 02
01:00:24.810 > [37mD[37m (35) boot.esp32s2: spi_speed 0f
01:00:24.810 > D (36) boot.esp32s2: spi_size 02
01:00:24.810 > [37mI (36) boot.esp32s2: SPI Speed      : 80MHz
01:00:24.810 > I (36) boot.esp32s2: SPI Mode       : DIO
01:00:24.810 > I (36) boot.esp32s2: SPI Flash Size : 4MB
01:00:24.810 > [37mD (37) boot: Enabling RTCWDT(9000 ms)
01:00:24.810 > [37mI[37m (37) boot: Enabling RNG early entropy source...
01:00:24.811 > [37mD (37) bootloader_flash: rodata starts from paddr=0x00008000, si[37mze=0xc00, will be mapped to vaddr=0x3f000000
01:00:24.811 > [37mV[37m (37) bootloader_flash: after mapping, starting from paddr=0x00[37m0[37m00000 and vaddr=0x3f000000, 0x10000 bytes are mapped
01:00:24.812 > [37mD (38) boot: mapped partition table 0x8000 at 0x3f008000
01:00:24.812 > D (38) flash_parts: partition table verified, 5 entries
01:00:24.812 > I (39) boot: Partition Table:
01:00:24.812 > [37mI[37m (39) boot: ## Label            Usage          Type ST Offset  [37m [37mLength
01:00:24.814 > [37mD (40) boot: load partition table entry 0x3f008000
01:00:24.814 > D (40) boot: type=1 subtype=2
01:00:24.814 > [37mI (40) boot:  0 nvs              WiFi data        01 02 00009000[37m [37m00004000
01:00:24.815 > [37mD (41) boot: load partition table entry 0x3f008020
01:00:24.815 > D (41) boot: type=1 subtype=1
01:00:24.815 > [37mI[37m (41) boot:  1 phy_init         RF data          01 01 0000d000[37m [37m00001000
01:00:24.816 > [37mD (42) boot: load partition table entry 0x3f008040
01:00:24.816 > D (43) boot: type=0 subtype=0
01:00:24.816 > [37mI[37m (43) boot:  2 factory          factory app      00 00 00010000[37m [37m00100000
01:00:24.818 > D (44) boot: load partition table entry 0x3f008060
01:00:24.818 > D (44) boot: type=1 subtype=83
01:00:24.818 > [37mI[37m (44) boot:  3 storage          Unknown data     01 83 00110000[37m [37m000f0000
01:00:24.819 > I (45) boot: End of partition table
01:00:24.819 > [37mD (45) boot: Trying partition index -1 offs 0x10000 size 0x10000[37m0[37m
01:00:24.820 > [37mD (46) esp_image: reading image header @ 0x10000
01:00:24.820 > [37mD[37m (47) bootloader_flash: mmu set block paddr=0x00010000 (was 0xf[37mf[37mffffff)
01:00:24.821 > [37mD (48) esp_image: image header: 0xe9 0x06 0x02 0x02 40026a3c
01:00:24.822 > [37mV[37m (48) esp_image: loading segment header 0 at offset 0x10018
01:00:24.822 > [37mV (48) esp_image: segment data length 0x14e10 data starts 0x1002[37m0[37m
01:00:24.823 > V (49) esp_image: MMU page size 0x10000
01:00:24.823 > [37mV (49) esp_image: segment 0 map_segment 1 segment_data_offs 0x10020 load_addr 0x3f000020
01:00:24.823 > [37mI (49) esp_image: segment 0: paddr=00010020 vaddr=3f000020 size=14e10h ( 85520) map
01:00:24.823 > [37mD[37m (50) esp_image: free data page_count 0x00000038
01:00:24.823 > D (50) bootloader_flash: rodata starts from paddr=0x00010020, si[37mz[37me=0x14e10, will be mapped to vaddr=0x3f000000
01:00:24.824 > [37mV[37m (50) bootloader_flash: after mapping, starting from paddr=0x00[37m010000 and vaddr=0x3f000000, 0x20000 bytes are mapped
01:00:24.841 > [37mV[37m (67) esp_image: loading segment header 1 at offset 0x24e30
01:00:24.841 > D (67) bootloader_flash: mmu set block paddr=0x00020000 (was 0xf[37mf[37mffffff)
01:00:24.842 > [37mV[37m (68) esp_image: segment data length 0x1c data starts 0x24e38
01:00:24.842 > V (69) esp_image: MMU page size 0x10000
01:00:24.842 > [37mV[37m (69) esp_image: segment 1 map_segment 0 segment_data_offs 0x24e38 load_addr 0x3ff9e010
01:00:24.843 > [37mI (69) esp_image: segment 1: paddr=00024e38 vaddr=3ff9e010 size=[37m0[37m001ch (    28) load
01:00:24.844 > D (70) esp_image: free data page_count 0x00000038
01:00:24.844 > D (70) bootloader_flash: rodata starts from paddr=0x00024e38, si[37mze=0x1c, will be mapped to vaddr=0x3f000000
01:00:24.844 > [37mV (70) bootloader_flash: after mapping, starting from paddr=0x00[37m020000 and vaddr=0x3f000000, 0x10000 bytes are mapped
01:00:24.844 > [37mV[37m (71) esp_image: loading segment header 2 at offset 0x24e54
01:00:24.845 > [37mD[37m (71) bootloader_flash: mmu set block paddr=0x00020000 (was 0xf[37mf[37mffffff)
01:00:24.846 > [37mV[37m (72) esp_image: segment data length 0x2ed8 data starts 0x24e5c[37m[37m
01:00:24.847 > [37mV (73) esp_image: MMU page size 0x10000
01:00:24.847 > [37mV[37m (73) esp_image: segment 2 map_segment 0 segment_data_offs 0x24e5c load_addr 0x3ffc5ad0
01:00:24.847 > [37mI[37m (73) esp_image: segment 2: paddr=00024e5c vaddr=3ffc5ad0 size=02ed8h ( 11992) load
01:00:24.847 > [37mD[37m (74) esp_image: free data page_count 0x00000038
01:00:24.847 > [37mD[37m (74) bootloader_flash: rodata starts from paddr=0x00024e5c, si[37mz[37me=0x2ed8, will be mapped to vaddr=0x3f000000
01:00:24.848 > [37mV[37m (74) bootloader_flash: after mapping, starting from paddr=0x00[37m0[37m20000 and vaddr=0x3f000000, 0x10000 bytes are mapped
01:00:24.851 > [37mV[37m (77) esp_image: loading segment header 3 at offset 0x27d34
01:00:24.851 > [37mD[37m (77) bootloader_flash: mmu set block paddr=0x00020000 (was 0xf[37mf[37mffffff)
01:00:24.852 > [37mV[37m (78) esp_image: segment data length 0x82dc data starts 0x27d3c[37m[37m
01:00:24.853 > [37mV[37m (79) esp_image: MMU page size 0x10000
01:00:24.853 > [37mV[37m (80) esp_image: segment 3 map_segment 0 segment_data_offs 0x27d3c load_addr 0x40024000
01:00:24.853 > [37mI[37m (80) esp_image: segment 3: paddr=00027d3c vaddr=40024000 size=082dch ( 33500) load
01:00:24.854 > [37mD[37m (80) esp_image: free data page_count 0x00000038
01:00:24.854 > [37mD[37m (80) bootloader_flash: rodata starts from paddr=0x00027d3c, si[37mze=0x82dc, will be mapped to vaddr=0x3f000000
01:00:24.854 > [37mV[37m (80) bootloader_flash: after mapping, starting from paddr=0x00[37m0[37m20000 and vaddr=0x3f000000, 0x20000 bytes are mapped
01:00:24.863 > [37mV[37m (89) esp_image: loading segment header 4 at offset 0x30018
01:00:24.863 > [37mD (89) bootloader_flash: mmu set block paddr=0x00030000 (was 0xf[37mf[37mffffff)
01:00:24.864 > [37mV[37m (90) esp_image: segment data length 0x3fe6c data starts 0x3002[37m0[37m
01:00:24.865 > [37mV[37m (91) esp_image: MMU page size 0x10000
01:00:24.865 > [37mV[37m (91) esp_image: segment 4 map_segment 1 segment_data_offs 0x30020 load_addr 0x40080020
01:00:24.865 > [37mI[37m (92) esp_image: segment 4: paddr=00030020 vaddr=40080020 size=3fe6ch (261740) map
01:00:24.866 > [37mD[37m (92) esp_image: free data page_count 0x00000038
01:00:24.866 > [37mD[37m (92) bootloader_flash: rodata starts from paddr=0x00030020, si[37mz[37me=0x3fe6c, will be mapped to vaddr=0x3f000000
01:00:24.866 > [37mV[37m (92) bootloader_flash: after mapping, starting from paddr=0x00[37m0[37m30000 and vaddr=0x3f000000, 0x40000 bytes are mapped
01:00:24.918 > [37mV[37m (144) esp_image: loading segment header 5 at offset 0x6fe8c
01:00:24.918 > D (144) bootloader_flash: mmu set block paddr=0x00060000 (was 0x[37mf[37mfffffff)
01:00:24.919 > [37mV (145) esp_image: segment data length 0x97f0 data starts 0x6fe9[37m4[37m
01:00:24.920 > [37mV (146) esp_image: MMU page size 0x10000
01:00:24.920 > [37mV[37m (146) esp_image: segment 5 map_segment 0 segment_data_offs 0x6fe94 load_addr 0x4002c2dc
01:00:24.920 > [37mI[37m (147) esp_image: segment 5: paddr=0006fe94 vaddr=4002c2dc size=097f0h ( 38896) load
01:00:24.920 > [37mD (147) esp_image: free data page_count 0x00000038
01:00:24.921 > [37mD[37m (147) bootloader_flash: rodata starts from paddr=0x0006fe94, s[37mi[37mze=0x97f0, will be mapped to vaddr=0x3f000000
01:00:24.921 > [37mV (147) bootloader_flash: after mapping, starting from paddr=0x0[37m0060000 and vaddr=0x3f000000, 0x20000 bytes are mapped
01:00:24.931 > [37mV[37m (157) esp_image: image start 0x00010000 end of last section 0x[37m0[37m0079684
01:00:24.932 > [37mD[37m (158) bootloader_flash: mmu set block paddr=0x00070000 (was 0x[37mf[37mfffffff)
01:00:24.942 > [37mI[37m (168) boot: Loaded app from partition at offset 0x10000
01:00:24.942 > [37mI (168) boot: Disabling RNG early entropy source...
01:00:24.942 > [37mD (168) boot: Mapping segment 0 as DROM
01:00:24.942 > [37mD[37m (168) boot: Mapping segment 4 as IROM
01:00:24.942 > [37mD[37m (168) boot: calling set_cache_and_start_app
01:00:24.942 > [37mD[37m (168) boot: configure drom and irom and start
01:00:24.942 > [37mV (169) boot: rodata starts from paddr=0x00010020, vaddr=0x3f000[37m0[37m20, size=0x14e10
01:00:24.943 > [37mV[37m (170) boot: after mapping rodata, starting from paddr=0x000100[37m0[37m0 and vaddr=0x3f000000, 0x20000 bytes are mapped
01:00:24.944 > [37mV[37m (170) boot: mapped one page of the rodata, from paddr=0x000100[37m0[37m0 and vaddr=0x3f3f0000, 0x10000 bytes are mapped
01:00:24.944 > [37mV[37m (170) boot: text starts from paddr=0x00030020, vaddr=0x4008002[37m0[37m, size=0x3fe6c
01:00:24.945 > [37mV[37m (171) boot: after mapping text, starting from paddr=0x00030000[37m [37mand vaddr=0x40080000, 0x40000 bytes are mapped
01:00:24.945 > [37mD[37m (172) boot: start: 0x40026a3c
01:00:24.968 > [37mI[37m (194) main_task: Started on CPU0
01:00:24.968 > [37mI[37m (194) main_task: Calling app_main()
01:00:24.969 > [37m\033[1;32m[INFO][MAIN][13ms] START[0m
01:00:24.969 > [37m\[37m033[1;32m[INFO][DATA][14ms] START[0m
01:00:24.969 > [37m\[37m033[1;32m[INFO][SDCard][14ms] Init SD Card.[0m
01:00:24.969 > [37m\[37m033[1;31m[ERROR][SD CARD][14ms] Using SPI peripheral[0m
01:00:24.970 > [37mI[37m (194) SD CARD: Mounting filesystem
01:00:24.971 > [37mI[37m (194) gpio: GPIO[5]| InputEn: 0| OutputEn: 1| OpenDrain: 0| Pu[37ml[37mlup: 0| Pulldown: 0| Intr:0 
01:00:24.978 > [37mI[37m (204) sdspi_transaction: cmd=52, R1 response: command not supp[37mo[37mrted
01:00:25.029 > [37mI[37m (254) sdspi_transaction: cmd=5, R1 response: command not suppo[37mr[37mted
01:00:25.118 > [37mN[37mame: SB16G
01:00:25.118 > Type: SDHC
01:00:25.119 > [37mS[37mpeed: 400.00 kHz (limit: 400.00 kHz)
01:00:25.119 > [37mSize: 15193MB
01:00:25.119 > [37mC[37mSD: ver=2, sector_size=512, capacity=31116288 read_bl_len=9
01:00:25.119 > [37mSSR: bus_width=1
01:00:25.120 > [37m\[37m033[1;31m[ERROR][DATA][164ms] Failed to mkdir: /indoor-localisa[37mt[37mion-data[0m
01:00:35.227 > [37m\[37m033[1;32m[INFO][SETUP][10272ms] [USER] > Select log level:[0m[37m
01:00:35.237 > [37m\033[1;32m[INFO][SETUP][10282ms]   I - ERROR and INFO logs[0m
01:00:35.237 > [37m\[37m033[1;32m[INFO][SETUP][10282ms]   D - ERROR, INFO, and DEBUG lo[37mg[37ms[0m
01:00:35.247 > Guru Meditation Error: Core  0 panic'ed (LoadProhibited). Except[37mi[37mon was unhandled.
01:00:35.249 > [37m[37m
01:00:35.249 > Core  0 register dump:
01:00:35.249 > [37mPC      : 0x4008f315  PS      : 0x00060030  A0      : 0x80087f09[37m [37m A1      : 0x3ffcdff0  
01:00:35.250 > [37mA2      : 0x3ffc89b8  A3      : 0x00000000  A4      : 0x40096a60[37m [37m A5      : 0x00000000  
01:00:35.251 > A6      : 0x3ffc9380  A7      : 0x3ffcddcc  A8      : 0x00000000[37m [37m A9      : 0x3ffcdb50  
01:00:35.252 > [37mA10     : 0x3ffcdba0  A11     : 0x00000004  A12     : 0x00000005[37m [37m A13     : 0x00000080  
01:00:35.253 > A14     : 0x3f001cfc  A15     : 0x3ffcba3c  SAR     : 0x0000001f[37m [37m EXCCAUSE: 0x0000001c  
01:00:35.254 > [37mEXCVADDR: 0x00000010  LBEG    : 0x00000005  LEND    : 0x00000080[37m [37m LCOUNT  : 0x4002a7e8  
01:00:35.256 > [37m[37m
01:00:35.257 > [37m[37m
01:00:35.257 > Backtrace: 0x4008f312:0x3ffcdff0 0x40087f06:0x3ffce010 0x400880a[37mf[37m:0x3ffce030 0x400884c7:0x3ffce050 0x400884b8:0x3ffce070 0x40088[37mf[37med:0x3ffce090 0x4008930b:0x3ffce0b0 0x400882d7:0x3ffce0e0 0x4008aab0:0x3ffce100 0x400bf823:0x3ffce120 0x4002d279:0x3ffce150
01:00:35.261 > [37m[37m
01:00:35.262 > [37m[37m
01:00:35.263 > [37m[37m
01:00:35.264 > [37m[37m
01:00:35.264 > ELF file SHA256: 3ceafed9f
01:00:35.265 > [37m[37m
01:00:35.265 > Rebooting...
01:00:35.298 > [37mI[37m (32) boot: ESP-IDF 5.4.0 2nd stage bootloader
01:00:35.298 > I (32) boot: compile time Jul  3 2025 00:41:34
01:00:35.298 > [37mD[37m (32) bootloader_flash: XMC chip detected by RDID (00204016), s[37mk[37mip.
01:00:35.299 > [37mD[37m (34) bootloader_flash: mmu set block paddr=0x00000000 (was 0xf[37mf[37mffffff)
01:00:35.300 > [37mI[37m (35) boot: chip revision: v0.0
01:00:35.300 > [37mI[37m (35) boot: efuse block revision: v0.2
01:00:35.300 > [37mD[37m (35) boot.esp32s2: magic e9
01:00:35.300 > [37mD[37m (35) boot.esp32s2: segments 04
01:00:35.300 > [37mD[37m (35) boot.esp32s2: spi_mode 02
01:00:35.302 > [37mD[37m (35) boot.esp32s2: spi_speed 0f
01:00:35.302 > D (36) boot.esp32s2: spi_size 02
01:00:35.302 > [37mI (36) boot.esp32s2: SPI Speed      : 80MHz
01:00:35.302 > [37mI (36) boot.esp32s2: SPI Mode       : DIO
01:00:35.302 > [37mI (36) boot.esp32s2: SPI Flash Size : 4MB
01:00:35.302 > [37mD[37m (37) boot: Enabling RTCWDT(9000 ms)
01:00:35.302 > [37mI (37) boot: Enabling RNG early entropy source...
01:00:35.302 > [37mD[37m (37) bootloader_flash: rodata starts from paddr=0x00008000, si[37mze=0xc00, will be mapped to vaddr=0x3f000000
01:00:35.302 > [37mV[37m (37) bootloader_flash: after mapping, starting from paddr=0x00000000 and vaddr=0x3f000000, 0x10000 bytes are mapped
01:00:35.303 > [37mD[37m (37) boot: mapped partition table 0x8000 at 0x3f008000
01:00:35.303 > [37mD[37m (37) flash_parts: partition table verified, 5 entries
01:00:35.303 > I (38) boot: Partition Table:
01:00:35.303 > [37mI (38) boot: ## Label            Usage          Type ST Offset  [37m [37mLength
01:00:35.304 > [37mD (39) boot: load partition table entry 0x3f008000
01:00:35.304 > [37mD[37m (39) boot: type=1 subtype=2
01:00:35.304 > [37mI[37m (39) boot:  0 nvs              WiFi data        01 02 00009000[37m [37m00004000
01:00:35.306 > [37mD (40) boot: load partition table entry 0x3f008020
01:00:35.306 > [37mD (40) boot: type=1 subtype=1
01:00:35.306 > [37mI[37m (40) boot:  1 phy_init         RF data          01 01 0000d000[37m [37m00001000
01:00:35.307 > D (41) boot: load partition table entry 0x3f008040
01:00:35.307 > [37mD (42) boot: type=0 subtype=0
01:00:35.307 > [37mI[37m (42) boot:  2 factory          factory app      00 00 00010000[37m [37m00100000
01:00:35.308 > [37mD (43) boot: load partition table entry 0x3f008060
01:00:35.308 > [37mD (43) boot: type=1 subtype=83
01:00:35.308 > [37mI[37m (43) boot:  3 storage          Unknown data     01 83 00110000[37m [37m000f0000
01:00:35.310 > [37mI[37m (44) boot: End of partition table
01:00:35.310 > [37mD[37m (44) boot: Trying partition index -1 offs 0x10000 size 0x10000[37m0[37m
01:00:35.311 > D (45) esp_image: reading image header @ 0x10000
01:00:35.311 > [37mD[37m (46) bootloader_flash: mmu set block paddr=0x00010000 (was 0xf[37mf[37mffffff)
01:00:35.312 > [37mD[37m (47) esp_image: image header: 0xe9 0x06 0x02 0x02 40026a3c
01:00:35.312 > [37mV[37m (47) esp_image: loading segment header 0 at offset 0x10018
01:00:35.312 > [37mV[37m (47) esp_image: segment data length 0x14e10 data starts 0x1002[37m0[37m
01:00:35.314 > [37mV (48) esp_image: MMU page size 0x10000
01:00:35.314 > [37mV[37m (48) esp_image: segment 0 map_segment 1 segment_data_offs 0x10[37m020 load_addr 0x3f000020
01:00:35.314 > [37mI[37m (48) esp_image: segment 0: paddr=00010020 vaddr=3f000020 size=14e10h ( 85520) map
01:00:35.314 > [37mD[37m (49) esp_image: free data page_count 0x00000038
01:00:35.314 > [37mD[37m (49) bootloader_flash: rodata starts from paddr=0x00010020, si[37mz[37me=0x14e10, will be mapped to vaddr=0x3f000000
01:00:35.314 > [37mV[37m (49) bootloader_flash: after mapping, starting from paddr=0x00[37m0[37m10000 and vaddr=0x3f000000, 0x20000 bytes are mapped
01:00:35.332 > [37mV[37m (66) esp_image: loading segment header 1 at offset 0x24e30
01:00:35.332 > D (66) bootloader_flash: mmu set block paddr=0x00020000 (was 0xf[37mf[37mffffff)
01:00:35.333 > [37mV[37m (67) esp_image: segment data length 0x1c data starts 0x24e38
01:00:35.333 > [37mV (68) esp_image: MMU page size 0x10000
01:00:35.333 > [37mV[37m (68) esp_image: segment 1 map_segment 0 segment_data_offs 0x24e38 load_addr 0x3ff9e010
01:00:35.333 > [37mI[37m (68) esp_image: segment 1: paddr=00024e38 vaddr=3ff9e010 size=[37m0[37m001ch (    28) load
01:00:35.334 > [37mD[37m (69) esp_image: free data page_count 0x00000038
01:00:35.335 > [37mD[37m (69) bootloader_flash: rodata starts from paddr=0x00024e38, si[37mz[37me=0x1c, will be mapped to vaddr=0x3f000000
01:00:35.335 > [37mV[37m (69) bootloader_flash: after mapping, starting from paddr=0x00[37m0[37m20000 and vaddr=0x3f000000, 0x10000 bytes are mapped
01:00:35.335 > [37mV[37m (70) esp_image: loading segment header 2 at offset 0x24e54
01:00:35.335 > [37mD[37m (70) bootloader_flash: mmu set block paddr=0x00020000 (was 0xf[37mf[37mffffff)
01:00:35.337 > [37mV[37m (71) esp_image: segment data length 0x2ed8 data starts 0x24e5c[37m[37m
01:00:35.338 > [37mV[37m (72) esp_image: MMU page size 0x10000
01:00:35.338 > [37mV[37m (72) esp_image: segment 2 map_segment 0 segment_data_offs 0x24e5c load_addr 0x3ffc5ad0
01:00:35.338 > [37mI[37m (72) esp_image: segment 2: paddr=00024e5c vaddr=3ffc5ad0 size=02ed8h ( 11992) load
01:00:35.338 > [37mD[37m (73) esp_image: free data page_count 0x00000038
01:00:35.338 > [37mD[37m (73) bootloader_flash: rodata starts from paddr=0x00024e5c, si[37mz[37me=0x2ed8, will be mapped to vaddr=0x3f000000
01:00:35.338 > [37mV[37m (73) bootloader_flash: after mapping, starting from paddr=0x00[37m0[37m20000 and vaddr=0x3f000000, 0x10000 bytes are mapped
01:00:35.343 > [37mV[37m (77) esp_image: loading segment header 3 at offset 0x27d34
01:00:35.343 > D (77) bootloader_flash: mmu set block paddr=0x00020000 (was 0xf[37mf[37mffffff)
01:00:35.344 > [37mV[37m (78) esp_image: segment data length 0x82dc data starts 0x27d3c[37m[37m
01:00:35.345 > [37mV[37m (79) esp_image: MMU page size 0x10000
01:00:35.345 > [37mV[37m (80) esp_image: segment 3 map_segment 0 segment_data_offs 0x27[37md3c load_addr 0x40024000
01:00:35.345 > [37mI[37m (80) esp_image: segment 3: paddr=00027d3c vaddr=40024000 size=082dch ( 33500) load
01:00:35.345 > [37mD[37m (80) esp_image: free data page_count 0x00000038
01:00:35.346 > [37mD[37m (80) bootloader_flash: rodata starts from paddr=0x00027d3c, si[37mz[37me=0x82dc, will be mapped to vaddr=0x3f000000
01:00:35.346 > [37mV[37m (80) bootloader_flash: after mapping, starting from paddr=0x00[37m0[37m20000 and vaddr=0x3f000000, 0x20000 bytes are mapped
01:00:35.354 > [37mV[37m (89) esp_image: loading segment header 4 at offset 0x30018
01:00:35.355 > [37mD[37m (89) bootloader_flash: mmu set block paddr=0x00030000 (was 0xf[37mf[37mffffff)
01:00:35.356 > [37mV[37m (90) esp_image: segment data length 0x3fe6c data starts 0x3002[37m0[37m
01:00:35.357 > [37mV[37m (91) esp_image: MMU page size 0x10000
01:00:35.357 > [37mV[37m (91) esp_image: segment 4 map_segment 1 segment_data_offs 0x30020 load_addr 0x40080020
01:00:35.357 > [37mI[37m (92) esp_image: segment 4: paddr=00030020 vaddr=40080020 size=3fe6ch (261740) map
01:00:35.357 > [37mD[37m (92) esp_image: free data page_count 0x00000038
01:00:35.357 > [37mD[37m (92) bootloader_flash: rodata starts from paddr=0x00030020, si[37mz[37me=0x3fe6c, will be mapped to vaddr=0x3f000000
01:00:35.358 > [37mV[37m (92) bootloader_flash: after mapping, starting from paddr=0x00[37m0[37m30000 and vaddr=0x3f000000, 0x40000 bytes are mapped
01:00:35.409 > [37mV[37m (144) esp_image: loading segment header 5 at offset 0x6fe8c
01:00:35.410 > D (144) bootloader_flash: mmu set block paddr=0x00060000 (was 0x[37mf[37mfffffff)
01:00:35.411 > [37mV (145) esp_image: segment data length 0x97f0 data starts 0x6fe9[37m4[37m
01:00:35.412 > [37mV (146) esp_image: MMU page size 0x10000
01:00:35.412 > [37mV (146) esp_image: segment 5 map_segment 0 segment_data_offs 0x6fe94 load_addr 0x4002c2dc
01:00:35.412 > [37mI[37m (147) esp_image: segment 5: paddr=0006fe94 vaddr=4002c2dc size=097f0h ( 38896) load
01:00:35.412 > [37mD (147) esp_image: free data page_count 0x00000038
01:00:35.412 > [37mD[37m (147) bootloader_flash: rodata starts from paddr=0x0006fe94, s[37mize=0x97f0, will be mapped to vaddr=0x3f000000
01:00:35.413 > [37mV[37m (147) bootloader_flash: after mapping, starting from paddr=0x0[37m0060000 and vaddr=0x3f000000, 0x20000 bytes are mapped
01:00:35.423 > [37mV[37m (157) esp_image: image start 0x00010000 end of last section 0x[37m0[37m0079684
01:00:35.424 > [37mD[37m (158) bootloader_flash: mmu set block paddr=0x00070000 (was 0x[37mf[37mfffffff)
01:00:35.433 > [37mI[37m (168) boot: Loaded app from partition at offset 0x10000
01:00:35.433 > [37mI[37m (168) boot: Disabling RNG early entropy source...
01:00:35.434 > [37mD[37m (168) boot: Mapping segment 0 as DROM
01:00:35.434 > [37mD[37m (168) boot: Mapping segment 4 as IROM
01:00:35.434 > [37mD[37m (168) boot: calling set_cache_and_start_app
01:00:35.434 > [37mD[37m (168) boot: configure drom and irom and start
01:00:35.434 > [37mV[37m (169) boot: rodata starts from paddr=0x00010020, vaddr=0x3f000[37m0[37m20, size=0x14e10
01:00:35.435 > [37mV[37m (170) boot: after mapping rodata, starting from paddr=0x000100[37m0[37m0 and vaddr=0x3f000000, 0x20000 bytes are mapped
01:00:35.436 > [37mV[37m (170) boot: mapped one page of the rodata, from paddr=0x000100[37m0[37m0 and vaddr=0x3f3f0000, 0x10000 bytes are mapped
01:00:35.437 > [37mV[37m (171) boot: text starts from paddr=0x00030020, vaddr=0x4008002[37m0[37m, size=0x3fe6c
01:00:35.438 > [37mV[37m (172) boot: after mapping text, starting from paddr=0x00030000[37m [37mand vaddr=0x40080000, 0x40000 bytes are mapped
01:00:35.438 > D (173) boot: start: 0x40026a3c
01:00:35.460 > [37mI[37m (195) main_task: Started on CPU0
01:00:35.461 > [37mI[37m (195) main_task: Calling app_main()
01:00:35.461 > [37m\[37m033[1;32m[INFO][MAIN][13ms] START[0m
01:00:35.462 > [37m\[37m033[1;32m[INFO][DATA][14ms] START[0m
01:00:35.462 > [37m\[37m033[1;32m[INFO][SDCard][14ms] Init SD Card.[0m
01:00:35.462 > [37m\[37m033[1;31m[ERROR][SD CARD][14ms] Using SPI peripheral[0m
01:00:35.463 > [37mI[37m (195) SD CARD: Mounting filesystem
01:00:35.464 > [37mI[37m (195) gpio: GPIO[5]| InputEn: 0| OutputEn: 1| OpenDrain: 0| Pu[37ml[37mlup: 0| Pulldown: 0| Intr:0 
01:00:35.471 > [37mI[37m (205) sdspi_transaction: cmd=52, R1 response: command not supp[37mo[37mrted
01:00:35.522 > [37mI[37m (255) sdspi_transaction: cmd=5, R1 response: command not suppo[37mr[37mted
01:00:35.611 > [37mN[37mame: SB16G
01:00:35.611 > Type: SDHC
01:00:35.612 > [37mS[37mpeed: 400.00 kHz (limit: 400.00 kHz)
01:00:35.612 > Size: 15193MB
01:00:35.612 > [37mC[37mSD: ver=2, sector_size=512, capacity=31116288 read_bl_len=9
01:00:35.612 > SSR: bus_width=1
01:00:35.613 > [37m\[37m033[1;31m[ERROR][DATA][164ms] Failed to mkdir: /indoor-localisa[37mt[37mion-data[0m
