02:19:34.507 > [37mI[37m (32) boot: ESP-IDF 5.4.0 2nd stage bootloader
02:19:34.507 > I (32) boot: compile time Jul  3 2025 01:21:27
02:19:34.507 > D (32) bootloader_flash: XMC chip detected by RDID (00204016), s[37mk[37mip.
02:19:34.508 > D (34) bootloader_flash: mmu set block paddr=0x00000000 (was 0xf[37mf[37mffffff)
02:19:34.509 > I (35) boot: chip revision: v0.0
02:19:34.509 > [37mI (35) boot: efuse block revision: v0.2
02:19:34.510 > [37mD (35) boot.esp32s2: magic e9
02:19:34.510 > D (35) boot.esp32s2: segments 04
02:19:34.510 > [37mD (35) boot.esp32s2: spi_mode 02
02:19:34.511 > [37mD[37m (35) boot.esp32s2: spi_speed 0f
02:19:34.511 > D (36) boot.esp32s2: spi_size 02
02:19:34.511 > I (36) boot.esp32s2: SPI Speed      : 80MHz
02:19:34.511 > [37mI (36) boot.esp32s2: SPI Mode       : DIO
02:19:34.511 > I (36) boot.esp32s2: SPI Flash Size : 4MB
02:19:34.511 > [37mD (37) boot: Enabling RTCWDT(9000 ms)
02:19:34.511 > [37mI (37) boot: Enabling RNG early entropy source...
02:19:34.511 > [37mD[37m (37) bootloader_flash: rodata starts from paddr=0x00008000, size=0xc00, will be mapped to vaddr=0x3f000000
02:19:34.512 > [37mV[37m (37) bootloader_flash: after mapping, starting from paddr=0x00[37m0[37m00000 and vaddr=0x3f000000, 0x10000 bytes are mapped
02:19:34.513 > D (38) boot: mapped partition table 0x8000 at 0x3f008000
02:19:34.513 > D (38) flash_parts: partition table verified, 5 entries
02:19:34.513 > [37mI (39) boot: Partition Table:
02:19:34.513 > I (39) boot: ## Label            Usage          Type ST Offset  [37m [37mLength
02:19:34.515 > D (40) boot: load partition table entry 0x3f008000
02:19:34.515 > D (40) boot: type=1 subtype=2
02:19:34.515 > I (40) boot:  0 nvs              WiFi data        01 02 00009000[37m [37m00004000
02:19:34.517 > D (41) boot: load partition table entry 0x3f008020
02:19:34.517 > D (41) boot: type=1 subtype=1
02:19:34.517 > I (41) boot:  1 phy_init         RF data          01 01 0000d000[37m [37m00001000
02:19:34.518 > D (42) boot: load partition table entry 0x3f008040
02:19:34.518 > D (43) boot: type=0 subtype=0
02:19:34.518 > I (43) boot:  2 factory          factory app      00 00 00010000[37m [37m00100000
02:19:34.519 > D (44) boot: load partition table entry 0x3f008060
02:19:34.519 > D (44) boot: type=1 subtype=83
02:19:34.519 > [37mI (44) boot:  3 storage          Unknown data     01 83 00110000[37m [37m000f0000
02:19:34.520 > I (45) boot: End of partition table
02:19:34.520 > [37mD (45) boot: Trying partition index -1 offs 0x10000 size 0x10000[37m0[37m
02:19:34.521 > D (46) esp_image: reading image header @ 0x10000
02:19:34.521 > [37mD (47) bootloader_flash: mmu set block paddr=0x00010000 (was 0xf[37mf[37mffffff)
02:19:34.522 > [37mD[37m (48) esp_image: image header: 0xe9 0x06 0x02 0x02 40026a80
02:19:34.523 > V (48) esp_image: loading segment header 0 at offset 0x10018
02:19:34.523 > [37mV[37m (48) esp_image: segment data length 0x15b60 data starts 0x1002[37m0[37m
02:19:34.524 > V (49) esp_image: MMU page size 0x10000
02:19:34.524 > [37mV (49) esp_image: segment 0 map_segment 1 segment_data_offs 0x10[37m020 load_addr 0x3f000020
02:19:34.524 > [37mI[37m (49) esp_image: segment 0: paddr=00010020 vaddr=3f000020 size=15b60h ( 88928) map
02:19:34.524 > [37mD[37m (50) esp_image: free data page_count 0x00000038
02:19:34.524 > [37mD[37m (50) bootloader_flash: rodata starts from paddr=0x00010020, si[37mz[37me=0x15b60, will be mapped to vaddr=0x3f000000
02:19:34.525 > [37mV (50) bootloader_flash: after mapping, starting from paddr=0x00[37m0[37m10000 and vaddr=0x3f000000, 0x20000 bytes are mapped
02:19:34.542 > [37mV[37m (68) esp_image: loading segment header 1 at offset 0x25b80
02:19:34.543 > D (68) bootloader_flash: mmu set block paddr=0x00020000 (was 0xf[37mf[37mffffff)
02:19:34.544 > [37mV[37m (69) esp_image: segment data length 0x1c data starts 0x25b88
02:19:34.544 > [37mV (69) esp_image: MMU page size 0x10000
02:19:34.544 > [37mV[37m (69) esp_image: segment 1 map_segment 0 segment_data_offs 0x25b88 load_addr 0x3ff9e010
02:19:34.544 > [37mI[37m (70) esp_image: segment 1: paddr=00025b88 vaddr=3ff9e010 size=[37m0[37m001ch (    28) load
02:19:34.545 > D (71) esp_image: free data page_count 0x00000038
02:19:34.545 > [37mD[37m (71) bootloader_flash: rodata starts from paddr=0x00025b88, si[37mz[37me=0x1c, will be mapped to vaddr=0x3f000000
02:19:34.546 > [37mV[37m (71) bootloader_flash: after mapping, starting from paddr=0x00[37m0[37m20000 and vaddr=0x3f000000, 0x10000 bytes are mapped
02:19:34.546 > [37mV[37m (71) esp_image: loading segment header 2 at offset 0x25ba4
02:19:34.546 > [37mD[37m (71) bootloader_flash: mmu set block paddr=0x00020000 (was 0xf[37mf[37mffffff)
02:19:34.547 > [37mV[37m (73) esp_image: segment data length 0x2f48 data starts 0x25bac[37m[37m
02:19:34.548 > V (74) esp_image: MMU page size 0x10000
02:19:34.549 > [37mV (74) esp_image: segment 2 map_segment 0 segment_data_offs 0x25bac load_addr 0x3ffc5f00
02:19:34.549 > [37mI[37m (74) esp_image: segment 2: paddr=00025bac vaddr=3ffc5f00 size=02f48h ( 12104) load
02:19:34.549 > D (74) esp_image: free data page_count 0x00000038
02:19:34.549 > [37mD[37m (74) bootloader_flash: rodata starts from paddr=0x00025bac, si[37mz[37me=0x2f48, will be mapped to vaddr=0x3f000000
02:19:34.549 > [37mV[37m (75) bootloader_flash: after mapping, starting from paddr=0x00[37m0[37m20000 and vaddr=0x3f000000, 0x10000 bytes are mapped
02:19:34.552 > [37mV[37m (78) esp_image: loading segment header 3 at offset 0x28af4
02:19:34.552 > [37mD[37m (78) bootloader_flash: mmu set block paddr=0x00020000 (was 0xf[37mf[37mffffff)
02:19:34.554 > [37mV[37m (79) esp_image: segment data length 0x751c data starts 0x28afc[37m[37m
02:19:34.555 > [37mV[37m (80) esp_image: MMU page size 0x10000
02:19:34.555 > [37mV[37m (80) esp_image: segment 3 map_segment 0 segment_data_offs 0x28afc load_addr 0x40024000
02:19:34.555 > [37mI[37m (80) esp_image: segment 3: paddr=00028afc vaddr=40024000 size=[37m0751ch ( 29980) load
02:19:34.555 > [37mD[37m (81) esp_image: free data page_count 0x00000038
02:19:34.555 > [37mD[37m (81) bootloader_flash: rodata starts from paddr=0x00028afc, si[37mz[37me=0x751c, will be mapped to vaddr=0x3f000000
02:19:34.556 > [37mV[37m (81) bootloader_flash: after mapping, starting from paddr=0x00[37m0[37m20000 and vaddr=0x3f000000, 0x20000 bytes are mapped
02:19:34.563 > [37mV[37m (89) esp_image: loading segment header 4 at offset 0x30018
02:19:34.563 > D (89) bootloader_flash: mmu set block paddr=0x00030000 (was 0xf[37mf[37mffffff)
02:19:34.565 > [37mV[37m (90) esp_image: segment data length 0x40cac data starts 0x3002[37m0[37m
02:19:34.566 > [37mV[37m (91) esp_image: MMU page size 0x10000
02:19:34.566 > [37mV[37m (91) esp_image: segment 4 map_segment 1 segment_data_offs 0x30020 load_addr 0x40080020
02:19:34.566 > [37mI[37m (91) esp_image: segment 4: paddr=00030020 vaddr=40080020 size=40cach (265388) map
02:19:34.566 > [37mD[37m (92) esp_image: free data page_count 0x00000038
02:19:34.566 > [37mD[37m (92) bootloader_flash: rodata starts from paddr=0x00030020, si[37mz[37me=0x40cac, will be mapped to vaddr=0x3f000000
02:19:34.567 > [37mV[37m (92) bootloader_flash: after mapping, starting from paddr=0x00[37m0[37m30000 and vaddr=0x3f000000, 0x50000 bytes are mapped
02:19:34.620 > [37mV[37m (145) esp_image: loading segment header 5 at offset 0x70ccc
02:19:34.620 > D (145) bootloader_flash: mmu set block paddr=0x00070000 (was 0x[37mf[37mfffffff)
02:19:34.621 > [37mV[37m (147) esp_image: segment data length 0xa9dc data starts 0x70cd[37m4[37m
02:19:34.622 > [37mV[37m (148) esp_image: MMU page size 0x10000
02:19:34.622 > [37mV[37m (148) esp_image: segment 5 map_segment 0 segment_data_offs 0x7[37m0cd4 load_addr 0x4002b51c
02:19:34.623 > [37mI[37m (148) esp_image: segment 5: paddr=00070cd4 vaddr=4002b51c size=0a9dch ( 43484) load
02:19:34.623 > [37mD[37m (148) esp_image: free data page_count 0x00000038
02:19:34.623 > D (148) bootloader_flash: rodata starts from paddr=0x00070cd4, s[37mize=0xa9dc, will be mapped to vaddr=0x3f000000
02:19:34.623 > [37mV[37m (149) bootloader_flash: after mapping, starting from paddr=0x0[37m0[37m070000 and vaddr=0x3f000000, 0x10000 bytes are mapped
02:19:34.634 > [37mV[37m (160) esp_image: image start 0x00010000 end of last section 0x[37m0[37m007b6b0
02:19:34.636 > [37mD[37m (161) bootloader_flash: mmu set block paddr=0x00070000 (was 0x[37mf[37mfffffff)
02:19:34.645 > [37mI[37m (171) boot: Loaded app from partition at offset 0x10000
02:19:34.645 > I (171) boot: Disabling RNG early entropy source...
02:19:34.646 > [37mD (171) boot: Mapping segment 0 as DROM
02:19:34.646 > [37mD[37m (171) boot: Mapping segment 4 as IROM
02:19:34.647 > [37mD[37m (171) boot: calling set_cache_and_start_app
02:19:34.647 > D (172) boot: configure drom and irom and start
02:19:34.647 > [37mV[37m (172) boot: rodata starts from paddr=0x00010020, vaddr=0x3f000[37m0[37m20, size=0x15b60
02:19:34.648 > [37mV[37m (174) boot: after mapping rodata, starting from paddr=0x000100[37m00 and vaddr=0x3f000000, 0x20000 bytes are mapped
02:19:34.648 > [37mV[37m (174) boot: mapped one page of the rodata, from paddr=0x000100[37m0[37m0 and vaddr=0x3f3f0000, 0x10000 bytes are mapped
02:19:34.649 > [37mV[37m (174) boot: text starts from paddr=0x00030020, vaddr=0x4008002[37m0[37m, size=0x40cac
02:19:34.650 > [37mV[37m (175) boot: after mapping text, starting from paddr=0x00030000[37m and vaddr=0x40080000, 0x50000 bytes are mapped
02:19:34.650 > [37mD[37m (175) boot: start: 0x40026a80
02:19:34.672 > [37mI[37m (197) main_task: Started on CPU0
02:19:34.673 > [37mI[37m (197) main_task: Calling app_main()
02:19:34.673 > [37m[37m[1;32m[INFO][MAIN][13ms] START[0m
02:19:35.782 > [37m[37m[1;32m[INFO][SETUP][1122ms] [USER] > Select log level:[0m
02:19:35.792 > [37m[37m[1;32m[INFO][SETUP][1132ms]   I - ERROR and INFO logs[0m
02:19:35.802 > [37m[37m[1;32m[INFO][SETUP][1142ms]   D - ERROR, INFO, and DEBUG logs[[37m0[37mm
02:19:40.742 > [37m[37m[1;32m[INFO][SETUP][6082ms] [USER] > Select System Mode:[0m
02:19:40.752 > [37m[37m[1;32m[INFO][SETUP][6092ms]   1 - MODE_SYSTEM_BOOT[0m
02:19:40.762 > [37m[37m[1;32m[INFO][SETUP][6102ms]   2 - MODE_SCANNING_SESSION[0m
02:19:40.772 > [37m[37m[1;32m[INFO][SETUP][6112ms]   3 - MODE_PREDICTION_SESSION[0m
02:19:40.782 > [37m[37m[1;32m[INFO][SETUP][6122ms]   4 - MODE_FULL_SESSION[0m
02:19:47.641 > [37m[37m[1;32m[INFO][SETUP][12982ms] [USER] > Select System Boot Mode:[37m[[37m0m
02:19:47.662 > [37m[37m[1;32m[INFO][SETUP][13002ms]   1 - MODE_TOF_DIAGNOSTIC[0m
02:19:47.671 > [37m[37m[1;32m[INFO][SETUP][13012ms]   2 - MODE_ANCHORS_RSSI_DIAGNOSTIC[37m[37m[0m
02:19:47.691 > [37m[37m[1;32m[INFO][SETUP][13032ms]   3 - MODE_APS_RSSI_DIAGNOSTIC[0m[37m[37m
02:19:47.711 > [37m[37m[1;32m[INFO][SETUP][13052ms]   4 - MODE_COLLECT_TOF_RESPONDERS_[37mM[37mAC[0m
02:19:47.731 > [37m[37m[1;32m[INFO][SETUP][13072ms]   5 - MODE_INITIATOR_RESPONDER_TES[37mT[37m[0m
02:19:47.752 > [37m[37m[1;32m[INFO][SETUP][13092ms]   6 - MODE_RESTORE_BACKUP_DATA_TES[37mT[37m[0m
02:19:53.111 > [37m[37m[1;32m[INFO][DATA][18452ms] START[0m
02:19:53.121 > [37m[37m[1;32m[INFO][SDCard][18462ms] Init SD Card.[0m
02:19:53.131 > [37m[37m[1;34m[DEBUG][SDCARD][18472ms] Using SPI peripheral[0m
02:19:53.142 > [37m[37m[1;32m[INFO][SDCARD][18483ms] Mounting filesystem...[0m
02:19:53.152 > [37mI[37m (18677) gpio: GPIO[5]| InputEn: 0| OutputEn: 1| OpenDrain: 0| [37mP[37mullup: 0| Pulldown: 0| Intr:0 
02:19:53.162 > [37mI[37m (18687) sdspi_transaction: cmd=52, R1 response: command not su[37mp[37mported
02:19:53.212 > [37mI[37m (18737) sdspi_transaction: cmd=5, R1 response: command not sup[37mp[37morted
02:19:53.270 > [37m[37m[1;32m[INFO][SDCARD][18611ms] Filesystem mounted successfully.[37m[[37m0m
02:19:53.281 > [37mN[37mame: SB16G
02:19:53.281 > Type: SDHC
02:19:53.282 > [37mS[37mpeed: 10.00 MHz (limit: 10.00 MHz)
02:19:53.282 > [37mS[37mize: 15193MB
02:19:53.282 > [37mC[37mSD: ver=2, sector_size=512, capacity=31116288 read_bl_len=9
02:19:53.291 > [37mS[37mSR: bus_width=1
02:19:53.367 > [37m[37m[1;34m[DEBUG][DATA][18708ms] Created directory: /sdcard/Data[0[37mm[37m
02:19:53.381 > [37m[37m[1;31m[ERROR][DATA][18722ms] Invalid scanner mode[0m
02:19:53.391 > [37m[37m[1;31m[ERROR][DATA][18732ms] Failed to create CSV.[0m
02:19:53.405 > [37m[37m[1;31m[ERROR][MAIN][18746ms] Failed to initialize SD card or lo[37mg[37m file.[0m
02:19:53.421 > [37m[37m[1;32m[INFO][SESSION][18762ms] >>> Starting SYSTEM_BOOT...[0m[37m
02:19:53.441 > [37m[37m[1;32m[INFO][LABEL][18782ms] [USER] > Select label by index:[0[37mm[37m
02:19:53.461 > [37m[37m[1;32m[INFO][LABEL][18802ms]   1 - NEAR_ROOM_234[0m
02:19:53.471 > [37m[37m[1;32m[INFO][LABEL][18812ms]   2 - BETWEEN_ROOMS_234_236[0m
02:19:53.481 > [37m[37m[1;32m[INFO][LABEL][18822ms]   3 - ROOM_236[0m
02:19:53.491 > [37m[37m[1;32m[INFO][LABEL][18832ms]   4 - NEAR_ROOM_232[0m
02:19:53.501 > [37m[37m[1;32m[INFO][LABEL][18842ms]   5 - ROOM_231[0m
02:19:53.511 > [37m[37m[1;32m[INFO][LABEL][18852ms]   6 - BETWEEN_ROOMS_231_236[0m
02:19:53.521 > [37m[37m[1;32m[INFO][LABEL][18862ms]   7 - NEAR_BATHROOM[0m
02:19:53.531 > [37m[37m[1;32m[INFO][LABEL][18872ms]   8 - NEAR_KITCHEN[0m
02:19:53.541 > [37m[37m[1;32m[INFO][LABEL][18882ms]   9 - KITCHEN[0m
02:19:53.551 > [37m[37m[1;32m[INFO][LABEL][18892ms]   10 - NEAR_ROOM_230[0m
02:19:53.561 > [37m[37m[1;32m[INFO][LABEL][18902ms]   11 - MAIN_ENTRANCE[0m
02:19:53.571 > [37m[37m[1;32m[INFO][LABEL][18912ms]   12 - LOBBY[0m
02:19:53.581 > [37m[37m[1;32m[INFO][LABEL][18922ms]   13 - PRINTER[0m
02:19:53.591 > [37m[37m[1;32m[INFO][LABEL][18932ms]   14 - OFFICES_HALL[0m
02:19:53.601 > [37m[37m[1;32m[INFO][LABEL][18942ms]   15 - MAIN_EXIT[0m
02:19:53.611 > [37m[37m[1;32m[INFO][LABEL][18952ms]   16 - BALCONY_ENTRANCE[0m
02:20:11.640 > [37m[37m[1;32m[INFO][COVERAGE][36982ms] Performing DYNAMIC RSSI diagnos[37mt[37mic scan...[0m
02:20:11.660 > [37m[37m
02:20:11.660 > abort() was called at PC 0x4002c9ab on core 0
02:20:11.660 > 
02:20:11.661 > [37m[37m
02:20:11.661 > [37mBacktrace: 0x4002716d:0x3ffcd7b0 0x4002c9b5:0x3ffcd7d0 0x400334c[37m1[37m:0x3ffcd7f0 0x4002c9ab:0x3ffcd860 0x40086670:0x3ffcd890 0x40087[37ma[37m85:0x3ffce480 0x40087ce5:0x3ffce510 0x40087e15:0x3ffce560 0x400[37m8[37mad99:0x3ffce580 0x4008acd4:0x3ffce5a0 0x400c0663:0x3ffce5c0 0x4[37m0[37m02d6a5:0x3ffce5f0
02:20:11.663 > [37m[37m
02:20:11.664 > [37m[37m
02:20:11.665 > [37m[37m
02:20:11.666 > [37m[37m
02:20:11.666 > ELF file SHA256: 2a9f19f42
02:20:11.667 > [37m[37m
02:20:11.667 > [37mRebooting...
02:20:11.700 > [37mI[37m (32) boot: ESP-IDF 5.4.0 2nd stage bootloader
02:20:11.700 > I (32) boot: compile time Jul  3 2025 01:21:27
02:20:11.700 > [37mD[37m (32) bootloader_flash: XMC chip detected by RDID (00204016), s[37mk[37mip.
02:20:11.701 > [37mD[37m (34) bootloader_flash: mmu set block paddr=0x00000000 (was 0xf[37mf[37mffffff)
02:20:11.703 > [37mI[37m (35) boot: chip revision: v0.0
02:20:11.704 > [37mI[37m (35) boot: efuse block revision: v0.2
02:20:11.704 > [37mD[37m (36) boot.esp32s2: magic e9
02:20:11.704 > [37mD[37m (36) boot.esp32s2: segments 04
02:20:11.704 > [37mD[37m (36) boot.esp32s2: spi_mode 02
02:20:11.704 > [37mD[37m (36) boot.esp32s2: spi_speed 0f
02:20:11.704 > [37mD (36) boot.esp32s2: spi_size 02
02:20:11.704 > [37mI[37m (36) boot.esp32s2: SPI Speed      : 80MHz
02:20:11.704 > [37mI[37m (36) boot.esp32s2: SPI Mode       : DIO
02:20:11.704 > [37mI[37m (36) boot.esp32s2: SPI Flash Size : 4MB
02:20:11.704 > [37mD (37) boot: Enabling RTCWDT(9000 ms)
02:20:11.704 > [37mI (37) boot: Enabling RNG early entropy source...
02:20:11.705 > [37mD[37m (37) bootloader_flash: rodata starts from paddr=0x00008000, size=0xc00, will be mapped to vaddr=0x3f000000
02:20:11.705 > [37mV[37m (37) bootloader_flash: after mapping, starting from paddr=0x00000000 and vaddr=0x3f000000, 0x10000 bytes are mapped
02:20:11.705 > [37mD[37m (37) boot: mapped partition table 0x8000 at 0x3f008000
02:20:11.705 > [37mD[37m (37) flash_parts: partition table verified, 5 entries
02:20:11.705 > [37mI (38) boot: Partition Table:
02:20:11.705 > [37mI[37m (38) boot: ## Label            Usage          Type ST Offset  [37m [37mLength
02:20:11.707 > [37mD[37m (39) boot: load partition table entry 0x3f008000
02:20:11.708 > [37mD[37m (39) boot: type=1 subtype=2
02:20:11.708 > [37mI[37m (40) boot:  0 nvs              WiFi data        01 02 00009000[37m [37m00004000
02:20:11.709 > [37mD[37m (41) boot: load partition table entry 0x3f008020
02:20:11.709 > [37mD (41) boot: type=1 subtype=1
02:20:11.709 > [37mI[37m (41) boot:  1 phy_init         RF data          01 01 0000d000[37m [37m00001000
02:20:11.710 > [37mD[37m (42) boot: load partition table entry 0x3f008040
02:20:11.710 > [37mD (43) boot: type=0 subtype=0
02:20:11.710 > [37mI[37m (43) boot:  2 factory          factory app      00 00 00010000[37m [37m00100000
02:20:11.712 > [37mD[37m (44) boot: load partition table entry 0x3f008060
02:20:11.712 > D (44) boot: type=1 subtype=83
02:20:11.712 > [37mI[37m (44) boot:  3 storage          Unknown data     01 83 00110000[37m [37m000f0000
02:20:11.713 > [37mI[37m (45) boot: End of partition table
02:20:11.713 > [37mD[37m (45) boot: Trying partition index -1 offs 0x10000 size 0x10000[37m0[37m
02:20:11.714 > [37mD[37m (46) esp_image: reading image header @ 0x10000
02:20:11.714 > [37mD[37m (47) bootloader_flash: mmu set block paddr=0x00010000 (was 0xf[37mf[37mffffff)
02:20:11.716 > [37mD[37m (48) esp_image: image header: 0xe9 0x06 0x02 0x02 40026a80
02:20:11.716 > V (48) esp_image: loading segment header 0 at offset 0x10018
02:20:11.716 > [37mV[37m (48) esp_image: segment data length 0x15b60 data starts 0x1002[37m0[37m
02:20:11.717 > [37mV[37m (49) esp_image: MMU page size 0x10000
02:20:11.717 > [37mV[37m (49) esp_image: segment 0 map_segment 1 segment_data_offs 0x10020 load_addr 0x3f000020
02:20:11.717 > [37mI[37m (49) esp_image: segment 0: paddr=00010020 vaddr=3f000020 size=15b60h ( 88928) map
02:20:11.717 > [37mD[37m (50) esp_image: free data page_count 0x00000038
02:20:11.718 > [37mD[37m (50) bootloader_flash: rodata starts from paddr=0x00010020, si[37mz[37me=0x15b60, will be mapped to vaddr=0x3f000000
02:20:11.718 > [37mV[37m (50) bootloader_flash: after mapping, starting from paddr=0x00[37m0[37m10000 and vaddr=0x3f000000, 0x20000 bytes are mapped
02:20:11.736 > [37mV[37m (68) esp_image: loading segment header 1 at offset 0x25b80
02:20:11.736 > D (68) bootloader_flash: mmu set block paddr=0x00020000 (was 0xf[37mf[37mffffff)
02:20:11.737 > [37mV[37m (69) esp_image: segment data length 0x1c data starts 0x25b88
02:20:11.737 > [37mV (69) esp_image: MMU page size 0x10000
02:20:11.737 > [37mV[37m (69) esp_image: segment 1 map_segment 0 segment_data_offs 0x25b88 load_addr 0x3ff9e010
02:20:11.737 > [37mI[37m (70) esp_image: segment 1: paddr=00025b88 vaddr=3ff9e010 size=[37m0[37m001ch (    28) load
02:20:11.739 > [37mD[37m (71) esp_image: free data page_count 0x00000038
02:20:11.739 > D (71) bootloader_flash: rodata starts from paddr=0x00025b88, si[37mz[37me=0x1c, will be mapped to vaddr=0x3f000000
02:20:11.739 > [37mV[37m (71) bootloader_flash: after mapping, starting from paddr=0x00[37m0[37m20000 and vaddr=0x3f000000, 0x10000 bytes are mapped
02:20:11.739 > [37mV (71) esp_image: loading segment header 2 at offset 0x25ba4
02:20:11.739 > [37mD (71) bootloader_flash: mmu set block paddr=0x00020000 (was 0xf[37mf[37mffffff)
02:20:11.741 > [37mV[37m (73) esp_image: segment data length 0x2f48 data starts 0x25bac[37m[37m
02:20:11.743 > [37mV[37m (74) esp_image: MMU page size 0x10000
02:20:11.743 > [37mV[37m (75) esp_image: segment 2 map_segment 0 segment_data_offs 0x25bac load_addr 0x3ffc5f00
02:20:11.743 > [37mI[37m (75) esp_image: segment 2: paddr=00025bac vaddr=3ffc5f00 size=02f48h ( 12104) load
02:20:11.743 > [37mD[37m (75) esp_image: free data page_count 0x00000038
02:20:11.743 > [37mD[37m (75) bootloader_flash: rodata starts from paddr=0x00025bac, si[37mz[37me=0x2f48, will be mapped to vaddr=0x3f000000
02:20:11.743 > [37mV[37m (76) bootloader_flash: after mapping, starting from paddr=0x00[37m0[37m20000 and vaddr=0x3f000000, 0x10000 bytes are mapped
02:20:11.746 > [37mV[37m (79) esp_image: loading segment header 3 at offset 0x28af4
02:20:11.747 > [37mD[37m (79) bootloader_flash: mmu set block paddr=0x00020000 (was 0xf[37mf[37mffffff)
02:20:11.748 > [37mV[37m (80) esp_image: segment data length 0x751c data starts 0x28afc[37m[37m
02:20:11.749 > [37mV[37m (81) esp_image: MMU page size 0x10000
02:20:11.749 > [37mV[37m (81) esp_image: segment 3 map_segment 0 segment_data_offs 0x28afc load_addr 0x40024000
02:20:11.749 > [37mI[37m (81) esp_image: segment 3: paddr=00028afc vaddr=40024000 size=0751ch ( 29980) load
02:20:11.749 > [37mD[37m (82) esp_image: free data page_count 0x00000038
02:20:11.750 > [37mD[37m (82) bootloader_flash: rodata starts from paddr=0x00028afc, size=0x751c, will be mapped to vaddr=0x3f000000
02:20:11.750 > [37mV[37m (82) bootloader_flash: after mapping, starting from paddr=0x00[37m0[37m20000 and vaddr=0x3f000000, 0x20000 bytes are mapped
02:20:11.758 > [37mV[37m (90) esp_image: loading segment header 4 at offset 0x30018
02:20:11.758 > D (90) bootloader_flash: mmu set block paddr=0x00030000 (was 0xf[37mf[37mffffff)
02:20:11.759 > [37mV[37m (91) esp_image: segment data length 0x40cac data starts 0x3002[37m0[37m
02:20:11.760 > [37mV[37m (92) esp_image: MMU page size 0x10000
02:20:11.760 > [37mV[37m (92) esp_image: segment 4 map_segment 1 segment_data_offs 0x30020 load_addr 0x40080020
02:20:11.760 > [37mI[37m (92) esp_image: segment 4: paddr=00030020 vaddr=40080020 size=40cach (265388) map
02:20:11.760 > [37mD[37m (93) esp_image: free data page_count 0x00000038
02:20:11.761 > [37mD[37m (93) bootloader_flash: rodata starts from paddr=0x00030020, si[37mz[37me=0x40cac, will be mapped to vaddr=0x3f000000
02:20:11.761 > [37mV[37m (93) bootloader_flash: after mapping, starting from paddr=0x00[37m0[37m30000 and vaddr=0x3f000000, 0x50000 bytes are mapped
02:20:11.813 > [37mV[37m (145) esp_image: loading segment header 5 at offset 0x70ccc
02:20:11.813 > D (145) bootloader_flash: mmu set block paddr=0x00070000 (was 0x[37mf[37mfffffff)
02:20:11.814 > V (147) esp_image: segment data length 0xa9dc data starts 0x70cd[37m4[37m
02:20:11.817 > [37mV[37m (148) esp_image: MMU page size 0x10000
02:20:11.817 > [37mV (149) esp_image: segment 5 map_segment 0 segment_data_offs 0x70cd4 load_addr 0x4002b51c
02:20:11.817 > [37mI (149) esp_image: segment 5: paddr=00070cd4 vaddr=4002b51c size[37m=0a9dch ( 43484) load
02:20:11.817 > [37mD[37m (149) esp_image: free data page_count 0x00000038
02:20:11.817 > [37mD[37m (149) bootloader_flash: rodata starts from paddr=0x00070cd4, s[37mize=0xa9dc, will be mapped to vaddr=0x3f000000
02:20:11.817 > [37mV[37m (150) bootloader_flash: after mapping, starting from paddr=0x0[37m0070000 and vaddr=0x3f000000, 0x10000 bytes are mapped
02:20:11.829 > [37mV[37m (161) esp_image: image start 0x00010000 end of last section 0x[37m0[37m007b6b0
02:20:11.830 > [37mD[37m (162) bootloader_flash: mmu set block paddr=0x00070000 (was 0x[37mf[37mfffffff)
02:20:11.840 > [37mI[37m (172) boot: Loaded app from partition at offset 0x10000
02:20:11.841 > [37mI[37m (172) boot: Disabling RNG early entropy source...
02:20:11.841 > D (173) boot: Mapping segment 0 as DROM
02:20:11.841 > [37mD[37m (173) boot: Mapping segment 4 as IROM
02:20:11.841 > [37mD (173) boot: calling set_cache_and_start_app
02:20:11.841 > [37mD (173) boot: configure drom and irom and start
02:20:11.841 > [37mV[37m (173) boot: rodata starts from paddr=0x00010020, vaddr=0x3f000[37m0[37m20, size=0x15b60
02:20:11.842 > [37mV[37m (175) boot: after mapping rodata, starting from paddr=0x000100[37m0[37m0 and vaddr=0x3f000000, 0x20000 bytes are mapped
02:20:11.843 > V (175) boot: mapped one page of the rodata, from paddr=0x00010000 and vaddr=0x3f3f0000, 0x10000 bytes are mapped
02:20:11.843 > [37mV[37m (175) boot: text starts from paddr=0x00030020, vaddr=0x4008002[37m0[37m, size=0x40cac
02:20:11.844 > [37mV[37m (176) boot: after mapping text, starting from paddr=0x00030000[37m and vaddr=0x40080000, 0x50000 bytes are mapped
02:20:11.844 > [37mD[37m (176) boot: start: 0x40026a80
02:20:11.867 > [37mI[37m (198) main_task: Started on CPU0
02:20:11.867 > [37mI[37m (198) main_task: Calling app_main()
02:20:11.868 > [37m[37m[1;32m[INFO][MAIN][13ms] START[0m
02:20:12.976 > [37m[37m[1;32m[INFO][SETUP][1122ms] [USER] > Select log level:[0m
02:20:12.986 > [37m[37m[1;32m[INFO][SETUP][1132ms]   I - ERROR and INFO logs[0m
02:20:12.996 > [37m[37m[1;32m[INFO][SETUP][1142ms]   D - ERROR, INFO, and DEBUG logs[[37m0[37mm
