00:31:57.003 > [37m [37mtime Jul  3 2025 00:26:37
00:31:57.003 > D (32) bootloader_flash: XMC chip detected by RDID (00204016), skip.
00:31:57.003 > D (34) bootloader_flash: mmu set block paddr=0x00000000 (was 0xffffffff)
00:31:57.003 > I (35) boot: chip revision: v0.0
00:31:57.003 > I (35) boot: efuse block revision: v0.2
00:31:57.003 > D (35) boot.esp32s2: magic e9
00:31:57.003 > D (35) boot.esp32s2: segments 04
00:31:57.003 > D (35) boot.esp32s2: spi_mode 02
00:31:57.003 > D (36) boot.esp32s2: spi_speed 0f
00:31:57.003 > D (36) boot.esp32s2: spi_size 02
00:31:57.003 > I (36) boot.esp32s2: SPI Speed      : 80MHz
00:31:57.003 > I (36) boot.esp32s2: SPI Mode       : DIO
00:31:57.003 > I (36) boot.esp32s2: SPI Flash Size : 4MB
00:31:57.003 > D (37) boot: Enabling RTCWDT(9000 ms)
00:31:57.003 > I (37) boot: Enabling RNG early entropy source...
00:31:57.003 > D (37) bootloader_flash: rodata starts from paddr=0x00008000, size=0xc00, will be mapped to vaddr=0x3f000000
00:31:57.003 > V (37) bootloader_flash: after mapping, starting from paddr=0x00000000 and vaddr=0x3f000000, 0x10000 bytes are mapped
00:31:57.003 > D (37) boot: mapped partition table 0x8000 at 0x3f008000
00:31:57.003 > D (37) flash_parts: partition table verified, 5 entries
00:31:57.003 > I (38) boot: Partition Table:
00:31:57.003 > I (38) bo[37mot: ## Label            Usage          Type ST Offset   Length
00:31:57.003 > D (39) boot: load partition table entry 0x3f008000
00:31:57.003 > D (39) boot: type=1 subtype=2
00:31:57.003 > I (39) boot:  0 nvs              WiFi data        01 02 00009000 00004000
00:31:57.003 > D (40) boot: load partition table entry 0x3f008020
00:31:57.003 > D (40) boot: type=1 subtype=1
00:31:57.003 > I (40) boot:  1 phy_init         RF data          01 01 0000d000 00001000
00:31:57.003 > D (41) boot: load partition table entry 0x3f008040
00:31:57.003 > D (42) boot: type=0 subtype=0
00:31:57.003 > I (42) boot:  2 factory          factory app      00 00 00010000 00100000
00:31:57.003 > D (43) boot: load partition table entry 0x3f008060
00:31:57.003 > D (43) boot: type=1 subtype=83
00:31:57.003 > I (43) boot:  3 storage          Unknown data     01 83 00110000 000f0000
00:31:57.003 > I (44) boot: End of partition table
00:31:57.003 > D (44) boot: Trying partition index -1 offs 0x10000 size 0x100000
00:31:57.003 > D (45) esp_image: reading image header @ 0x10000
00:31:57.003 > D (46) bootloader_flash: mmu set block paddr=0x00010000 (was 0xffffffff)
00:31:57.003 > D (47) esp_image: image header: 0xe9 0x06 0x02 0x02 40026a3c
00:31:57.003 > V (47) esp_image: loading segment[37m header 0 at offset 0x10018
00:31:57.004 > V (47) esp_image: segment data length 0x14da0 data starts 0x10020
00:31:57.004 > V (48) esp_image: MMU page size 0x10000
00:31:57.004 > V (48) esp_image: segment 0 map_segment 1 segment_data_offs 0x10020 load_addr 0x3f000020
00:31:57.004 > I (48) esp_image: segment 0: paddr=00010020 vaddr=3f000020 size=14da0h ( 85408) map
00:31:57.004 > D (49) esp_image: free data page_count 0x00000038
00:31:57.004 > D (49) bootloader_flash: rodata starts from paddr=0x00010020, size=0x14da0, will be mapped to vaddr=0x3f000000
00:31:57.004 > V (49) bootloader_flash: after mapping, starting from paddr=0x00010000 and vaddr=0x3f000000, 0x20000 bytes are mapped
00:31:57.004 > V (66) esp_image: loading segment header 1 at offset 0x24dc0
00:31:57.004 > D (66) bootloader_flash: mmu set block paddr=0x00020000 (was 0xffffffff)
00:31:57.004 > V (67) esp_image: segment data length 0x1c data starts 0x24dc8
00:31:57.004 > V (68) esp_image: MMU page size 0x10000
00:31:57.004 > V (68) esp_image: segment 1 map_segment 0 segment_data_offs 0x24dc8 load_addr 0x3ff9e010
00:31:57.004 > I (69) esp_image: segment 1: paddr=00024dc8 vaddr=3ff9e010 size=0001ch (    28) load
00:31:57.004 > D (70) es[37mp_image: free data page_count 0x00000038
00:31:57.004 > D (71) bootloader_flash: rodata starts from paddr=0x00024dc8, size=0x1c, will be mapped to vaddr=0x3f000000
00:31:57.004 > V (71) bootloader_flash: after mapping, starting from paddr=0x00020000 and vaddr=0x3f000000, 0x10000 bytes are mapped
00:31:57.004 > V (72) esp_image: loading segment header 2 at offset 0x24de4
00:31:57.004 > D (72) bootloader_flash: mmu set block paddr=0x00020000 (was 0xffffffff)
00:31:57.004 > V (73) esp_image: segment data length 0x2ed8 data starts 0x24dec
00:31:57.004 > V (74) esp_image: MMU page size 0x10000
00:31:57.004 > V (74) esp_image: segment 2 map_segment 0 segment_data_offs 0x24dec load_addr 0x3ffc5ad0
00:31:57.004 > I (74) esp_image: segment 2: paddr=00024dec vaddr=3ffc5ad0 size=02ed8h ( 11992) load
00:31:57.004 > D (75) esp_image: free data page_count 0x00000038
00:31:57.004 > D (75) bootloader_flash: rodata starts from paddr=0x00024dec, size=0x2ed8, will be mapped to vaddr=0x3f000000
00:31:57.004 > V (75) bootloader_flash: after mapping, starting from paddr=0x00020000 and vaddr=0x3f000000, 0x10000 bytes are mapped
00:31:57.004 > V (78) esp_image: loading segment header 3 at offs[37met 0x27cc4
00:31:57.004 > D (78) bootloader_flash: mmu set block paddr=0x00020000 (was 0xffffffff)
00:31:57.004 > V (79) esp_image: segment data length 0x834c data starts 0x27ccc
00:31:57.004 > V (80) esp_image: MMU page size 0x10000
00:31:57.004 > V (80) esp_image: segment 3 map_segment 0 segment_data_offs 0x27ccc load_addr 0x40024000
00:31:57.004 > I (81) esp_image: segment 3: paddr=00027ccc vaddr=40024000 size=0834ch ( 33612) load
00:31:57.004 > D (81) esp_image: free data page_count 0x00000038
00:31:57.004 > D (81) bootloader_flash: rodata starts from paddr=0x00027ccc, size=0x834c, will be mapped to vaddr=0x3f000000
00:31:57.004 > V (81) bootloader_flash: after mapping, starting from paddr=0x00020000 and vaddr=0x3f000000, 0x20000 bytes are mapped
00:31:57.004 > V (90) esp_image: loading segment header 4 at offset 0x30018
00:31:57.004 > D (90) bootloader_flash: mmu set block paddr=0x00030000 (was 0xffffffff)
00:31:57.004 > V (91) esp_image: segment data length 0x3fd44 data starts 0x30020
00:31:57.004 > V (92) esp_image: MMU page size 0x10000
00:31:57.004 > V (92) esp_image: segment 4 map_segment 1 segment_data_offs 0x30020 load_addr 0x40080020
00:31:57.004 > I (93) esp_image: segment 4: paddr=0[37m0030020 vaddr=40080020 size=3fd44h (261444) map
00:31:57.004 > D (93) esp_image: free data page_count 0x00000038
00:31:57.004 > D (93) bootloader_flash: rodata starts from paddr=0x00030020, size=0x3fd44, will be mapped to vaddr=0x3f000000
00:31:57.004 > V (93) bootloader_flash: after mapping, starting from paddr=0x00030000 and vaddr=0x3f000000, 0x40000 bytes are mapped
00:31:57.004 > V (145) esp_image: loading segment header 5 at offset 0x6fd64
00:31:57.004 > D (145) bootloader_flash: mmu set block paddr=0x00060000 (was 0xffffffff)
00:31:57.004 > V (146) esp_image: segment data length 0x9780 data starts 0x6fd6c
00:31:57.004 > V (147) esp_image: MMU page size 0x10000
00:31:57.004 > V (147) esp_image: segment 5 map_segment 0 segment_data_offs 0x6fd6c load_addr 0x4002c34c
00:31:57.004 > I (147) esp_image: segment 5: paddr=0006fd6c vaddr=4002c34c size=09780h ( 38784) load
00:31:57.004 > D (148) esp_image: free data page_count 0x00000038
00:31:57.004 > D (148) bootloader_flash: rodata starts from paddr=0x0006fd6c, size=0x9780, will be mapped to vaddr=0x3f000000
00:31:57.004 > V (148) bootloader_flash: after mapping, starting from paddr=0x00060000 and vaddr=0x3f000000, 0x2000[37m0 bytes are mapped
00:31:57.004 > V (158) esp_image: image start 0x00010000 end of last section 0x000794ec
00:31:57.004 > D (159) bootloader_flash: mmu set block paddr=0x00070000 (was 0xffffffff)
00:31:57.004 > I (169) boot: Loaded app from partition at offset 0x10000
00:31:57.004 > I (169) boot: Disabling RNG early entropy source...
00:31:57.004 > D (169) boot: Mapping segment 0 as DROM
00:31:57.004 > D (170) boot: Mapping segment 4 as IROM
00:31:57.004 > D (170) boot: calling set_cache_and_start_app
00:31:57.004 > D (170) boot: configure drom and irom and start
00:31:57.004 > V (170) boot: rodata starts from paddr=0x00010020, vaddr=0x3f000020, size=0x14da0
00:31:57.004 > V (172) boot: after mapping rodata, starting from paddr=0x00010000 and vaddr=0x3f000000, 0x20000 bytes are mapped
00:31:57.004 > V (172) boot: mapped one page of the rodata, from paddr=0x00010000 and vaddr=0x3f3f0000, 0x10000 bytes are mapped
00:31:57.004 > V (172) boot: text starts from paddr=0x00030020, vaddr=0x40080020, size=0x3fd44
00:31:57.004 > V (173) boot: after mapping text, starting from paddr=0x00030000 and vaddr=0x40080000, 0x40000 bytes are mapped
00:31:57.004 > D (174) boot: start: 0x40026a3c
00:31:57.004 > I (196) main_task: St[37marted on CPU0
00:31:57.004 > I (196) main_task: Calling app_main()
00:31:57.004 > [INFO][MAIN][13ms] START
00:31:57.004 > Guru Meditation Error: Core  0 panic'ed (LoadProhibited). Exception was unhandled.
00:31:57.004 > 
00:31:57.004 > Core  0 register dump:
00:31:57.004 > PC      : 0x400b43ff  PS      : 0x00060530  A0      : 0x800a9ef0  A1      : 0x3ffcdc40  
00:31:57.004 > A2      : 0x3ffce1d0  A3      : 0x00000000  A4      : 0x3ffcdc50  A5      : 0x3ffcdf90  
00:31:57.004 > A6      : 0x3ffcdf70  A7      : 0x00000008  A8      : 0x00000000  A9      : 0x3ffcdc30  
00:31:57.004 > A10     : 0x00000001  A11     : 0x3f012436  A12     : 0x000000ff  A13     : 0x0000ff00  
00:31:57.004 > A14     : 0x00ff0000  A15     : 0xff000000  SAR     : 0x00000004  EXCCAUSE: 0x0000001c  
00:31:57.004 > EXCVADDR: 0x00000064  LBEG    : 0x000000ff  LEND    : 0x0000ff00  LCOUNT  : 0x4002a7e8  
00:31:57.004 > 
00:31:57.004 > 
00:31:57.004 > Backtrace: 0x400b43fc:0x3ffcdc40 0x400a9eed:0x3ffcdf60 0x40089ba2:0x3ffcdfb0 0x4008a921:0x3ffce100 0x400bf6fb:0x3ffce120 0x4002d279:0x3ffce150
00:31:57.004 > 
00:31:57.004 > 
00:31:57.004 > 
00:31:57.004 > 
00:31:57.004 > ELF file SHA256: 1a22b088c
00:31:57.004 > 
00:31:57.004 > Rebooting...
00:31:57.004 > I (32) boot: ESP-IDF 5.4.0 2nd stage bootloader
00:31:57.004 > I (32) boot: compile time Jul  3 2025 00:[37m26:37
00:31:57.005 > D (32) bootloader_flash: XMC chip detected by RDID (00204016), skip.
00:31:57.005 > D (34) bootloader_flash: mmu set block paddr=0x00000000 (was 0xffffffff)
00:31:57.005 > I (35) boot: chip revision: v0.0
00:31:57.005 > I (35) boot: efuse block revision: v0.2
00:31:57.005 > D (35) boot.esp32s2: magic e9
00:31:57.005 > D (35) boot.esp32s2: segments 04
00:31:57.005 > D (35) boot.esp32s2: spi_mode 02
00:31:57.005 > D (35) boot.esp32s2: spi_speed 0f
00:31:57.005 > D (35) boot.esp32s2: spi_size 02
00:31:57.005 > I (35) boot.esp32s2: SPI Speed      : 80MHz
00:31:57.005 > I (35) boot.esp32s2: SPI Mode       : DIO
00:31:57.005 > I (35) boot.esp32s2: SPI Flash Size : 4MB
00:31:57.005 > D (36) boot: Enabling RTCWDT(9000 ms)
00:31:57.005 > I (36) boot: Enabling RNG early entropy source...
00:31:57.005 > D (36) bootloader_flash: rodata starts from paddr=0x00008000, size=0xc00, will be mapped to vaddr=0x3f000000
00:31:57.005 > V (36) bootloader_flash: after mapping, starting from paddr=0x00000000 and vaddr=0x3f000000, 0x10000 bytes are mapped
00:31:57.005 > D (36) boot: mapped partition table 0x8000 at 0x3f008000
00:31:57.005 > D (36) flash_parts: partition table verified, 5 entries
00:31:57.005 > I (37) boot: Partition Table:
00:31:57.005 > I (37) boot: ## Label         [37m   Usage          Type ST Offset   Length
00:31:57.005 > D (38) boot: load partition table entry 0x3f008000
00:31:57.005 > D (38) boot: type=1 subtype=2
00:31:57.005 > I (38) boot:  0 nvs              WiFi data        01 02 00009000 00004000
00:31:57.005 > D (39) boot: load partition table entry 0x3f008020
00:31:57.005 > D (39) boot: type=1 subtype=1
00:31:57.005 > I (39) boot:  1 phy_init         RF data          01 01 0000d000 00001000
00:31:57.005 > D (40) boot: load partition table entry 0x3f008040
00:31:57.005 > D (41) boot: type=0 subtype=0
00:31:57.005 > I (41) boot:  2 factory          factory app      00 00 00010000 00100000
00:31:57.005 > D (42) boot: load partition table entry 0x3f008060
00:31:57.005 > D (42) boot: type=1 subtype=83
00:31:57.005 > I (42) boot:  3 storage          Unknown data     01 83 00110000 000f0000
00:31:57.005 > I (43) boot: End of partition table
00:31:57.005 > D (43) boot: Trying partition index -1 offs 0x10000 size 0x100000
00:31:57.005 > D (44) esp_image: reading image header @ 0x10000
00:31:57.005 > D (45) bootloader_flash: mmu set block paddr=0x00010000 (was 0xffffffff)
00:31:57.005 > D (46) esp_image: image header: 0xe9 0x06 0x02 0x02 40026a3c
00:31:57.005 > V (46) esp_image: loading segment header 0 at offset 0[37mx10018
00:31:57.005 > V (46) esp_image: segment data length 0x14da0 data starts 0x10020
00:31:57.005 > V (47) esp_image: MMU page size 0x10000
00:31:57.005 > V (47) esp_image: segment 0 map_segment 1 segment_data_offs 0x10020 load_addr 0x3f000020
00:31:57.005 > I (48) esp_image: segment 0: paddr=00010020 vaddr=3f000020 size=14da0h ( 85408) map
00:31:57.005 > D (49) esp_image: free data page_count 0x00000038
00:31:57.005 > D (49) bootloader_flash: rodata starts from paddr=0x00010020, size=0x14da0, will be mapped to vaddr=0x3f000000
00:31:57.005 > V (49) bootloader_flash: after mapping, starting from paddr=0x00010000 and vaddr=0x3f000000, 0x20000 bytes are mapped
00:31:57.005 > V (66) esp_image: loading segment header 1 at offset 0x24dc0
00:31:57.005 > D (66) bootloader_flash: mmu set block paddr=0x00020000 (was 0xffffffff)
00:31:57.005 > V (67) esp_image: segment data length 0x1c data starts 0x24dc8
00:31:57.005 > V (68) esp_image: MMU page size 0x10000
00:31:57.005 > V (68) esp_image: segment 1 map_segment 0 segment_data_offs 0x24dc8 load_addr 0x3ff9e010
00:31:57.005 > I (68) esp_image: segment 1: paddr=00024dc8 vaddr=3ff9e010 size=0001ch (    28) load
00:31:57.005 > D (69) esp_image: free data pa[37mge_count 0x00000038
00:31:57.005 > D (69) bootloader_flash: rodata starts from paddr=0x00024dc8, size=0x1c, will be mapped to vaddr=0x3f000000
00:31:57.005 > V (69) bootloader_flash: after mapping, starting from paddr=0x00020000 and vaddr=0x3f000000, 0x10000 bytes are mapped
00:31:57.005 > V (70) esp_image: loading segment header 2 at offset 0x24de4
00:31:57.005 > D (70) bootloader_flash: mmu set block paddr=0x00020000 (was 0xffffffff)
00:31:57.005 > V (71) esp_image: segment data length 0x2ed8 data starts 0x24dec
00:31:57.005 > V (72) esp_image: MMU page size 0x10000
00:31:57.005 > V (72) esp_image: segment 2 map_segment 0 segment_data_offs 0x24dec load_addr 0x3ffc5ad0
00:31:57.005 > I (73) esp_image: segment 2: paddr=00024dec vaddr=3ffc5ad0 size=02ed8h ( 11992) load
00:31:57.005 > D (74) esp_image: free data page_count 0x00000038
00:31:57.005 > D (74) bootloader_flash: rodata starts from paddr=0x00024dec, size=0x2ed8, will be mapped to vaddr=0x3f000000
00:31:57.005 > V (74) bootloader_flash: after mapping, starting from paddr=0x00020000 and vaddr=0x3f000000, 0x10000 bytes are mapped
00:31:57.005 > V (77) esp_image: loading segment header 3 at offset 0x27cc4
00:31:57.005 > D (77) bo[37motloader_flash: mmu set block paddr=0x00020000 (was 0xffffffff)
00:31:57.005 > V (78) esp_image: segment data length 0x834c data starts 0x27ccc
00:31:57.005 > V (79) esp_image: MMU page size 0x10000
00:31:57.005 > V (79) esp_image: segment 3 map_segment 0 segment_data_offs 0x27ccc load_addr 0x40024000
00:31:57.005 > I (80) esp_image: segment 3: paddr=00027ccc vaddr=40024000 size=0834ch ( 33612) load
00:31:57.005 > D (80) esp_image: free data page_count 0x00000038
00:31:57.005 > D (80) bootloader_flash: rodata starts from paddr=0x00027ccc, size=0x834c, will be mapped to vaddr=0x3f000000
00:31:57.005 > V (80) bootloader_flash: after mapping, starting from paddr=0x00020000 and vaddr=0x3f000000, 0x20000 bytes are mapped
00:31:57.005 > V (89) esp_image: loading segment header 4 at offset 0x30018
00:31:57.005 > D (89) bootloader_flash: mmu set block paddr=0x00030000 (was 0xffffffff)
00:31:57.005 > V (90) esp_image: segment data length 0x3fd44 data starts 0x30020
00:31:57.005 > V (91) esp_image: MMU page size 0x10000
00:31:57.005 > V (91) esp_image: segment 4 map_segment 1 segment_data_offs 0x30020 load_addr 0x40080020
00:31:57.005 > I (92) esp_image: segment 4: paddr=00030020 vaddr=4008002[37m0 size=3fd44h (261444) map
00:31:57.005 > D (92) esp_image: free data page_count 0x00000038
00:31:57.005 > D (92) bootloader_flash: rodata starts from paddr=0x00030020, size=0x3fd44, will be mapped to vaddr=0x3f000000
00:31:57.005 > V (92) bootloader_flash: after mapping, starting from paddr=0x00030000 and vaddr=0x3f000000, 0x40000 bytes are mapped
00:31:57.005 > V (145) esp_image: loading segment header 5 at offset 0x6fd64
00:31:57.005 > D (145) bootloader_flash: mmu set block paddr=0x00060000 (was 0xffffffff)
00:31:57.005 > V (146) esp_image: segment data length 0x9780 data starts 0x6fd6c
00:31:57.005 > V (147) esp_image: MMU page size 0x10000
00:31:57.005 > V (147) esp_image: segment 5 map_segment 0 segment_data_offs 0x6fd6c load_addr 0x4002c34c
00:31:57.005 > I (147) esp_image: segment 5: paddr=0006fd6c vaddr=4002c34c size=09780h ( 38784) load
00:31:57.005 > D (148) esp_image: free data page_count 0x00000038
00:31:57.005 > D (148) bootloader_flash: rodata starts from paddr=0x0006fd6c, size=0x9780, will be mapped to vaddr=0x3f000000
00:31:57.005 > V (148) bootloader_flash: after mapping, starting from paddr=0x00060000 and vaddr=0x3f000000, 0x20000 bytes are mapped
00:31:57.005 > V[37m (158) esp_image: image start 0x00010000 end of last section 0x000794ec
00:31:57.005 > D (159) bootloader_flash: mmu set block paddr=0x00070000 (was 0xffffffff)
00:31:57.005 > I (169) boot: Loaded app from partition at offset 0x10000
00:31:57.005 > I (169) boot: Disabling RNG early entropy source...
00:31:57.005 > D (169) boot: Mapping segment 0 as DROM
00:31:57.005 > D (169) boot: Mapping segment 4 as IROM
00:31:57.005 > D (169) boot: calling set_cache_and_start_app
00:31:57.005 > D (169) boot: configure drom and irom and start
00:31:57.005 > V (170) boot: rodata starts from paddr=0x00010020, vaddr=0x3f000020, size=0x14da0
00:31:57.005 > V (172) boot: after mapping rodata, starting from paddr=0x00010000 and vaddr=0x3f000000, 0x20000 bytes are mapped
00:31:57.005 > V (172) boot: mapped one page of the rodata, from paddr=0x00010000 and vaddr=0x3f3f0000, 0x10000 bytes are mapped
00:31:57.005 > V (172) boot: text starts from paddr=0x00030020, vaddr=0x40080020, size=0x3fd44
00:31:57.005 > V (173) boot: after mapping text, starting from paddr=0x00030000 and vaddr=0x40080000, 0x40000 bytes are mapped
00:31:57.005 > D (174) boot: start: 0x40026a3c
00:31:57.005 > I (196) main_task: Started on CPU0
00:31:57.005 > I (196[37m) main_task: Calling app_main()
00:31:57.005 > [INFO][MAIN][13ms] START
00:31:57.005 > Guru Meditation Error: Core  0 panic'ed (LoadProhibited). Exception was unhandled.
00:31:57.005 > 
00:31:57.005 > Core  0 register dump:
00:31:57.005 > PC      : 0x400b43ff  PS      : 0x00060530  A0      : 0x800a9ef0  A1      : 0x3ffcdc40  
00:31:57.005 > A2      : 0x3ffce1d0  A3      : 0x00000000  A4      : 0x3ffcdc50  A5      : 0x3ffcdf90  
00:31:57.005 > A6      : 0x3ffcdf70  A7      : 0x00000008  A8      : 0x00000000  A9      : 0x3ffcdc30  
00:31:57.005 > A10     : 0x00000001  A11     : 0x3f012436  A12     : 0x000000ff  A13     : 0x0000ff00  
00:31:57.005 > A14     : 0x00ff0000  A15     : 0xff000000  SAR     : 0x00000004  EXCCAUSE: 0x0000001c  
00:31:57.005 > EXCVADDR: 0x00000064  LBEG    : 0x000000ff  LEND    : 0x0000ff00  LCOUNT  : 0x4002a7e8  
00:31:57.005 > 
00:31:57.005 > 
00:31:57.005 > Backtrace: 0x400b43fc:0x3ffcdc40 0x400a9eed:0x3ffcdf60 0x40089ba2:0x3ffcdfb0 0x4008a921:0x3ffce100 0x400bf6fb:0x3ffce120 0x4002d279:0x3ffce150
00:31:57.005 > 
00:31:57.005 > 
00:31:57.005 > 
00:31:57.005 > 
00:31:57.005 > ELF file SHA256: 1a22b088c
00:31:57.005 > 
00:31:57.005 > Rebooting...
00:31:57.005 > I (32) boot: ESP-IDF 5.4.0 2nd stage bootloader
00:31:57.005 > I (32) boot: compile time Jul  3 2025 00:26:37
00:31:57.005 > D (32) bootloa[37mder_flash: XMC chip detected by RDID (00204016), skip.
00:31:57.005 > D (34) bootloader_flash: mmu set block paddr=0x00000000 (was 0xffffffff)
00:31:57.005 > I (35) boot: chip revision: v0.0
00:31:57.005 > I (35) boot: efuse block revision: v0.2
00:31:57.005 > D (35) boot.esp32s2: magic e9
00:31:57.005 > D (35) boot.esp32s2: segments 04
00:31:57.005 > D (35) boot.esp32s2: spi_mode 02
00:31:57.005 > D (35) boot.esp32s2: spi_speed 0f
00:31:57.005 > D (35) boot.esp32s2: spi_size 02
00:31:57.005 > I (35) boot.esp32s2: SPI Speed      : 80MHz
00:31:57.005 > I (35) boot.esp32s2: SPI Mode       : DIO
00:31:57.005 > I (35) boot.esp32s2: SPI Flash Size : 4MB
00:31:57.005 > D (36) boot: Enabling RTCWDT(9000 ms)
00:31:57.005 > I (36) boot: Enabling RNG early entropy source...
00:31:57.005 > D (36) bootloader_flash: rodata starts from paddr=0x00008000, size=0xc00, will be mapped to vaddr=0x3f000000
00:31:57.005 > V (36) bootloader_flash: after mapping, starting from paddr=0x00000000 and vaddr=0x3f000000, 0x10000 bytes are mapped
00:31:57.005 > D (36) boot: mapped partition table 0x8000 at 0x3f008000
00:31:57.005 > D (36) flash_parts: partition table verified, 5 entries
00:31:57.005 > I (37) boot: Partition Table:
00:31:57.005 > I (37) boot: ## Label            Usage          Typ[37me ST Offset   Length
00:31:57.006 > D (39) boot: load partition table entry 0x3f008000
00:31:57.006 > D (39) boot: type=1 subtype=2
00:31:57.006 > I (39) boot:  0 nvs              WiFi data        01 02 00009000 00004000
00:31:57.006 > D (40) boot: load partition table entry 0x3f008020
00:31:57.006 > D (40) boot: type=1 subtype=1
00:31:57.006 > I (40) boot:  1 phy_init         RF data          01 01 0000d000 00001000
00:31:57.006 > D (41) boot: load partition table entry 0x3f008040
00:31:57.006 > D (42) boot: type=0 subtype=0
00:31:57.006 > I (42) boot:  2 factory          factory app      00 00 00010000 00100000
00:31:57.006 > D (43) boot: load partition table entry 0x3f008060
00:31:57.006 > D (43) boot: type=1 subtype=83
00:31:57.006 > I (43) boot:  3 storage          Unknown data     01 83 00110000 000f0000
00:31:57.006 > I (44) boot: End of partition table
00:31:57.006 > D (44) boot: Trying partition index -1 offs 0x10000 size 0x100000
00:31:57.006 > D (45) esp_image: reading image header @ 0x10000
00:31:57.006 > D (46) bootloader_flash: mmu set block paddr=0x00010000 (was 0xffffffff)
00:31:57.006 > D (47) esp_image: image header: 0xe9 0x06 0x02 0x02 40026a3c
00:31:57.006 > V (47) esp_image: loading segment header 0 at offset 0x10018
00:31:57.006 > V (47) esp_im[37mage: segment data length 0x14da0 data starts 0x10020
00:31:57.006 > V (48) esp_image: MMU page size 0x10000
00:31:57.006 > V (48) esp_image: segment 0 map_segment 1 segment_data_offs 0x10020 load_addr 0x3f000020
00:31:57.006 > I (48) esp_image: segment 0: paddr=00010020 vaddr=3f000020 size=14da0h ( 85408) map
00:31:57.006 > D (49) esp_image: free data page_count 0x00000038
00:31:57.006 > D (49) bootloader_flash: rodata starts from paddr=0x00010020, size=0x14da0, will be mapped to vaddr=0x3f000000
00:31:57.006 > V (49) bootloader_flash: after mapping, starting from paddr=0x00010000 and vaddr=0x3f000000, 0x20000 bytes are mapped
00:31:57.006 > V (66) esp_image: loading segment header 1 at offset 0x24dc0
00:31:57.006 > D (66) bootloader_flash: mmu set block paddr=0x00020000 (was 0xffffffff)
00:31:57.006 > V (67) esp_image: segment data length 0x1c data starts 0x24dc8
00:31:57.006 > V (68) esp_image: MMU page size 0x10000
00:31:57.006 > V (68) esp_image: segment 1 map_segment 0 segment_data_offs 0x24dc8 load_addr 0x3ff9e010
00:31:57.006 > I (68) esp_image: segment 1: paddr=00024dc8 vaddr=3ff9e010 size=0001ch (    28) load
00:31:57.006 > D (69) esp_image: free data page_count 0x00000038
00:31:57.006 > [37mD (69) bootloader_flash: rodata starts from paddr=0x00024dc8, size=0x1c, will be mapped to vaddr=0x3f000000
00:31:57.006 > V (69) bootloader_flash: after mapping, starting from paddr=0x00020000 and vaddr=0x3f000000, 0x10000 bytes are mapped
00:31:57.006 > V (70) esp_image: loading segment header 2 at offset 0x24de4
00:31:57.006 > D (70) bootloader_flash: mmu set block paddr=0x00020000 (was 0xffffffff)
00:31:57.006 > V (71) esp_image: segment data length 0x2ed8 data starts 0x24dec
00:31:57.006 > V (72) esp_image: MMU page size 0x10000
00:31:57.006 > V (72) esp_image: segment 2 map_segment 0 segment_data_offs 0x24dec load_addr 0x3ffc5ad0
00:31:57.006 > I (72) esp_image: segment 2: paddr=00024dec vaddr=3ffc5ad0 size=02ed8h ( 11992) load
00:31:57.006 > D (73) esp_image: free data page_count 0x00000038
00:31:57.006 > D (73) bootloader_flash: rodata starts from paddr=0x00024dec, size=0x2ed8, will be mapped to vaddr=0x3f000000
00:31:57.006 > V (73) bootloader_flash: after mapping, starting from paddr=0x00020000 and vaddr=0x3f000000, 0x10000 bytes are mapped
00:31:57.006 > V (76) esp_image: loading segment header 3 at offset 0x27cc4
00:31:57.006 > D (76) bootloader_flash: mmu s[37met block paddr=0x00020000 (was 0xffffffff)
00:31:57.006 > V (77) esp_image: segment data length 0x834c data starts 0x27ccc
00:31:57.006 > V (78) esp_image: MMU page size 0x10000
00:31:57.006 > V (78) esp_image: segment 3 map_segment 0 segment_data_offs 0x27ccc load_addr 0x40024000
00:31:57.006 > I (80) esp_image: segment 3: paddr=00027ccc vaddr=40024000 size=0834ch ( 33612) load
00:31:57.006 > D (80) esp_image: free data page_count 0x00000038
00:31:57.006 > D (80) bootloader_flash: rodata starts from paddr=0x00027ccc, size=0x834c, will be mapped to vaddr=0x3f000000
00:31:57.006 > V (80) bootloader_flash: after mapping, starting from paddr=0x00020000 and vaddr=0x3f000000, 0x20000 bytes are mapped
00:31:57.006 > V (89) esp_image: loading segment header 4 at offset 0x30018
00:31:57.006 > D (89) bootloader_flash: mmu set block paddr=0x00030000 (was 0xffffffff)
00:31:57.006 > V (90) esp_image: segment data length 0x3fd44 data starts 0x30020
00:31:57.006 > V (91) esp_image: MMU page size 0x10000
00:31:57.006 > V (91) esp_image: segment 4 map_segment 1 segment_data_offs 0x30020 load_addr 0x40080020
00:31:57.006 > I (93) esp_image: segment 4: paddr=00030020 vaddr=40080020 size=3fd44h (261444[37m) map
00:31:57.006 > D (93) esp_image: free data page_count 0x00000038
00:31:57.006 > D (93) bootloader_flash: rodata starts from paddr=0x00030020, size=0x3fd44, will be mapped to vaddr=0x3f000000
00:31:57.006 > V (93) bootloader_flash: after mapping, starting from paddr=0x00030000 and vaddr=0x3f000000, 0x40000 bytes are mapped
00:31:57.006 > V (145) esp_image: loading segment header 5 at offset 0x6fd64
00:31:57.006 > D (145) bootloader_flash: mmu set block paddr=0x00060000 (was 0xffffffff)
00:31:57.006 > V (146) esp_image: segment data length 0x9780 data starts 0x6fd6c
00:31:57.006 > V (147) esp_image: MMU page size 0x10000
00:31:57.006 > V (147) esp_image: segment 5 map_segment 0 segment_data_offs 0x6fd6c load_addr 0x4002c34c
00:31:57.006 > I (147) esp_image: segment 5: paddr=0006fd6c vaddr=4002c34c size=09780h ( 38784) load
00:31:57.006 > D (148) esp_image: free data page_count 0x00000038
00:31:57.006 > D (148) bootloader_flash: rodata starts from paddr=0x0006fd6c, size=0x9780, will be mapped to vaddr=0x3f000000
00:31:57.006 > V (148) bootloader_flash: after mapping, starting from paddr=0x00060000 and vaddr=0x3f000000, 0x20000 bytes are mapped
00:31:57.006 > V (158) esp_image: ima[37mge start 0x00010000 end of last section 0x000794ec
00:31:57.006 > D (159) bootloader_flash: mmu set block paddr=0x00070000 (was 0xffffffff)
00:31:57.006 > I (169) boot: Loaded app from partition at offset 0x10000
00:31:57.006 > I (169) boot: Disabling RNG early entropy source...
00:31:57.006 > D (169) boot: Mapping segment 0 as DROM
00:31:57.006 > D (169) boot: Mapping segment 4 as IROM
00:31:57.006 > D (169) boot: calling set_cache_and_start_app
00:31:57.006 > D (169) boot: configure drom and irom and start
00:31:57.006 > V (169) boot: rodata starts from paddr=0x00010020, vaddr=0x3f000020, size=0x14da0
00:31:57.006 > V (171) boot: after mapping rodata, starting from paddr=0x00010000 and vaddr=0x3f000000, 0x20000 bytes are mapped
00:31:57.006 > V (171) boot: mapped one page of the rodata, from paddr=0x00010000 and vaddr=0x3f3f0000, 0x10000 bytes are mapped
00:31:57.006 > V (171) boot: text starts from paddr=0x00030020, vaddr=0x40080020, size=0x3fd44
00:31:57.006 > V (172) boot: after mapping text, starting from paddr=0x00030000 and vaddr=0x40080000, 0x40000 bytes are mapped
00:31:57.006 > D (173) boot: start: 0x40026a3c
00:31:57.006 > I (195) main_task: Started on CPU0
00:31:57.006 > I (195) main_task: Calling [37mapp_main()
00:31:57.006 > [INFO][MAIN][13ms] START
00:31:57.006 > Guru Meditation Error: Core  0 panic'ed (LoadProhibited). Exception was unhandled.
00:31:57.006 > 
00:31:57.006 > Core  0 register dump:
00:31:57.006 > PC      : 0x400b43ff  PS      : 0x00060930  A0      : 0x800a9ef0  A1      : 0x3ffcdc40  
00:31:57.006 > A2      : 0x3ffce1d0  A3      : 0x00000000  A4      : 0x3ffcdc50  A5      : 0x3ffcdf90  
00:31:57.006 > A6      : 0x3ffcdf70  A7      : 0x00000008  A8      : 0x00000000  A9      : 0x3ffcdc30  
00:31:57.006 > A10     : 0x00000001  A11     : 0x3f012436  A12     : 0x000000ff  A13     : 0x0000ff00  
00:31:57.006 > A14     : 0x00ff0000  A15     : 0xff000000  SAR     : 0x00000004  EXCCAUSE: 0x0000001c  
00:31:57.006 > EXCVADDR: 0x00000064  LBEG    : 0x000000ff  LEND    : 0x0000ff00  LCOUNT  : 0x4002a7e8  
00:31:57.006 > 
00:31:57.006 > 
00:31:57.006 > Backtrace: 0x400b43fc:0x3ffcdc40 0x400a9eed:0x3ffcdf60 0x40089ba2:0x3ffcdfb0 0x4008a921:0x3ffce100 0x400bf6fb:0x3ffce120 0x4002d279:0x3ffce150
00:31:57.006 > 
00:31:57.006 > 
00:31:57.006 > 
00:31:57.006 > 
00:31:57.006 > ELF file SHA256: 1a22b088c
00:31:57.006 > 
00:31:57.006 > Rebooting...
00:31:57.006 > I (32) boot: ESP-IDF 5.4.0 2nd stage bootloader
00:31:57.006 > I (32) boot: compile time Jul  3 2025 00:26:37
00:31:57.006 > D (32) bootloader_flash: XMC chip d[37metected by RDID (00204016), skip.
00:31:57.006 > D (34) bootloader_flash: mmu set block paddr=0x00000000 (was 0xffffffff)
00:31:57.006 > I (35) boot: chip revision: v0.0
00:31:57.006 > I (35) boot: efuse block revision: v0.2
00:31:57.006 > D (35) boot.esp32s2: magic e9
00:31:57.006 > D (35) boot.esp32s2: segments 04
00:31:57.006 > D (35) boot.esp32s2: spi_mode 02
00:31:57.006 > D (35) boot.esp32s2: spi_speed 0f
00:31:57.006 > D (35) boot.esp32s2: spi_size 02
00:31:57.006 > I (35) boot.esp32s2: SPI Speed      : 80MHz
00:31:57.006 > I (35) boot.esp32s2: SPI Mode       : DIO
00:31:57.006 > I (35) boot.esp32s2: SPI Flash Size : 4MB
00:31:57.006 > D (36) boot: Enabling RTCWDT(9000 ms)
00:31:57.006 > I (36) boot: Enabling RNG early entropy source...
00:31:57.006 > D (36) bootloader_flash: rodata starts from paddr=0x00008000, size=0xc00, will be mapped to vaddr=0x3f000000
00:31:57.006 > V (36) bootloader_flash: after mapping, starting from paddr=0x00000000 and vaddr=0x3f000000, 0x10000 bytes are mapped
00:31:57.006 > D (36) boot: mapped partition table 0x8000 at 0x3f008000
00:31:57.006 > D (36) flash_parts: partition table verified, 5 entries
00:31:57.006 > I (37) boot: Partition Table:
00:31:57.006 > I (37) boot: ## Label            Usage          Type ST Offset   Length[37m
00:31:57.006 > D (38) boot: load partition table entry 0x3f008000
00:31:57.006 > D (38) boot: type=1 subtype=2
00:31:57.006 > I (38) boot:  0 nvs              WiFi data        01 02 00009000 00004000
00:31:57.006 > D (39) boot: load partition table entry 0x3f008020
00:31:57.006 > D (39) boot: type=1 subtype=1
00:31:57.006 > I (39) boot:  1 phy_init         RF data          01 01 0000d000 00001000
00:31:57.006 > D (40) boot: load partition table entry 0x3f008040
00:31:57.006 > D (41) boot: type=0 subtype=0
00:31:57.006 > I (41) boot:  2 factory          factory app      00 00 00010000 00100000
00:31:57.006 > D (42) boot: load partition table entry 0x3f008060
00:31:57.006 > D (42) boot: type=1 subtype=83
00:31:57.006 > I (42) boot:  3 storage          Unknown data     01 83 00110000 000f0000
00:31:57.006 > I (43) boot: End of partition table
00:31:57.006 > D (43) boot: Trying partition index -1 offs 0x10000 size 0x100000
00:31:57.006 > D (44) esp_image: reading image header @ 0x10000
00:31:57.006 > D (45) bootloader_flash: mmu set block paddr=0x00010000 (was 0xffffffff)
00:31:57.006 > D (46) esp_image: image header: 0xe9 0x06 0x02 0x02 40026a3c
00:31:57.006 > V (46) esp_image: loading segment header 0 at offset 0x10018
00:31:57.006 > V (46) esp_image: segment data len[37mgth 0x14da0 data starts 0x10020
00:31:57.007 > V (47) esp_image: MMU page size 0x10000
00:31:57.007 > V (47) esp_image: segment 0 map_segment 1 segment_data_offs 0x10020 load_addr 0x3f000020
00:31:57.007 > I (47) esp_image: segment 0: paddr=00010020 vaddr=3f000020 size=14da0h ( 85408) map
00:31:57.007 > D (48) esp_image: free data page_count 0x00000038
00:31:57.007 > D (48) bootloader_flash: rodata starts from paddr=0x00010020, size=0x14da0, will be mapped to vaddr=0x3f000000
00:31:57.007 > V (49) bootloader_flash: after mapping, starting from paddr=0x00010000 and vaddr=0x3f000000, 0x20000 bytes are mapped
00:31:57.007 > V (66) esp_image: loading segment header 1 at offset 0x24dc0
00:31:57.007 > D (66) bootloader_flash: mmu set block paddr=0x00020000 (was 0xffffffff)
00:31:57.007 > V (67) esp_image: segment data length 0x1c data starts 0x24dc8
00:31:57.007 > V (68) esp_image: MMU page size 0x10000
00:31:57.007 > V (68) esp_image: segment 1 map_segment 0 segment_data_offs 0x24dc8 load_addr 0x3ff9e010
00:31:57.007 > I (68) esp_image: segment 1: paddr=00024dc8 vaddr=3ff9e010 size=0001ch (    28) load
00:31:57.007 > D (69) esp_image: free data page_count 0x00000038
00:31:57.007 > D (69) bootloader_fla[37msh: rodata starts from paddr=0x00024dc8, size=0x1c, will be mapped to vaddr=0x3f000000
00:31:57.007 > V (69) bootloader_flash: after mapping, starting from paddr=0x00020000 and vaddr=0x3f000000, 0x10000 bytes are mapped
00:31:57.007 > V (70) esp_image: loading segment header 2 at offset 0x24de4
00:31:57.007 > D (70) bootloader_flash: mmu set block paddr=0x00020000 (was 0xffffffff)
00:31:57.007 > V (71) esp_image: segment data length 0x2ed8 data starts 0x24dec
00:31:57.007 > V (72) esp_image: MMU page size 0x10000
00:31:57.007 > V (72) esp_image: segment 2 map_segment 0 segment_data_offs 0x24dec load_addr 0x3ffc5ad0
00:31:57.007 > I (72) esp_image: segment 2: paddr=00024dec vaddr=3ffc5ad0 size=02ed8h ( 11992) load
00:31:57.007 > D (73) esp_image: free data page_count 0x00000038
00:31:57.007 > D (73) bootloader_flash: rodata starts from paddr=0x00024dec, size=0x2ed8, will be mapped to vaddr=0x3f000000
00:31:57.007 > V (74) bootloader_flash: after mapping, starting from paddr=0x00020000 and vaddr=0x3f000000, 0x10000 bytes are mapped
00:31:57.007 > V (77) esp_image: loading segment header 3 at offset 0x27cc4
00:31:57.007 > D (77) bootloader_flash: mmu set block paddr=0x0002[37m0000 (was 0xffffffff)
00:31:57.007 > V (78) esp_image: segment data length 0x834c data starts 0x27ccc
00:31:57.007 > V (79) esp_image: MMU page size 0x10000
00:31:57.007 > V (79) esp_image: segment 3 map_segment 0 segment_data_offs 0x27ccc load_addr 0x40024000
00:31:57.007 > I (80) esp_image: segment 3: paddr=00027ccc vaddr=40024000 size=0834ch ( 33612) load
00:31:57.007 > D (81) esp_image: free data page_count 0x00000038
00:31:57.007 > D (81) bootloader_flash: rodata starts from paddr=0x00027ccc, size=0x834c, will be mapped to vaddr=0x3f000000
00:31:57.007 > V (81) bootloader_flash: after mapping, starting from paddr=0x00020000 and vaddr=0x3f000000, 0x20000 bytes are mapped
00:31:57.007 > V (90) esp_image: loading segment header 4 at offset 0x30018
00:31:57.007 > D (90) bootloader_flash: mmu set block paddr=0x00030000 (was 0xffffffff)
00:31:57.007 > V (91) esp_image: segment data length 0x3fd44 data starts 0x30020
00:31:57.007 > V (92) esp_image: MMU page size 0x10000
00:31:57.007 > V (92) esp_image: segment 4 map_segment 1 segment_data_offs 0x30020 load_addr 0x40080020
00:31:57.007 > I (93) esp_image: segment 4: paddr=00030020 vaddr=40080020 size=3fd44h (261444) map
00:31:57.007 > D (93) esp_ima[37mge: free data page_count 0x00000038
00:31:57.007 > D (93) bootloader_flash: rodata starts from paddr=0x00030020, size=0x3fd44, will be mapped to vaddr=0x3f000000
00:31:57.007 > V (93) bootloader_flash: after mapping, starting from paddr=0x00030000 and vaddr=0x3f000000, 0x40000 bytes are mapped
00:31:57.007 > V (145) esp_image: loading segment header 5 at offset 0x6fd64
00:31:57.007 > D (145) bootloader_flash: mmu set block paddr=0x00060000 (was 0xffffffff)
00:31:57.007 > V (146) esp_image: segment data length 0x9780 data starts 0x6fd6c
00:31:57.007 > V (147) esp_image: MMU page size 0x10000
00:31:57.007 > V (147) esp_image: segment 5 map_segment 0 segment_data_offs 0x6fd6c load_addr 0x4002c34c
00:31:57.007 > I (147) esp_image: segment 5: paddr=0006fd6c vaddr=4002c34c size=09780h ( 38784) load
00:31:57.007 > D (148) esp_image: free data page_count 0x00000038
00:31:57.007 > D (148) bootloader_flash: rodata starts from paddr=0x0006fd6c, size=0x9780, will be mapped to vaddr=0x3f000000
00:31:57.007 > V (148) bootloader_flash: after mapping, starting from paddr=0x00060000 and vaddr=0x3f000000, 0x20000 bytes are mapped
00:31:57.007 > V (158) esp_image: image start 0x00010000 e[37mnd of last section 0x000794ec
00:31:57.008 > D (159) bootloader_flash: mmu set block paddr=0x00070000 (was 0xffffffff)
00:31:57.008 > I (169) boot: Loaded app from partition at offset 0x10000
00:31:57.008 > I (169) boot: Disabling RNG early entropy source...
00:31:57.008 > D (169) boot: Mapping segment 0 as DROM
00:31:57.008 > D (169) boot: Mapping segment 4 as IROM
00:31:57.008 > D (169) boot: calling set_cache_and_start_app
00:31:57.008 > D (169) boot: configure drom and irom and start
00:31:57.008 > V (169) boot: rodata starts from paddr=0x00010020, vaddr=0x3f000020, size=0x14da0
00:31:57.008 > V (171) boot: after mapping rodata, starting from paddr=0x00010000 and vaddr=0x3f000000, 0x20000 bytes are mapped
00:31:57.008 > V (171) boot: mapped one page of the rodata, from paddr=0x00010000 and vaddr=0x3f3f0000, 0x10000 bytes are mapped
00:31:57.008 > V (171) boot: text starts from paddr=0x00030020, vaddr=0x40080020, size=0x3fd44
00:31:57.008 > V (172) boot: after mapping text, starting from paddr=0x00030000 and vaddr=0x40080000, 0x40000 bytes are mapped
00:31:57.008 > D (173) boot: start: 0x40026a3c
00:31:57.008 > I (195) main_task: Started on CPU0
00:31:57.008 > I (195) main_task: Calling app_main()
00:31:57.008 > [INFO][MA[37mIN][13ms] START
00:31:57.008 > Guru Meditation Error: Core  0 panic'ed (LoadProhibited). Exception was unhandled.
00:31:57.008 > 
00:31:57.008 > Core  0 register dump:
00:31:57.008 > PC      : 0x400b43ff  PS      : 0x00060530  A0      : 0x800a9ef0  A1      : 0x3ffcdc40  
00:31:57.008 > A2      : 0x3ffce1d0  A3      : 0x00000000  A4      : 0x3ffcdc50  A5      : 0x3ffcdf90  
00:31:57.008 > A6      : 0x3ffcdf70  A7      : 0x00000008  A8      : 0x00000000  A9      : 0x3ffcdc30  
00:31:57.008 > A10     : 0x00000001  A11     : 0x3f012436  A12     : 0x000000ff  A13     : 0x0000ff00  
00:31:57.008 > A14     : 0x00ff0000  A15     : 0xff000000  SAR     : 0x00000004  EXCCAUSE: 0x0000001c  
00:31:57.008 > EXCVADDR: 0x00000064  LBEG    : 0x000000ff  LEND    : 0x0000ff00  LCOUNT  : 0x4002a7e8  
00:31:57.008 > 
00:31:57.008 > 
00:31:57.008 > Backtrace: 0x400b43fc:0x3ffcdc40 0x400a9eed:0x3ffcdf60 0x40089ba2:0x3ffcdfb0 0x4008a921:0x3ffce100 0x400bf6fb:0x3ffce120 0x4002d279:0x3ffce150
00:31:57.008 > 
00:31:57.008 > 
00:31:57.008 > 
00:31:57.008 > 
00:31:57.008 > ELF file SHA256: 1a22b088c
00:31:57.008 > 
00:31:57.008 > Rebooting...
00:31:57.008 > I (32) boot: ESP-IDF 5.4.0 2nd stage bootloader
00:31:57.008 > I (32) boot: compile time Jul  3 2025 00:26:37
00:31:57.008 > D (32) bootloader_flash: XMC chip detected by RDID (0020[37m4016), skip.
00:31:57.008 > D (34) bootloader_flash: mmu set block paddr=0x00000000 (was 0xffffffff)
00:31:57.008 > I (35) boot: chip revision: v0.0
00:31:57.008 > I (35) boot: efuse block revision: v0.2
00:31:57.008 > D (35) boot.esp32s2: magic e9
00:31:57.008 > D (35) boot.esp32s2: segments 04
00:31:57.008 > D (35) boot.esp32s2: spi_mode 02
00:31:57.008 > D (35) boot.esp32s2: spi_speed 0f
00:31:57.008 > D (36) boot.esp32s2: spi_size 02
00:31:57.008 > I (36) boot.esp32s2: SPI Speed      : 80MHz
00:31:57.008 > I (36) boot.esp32s2: SPI Mode       : DIO
00:31:57.008 > I (36) boot.esp32s2: SPI Flash Size : 4MB
00:31:57.008 > D (37) boot: Enabling RTCWDT(9000 ms)
00:31:57.008 > I (37) boot: Enabling RNG early entropy source...
00:31:57.008 > D (37) bootloader_flash: rodata starts from paddr=0x00008000, size=0xc00, will be mapped to vaddr=0x3f000000
00:31:57.008 > V (37) bootloader_flash: after mapping, starting from paddr=0x00000000 and vaddr=0x3f000000, 0x10000 bytes are mapped
00:31:57.008 > D (38) boot: mapped partition table 0x8000 at 0x3f008000
00:31:57.008 > D (38) flash_parts: partition table verified, 5 entries
00:31:57.008 > I (39) boot: Partition Table:
00:31:57.008 > I (39) boot: ## Label            Usage          Type ST Offset   Length
00:31:57.008 > D (40) boot: load pa[37mrtition table entry 0x3f008000
00:31:57.009 > D (40) boot: type=1 subtype=2
00:31:57.009 > I (40) boot:  0 nvs              WiFi data        01 02 00009000 00004000
00:31:57.009 > D (41) boot: load partition table entry 0x3f008020
00:31:57.009 > D (41) boot: type=1 subtype=1
00:31:57.009 > I (41) boot:  1 phy_init         RF data          01 01 0000d000 00001000
00:31:57.009 > D (42) boot: load partition table entry 0x3f008040
00:31:57.009 > D (43) boot: type=0 subtype=0
00:31:57.009 > I (43) boot:  2 factory          factory app      00 00 00010000 00100000
00:31:57.009 > D (44) boot: load partition table entry 0x3f008060
00:31:57.009 > D (44) boot: type=1 subtype=83
00:31:57.009 > I (44) boot:  3 storage          Unknown data     01 83 00110000 000f0000
00:31:57.009 > I (45) boot: End of partition table
00:31:57.009 > D (45) boot: Trying partition index -1 offs 0x10000 size 0x100000
00:31:57.009 > D (46) esp_image: reading image header @ 0x10000
00:31:57.009 > D (47) bootloader_flash: mmu set block paddr=0x00010000 (was 0xffffffff)
00:31:57.009 > D (48) esp_image: image header: 0xe9 0x06 0x02 0x02 40026a3c
00:31:57.009 > V (48) esp_image: loading segment header 0 at offset 0x10018
00:31:57.009 > V (48) esp_image: segment data length 0x14da0 data star[37mts 0x10020
00:31:57.009 > V (49) esp_image: MMU page size 0x10000
00:31:57.009 > V (49) esp_image: segment 0 map_segment 1 segment_data_offs 0x10020 load_addr 0x3f000020
00:31:57.009 > I (49) esp_image: segment 0: paddr=00010020 vaddr=3f000020 size=14da0h ( 85408) map
00:31:57.009 > D (50) esp_image: free data page_count 0x00000038
00:31:57.009 > D (50) bootloader_flash: rodata starts from paddr=0x00010020, size=0x14da0, will be mapped to vaddr=0x3f000000
00:31:57.009 > V (50) bootloader_flash: after mapping, starting from paddr=0x00010000 and vaddr=0x3f000000, 0x20000 bytes are mapped
00:31:57.009 > V (68) esp_image: loading segment header 1 at offset 0x24dc0
00:31:57.009 > D (68) bootloader_flash: mmu set block paddr=0x00020000 (was 0xffffffff)
00:31:57.009 > V (69) esp_image: segment data length 0x1c data starts 0x24dc8
00:31:57.009 > V (70) esp_image: MMU page size 0x10000
00:31:57.009 > V (70) esp_image: segment 1 map_segment 0 segment_data_offs 0x24dc8 load_addr 0x3ff9e010
00:31:57.009 > I (70) esp_image: segment 1: paddr=00024dc8 vaddr=3ff9e010 size=0001ch (    28) load
00:31:57.009 > D (71) esp_image: free data page_count 0x00000038
00:31:57.009 > D (71) bootloader_flash: rodata starts fro[37mm paddr=0x00024dc8, size=0x1c, will be mapped to vaddr=0x3f000000
00:31:57.010 > V (71) bootloader_flash: after mapping, starting from paddr=0x00020000 and vaddr=0x3f000000, 0x10000 bytes are mapped
00:31:57.010 > V (72) esp_image: loading segment header 2 at offset 0x24de4
00:31:57.010 > D (72) bootloader_flash: mmu set block paddr=0x00020000 (was 0xffffffff)
00:31:57.010 > V (73) esp_image: segment data length 0x2ed8 data starts 0x24dec
00:31:57.010 > V (74) esp_image: MMU page size 0x10000
00:31:57.010 > V (74) esp_image: segment 2 map_segment 0 segment_data_offs 0x24dec load_addr 0x3ffc5ad0
00:31:57.010 > I (74) esp_image: segment 2: paddr=00024dec vaddr=3ffc5ad0 size=02ed8h ( 11992) load
00:31:57.010 > D (75) esp_image: free data page_count 0x00000038
00:31:57.010 > D (75) bootloader_flash: rodata starts from paddr=0x00024dec, size=0x2ed8, will be mapped to vaddr=0x3f000000
00:31:57.010 > V (75) bootloader_flash: after mapping, starting from paddr=0x00020000 and vaddr=0x3f000000, 0x10000 bytes are mapped
00:31:57.010 > V (78) esp_image: loading segment header 3 at offset 0x27cc4
00:31:57.010 > D (78) bootloader_flash: mmu set block paddr=0x00020000 (was 0xffffffff)[37m
00:31:57.010 > V (79) esp_image: segment data length 0x834c data starts 0x27ccc
00:31:57.010 > V (80) esp_image: MMU page size 0x10000
00:31:57.010 > V (80) esp_image: segment 3 map_segment 0 segment_data_offs 0x27ccc load_addr 0x40024000
00:31:57.010 > I (81) esp_image: segment 3: paddr=00027ccc vaddr=40024000 size=0834ch ( 33612) load
00:31:57.010 > D (81) esp_image: free data page_count 0x00000038
00:31:57.010 > D (81) bootloader_flash: rodata starts from paddr=0x00027ccc, size=0x834c, will be mapped to vaddr=0x3f000000
00:31:57.010 > V (82) bootloader_flash: after mapping, starting from paddr=0x00020000 and vaddr=0x3f000000, 0x20000 bytes are mapped
00:31:57.010 > V (91) esp_image: loading segment header 4 at offset 0x30018
00:31:57.010 > D (91) bootloader_flash: mmu set block paddr=0x00030000 (was 0xffffffff)
00:31:57.010 > V (92) esp_image: segment data length 0x3fd44 data starts 0x30020
00:31:57.010 > V (93) esp_image: MMU page size 0x10000
00:31:57.010 > V (93) esp_image: segment 4 map_segment 1 segment_data_offs 0x30020 load_addr 0x40080020
00:31:57.010 > I (94) esp_image: segment 4: paddr=00030020 vaddr=40080020 size=3fd44h (261444) map
00:31:57.010 > D (94) esp_image: free data page_co[37munt 0x00000038
00:31:57.010 > D (94) bootloader_flash: rodata starts from paddr=0x00030020, size=0x3fd44, will be mapped to vaddr=0x3f000000
00:31:57.010 > V (94) bootloader_flash: after mapping, starting from paddr=0x00030000 and vaddr=0x3f000000, 0x40000 bytes are mapped
00:31:57.010 > V (146) esp_image: loading segment header 5 at offset 0x6fd64
00:31:57.010 > D (146) bootloader_flash: mmu set block paddr=0x00060000 (was 0xffffffff)
00:31:57.010 > V (147) esp_image: segment data length 0x9780 data starts 0x6fd6c
00:31:57.010 > V (148) esp_image: MMU page size 0x10000
00:31:57.010 > V (148) esp_image: segment 5 map_segment 0 segment_data_offs 0x6fd6c load_addr 0x4002c34c
00:31:57.010 > I (149) esp_image: segment 5: paddr=0006fd6c vaddr=4002c34c size=09780h ( 38784) load
00:31:57.010 > D (149) esp_image: free data page_count 0x00000038
00:31:57.010 > D (149) bootloader_flash: rodata starts from paddr=0x0006fd6c, size=0x9780, will be mapped to vaddr=0x3f000000
00:31:57.010 > V (149) bootloader_flash: after mapping, starting from paddr=0x00060000 and vaddr=0x3f000000, 0x20000 bytes are mapped
00:31:57.010 > V (159) esp_image: image start 0x00010000 end of last section 0x[37m000794ec
00:31:57.010 > D (160) bootloader_flash: mmu set block paddr=0x00070000 (was 0xffffffff)
00:31:57.010 > I (170) boot: Loaded app from partition at offset 0x10000
00:31:57.010 > I (170) boot: Disabling RNG early entropy source...
00:31:57.010 > D (170) boot: Mapping segment 0 as DROM
00:31:57.010 > D (170) boot: Mapping segment 4 as IROM
00:31:57.010 > D (170) boot: calling set_cache_and_start_app
00:31:57.010 > D (170) boot: configure drom and irom and start
00:31:57.010 > V (170) boot: rodata starts from paddr=0x00010020, vaddr=0x3f000020, size=0x14da0
00:31:57.010 > V (172) boot: after mapping rodata, starting from paddr=0x00010000 and vaddr=0x3f000000, 0x20000 bytes are mapped
00:31:57.010 > V (172) boot: mapped one page of the rodata, from paddr=0x00010000 and vaddr=0x3f3f0000, 0x10000 bytes are mapped
00:31:57.010 > V (172) boot: text starts from paddr=0x00030020, vaddr=0x40080020, size=0x3fd44
00:31:57.010 > V (173) boot: after mapping text, starting from paddr=0x00030000 and vaddr=0x40080000, 0x40000 bytes are mapped
00:31:57.010 > D (174) boot: start: 0x40026a3c
00:31:57.010 > I (196) main_task: Started on CPU0
00:31:57.010 > I (196) main_task: Calling app_main()
00:31:57.010 > [INFO][MAIN][13ms] START
00:31:57.010 > Guru[37m Meditation Error: Core  0 panic'ed (LoadProhibited). Exception was unhandled.
00:31:57.010 > 
00:31:57.010 > Core  0 register dump:
00:31:57.010 > PC      : 0x400b43ff  PS      : 0x00060930  A0      : 0x800a9ef0  A1      : 0x3ffcdc40  
00:31:57.010 > A2      : 0x3ffce1d0  A3      : 0x00000000  A4      : 0x3ffcdc50  A5      : 0x3ffcdf90  
00:31:57.010 > A6      : 0x3ffcdf70  A7      : 0x00000008  A8      : 0x00000000  A9      : 0x3ffcdc30  
00:31:57.010 > A10     : 0x00000001  A11     : 0x3f012436  A12     : 0x000000ff  A13     : 0x0000ff00  
00:31:57.010 > A14     : 0x00ff0000  A15     : 0xff000000  SAR     : 0x00000004  EXCCAUSE: 0x0000001c  
00:31:57.010 > EXCVADDR: 0x00000064  LBEG    : 0x000000ff  LEND    : 0x0000ff00  LCOUNT  : 0x4002a7e8  
00:31:57.010 > 
00:31:57.010 > 
00:31:57.010 > Backtrace: 0x400b43fc:0x3ffcdc40 0x400a9eed:0x3ffcdf60 0x40089ba2:0x3ffcdfb0 0x4008a921:0x3ffce100 0x400bf6fb:0x3ffce120 0x4002d279:0x3ffce150
00:31:57.010 > 
00:31:57.010 > 
00:31:57.010 > 
00:31:57.010 > 
00:31:57.010 > ELF file SHA256: 1a22b088c
00:31:57.010 > 
00:31:57.010 > ReboRebooting...
00:31:57.010 > I (32) boot: ESP-IDF 5.4.0 2nd stage bootloader
00:31:57.010 > I (32) boot: compile time Jul  3 2025 00:26:37
00:31:57.010 > D (32) bootloader_flash: XMC chip detected by RDID (00204016), skip.
00:31:57.010 > D ([37m34) bootloader_flash: mmu set block paddr=0x00000000 (was 0xffffffff)
00:31:57.011 > I (35) boot: chip revision: v0.0
00:31:57.011 > I (35) boot: efuse block revision: v0.2
00:31:57.011 > D (35) boot.esp32s2: magic e9
00:31:57.011 > D (35) boot.esp32s2: segments 04
00:31:57.011 > D (35) boot.esp32s2: spi_mode 02
00:31:57.011 > D (35) boot.esp32s2: spi_speed 0f
00:31:57.011 > D (35) boot.esp32s2: spi_size 02
00:31:57.011 > I (35) boot.esp32s2: SPI Speed      : 80MHz
00:31:57.011 > I (35) boot.esp32s2: SPI Mode       : DIO
00:31:57.011 > I (36) boot.esp32s2: SPI Flash Size : 4MB
00:31:57.011 > D (37) boot: Enabling RTCWDT(9000 ms)
00:31:57.011 > I (37) boot: Enabling RNG early entropy source...
00:31:57.011 > D (37) bootloader_flash: rodata starts from paddr=0x00008000, size=0xc00, will be mapped to vaddr=0x3f000000
00:31:57.011 > V (37) bootloader_flash: after mapping, starting from paddr=0x00000000 and vaddr=0x3f000000, 0x10000 bytes are mapped
00:31:57.011 > D (37) boot: mapped partition table 0x8000 at 0x3f008000
00:31:57.011 > D (37) flash_parts: partition table verified, 5 entries
00:31:57.011 > I (38) boot: Partition Table:
00:31:57.011 > I (38) boot: ## Label            Usage          Type ST Offset   Length
00:31:57.011 > D (39) boot: load partition table ent[37mry 0x3f008000
00:31:57.011 > D (39) boot: type=1 subtype=2
00:31:57.011 > I (39) boot:  0 nvs              WiFi data        01 02 00009000 00004000
00:31:57.011 > D (40) boot: load partition table entry 0x3f008020
00:31:57.011 > D (40) boot: type=1 subtype=1
00:31:57.011 > I (40) boot:  1 phy_init         RF data          01 01 0000d000 00001000
00:31:57.011 > D (41) boot: load partition table entry 0x3f008040
00:31:57.011 > D (42) boot: type=0 subtype=0
00:31:57.011 > I (42) boot:  2 factory          factory app      00 00 00010000 00100000
00:31:57.011 > D (43) boot: load partition table entry 0x3f008060
00:31:57.011 > D (43) boot: type=1 subtype=83
00:31:57.011 > I (43) boot:  3 storage          Unknown data     01 83 00110000 000f0000
00:31:57.011 > I (44) boot: End of partition table
00:31:57.011 > D (44) boot: Trying partition index -1 offs 0x10000 size 0x100000
00:31:57.011 > D (45) esp_image: reading image header @ 0x10000
00:31:57.011 > D (46) bootloader_flash: mmu set block paddr=0x00010000 (was 0xffffffff)
00:31:57.011 > D (47) esp_image: image header: 0xe9 0x06 0x02 0x02 40026a3c
00:31:57.011 > V (47) esp_image: loading segment header 0 at offset 0x10018
00:31:57.011 > V (47) esp_image: segment data length 0x14da0 data starts 0x10020
00:31:57.011 > V (48[37m) esp_image: MMU page size 0x10000
00:31:57.011 > V (48) esp_image: segment 0 map_segment 1 segment_data_offs 0x10020 load_addr 0x3f000020
00:31:57.011 > I (49) esp_image: segment 0: paddr=00010020 vaddr=3f000020 size=14da0h ( 85408) map
00:31:57.011 > D (50) esp_image: free data page_count 0x00000038
00:31:57.011 > D (50) bootloader_flash: rodata starts from paddr=0x00010020, size=0x14da0, will be mapped to vaddr=0x3f000000
00:31:57.011 > V (50) bootloader_flash: after mapping, starting from paddr=0x00010000 and vaddr=0x3f000000, 0x20000 bytes are mapped
00:31:57.011 > V (67) esp_image: loading segment header 1 at offset 0x24dc0
00:31:57.011 > D (67) bootloader_flash: mmu set block paddr=0x00020000 (was 0xffffffff)
00:31:57.011 > V (68) esp_image: segment data length 0x1c data starts 0x24dc8
00:31:57.011 > V (69) esp_image: MMU page size 0x10000
00:31:57.011 > V (69) esp_image: segment 1 map_segment 0 segment_data_offs 0x24dc8 load_addr 0x3ff9e010
00:31:57.011 > I (69) esp_image: segment 1: paddr=00024dc8 vaddr=3ff9e010 size=0001ch (    28) load
00:31:57.011 > D (70) esp_image: free data page_count 0x00000038
00:31:57.011 > D (70) bootloader_flash: rodata starts from paddr=0x00024dc[37m8, size=0x1c, will be mapped to vaddr=0x3f000000
00:31:57.011 > V (70) bootloader_flash: after mapping, starting from paddr=0x00020000 and vaddr=0x3f000000, 0x10000 bytes are mapped
00:31:57.011 > V (71) esp_image: loading segment header 2 at offset 0x24de4
00:31:57.011 > D (71) bootloader_flash: mmu set block paddr=0x00020000 (was 0xffffffff)
00:31:57.011 > V (72) esp_image: segment data length 0x2ed8 data starts 0x24dec
00:31:57.011 > V (73) esp_image: MMU page size 0x10000
00:31:57.011 > V (73) esp_image: segment 2 map_segment 0 segment_data_offs 0x24dec load_addr 0x3ffc5ad0
00:31:57.011 > I (73) esp_image: segment 2: paddr=00024dec vaddr=3ffc5ad0 size=02ed8h ( 11992) load
00:31:57.011 > D (74) esp_image: free data page_count 0x00000038
00:31:57.011 > D (74) bootloader_flash: rodata starts from paddr=0x00024dec, size=0x2ed8, will be mapped to vaddr=0x3f000000
00:31:57.011 > V (74) bootloader_flash: after mapping, starting from paddr=0x00020000 and vaddr=0x3f000000, 0x10000 bytes are mapped
00:31:57.011 > V (77) esp_image: loading segment header 3 at offset 0x27cc4
00:31:57.011 > D (77) bootloader_flash: mmu set block paddr=0x00020000 (was 0xffffffff)
00:31:57.011 > V (78) esp_imag[37me: segment data length 0x834c data starts 0x27ccc
00:31:57.011 > V (79) esp_image: MMU page size 0x10000
00:31:57.011 > V (79) esp_image: segment 3 map_segment 0 segment_data_offs 0x27ccc load_addr 0x40024000
00:31:57.011 > I (80) esp_image: segment 3: paddr=00027ccc vaddr=40024000 size=0834ch ( 33612) load
00:31:57.011 > D (80) esp_image: free data page_count 0x00000038
00:31:57.011 > D (80) bootloader_flash: rodata starts from paddr=0x00027ccc, size=0x834c, will be mapped to vaddr=0x3f000000
00:31:57.011 > V (80) bootloader_flash: after mapping, starting from paddr=0x00020000 and vaddr=0x3f000000, 0x20000 bytes are mapped
00:31:57.011 > V (90) esp_image: loading segment header 4 at offset 0x30018
00:31:57.011 > D (90) bootloader_flash: mmu set block paddr=0x00030000 (was 0xffffffff)
00:31:57.011 > V (91) esp_image: segment data length 0x3fd44 data starts 0x30020
00:31:57.011 > V (92) esp_image: MMU page size 0x10000
00:31:57.011 > V (93) esp_image: segment 4 map_segment 1 segment_data_offs 0x30020 load_addr 0x40080020
00:31:57.011 > I (94) esp_image: segment 4: paddr=00030020 vaddr=40080020 size=3fd44h (261444) map
00:31:57.011 > D (94) esp_image: free data page_count 0x00000038
00:31:57.011 > D[37m (94) bootloader_flash: rodata starts from paddr=0x00030020, size=0x3fd44, will be mapped to vaddr=0x3f000000
00:31:57.011 > V (94) bootloader_flash: after mapping, starting from paddr=0x00030000 and vaddr=0x3f000000, 0x40000 bytes are mapped
00:31:57.011 > V (146) esp_image: loading segment header 5 at offset 0x6fd64
00:31:57.011 > D (146) bootloader_flash: mmu set block paddr=0x00060000 (was 0xffffffff)
00:31:57.011 > V (147) esp_image: segment data length 0x9780 data starts 0x6fd6c
00:31:57.011 > V (148) esp_image: MMU page size 0x10000
00:31:57.011 > V (148) esp_image: segment 5 map_segment 0 segment_data_offs 0x6fd6c load_addr 0x4002c34c
00:31:57.011 > I (149) esp_image: segment 5: paddr=0006fd6c vaddr=4002c34c size=09780h ( 38784) load
00:31:57.011 > D (149) esp_image: free data page_count 0x00000038
00:31:57.011 > D (149) bootloader_flash: rodata starts from paddr=0x0006fd6c, size=0x9780, will be mapped to vaddr=0x3f000000
00:31:57.011 > V (149) bootloader_flash: after mapping, starting from paddr=0x00060000 and vaddr=0x3f000000, 0x20000 bytes are mapped
00:31:57.011 > V (159) esp_image: image start 0x00010000 end of last section 0x000794ec
00:31:57.011 > D (160)[37m bootloader_flash: mmu set block paddr=0x00070000 (was 0xffffffff)
00:31:57.011 > I (170) boot: Loaded app from partition at offset 0x10000
00:31:57.011 > I (170) boot: Disabling RNG early entropy source...
00:31:57.011 > D (170) boot: Mapping segment 0 as DROM
00:31:57.011 > D (170) boot: Mapping segment 4 as IROM
00:31:57.011 > D (170) boot: calling set_cache_and_start_app
00:31:57.011 > D (170) boot: configure drom and irom and start
00:31:57.011 > V (170) boot: rodata starts from paddr=0x00010020, vaddr=0x3f000020, size=0x14da0
00:31:57.011 > V (172) boot: after mapping rodata, starting from paddr=0x00010000 and vaddr=0x3f000000, 0x20000 bytes are mapped
00:31:57.011 > V (172) boot: mapped one page of the rodata, from paddr=0x00010000 and vaddr=0x3f3f0000, 0x10000 bytes are mapped
00:31:57.011 > V (172) boot: text starts from paddr=0x00030020, vaddr=0x40080020, size=0x3fd44
00:31:57.011 > V (173) boot: after mapping text, starting from paddr=0x00030000 and vaddr=0x40080000, 0x40000 bytes are mapped
00:31:57.011 > D (174) boot: start: 0x40026a3c
00:31:57.011 > I (196) main_task: Started on CPU0
00:31:57.011 > I (196) main_task: Calling app_main()
00:31:57.011 > [INFO][MAIN][13ms] START
00:31:57.011 > Guru Meditation Error[37m: Core  0 panic'ed (LoadProhibited). Exception was unhandled.
00:31:57.011 > 
00:31:57.011 > Core  0 register dump:
00:31:57.011 > PC      : 0x400b43ff  PS      : 0x00060930  A0      : 0x800a9ef0  A1      : 0x3ffcdc40  
00:31:57.011 > A2      : 0x3ffce1d0  A3      : 0x00000000  A4      : 0x3ffcdc50  A5      : 0x3ffcdf90  
00:31:57.011 > A6      : 0x3ffcdf70  A7      : 0x00000008  A8      : 0x00000000  A9      : 0x3ffcdc30  
00:31:57.011 > A10     : 0x00000001  A11     : 0x3f012436  A12     : 0x000000ff  A13     : 0x0000ff00  
00:31:57.011 > A14     : 0x00ff0000  A15     : 0xff000000  SAR     : 0x00000004  EXCCAUSE: 0x0000001c  
00:31:57.011 > EXCVADDR: 0x00000064  LBEG    : 0x000000ff  LEND    : 0x0000ff00  LCOUNT  : 0x4002a7e8  
00:31:57.011 > 
00:31:57.011 > 
00:31:57.011 > Backtrace: 0x400b43fc:0x3ffcdc40 0x400a9eed:0x3ffcdf60 0x40089ba2:0x3ffcdfb0 0x4008a921:0x3ffce100 0x400bf6fb:0x3ffce120 0x4002d279:0x3ffce150
00:31:57.011 > 
00:31:57.011 > 
00:31:57.011 > 
00:31:57.011 > 
00:31:57.011 > ELF file SHA256: 1a22b088c
00:31:57.011 > 
00:31:57.011 > Rebooting...
00:31:57.011 > I (32) boot: ESP-IDF 5.4.0 2nd stage bootloader
00:31:57.011 > I (32) boot: compile time Jul  3 2025 00:26:37
00:31:57.011 > D (32) bootloader_flash: XMC chip detected by RDID (00204016), skip.
00:31:57.011 > D (34) bootloader_flash:[37m mmu set block paddr=0x00000000 (was 0xffffffff)
00:31:57.011 > I (35) boot: chip revision: v0.0
00:31:57.011 > I (35) boot: efuse block revision: v0.2
00:31:57.011 > D (35) boot.esp32s2: magic e9
00:31:57.011 > D (35) boot.esp32s2: segments 04
00:31:57.011 > D (35) boot.esp32s2: spi_mode 02
00:31:57.011 > D (35) boot.esp32s2: spi_speed 0f
00:31:57.011 > D (35) boot.esp32s2: spi_size 02
00:31:57.011 > I (35) boot.esp32s2: SPI Speed      : 80MHz
00:31:57.011 > I (35) boot.esp32s2: SPI Mode       : DIO
00:31:57.011 > I (35) boot.esp32s2: SPI Flash Size : 4MB
00:31:57.011 > D (36) boot: Enabling RTCWDT(9000 ms)
00:31:57.011 > I (36) boot: Enabling RNG early entropy source...
00:31:57.011 > D (36) bootloader_flash: rodata starts from paddr=0x00008000, size=0xc00, will be mapped to vaddr=0x3f000000
00:31:57.011 > V (36) bootloader_flash: after mapping, starting from paddr=0x00000000 and vaddr=0x3f000000, 0x10000 bytes are mapped
00:31:57.011 > D (36) boot: mapped partition table 0x8000 at 0x3f008000
00:31:57.011 > D (36) flash_parts: partition table verified, 5 entries
00:31:57.011 > I (37) boot: Partition Table:
00:31:57.011 > I (37) boot: ## Label            Usage          Type ST Offset   Length
00:31:57.011 > D (38) boot: load partition table entry 0x3f008000
00:31:57.011 > D (38)[37m boot: type=1 subtype=2
00:31:57.011 > I (38) boot:  0 nvs              WiFi data        01 02 00009000 00004000
00:31:57.011 > D (39) boot: load partition table entry 0x3f008020
00:31:57.011 > D (39) boot: type=1 subtype=1
00:31:57.011 > I (39) boot:  1 phy_init         RF data          01 01 0000d000 00001000
00:31:57.011 > D (40) boot: load partition table entry 0x3f008040
00:31:57.011 > D (41) boot: type=0 subtype=0
00:31:57.011 > I (41) boot:  2 factory          factory app      00 00 00010000 00100000
00:31:57.011 > D (42) boot: load partition table entry 0x3f008060
00:31:57.011 > D (42) boot: type=1 subtype=83
00:31:57.011 > I (42) boot:  3 storage          Unknown data     01 83 00110000 000f0000
00:31:57.011 > I (43) boot: End of partition table
00:31:57.011 > D (43) boot: Trying partition index -1 offs 0x10000 size 0x100000
00:31:57.011 > D (44) esp_image: reading image header @ 0x10000
00:31:57.011 > D (45) bootloader_flash: mmu set block paddr=0x00010000 (was 0xffffffff)
00:31:57.011 > D (46) esp_image: image header: 0xe9 0x06 0x02 0x02 40026a3c
00:31:57.011 > V (46) esp_image: loading segment header 0 at offset 0x10018
00:31:57.011 > V (46) esp_image: segment data length 0x14da0 data starts 0x10020
00:31:57.011 > V (47) esp_image: MMU page[37m size 0x10000
00:31:57.011 > V (47) esp_image: segment 0 map_segment 1 segment_data_offs 0x10020 load_addr 0x3f000020
00:31:57.011 > I (48) esp_image: segment 0: paddr=00010020 vaddr=3f000020 size=14da0h ( 85408) map
00:31:57.011 > D (49) esp_image: free data page_count 0x00000038
00:31:57.011 > D (49) bootloader_flash: rodata starts from paddr=0x00010020, size=0x14da0, will be mapped to vaddr=0x3f000000
00:31:57.011 > V (49) bootloader_flash: after mapping, starting from paddr=0x00010000 and vaddr=0x3f000000, 0x20000 bytes are mapped
00:31:57.011 > V (66) esp_image: loading segment header 1 at offset 0x24dc0
00:31:57.011 > D (66) bootloader_flash: mmu set block paddr=0x00020000 (was 0xffffffff)
00:31:57.011 > V (67) esp_image: segment data length 0x1c data starts 0x24dc8
00:31:57.011 > V (68) esp_image: MMU page size 0x10000
00:31:57.011 > V (68) esp_image: segment 1 map_segment 0 segment_data_offs 0x24dc8 load_addr 0x3ff9e010
00:31:57.011 > I (68) esp_image: segment 1: paddr=00024dc8 vaddr=3ff9e010 size=0001ch (    28) load
00:31:57.011 > D (69) esp_image: free data page_count 0x00000038
00:31:57.011 > D (69) bootloader_flash: rodata starts from paddr=0x00024dc8, size=0x1c, will be[37m mapped to vaddr=0x3f000000
00:31:57.011 > V (69) bootloader_flash: after mapping, starting from paddr=0x00020000 and vaddr=0x3f000000, 0x10000 bytes are mapped
00:31:57.011 > V (70) esp_image: loading segment header 2 at offset 0x24de4
00:31:57.011 > D (70) bootloader_flash: mmu set block paddr=0x00020000 (was 0xffffffff)
00:31:57.011 > V (71) esp_image: segment data length 0x2ed8 data starts 0x24dec
00:31:57.011 > V (72) esp_image: MMU page size 0x10000
00:31:57.011 > V (72) esp_image: segment 2 map_segment 0 segment_data_offs 0x24dec load_addr 0x3ffc5ad0
00:31:57.011 > I (72) esp_image: segment 2: paddr=00024dec vaddr=3ffc5ad0 size=02ed8h ( 11992) load
00:31:57.011 > D (73) esp_image: free data page_count 0x00000038
00:31:57.011 > D (74) bootloader_flash: rodata starts from paddr=0x00024dec, size=0x2ed8, will be mapped to vaddr=0x3f000000
00:31:57.011 > V (74) bootloader_flash: after mapping, starting from paddr=0x00020000 and vaddr=0x3f000000, 0x10000 bytes are mapped
00:31:57.011 > V (77) esp_image: loading segment header 3 at offset 0x27cc4
00:31:57.011 > D (77) bootloader_flash: mmu set block paddr=0x00020000 (was 0xffffffff)
00:31:57.011 > V (78) esp_image: segment data lengt[37mh 0x834c data starts 0x27ccc
00:31:57.011 > V (79) esp_image: MMU page size 0x10000
00:31:57.011 > V (79) esp_image: segment 3 map_segment 0 segment_data_offs 0x27ccc load_addr 0x40024000
00:31:57.011 > I (81) esp_image: segment 3: paddr=00027ccc vaddr=40024000 size=0834ch ( 33612) load
00:31:57.011 > D (81) esp_image: free data page_count 0x00000038
00:31:57.011 > D (81) bootloader_flash: rodata starts from paddr=0x00027ccc, size=0x834c, will be mapped to vaddr=0x3f000000
00:31:57.011 > V (81) bootloader_flash: after mapping, starting from paddr=0x00020000 and vaddr=0x3f000000, 0x20000 bytes are mapped
00:31:57.011 > V (90) esp_image: loading segment header 4 at offset 0x30018
00:31:57.011 > D (90) bootloader_flash: mmu set block paddr=0x00030000 (was 0xffffffff)
00:31:57.011 > V (91) esp_image: segment data length 0x3fd44 data starts 0x30020
00:31:57.011 > V (92) esp_image: MMU page size 0x10000
00:31:57.011 > V (92) esp_image: segment 4 map_segment 1 segment_data_offs 0x30020 load_addr 0x40080020
00:31:57.011 > I (93) esp_image: segment 4: paddr=00030020 vaddr=40080020 size=3fd44h (261444) map
00:31:57.011 > D (93) esp_image: free data page_count 0x00000038
00:31:57.011 > D (93) bootloader_flas[37mh: rodata starts from paddr=0x00030020, size=0x3fd44, will be mapped to vaddr=0x3f000000
00:31:57.011 > V (93) bootloader_flash: after mapping, starting from paddr=0x00030000 and vaddr=0x3f000000, 0x40000 bytes are mapped
00:31:57.011 > V (145) esp_image: loading segment header 5 at offset 0x6fd64
00:31:57.011 > D (145) bootloader_flash: mmu set block paddr=0x00060000 (was 0xffffffff)
00:31:57.011 > V (146) esp_image: segment data length 0x9780 data starts 0x6fd6c
00:31:57.011 > V (147) esp_image: MMU page size 0x10000
00:31:57.011 > V (147) esp_image: segment 5 map_segment 0 segment_data_offs 0x6fd6c load_addr 0x4002c34c
00:31:57.011 > I (147) esp_image: segment 5: paddr=0006fd6c vaddr=4002c34c size=09780h ( 38784) load
00:31:57.011 > D (149) esp_image: free data page_count 0x00000038
00:31:57.011 > D (149) bootloader_flash: rodata starts from paddr=0x0006fd6c, size=0x9780, will be mapped to vaddr=0x3f000000
00:31:57.011 > V (149) bootloader_flash: after mapping, starting from paddr=0x00060000 and vaddr=0x3f000000, 0x20000 bytes are mapped
00:31:57.011 > V (159) esp_image: image start 0x00010000 end of last section 0x000794ec
00:31:57.011 > D (160) bootloader_flash: mm[37mu set block paddr=0x00070000 (was 0xffffffff)
00:31:57.011 > I (170) boot: Loaded app from partition at offset 0x10000
00:31:57.011 > I (170) boot: Disabling RNG early entropy source...
00:31:57.011 > D (170) boot: Mapping segment 0 as DROM
00:31:57.011 > D (170) boot: Mapping segment 4 as IROM
00:31:57.011 > D (170) boot: calling set_cache_and_start_app
00:31:57.011 > D (170) boot: configure drom and irom and start
00:31:57.011 > V (170) boot: rodata starts from paddr=0x00010020, vaddr=0x3f000020, size=0x14da0
00:31:57.011 > V (172) boot: after mapping rodata, starting from paddr=0x00010000 and vaddr=0x3f000000, 0x20000 bytes are mapped
00:31:57.011 > V (172) boot: mapped one page of the rodata, from paddr=0x00010000 and vaddr=0x3f3f0000, 0x10000 bytes are mapped
00:31:57.011 > V (172) boot: text starts from paddr=0x00030020, vaddr=0x40080020, size=0x3fd44
00:31:57.011 > V (173) boot: after mapping text, starting from paddr=0x00030000 and vaddr=0x40080000, 0x40000 bytes are mapped
00:31:57.011 > D (174) boot: start: 0x40026a3c
00:31:57.011 > I (196) main_task: Started on CPU0
00:31:57.011 > I (196) main_task: Calling app_main()
00:31:57.011 > [INFO][MAIN][13ms] START
00:31:57.011 > Guru Meditation Error: Core  0 panic'ed (L[37moadProhibited). Exception was unhandled.
00:31:57.011 > 
00:31:57.011 > Core  0 register dump:
00:31:57.011 > PC      : 0x400b43ff  PS      : 0x00060930  A0      : 0x800a9ef0  A1      : 0x3ffcdc40  
00:31:57.011 > A2      : 0x3ffce1d0  A3      : 0x00000000  A4      : 0x3ffcdc50  A5      : 0x3ffcdf90  
00:31:57.011 > A6      : 0x3ffcdf70  A7      : 0x00000008  A8      : 0x00000000  A9      : 0x3ffcdc30  
00:31:57.011 > A10     : 0x00000001  A11     : 0x3f012436  A12     : 0x000000ff  A13     : 0x0000ff00  
00:31:57.011 > A14     : 0x00ff0000  A15     : 0xff000000  SAR     : 0x00000004  EXCCAUSE: 0x0000001c  
00:31:57.011 > EXCVADDR: 0x00000064  LBEG    : 0x000000ff  LEND    : 0x0000ff00  LCOUNT  : 0x4002a7e8  
00:31:57.011 > 
00:31:57.011 > 
00:31:57.011 > Backtrace: 0x400b43fc:0x3ffcdc40 0x400a9eed:0x3ffcdf60 0x40089ba2:0x3ffcdfb0 0x4008a921:0x3ffce100 0x400bf6fb:0x3ffce120 0x4002d279:0x3ffce150
00:31:57.011 > 
00:31:57.011 > 
00:31:57.011 > 
00:31:57.011 > 
00:31:57.011 > ELF file SHA256: 1a22b088c
00:31:57.011 > 
00:31:57.011 > Rebooting...
00:31:57.011 > I (32) boot: ESP-IDF 5.4.0 2nd stage bootloader
00:31:57.011 > I (32) boot: compile time Jul  3 2025 00:26:37
00:31:57.011 > D (32) bootloader_flash: XMC chip detected by RDID (00204016), skip.
00:31:57.011 > D (34) bootloader_flash: mmu set block paddr=[37m0x00000000 (was 0xffffffff)
00:31:57.011 > I (35) boot: chip revision: v0.0
00:31:57.011 > I (35) boot: efuse block revision: v0.2
00:31:57.011 > D (35) boot.esp32s2: magic e9
00:31:57.011 > D (35) boot.esp32s2: segments 04
00:31:57.011 > D (35) boot.esp32s2: spi_mode 02
00:31:57.011 > D (35) boot.esp32s2: spi_speed 0f
00:31:57.011 > D (35) boot.esp32s2: spi_size 02
00:31:57.011 > I (35) boot.esp32s2: SPI Speed      : 80MHz
00:31:57.011 > I (35) boot.esp32s2: SPI Mode       : DIO
00:31:57.011 > I (35) boot.esp32s2: SPI Flash Size : 4MB
00:31:57.011 > D (36) boot: Enabling RTCWDT(9000 ms)
00:31:57.011 > I (36) boot: Enabling RNG early entropy source...
00:31:57.011 > D (36) bootloader_flash: rodata starts from paddr=0x00008000, size=0xc00, will be mapped to vaddr=0x3f000000
00:31:57.011 > V (36) bootloader_flash: after mapping, starting from paddr=0x00000000 and vaddr=0x3f000000, 0x10000 bytes are mapped
00:31:57.011 > D (36) boot: mapped partition table 0x8000 at 0x3f008000
00:31:57.011 > D (36) flash_parts: partition table verified, 5 entries
00:31:57.011 > I (37) boot: Partition Table:
00:31:57.011 > I (37) boot: ## Label            Usage          Type ST Offset   Length
00:31:57.011 > D (38) boot: load partition table entry 0x3f008000
00:31:57.011 > D (38) boot: type=1 subtype[37m=2
00:31:57.012 > I (38) boot:  0 nvs              WiFi data        01 02 00009000 00004000
00:31:57.012 > D (39) boot: load partition table entry 0x3f008020
00:31:57.012 > D (39) boot: type=1 subtype=1
00:31:57.012 > I (39) boot:  1 phy_init         RF data          01 01 0000d000 00001000
00:31:57.012 > D (40) boot: load partition table entry 0x3f008040
00:31:57.012 > D (41) boot: type=0 subtype=0
00:31:57.012 > I (41) boot:  2 factory          factory app      00 00 00010000 00100000
00:31:57.012 > D (42) boot: load partition table entry 0x3f008060
00:31:57.012 > D (42) boot: type=1 subtype=83
00:31:57.012 > I (43) boot:  3 storage          Unknown data     01 83 00110000 000f0000
00:31:57.012 > I (44) boot: End of partition table
00:31:57.012 > D (44) boot: Trying partition index -1 offs 0x10000 size 0x100000
00:31:57.012 > D (45) esp_image: reading image header @ 0x10000
00:31:57.012 > D (46) bootloader_flash: mmu set block paddr=0x00010000 (was 0xffffffff)
00:31:57.012 > D (47) esp_image: image header: 0xe9 0x06 0x02 0x02 40026a3c
00:31:57.012 > V (47) esp_image: loading segment header 0 at offset 0x10018
00:31:57.012 > V (48) esp_image: segment data length 0x14da0 data starts 0x10020
00:31:57.012 > V (49) esp_image: MMU page size 0x10000
00:31:57.012 > V (49)[37m esp_image: segment 0 map_segment 1 segment_data_offs 0x10020 load_addr 0x3f000020
00:31:57.012 > I (49) esp_image: segment 0: paddr=00010020 vaddr=3f000020 size=14da0h ( 85408) map
00:31:57.012 > D (50) esp_image: free data page_count 0x00000038
00:31:57.012 > D (50) bootloader_flash: rodata starts from paddr=0x00010020, size=0x14da0, will be mapped to vaddr=0x3f000000
00:31:57.012 > V (51) bootloader_flash: after mapping, starting from paddr=0x00010000 and vaddr=0x3f000000, 0x20000 bytes are mapped
00:31:57.012 > V (68) esp_image: loading segment header 1 at offset 0x24dc0
00:31:57.012 > D (68) bootloader_flash: mmu set block paddr=0x00020000 (was 0xffffffff)
00:31:57.012 > V (69) esp_image: segment data length 0x1c data starts 0x24dc8
00:31:57.012 > V (70) esp_image: MMU page size 0x10000
00:31:57.012 > V (70) esp_image: segment 1 map_segment 0 segment_data_offs 0x24dc8 load_addr 0x3ff9e010
00:31:57.012 > I (70) esp_image: segment 1: paddr=00024dc8 vaddr=3ff9e010 size=0001ch (    28) load
00:31:57.012 > D (71) esp_image: free data page_count 0x00000038
00:31:57.012 > D (71) bootloader_flash: rodata starts from paddr=0x00024dc8, size=0x1c, will be mapped to vaddr=0x3f[37m000000
00:31:57.012 > V (71) bootloader_flash: after mapping, starting from paddr=0x00020000 and vaddr=0x3f000000, 0x10000 bytes are mapped
00:31:57.012 > V (72) esp_image: loading segment header 2 at offset 0x24de4
00:31:57.012 > D (72) bootloader_flash: mmu set block paddr=0x00020000 (was 0xffffffff)
00:31:57.012 > V (73) esp_image: segment data length 0x2ed8 data starts 0x24dec
00:31:57.012 > V (74) esp_image: MMU page size 0x10000
00:31:57.012 > V (74) esp_image: segment 2 map_segment 0 segment_data_offs 0x24dec load_addr 0x3ffc5ad0
00:31:57.012 > I (74) esp_image: segment 2: paddr=00024dec vaddr=3ffc5ad0 size=02ed8h ( 11992) load
00:31:57.012 > D (75) esp_image: free data page_count 0x00000038
00:31:57.012 > D (75) bootloader_flash: rodata starts from paddr=0x00024dec, size=0x2ed8, will be mapped to vaddr=0x3f000000
00:31:57.012 > V (75) bootloader_flash: after mapping, starting from paddr=0x00020000 and vaddr=0x3f000000, 0x10000 bytes are mapped
00:31:57.012 > V (78) esp_image: loading segment header 3 at offset 0x27cc4
00:31:57.012 > D (78) bootloader_flash: mmu set block paddr=0x00020000 (was 0xffffffff)
00:31:57.012 > V (79) esp_image: segment data length 0x834c data starts [37m0x27ccc
00:31:57.012 > V (80) esp_image: MMU page size 0x10000
00:31:57.012 > V (80) esp_image: segment 3 map_segment 0 segment_data_offs 0x27ccc load_addr 0x40024000
00:31:57.012 > I (81) esp_image: segment 3: paddr=00027ccc vaddr=40024000 size=0834ch ( 33612) load
00:31:57.012 > D (81) esp_image: free data page_count 0x00000038
00:31:57.012 > D (81) bootloader_flash: rodata starts from paddr=0x00027ccc, size=0x834c, will be mapped to vaddr=0x3f000000
00:31:57.012 > V (81) bootloader_flash: after mapping, starting from paddr=0x00020000 and vaddr=0x3f000000, 0x20000 bytes are mapped
00:31:57.012 > V (90) esp_image: loading segment header 4 at offset 0x30018
00:31:57.012 > D (90) bootloader_flash: mmu set block paddr=0x00030000 (was 0xffffffff)
00:31:57.012 > V (91) esp_image: segment data length 0x3fd44 data starts 0x30020
00:31:57.012 > V (92) esp_image: MMU page size 0x10000
00:31:57.012 > V (92) esp_image: segment 4 map_segment 1 segment_data_offs 0x30020 load_addr 0x40080020
00:31:57.012 > I (93) esp_image: segment 4: paddr=00030020 vaddr=40080020 size=3fd44h (261444) map
00:31:57.012 > D (93) esp_image: free data page_count 0x00000038
00:31:57.012 > D (94) bootloader_flash: rodata starts from[37m paddr=0x00030020, size=0x3fd44, will be mapped to vaddr=0x3f000000
00:31:57.012 > V (94) bootloader_flash: after mapping, starting from paddr=0x00030000 and vaddr=0x3f000000, 0x40000 bytes are mapped
00:31:57.012 > V (146) esp_image: loading segment header 5 at offset 0x6fd64
00:31:57.012 > D (146) bootloader_flash: mmu set block paddr=0x00060000 (was 0xffffffff)
00:31:57.012 > V (147) esp_image: segment data length 0x9780 data starts 0x6fd6c
00:31:57.012 > V (148) esp_image: MMU page size 0x10000
00:31:57.012 > V (148) esp_image: segment 5 map_segment 0 segment_data_offs 0x6fd6c load_addr 0x4002c34c
00:31:57.012 > I (149) esp_image: segment 5: paddr=0006fd6c vaddr=4002c34c size=09780h ( 38784) load
00:31:57.012 > D (149) esp_image: free data page_count 0x00000038
00:31:57.012 > D (149) bootloader_flash: rodata starts from paddr=0x0006fd6c, size=0x9780, will be mapped to vaddr=0x3f000000
00:31:57.012 > V (149) bootloader_flash: after mapping, starting from paddr=0x00060000 and vaddr=0x3f000000, 0x20000 bytes are mapped
00:31:57.012 > V (159) esp_image: image start 0x00010000 end of last section 0x000794ec
00:31:57.012 > D (160) bootloader_flash: mmu set block paddr=0x0[37m0070000 (was 0xffffffff)
00:31:57.012 > I (170) boot: Loaded app from partition at offset 0x10000
00:31:57.012 > I (170) boot: Disabling RNG early entropy source...
00:31:57.012 > D (170) boot: Mapping segment 0 as DROM
00:31:57.012 > D (170) boot: Mapping segment 4 as IROM
00:31:57.012 > D (170) boot: calling set_cache_and_start_app
00:31:57.012 > D (170) boot: configure drom and irom and start
00:31:57.012 > V (170) boot: rodata starts from paddr=0x00010020, vaddr=0x3f000020, size=0x14da0
00:31:57.012 > V (172) boot: after mapping rodata, starting from paddr=0x00010000 and vaddr=0x3f000000, 0x20000 bytes are mapped
00:31:57.012 > V (172) boot: mapped one page of the rodata, from paddr=0x00010000 and vaddr=0x3f3f0000, 0x10000 bytes are mapped
00:31:57.012 > V (172) boot: text starts from paddr=0x00030020, vaddr=0x40080020, size=0x3fd44
00:31:57.012 > V (173) boot: after mapping text, starting from paddr=0x00030000 and vaddr=0x40080000, 0x40000 bytes are mapped
00:31:57.012 > D (174) boot: start: 0x40026a3c
00:31:57.012 > I (196) main_task: Started on CPU0
00:31:57.012 > I (196) main_task: Calling app_main()
00:31:57.012 > [INFO][MAIN][13ms] START
00:31:57.012 > Guru Meditation Error: Core  0 panic'ed (LoadProhibited). Excep[37mtion was unhandled.
00:31:57.012 > 
00:31:57.012 > Core  0 register dump:
00:31:57.012 > PC      : 0x400b43ff  PS      : 0x00060530  A0      : 0x800a9ef0  A1      : 0x3ffcdc40  
00:31:57.012 > A2      : 0x3ffce1d0  A3      : 0x00000000  A4      : 0x3ffcdc50  A5      : 0x3ffcdf90  
00:31:57.012 > A6      : 0x3ffcdf70  A7      : 0x00000008  A8      : 0x00000000  A9      : 0x3ffcdc30  
00:31:57.012 > A10     : 0x00000001  A11     : 0x3f012436  A12     : 0x000000ff  A13     : 0x0000ff00  
00:31:57.012 > A14     : 0x00ff0000  A15     : 0xff000000  SAR     : 0x00000004  EXCCAUSE: 0x0000001c  
00:31:57.012 > EXCVADDR: 0x00000064  LBEG    : 0x000000ff  LEND    : 0x0000ff00  LCOUNT  : 0x4002a7e8  
00:31:57.012 > 
00:31:57.012 > 
00:31:57.012 > Backtrace: 0x400b43fc:0x3ffcdc40 0x400a9eed:0x3ffcdf60 0x40089ba2:0x3ffcdfb0 0x4008a921:0x3ffce100 0x400bf6fb:0x3ffce120 0x4002d279:0x3ffce150
00:31:57.012 > 
00:31:57.012 > 
00:31:57.012 > 
00:31:57.012 > 
00:31:57.012 > ELF file SHA256: 1a22b088c
00:31:57.012 > 
00:31:57.012 > Rebooting...
00:31:57.012 > I (32) boot: ESP-IDF 5.4.0 2nd stage bootloader
00:31:57.012 > I (32) boot: compile time Jul  3 2025 00:26:37
00:31:57.012 > D (32) bootloader_flash: XMC chip detected by RDID (00204016), skip.
00:31:57.012 > D (34) bootloader_flash: mmu set block paddr=0x00000000 (was 0xfff[37mfffff)
00:31:57.012 > I (35) boot: chip revision: v0.0
00:31:57.012 > I (35) boot: efuse block revision: v0.2
00:31:57.012 > D (35) boot.esp32s2: magic e9
00:31:57.012 > D (35) boot.esp32s2: segments 04
00:31:57.012 > D (35) boot.esp32s2: spi_mode 02
00:31:57.012 > D (35) boot.esp32s2: spi_speed 0f
00:31:57.012 > D (36) boot.esp32s2: spi_size 02
00:31:57.012 > I (36) boot.esp32s2: SPI Speed      : 80MHz
00:31:57.012 > I (36) boot.esp32s2: SPI Mode       : DIO
00:31:57.012 > I (36) boot.esp32s2: SPI Flash Size : 4MB
00:31:57.012 > D (37) boot: Enabling RTCWDT(9000 ms)
00:31:57.012 > I (37) boot: Enabling RNG early entropy source...
00:31:57.012 > D (37) bootloader_flash: rodata starts from paddr=0x00008000, size=0xc00, will be mapped to vaddr=0x3f000000
00:31:57.012 > V (37) bootloader_flash: after mapping, starting from paddr=0x00000000 and vaddr=0x3f000000, 0x10000 bytes are mapped
00:31:57.012 > D (38) boot: mapped partition table 0x8000 at 0x3f008000
00:31:57.012 > D (38) flash_parts: partition table verified, 5 entries
00:31:57.012 > I (39) boot: Partition Table:
00:31:57.012 > I (39) boot: ## Label            Usage          Type ST Offset   Length
00:31:57.012 > D (40) boot: load partition table entry 0x3f008000
00:31:57.012 > D (40) boot: type=1 subtype=2
00:31:57.012 > I (40) boot:  0 n[37mvs              WiFi data        01 02 00009000 00004000
00:31:57.013 > D (41) boot: load partition table entry 0x3f008020
00:31:57.013 > D (41) boot: type=1 subtype=1
00:31:57.013 > I (41) boot:  1 phy_init         RF data          01 01 0000d000 00001000
00:31:57.013 > D (42) boot: load partition table entry 0x3f008040
00:31:57.013 > D (43) boot: type=0 subtype=0
00:31:57.013 > I (43) boot:  2 factory          factory app      00 00 00010000 00100000
00:31:57.013 > D (44) boot: load partition table entry 0x3f008060
00:31:57.013 > D (44) boot: type=1 subtype=83
00:31:57.013 > I (44) boot:  3 storage          Unknown data     01 83 00110000 000f0000
00:31:57.013 > I (45) boot: End of partition table
00:31:57.013 > D (45) boot: Trying partition index -1 offs 0x10000 size 0x100000
00:31:57.013 > D (46) esp_image: reading image header @ 0x10000
00:31:57.013 > D (47) bootloader_flash: mmu set block paddr=0x00010000 (was 0xffffffff)
00:31:57.013 > D (48) esp_image: image header: 0xe9 0x06 0x02 0x02 40026a3c
00:31:57.013 > V (48) esp_image: loading segment header 0 at offset 0x10018
00:31:57.013 > V (48) esp_image: segment data length 0x14da0 data starts 0x10020
00:31:57.013 > V (49) esp_image: MMU page size 0x10000
00:31:57.013 > V (49) esp_image: segment 0[37m map_segment 1 segment_data_offs 0x10020 load_addr 0x3f000020
00:31:57.013 > I (49) esp_image: segment 0: paddr=00010020 vaddr=3f000020 size=14da0h ( 85408) map
00:31:57.013 > D (50) esp_image: free data page_count 0x00000038
00:31:57.013 > D (50) bootloader_flash: rodata starts from paddr=0x00010020, size=0x14da0, will be mapped to vaddr=0x3f000000
00:31:57.013 > V (50) bootloader_flash: after mapping, starting from paddr=0x00010000 and vaddr=0x3f000000, 0x20000 bytes are mapped
00:31:57.013 > V (67) esp_image: loading segment header 1 at offset 0x24dc0
00:31:57.013 > D (67) bootloader_flash: mmu set block paddr=0x00020000 (was 0xffffffff)
00:31:57.013 > V (68) esp_image: segment data length 0x1c data starts 0x24dc8
00:31:57.013 > V (69) esp_image: MMU page size 0x10000
00:31:57.013 > V (69) esp_image: segment 1 map_segment 0 segment_data_offs 0x24dc8 load_addr 0x3ff9e010
00:31:57.013 > I (69) esp_image: segment 1: paddr=00024dc8 vaddr=3ff9e010 size=0001ch (    28) load
00:31:57.013 > D (70) esp_image: free data page_count 0x00000038
00:31:57.013 > D (70) bootloader_flash: rodata starts from paddr=0x00024dc8, size=0x1c, will be mapped to vaddr=0x3f000000
00:31:57.013 > V (70) bootlo[37mader_flash: after mapping, starting from paddr=0x00020000 and vaddr=0x3f000000, 0x10000 bytes are mapped
00:31:57.013 > V (71) esp_image: loading segment header 2 at offset 0x24de4
00:31:57.013 > D (71) bootloader_flash: mmu set block paddr=0x00020000 (was 0xffffffff)
00:31:57.013 > V (72) esp_image: segment data length 0x2ed8 data starts 0x24dec
00:31:57.013 > V (73) esp_image: MMU page size 0x10000
00:31:57.013 > V (74) esp_image: segment 2 map_segment 0 segment_data_offs 0x24dec load_addr 0x3ffc5ad0
00:31:57.013 > I (74) esp_image: segment 2: paddr=00024dec vaddr=3ffc5ad0 size=02ed8h ( 11992) load
00:31:57.013 > D (75) esp_image: free data page_count 0x00000038
00:31:57.013 > D (75) bootloader_flash: rodata starts from paddr=0x00024dec, size=0x2ed8, will be mapped to vaddr=0x3f000000
00:31:57.013 > V (75) bootloader_flash: after mapping, starting from paddr=0x00020000 and vaddr=0x3f000000, 0x10000 bytes are mapped
00:31:57.013 > V (78) esp_image: loading segment header 3 at offset 0x27cc4
00:31:57.013 > D (78) bootloader_flash: mmu set block paddr=0x00020000 (was 0xffffffff)
00:31:57.013 > V (79) esp_image: segment data length 0x834c data starts 0x27ccc
00:31:57.013 > V (80) esp_i[37mmage: MMU page size 0x10000
00:31:57.013 > V (80) esp_image: segment 3 map_segment 0 segment_data_offs 0x27ccc load_addr 0x40024000
00:31:57.013 > I (81) esp_image: segment 3: paddr=00027ccc vaddr=40024000 size=0834ch ( 33612) load
00:31:57.013 > D (81) esp_image: free data page_count 0x00000038
00:31:57.013 > D (81) bootloader_flash: rodata starts from paddr=0x00027ccc, size=0x834c, will be mapped to vaddr=0x3f000000
00:31:57.013 > V (82) bootloader_flash: after mapping, starting from paddr=0x00020000 and vaddr=0x3f000000, 0x20000 bytes are mapped
00:31:57.013 > V (91) esp_image: loading segment header 4 at offset 0x30018
00:31:57.013 > D (91) bootloader_flash: mmu set block paddr=0x00030000 (was 0xffffffff)
00:31:57.013 > V (92) esp_image: segment data length 0x3fd44 data starts 0x30020
00:31:57.013 > V (93) esp_image: MMU page size 0x10000
00:31:57.013 > V (93) esp_image: segment 4 map_segment 1 segment_data_offs 0x30020 load_addr 0x40080020
00:31:57.013 > I (94) esp_image: segment 4: paddr=00030020 vaddr=40080020 size=3fd44h (261444) map
00:31:57.013 > D (94) esp_image: free data page_count 0x00000038
00:31:57.013 > D (94) bootloader_flash: rodata starts from paddr=0x00030020, si[37mze=0x3fd44, will be mapped to vaddr=0x3f000000
00:31:57.014 > V (94) bootloader_flash: after mapping, starting from paddr=0x00030000 and vaddr=0x3f000000, 0x40000 bytes are mapped
00:31:57.014 > V (146) esp_image: loading segment header 5 at offset 0x6fd64
00:31:57.014 > D (146) bootloader_flash: mmu set block paddr=0x00060000 (was 0xffffffff)
00:31:57.014 > V (147) esp_image: segment data length 0x9780 data starts 0x6fd6c
00:31:57.014 > V (148) esp_image: MMU page size 0x10000
00:31:57.014 > V (148) esp_image: segment 5 map_segment 0 segment_data_offs 0x6fd6c load_addr 0x4002c34c
00:31:57.014 > I (149) esp_image: segment 5: paddr=0006fd6c vaddr=4002c34c size=09780h ( 38784) load
00:31:57.014 > D (149) esp_image: free data page_count 0x00000038
00:31:57.014 > D (149) bootloader_flash: rodata starts from paddr=0x0006fd6c, size=0x9780, will be mapped to vaddr=0x3f000000
00:31:57.014 > V (149) bootloader_flash: after mapping, starting from paddr=0x00060000 and vaddr=0x3f000000, 0x20000 bytes are mapped
00:31:57.014 > V (159) esp_image: image start 0x00010000 end of last section 0x000794ec
00:31:57.014 > D (160) bootloader_flash: mmu set block paddr=0x00070000 (was 0xffffff[37mff)
00:31:57.014 > I (170) boot: Loaded app from partition at offset 0x10000
00:31:57.014 > I (170) boot: Disabling RNG early entropy source...
00:31:57.014 > D (170) boot: Mapping segment 0 as DROM
00:31:57.014 > D (170) boot: Mapping segment 4 as IROM
00:31:57.014 > D (170) boot: calling set_cache_and_start_app
00:31:57.014 > D (170) boot: configure drom and irom and start
00:31:57.014 > V (170) boot: rodata starts from paddr=0x00010020, vaddr=0x3f000020, size=0x14da0
00:31:57.014 > V (172) boot: after mapping rodata, starting from paddr=0x00010000 and vaddr=0x3f000000, 0x20000 bytes are mapped
00:31:57.014 > V (172) boot: mapped one page of the rodata, from paddr=0x00010000 and vaddr=0x3f3f0000, 0x10000 bytes are mapped
00:31:57.014 > V (172) boot: text starts from paddr=0x00030020, vaddr=0x40080020, size=0x3fd44
00:31:57.014 > V (173) boot: after mapping text, starting from paddr=0x00030000 and vaddr=0x40080000, 0x40000 bytes are mapped
00:31:57.014 > D (174) boot: start: 0x40026a3c
00:31:57.014 > I (196) main_task: Started on CPU0
00:31:57.014 > I (196) main_task: Calling app_main()
00:31:57.014 > [INFO][MAIN][13ms] START
00:31:57.014 > Guru Meditation Error: Core  0 panic'ed (LoadProhibited). Exception was unhandled.
00:31:57.014 > [37m
00:31:57.014 > Core  0 register dump:
00:31:57.014 > PC      : 0x400b43ff  PS      : 0x00060930  A0      : 0x800a9ef0  A1      : 0x3ffcdc40  
00:31:57.014 > A2      : 0x3ffce1d0  A3      : 0x00000000  A4      : 0x3ffcdc50  A5      : 0x3ffcdf90  
00:31:57.014 > A6      : 0x3ffcdf70  A7      : 0x00000008  A8      : 0x00000000  A9      : 0x3ffcdc30  
00:31:57.014 > A10     : 0x00000001  A11     : 0x3f012436  A12     : 0x000000ff  A13     : 0x0000ff00  
00:31:57.014 > A14     : 0x00ff0000  A15     : 0xff000000  SAR     : 0x00000004  EXCCAUSE: 0x0000001c  
00:31:57.014 > EXCVADDR: 0x00000064  LBEG    : 0x000000ff  LEND    : 0x0000ff00  LCOUNT  : 0x4002a7e8  
00:31:57.014 > 
00:31:57.014 > 
00:31:57.014 > Backtrace: 0x400b43fc:0x3ffcdc40 0x400a9eed:0x3ffcdf60 0x40089ba2:0x3ffcdfb0 0x4008a921:0x3ffce100 0x400bf6fb:0x3ffce120 0x4002d279:0x3ffce150
00:31:57.014 > 
00:31:57.014 > 
00:31:57.014 > 
00:31:57.014 > 
00:31:57.014 > ELF file SHA256: 1a22b088c
00:31:57.014 > 
00:31:57.014 > 
00:31:57.014 > I (32) boot: ESP-IDF 5.4.0 2nd stage bootloader
00:31:57.014 > I (32) boot: compile time Jul  3 2025 00:26:37
00:31:57.014 > D (32) bootloader_flash: XMC chip detected by RDID (00204016), skip.
00:31:57.014 > D (34) bootloader_flash: mmu set block paddr=0x00000000 (was 0xffffffff)
00:31:57.014 > I (35) boot: chip revisio[37mn: v0.0
00:31:57.014 > I (35) boot: efuse block revision: v0.2
00:31:57.014 > D (35) boot.esp32s2: magic e9
00:31:57.014 > D (35) boot.esp32s2: segments 04
00:31:57.014 > D (35) boot.esp32s2: spi_mode 02
00:31:57.014 > D (35) boot.esp32s2: spi_speed 0f
00:31:57.014 > D (35) boot.esp32s2: spi_size 02
00:31:57.014 > I (35) boot.esp32s2: SPI Speed      : 80MHz
00:31:57.014 > I (35) boot.esp32s2: SPI Mode       : DIO
00:31:57.014 > I (36) boot.esp32s2: SPI Flash Size : 4MB
00:31:57.014 > D (37) boot: Enabling RTCWDT(9000 ms)
00:31:57.014 > I (37) boot: Enabling RNG early entropy source...
00:31:57.014 > D (37) bootloader_flash: rodata starts from paddr=0x00008000, size=0xc00, will be mapped to vaddr=0x3f000000
00:31:57.014 > V (37) bootloader_flash: after mapping, starting from paddr=0x00000000 and vaddr=0x3f000000, 0x10000 bytes are mapped
00:31:57.014 > D (37) boot: mapped partition table 0x8000 at 0x3f008000
00:31:57.014 > D (37) flash_parts: partition table verified, 5 entries
00:31:57.014 > I (38) boot: Partition Table:
00:31:57.014 > I (38) boot: ## Label            Usage          Type ST Offset   Length
00:31:57.014 > D (39) boot: load partition table entry 0x3f008000
00:31:57.014 > D (39) boot: type=1 subtype=2
00:31:57.014 > I (39) boot:  0 nvs              WiFi data        [37m01 02 00009000 00004000
00:31:57.014 > D (40) boot: load partition table entry 0x3f008020
00:31:57.014 > D (40) boot: type=1 subtype=1
00:31:57.014 > I (40) boot:  1 phy_init         RF data          01 01 0000d000 00001000
00:31:57.014 > D (41) boot: load partition table entry 0x3f008040
00:31:57.014 > D (42) boot: type=0 subtype=0
00:31:57.014 > I (42) boot:  2 factory          factory app      00 00 00010000 00100000
00:31:57.014 > D (43) boot: load partition table entry 0x3f008060
00:31:57.014 > D (43) boot: type=1 subtype=83
00:31:57.014 > I (43) boot:  3 storage          Unknown data     01 83 00110000 000f0000
00:31:57.014 > I (44) boot: End of partition table
00:31:57.014 > D (44) boot: Trying partition index -1 offs 0x10000 size 0x100000
00:31:57.014 > D (45) esp_image: reading image header @ 0x10000
00:31:57.014 > D (46) bootloader_flash: mmu set block paddr=0x00010000 (was 0xffffffff)
00:31:57.014 > D (47) esp_image: image header: 0xe9 0x06 0x02 0x02 40026a3c
00:31:57.014 > V (47) esp_image: loading segment header 0 at offset 0x10018
00:31:57.014 > V (47) esp_image: segment data length 0x14da0 data starts 0x10020
00:31:57.014 > V (48) esp_image: MMU page size 0x10000
00:31:57.014 > V (48) esp_image: segment 0 map_segment 1 segment_data_offs [37m0x10020 load_addr 0x3f000020
00:31:57.014 > I (48) esp_image: segment 0: paddr=00010020 vaddr=3f000020 size=14da0h ( 85408) map
00:31:57.014 > D (49) esp_image: free data page_count 0x00000038
00:31:57.014 > D (49) bootloader_flash: rodata starts from paddr=0x00010020, size=0x14da0, will be mapped to vaddr=0x3f000000
00:31:57.014 > V (49) bootloader_flash: after mapping, starting from paddr=0x00010000 and vaddr=0x3f000000, 0x20000 bytes are mapped
00:31:57.014 > V (66) esp_image: loading segment header 1 at offset 0x24dc0
00:31:57.014 > D (66) bootloader_flash: mmu set block paddr=0x00020000 (was 0xffffffff)
00:31:57.014 > V (67) esp_image: segment data length 0x1c data starts 0x24dc8
00:31:57.014 > V (68) esp_image: MMU page size 0x10000
00:31:57.014 > V (68) esp_image: segment 1 map_segment 0 segment_data_offs 0x24dc8 load_addr 0x3ff9e010
00:31:57.014 > I (68) esp_image: segment 1: paddr=00024dc8 vaddr=3ff9e010 size=0001ch (    28) load
00:31:57.014 > D (68) esp_image: free data page_count 0x00000038
00:31:57.014 > D (68) bootloader_flash: rodata starts from paddr=0x00024dc8, size=0x1c, will be mapped to vaddr=0x3f000000
00:31:57.014 > V (68) bootloader_flash: after mapping, starti[37mng from paddr=0x00020000 and vaddr=0x3f000000, 0x10000 bytes are mapped
00:31:57.015 > V (70) esp_image: loading segment header 2 at offset 0x24de4
00:31:57.015 > D (70) bootloader_flash: mmu set block paddr=0x00020000 (was 0xffffffff)
00:31:57.015 > V (71) esp_image: segment data length 0x2ed8 data starts 0x24dec
00:31:57.015 > V (72) esp_image: MMU page size 0x10000
00:31:57.015 > V (72) esp_image: segment 2 map_segment 0 segment_data_offs 0x24dec load_addr 0x3ffc5ad0
00:31:57.015 > I (72) esp_image: segment 2: paddr=00024dec vaddr=3ffc5ad0 size=02ed8h ( 11992) load
00:31:57.015 > D (73) esp_image: free data page_count 0x00000038
00:31:57.015 > D (73) bootloader_flash: rodata starts from paddr=0x00024dec, size=0x2ed8, will be mapped to vaddr=0x3f000000
00:31:57.015 > V (73) bootloader_flash: after mapping, starting from paddr=0x00020000 and vaddr=0x3f000000, 0x10000 bytes are mapped
00:31:57.015 > V (76) esp_image: loading segment header 3 at offset 0x27cc4
00:31:57.015 > D (76) bootloader_flash: mmu set block paddr=0x00020000 (was 0xffffffff)
00:31:57.015 > V (77) esp_image: segment data length 0x834c data starts 0x27ccc
00:31:57.015 > V (78) esp_image: MMU page size 0x10000
00:31:57.015 > V (7[37m8) esp_image: segment 3 map_segment 0 segment_data_offs 0x27ccc load_addr 0x40024000
00:31:57.015 > I (79) esp_image: segment 3: paddr=00027ccc vaddr=40024000 size=0834ch ( 33612) load
00:31:57.015 > D (79) esp_image: free data page_count 0x00000038
00:31:57.015 > D (79) bootloader_flash: rodata starts from paddr=0x00027ccc, size=0x834c, will be mapped to vaddr=0x3f000000
00:31:57.015 > V (79) bootloader_flash: after mapping, starting from paddr=0x00020000 and vaddr=0x3f000000, 0x20000 bytes are mapped
00:31:57.015 > V (88) esp_image: loading segment header 4 at offset 0x30018
00:31:57.015 > D (88) bootloader_flash: mmu set block paddr=0x00030000 (was 0xffffffff)
00:31:57.015 > V (89) esp_image: segment data length 0x3fd44 data starts 0x30020
00:31:57.015 > V (90) esp_image: MMU page size 0x10000
00:31:57.015 > V (90) esp_image: segment 4 map_segment 1 segment_data_offs 0x30020 load_addr 0x40080020
00:31:57.015 > I (91) esp_image: segment 4: paddr=00030020 vaddr=40080020 size=3fd44h (261444) map
00:31:57.015 > D (91) esp_image: free data page_count 0x00000038
00:31:57.015 > D (91) bootloader_flash: rodata starts from paddr=0x00030020, size=0x3fd44, will be mapped to vad[37mdr=0x3f000000
00:31:57.015 > V (91) bootloader_flash: after mapping, starting from paddr=0x00030000 and vaddr=0x3f000000, 0x40000 bytes are mapped
00:31:57.015 > V (143) esp_image: loading segment header 5 at offset 0x6fd64
00:31:57.015 > D (143) bootloader_flash: mmu set block paddr=0x00060000 (was 0xffffffff)
00:31:57.015 > V (144) esp_image: segment data length 0x9780 data starts 0x6fd6c
00:31:57.015 > V (145) esp_image: MMU page size 0x10000
00:31:57.015 > V (145) esp_image: segment 5 map_segment 0 segment_data_offs 0x6fd6c load_addr 0x4002c34c
00:31:57.015 > I (146) esp_image: segment 5: paddr=0006fd6c vaddr=4002c34c size=09780h ( 38784) load
00:31:57.015 > D (147) esp_image: free data page_count 0x00000038
00:31:57.015 > D (147) bootloader_flash: rodata starts from paddr=0x0006fd6c, size=0x9780, will be mapped to vaddr=0x3f000000
00:31:57.015 > V (147) bootloader_flash: after mapping, starting from paddr=0x00060000 and vaddr=0x3f000000, 0x20000 bytes are mapped
00:31:57.015 > V (157) esp_image: image start 0x00010000 end of last section 0x000794ec
00:31:57.015 > D (158) bootloader_flash: mmu set block paddr=0x00070000 (was 0xffffffff)
00:31:57.015 > I (168) boot: Loaded app fro[37mm partition at offset 0x10000
00:31:57.015 > I (168) boot: Disabling RNG early entropy source...
00:31:57.015 > D (168) boot: Mapping segment 0 as DROM
00:31:57.015 > D (168) boot: Mapping segment 4 as IROM
00:31:57.015 > D (168) boot: calling set_cache_and_start_app
00:31:57.015 > D (168) boot: configure drom and irom and start
00:31:57.015 > V (168) boot: rodata starts from paddr=0x00010020, vaddr=0x3f000020, size=0x14da0
00:31:57.015 > V (170) boot: after mapping rodata, starting from paddr=0x00010000 and vaddr=0x3f000000, 0x20000 bytes are mapped
00:31:57.015 > V (170) boot: mapped one page of the rodata, from paddr=0x00010000 and vaddr=0x3f3f0000, 0x10000 bytes are mapped
00:31:57.015 > V (170) boot: text starts from paddr=0x00030020, vaddr=0x40080020, size=0x3fd44
00:31:57.015 > V (171) boot: after mapping text, starting from paddr=0x00030000 and vaddr=0x40080000, 0x40000 bytes are mapped
00:31:57.015 > D (172) boot: start: 0x40026a3c
00:31:57.015 > I (194) main_task: Started on CPU0
00:31:57.015 > I (194) main_task: Calling app_main()
00:31:57.015 > [INFO][MAIN][14ms] START
00:31:57.015 > Guru Meditation Error: Core  0 panic'ed (LoadProhibited). Exception was unhandled.
00:31:57.015 > 
00:31:57.015 > Core  0 register dump:
