02:15:06.803 > [37mI[37m (32) boot: ESP-IDF 5.4.0 2nd stage bootloader
02:15:06.804 > I (32) boot: compile time Jul  3 2025 01:21:27
02:15:06.804 > D (32) bootloader_flash: XMC chip detected by RDID (00204016), s[37mk[37mip.
02:15:06.805 > [37mD[37m (34) bootloader_flash: mmu set block paddr=0x00000000 (was 0xf[37mf[37mffffff)
02:15:06.806 > I (35) boot: chip revision: v0.0
02:15:06.806 > [37mI (35) boot: efuse block revision: v0.2
02:15:06.806 > [37mD (35) boot.esp32s2: magic e9
02:15:06.806 > [37mD (35) boot.esp32s2: segments 04
02:15:06.806 > [37mD[37m (35) boot.esp32s2: spi_mode 02
02:15:06.807 > [37mD[37m (35) boot.esp32s2: spi_speed 0f
02:15:06.807 > [37mD (36) boot.esp32s2: spi_size 02
02:15:06.807 > [37mI (36) boot.esp32s2: SPI Speed      : 80MHz
02:15:06.807 > [37mI (36) boot.esp32s2: SPI Mode       : DIO
02:15:06.807 > [37mI[37m (36) boot.esp32s2: SPI Flash Size : 4MB
02:15:06.807 > [37mD (37) boot: Enabling RTCWDT(9000 ms)
02:15:06.808 > [37mI[37m (37) boot: Enabling RNG early entropy source...
02:15:06.808 > [37mD[37m (37) bootloader_flash: rodata starts from paddr=0x00008000, si[37mze=0xc00, will be mapped to vaddr=0x3f000000
02:15:06.808 > [37mV[37m (37) bootloader_flash: after mapping, starting from paddr=0x00[37m0[37m00000 and vaddr=0x3f000000, 0x10000 bytes are mapped
02:15:06.809 > [37mD (38) boot: mapped partition table 0x8000 at 0x3f008000
02:15:06.809 > [37mD[37m (38) flash_parts: partition table verified, 5 entries
02:15:06.809 > I (39) boot: Partition Table:
02:15:06.810 > [37mI[37m (39) boot: ## Label            Usage          Type ST Offset  [37m [37mLength
02:15:06.811 > [37mD (40) boot: load partition table entry 0x3f008000
02:15:06.811 > D (40) boot: type=1 subtype=2
02:15:06.811 > [37mI[37m (40) boot:  0 nvs              WiFi data        01 02 00009000[37m [37m00004000
02:15:06.812 > [37mD (41) boot: load partition table entry 0x3f008020
02:15:06.812 > D (41) boot: type=1 subtype=1
02:15:06.812 > [37mI[37m (41) boot:  1 phy_init         RF data          01 01 0000d000[37m [37m00001000
02:15:06.813 > [37mD (42) boot: load partition table entry 0x3f008040
02:15:06.813 > D (43) boot: type=0 subtype=0
02:15:06.814 > [37mI (43) boot:  2 factory          factory app      00 00 00010000[37m [37m00100000
02:15:06.815 > D (44) boot: load partition table entry 0x3f008060
02:15:06.815 > [37mD (44) boot: type=1 subtype=83
02:15:06.815 > [37mI[37m (44) boot:  3 storage          Unknown data     01 83 00110000[37m [37m000f0000
02:15:06.816 > I (45) boot: End of partition table
02:15:06.816 > [37mD[37m (45) boot: Trying partition index -1 offs 0x10000 size 0x10000[37m0[37m
02:15:06.818 > [37mD (46) esp_image: reading image header @ 0x10000
02:15:06.818 > [37mD (47) bootloader_flash: mmu set block paddr=0x00010000 (was 0xf[37mf[37mffffff)
02:15:06.819 > [37mD (48) esp_image: image header: 0xe9 0x06 0x02 0x02 40026a80
02:15:06.819 > [37mV (48) esp_image: loading segment header 0 at offset 0x10018
02:15:06.819 > [37mV[37m (48) esp_image: segment data length 0x15b60 data starts 0x1002[37m0[37m
02:15:06.820 > V (49) esp_image: MMU page size 0x10000
02:15:06.820 > [37mV (49) esp_image: segment 0 map_segment 1 segment_data_offs 0x10020 load_addr 0x3f000020
02:15:06.821 > [37mI[37m (49) esp_image: segment 0: paddr=00010020 vaddr=3f000020 size=15b60h ( 88928) map
02:15:06.821 > D (50) esp_image: free data page_count 0x00000038
02:15:06.821 > [37mD (50) bootloader_flash: rodata starts from paddr=0x00010020, si[37mze=0x15b60, will be mapped to vaddr=0x3f000000
02:15:06.821 > [37mV[37m (50) bootloader_flash: after mapping, starting from paddr=0x00010000 and vaddr=0x3f000000, 0x20000 bytes are mapped
02:15:06.839 > [37mV[37m (68) esp_image: loading segment header 1 at offset 0x25b80
02:15:06.839 > D (68) bootloader_flash: mmu set block paddr=0x00020000 (was 0xf[37mf[37mffffff)
02:15:06.840 > [37mV (69) esp_image: segment data length 0x1c data starts 0x25b88
02:15:06.840 > [37mV[37m (69) esp_image: MMU page size 0x10000
02:15:06.840 > [37mV[37m (69) esp_image: segment 1 map_segment 0 segment_data_offs 0x25b88 load_addr 0x3ff9e010
02:15:06.841 > [37mI[37m (70) esp_image: segment 1: paddr=00025b88 vaddr=3ff9e010 size=[37m0[37m001ch (    28) load
02:15:06.842 > [37mD[37m (71) esp_image: free data page_count 0x00000038
02:15:06.842 > [37mD[37m (71) bootloader_flash: rodata starts from paddr=0x00025b88, si[37mz[37me=0x1c, will be mapped to vaddr=0x3f000000
02:15:06.842 > [37mV[37m (71) bootloader_flash: after mapping, starting from paddr=0x00[37m0[37m20000 and vaddr=0x3f000000, 0x10000 bytes are mapped
02:15:06.842 > [37mV[37m (71) esp_image: loading segment header 2 at offset 0x25ba4
02:15:06.842 > [37mD[37m (71) bootloader_flash: mmu set block paddr=0x00020000 (was 0xf[37mf[37mffffff)
02:15:06.844 > [37mV[37m (73) esp_image: segment data length 0x2f48 data starts 0x25bac[37m[37m
02:15:06.845 > [37mV[37m (74) esp_image: MMU page size 0x10000
02:15:06.845 > [37mV[37m (74) esp_image: segment 2 map_segment 0 segment_data_offs 0x25bac load_addr 0x3ffc5f00
02:15:06.845 > [37mI[37m (74) esp_image: segment 2: paddr=00025bac vaddr=3ffc5f00 size=02f48h ( 12104) load
02:15:06.845 > [37mD[37m (74) esp_image: free data page_count 0x00000038
02:15:06.845 > [37mD[37m (74) bootloader_flash: rodata starts from paddr=0x00025bac, si[37mz[37me=0x2f48, will be mapped to vaddr=0x3f000000
02:15:06.846 > [37mV[37m (75) bootloader_flash: after mapping, starting from paddr=0x00[37m0[37m20000 and vaddr=0x3f000000, 0x10000 bytes are mapped
02:15:06.849 > [37mV[37m (78) esp_image: loading segment header 3 at offset 0x28af4
02:15:06.849 > D (78) bootloader_flash: mmu set block paddr=0x00020000 (was 0xf[37mf[37mffffff)
02:15:06.850 > [37mV[37m (79) esp_image: segment data length 0x751c data starts 0x28afc[37m[37m
02:15:06.852 > [37mV[37m (80) esp_image: MMU page size 0x10000
02:15:06.852 > [37mV[37m (81) esp_image: segment 3 map_segment 0 segment_data_offs 0x28afc load_addr 0x40024000
02:15:06.852 > [37mI[37m (81) esp_image: segment 3: paddr=00028afc vaddr=40024000 size=0751ch ( 29980) load
02:15:06.853 > [37mD[37m (82) esp_image: free data page_count 0x00000038
02:15:06.853 > [37mD[37m (82) bootloader_flash: rodata starts from paddr=0x00028afc, si[37mz[37me=0x751c, will be mapped to vaddr=0x3f000000
02:15:06.853 > [37mV[37m (82) bootloader_flash: after mapping, starting from paddr=0x00[37m0[37m20000 and vaddr=0x3f000000, 0x20000 bytes are mapped
02:15:06.861 > [37mV[37m (90) esp_image: loading segment header 4 at offset 0x30018
02:15:06.861 > [37mD[37m (90) bootloader_flash: mmu set block paddr=0x00030000 (was 0xf[37mf[37mffffff)
02:15:06.862 > [37mV[37m (91) esp_image: segment data length 0x40cac data starts 0x3002[37m0[37m
02:15:06.863 > [37mV[37m (92) esp_image: MMU page size 0x10000
02:15:06.863 > [37mV[37m (92) esp_image: segment 4 map_segment 1 segment_data_offs 0x30020 load_addr 0x40080020
02:15:06.863 > [37mI[37m (92) esp_image: segment 4: paddr=00030020 vaddr=40080020 size=40cach (265388) map
02:15:06.864 > [37mD[37m (93) esp_image: free data page_count 0x00000038
02:15:06.864 > [37mD[37m (93) bootloader_flash: rodata starts from paddr=0x00030020, si[37mz[37me=0x40cac, will be mapped to vaddr=0x3f000000
02:15:06.864 > [37mV[37m (93) bootloader_flash: after mapping, starting from paddr=0x00[37m0[37m30000 and vaddr=0x3f000000, 0x50000 bytes are mapped
02:15:06.917 > [37mV[37m (146) esp_image: loading segment header 5 at offset 0x70ccc
02:15:06.918 > D (146) bootloader_flash: mmu set block paddr=0x00070000 (was 0x[37mf[37mfffffff)
02:15:06.919 > [37mV[37m (148) esp_image: segment data length 0xa9dc data starts 0x70cd[37m4[37m
02:15:06.920 > [37mV (149) esp_image: MMU page size 0x10000
02:15:06.920 > [37mV[37m (149) esp_image: segment 5 map_segment 0 segment_data_offs 0x70cd4 load_addr 0x4002b51c
02:15:06.920 > [37mI[37m (149) esp_image: segment 5: paddr=00070cd4 vaddr=4002b51c size=0a9dch ( 43484) load
02:15:06.920 > [37mD[37m (149) esp_image: free data page_count 0x00000038
02:15:06.920 > [37mD[37m (149) bootloader_flash: rodata starts from paddr=0x00070cd4, s[37mi[37mze=0xa9dc, will be mapped to vaddr=0x3f000000
02:15:06.921 > [37mV[37m (150) bootloader_flash: after mapping, starting from paddr=0x0[37m0[37m070000 and vaddr=0x3f000000, 0x10000 bytes are mapped
02:15:06.932 > [37mV[37m (161) esp_image: image start 0x00010000 end of last section 0x[37m0[37m007b6b0
02:15:06.933 > [37mD (162) bootloader_flash: mmu set block paddr=0x00070000 (was 0x[37mf[37mfffffff)
02:15:06.943 > [37mI[37m (172) boot: Loaded app from partition at offset 0x10000
02:15:06.943 > I (172) boot: Disabling RNG early entropy source...
02:15:06.943 > [37mD (172) boot: Mapping segment 0 as DROM
02:15:06.943 > [37mD[37m (172) boot: Mapping segment 4 as IROM
02:15:06.944 > [37mD[37m (172) boot: calling set_cache_and_start_app
02:15:06.944 > D (173) boot: configure drom and irom and start
02:15:06.944 > [37mV[37m (173) boot: rodata starts from paddr=0x00010020, vaddr=0x3f000[37m0[37m20, size=0x15b60
02:15:06.946 > [37mV[37m (175) boot: after mapping rodata, starting from paddr=0x000100[37m0[37m0 and vaddr=0x3f000000, 0x20000 bytes are mapped
02:15:06.946 > [37mV[37m (175) boot: mapped one page of the rodata, from paddr=0x000100[37m0[37m0 and vaddr=0x3f3f0000, 0x10000 bytes are mapped
02:15:06.946 > [37mV[37m (175) boot: text starts from paddr=0x00030020, vaddr=0x4008002[37m0[37m, size=0x40cac
02:15:06.947 > [37mV[37m (176) boot: after mapping text, starting from paddr=0x00030000[37m [37mand vaddr=0x40080000, 0x50000 bytes are mapped
02:15:06.947 > [37mD[37m (176) boot: start: 0x40026a80
02:15:06.970 > [37mI[37m (198) main_task: Started on CPU0
02:15:06.970 > [37mI[37m (198) main_task: Calling app_main()
02:15:06.971 > [37m[37m[1;32m[INFO][MAIN][13ms] START[0m
02:15:08.080 > [37m[37m[1;32m[INFO][SETUP][1122ms] [USER] > Select log level:[0m
02:15:08.090 > [37m[37m[1;32m[INFO][SETUP][1132ms]   I - ERROR and INFO logs[0m
02:15:08.100 > [37m[37m[1;32m[INFO][SETUP][1142ms]   D - ERROR, INFO, and DEBUG logs[[37m0[37mm
02:15:14.389 > [37m[37m[1;32m[INFO][SETUP][7432ms] [USER] > Select System Mode:[0m
02:15:14.399 > [37m[37m[1;32m[INFO][SETUP][7442ms]   1 - MODE_SYSTEM_BOOT[0m
02:15:14.409 > [37m[37m[1;32m[INFO][SETUP][7452ms]   2 - MODE_SCANNING_SESSION[0m
02:15:14.419 > [37m[37m[1;32m[INFO][SETUP][7462ms]   3 - MODE_PREDICTION_SESSION[0m
02:15:14.429 > [37m[37m[1;32m[INFO][SETUP][7472ms]   4 - MODE_FULL_SESSION[0m
02:15:17.879 > [37m[37m[1;32m[INFO][SETUP][10922ms] [USER] > Select Scanner Mode:[0m[37m
02:15:17.899 > [37m[37m[1;32m[INFO][SETUP][10942ms]   1 - STATIC_RSSI[0m
02:15:17.909 > [37m[37m[1;32m[INFO][SETUP][10952ms]   2 - TOF[0m
02:15:17.919 > [37m[37m[1;32m[INFO][SETUP][10962ms]   3 - DYNAMIC[0m
02:15:19.989 > [37m[37m[1;32m[INFO][SETUP][13032ms] [USER] > Select Prediction Mode:[[37m0[37mm
02:15:20.009 > [37m[37m[1;32m[INFO][SETUP][13052ms]   1 - STATIC_RSSI[0m
02:15:20.019 > [37m[37m[1;32m[INFO][SETUP][13062ms]   2 - DYNAMIC_RSSI[0m
02:15:20.029 > [37m[37m[1;32m[INFO][SETUP][13072ms]   3 - TOF[0m
02:15:20.039 > [37m[37m[1;32m[INFO][SETUP][13082ms]   4 - STATIC_RSSI_DYNAMIC_RSSI[0m[37m[37m
02:15:20.059 > [37m[37m[1;32m[INFO][SETUP][13102ms]   5 - STATIC_RSSI_TOF[0m
02:15:20.069 > [37m[37m[1;32m[INFO][SETUP][13112ms]   6 - DYNAMIC_RSSI_TOF[0m
02:15:20.079 > [37m[37m[1;32m[INFO][SETUP][13122ms]   7 - STATIC_RSSI_DYNAMIC_RSSI_TOF[37m[37m[0m
02:15:23.579 > [37m[37m[1;32m[INFO][SETUP][16622ms] [USER] > Enable validation phase? [37m([37my/n): [0m
02:15:26.108 > [37m[37m[1;32m[INFO][DATA][19152ms] START[0m
02:15:26.118 > [37m[37m[1;32m[INFO][SDCard][19162ms] Init SD Card.[0m
02:15:26.129 > [37m[37m[1;32m[INFO][SDCARD][19173ms] Mounting filesystem...[0m
02:15:26.139 > [37mI[37m (19368) gpio: GPIO[5]| InputEn: 0| OutputEn: 1| OpenDrain: 0| [37mP[37mullup: 0| Pulldown: 0| Intr:0 
02:15:26.149 > [37mI[37m (19378) sdspi_transaction: cmd=52, R1 response: command not su[37mp[37mported
02:15:26.200 > [37mI[37m (19428) sdspi_transaction: cmd=5, R1 response: command not sup[37mp[37morted
02:15:26.257 > [37m[37m[1;32m[INFO][SDCARD][19301ms] Filesystem mounted successfully.[37m[[37m0m
02:15:26.268 > [37mN[37mame: SB16G
02:15:26.268 > Type: SDHC
02:15:26.269 > [37mS[37mpeed: 10.00 MHz (limit: 10.00 MHz)
02:15:26.269 > [37mS[37mize: 15193MB
02:15:26.269 > [37mC[37mSD: ver=2, sector_size=512, capacity=31116288 read_bl_len=9
02:15:26.269 > [37mSSR: bus_width=1
02:15:26.332 > [37m[37m[1;31m[ERROR][DATA][19376ms] Failed to create CSV.[0m
02:15:26.339 > [37m[37m[1;31m[ERROR][MAIN][19383ms] Failed to initialize SD card or lo[37mg[37m file.[0m
02:15:26.358 > [37m[37m[1;32m[INFO][SESSION][19402ms] >>> Starting FULL_SESSION...[0m[37m[37m
02:15:26.879 > [37m[37m[1;32m[INFO][SCAN][19922ms] =============== Scanning Phase Star[37mt[37med ===============[0m
02:15:26.898 > [37m[37m[1;32m[INFO][SCAN][19942ms] In this phase, the system will coll[37me[37mct data for each defined location label.[0m
02:15:26.918 > [37m[37m[1;32m[INFO][SCAN][19962ms] Please stand still at the selected [37ml[37mocation during scanning.[0m
02:15:26.938 > [37m[37m[1;32m[INFO][SCAN][19982ms] You will be prompted to choose whet[37mh[37mer to reuse existing data or perform a new scan.[0m
02:15:26.958 > [37m[37m[1;32m[INFO][SCAN][20002ms] Scanning will continue until all la[37mb[37mels are processed or you decide to abort.[0m
02:15:27.479 > [37m[37m[1;32m[INFO][LABEL][20522ms] [USER] > Select label by index:[0[37mm[37m
02:15:27.499 > [37m[37m[1;32m[INFO][LABEL][20542ms]   1 - NEAR_ROOM_234[0m
02:15:27.508 > [37m[37m[1;32m[INFO][LABEL][20552ms]   2 - BETWEEN_ROOMS_234_236[0m
02:15:27.518 > [37m[37m[1;32m[INFO][LABEL][20562ms]   3 - ROOM_236[0m
02:15:27.528 > [37m[37m[1;32m[INFO][LABEL][20572ms]   4 - NEAR_ROOM_232[0m
02:15:27.538 > [37m[37m[1;32m[INFO][LABEL][20582ms]   5 - ROOM_231[0m
02:15:27.548 > [37m[37m[1;32m[INFO][LABEL][20592ms]   6 - BETWEEN_ROOMS_231_236[0m
02:15:27.558 > [37m[37m[1;32m[INFO][LABEL][20602ms]   7 - NEAR_BATHROOM[0m
02:15:27.568 > [37m[37m[1;32m[INFO][LABEL][20612ms]   8 - NEAR_KITCHEN[0m
02:15:27.578 > [37m[37m[1;32m[INFO][LABEL][20622ms]   9 - KITCHEN[0m
02:15:27.588 > [37m[37m[1;32m[INFO][LABEL][20632ms]   10 - NEAR_ROOM_230[0m
02:15:27.598 > [37m[37m[1;32m[INFO][LABEL][20642ms]   11 - MAIN_ENTRANCE[0m
02:15:27.608 > [37m[37m[1;32m[INFO][LABEL][20652ms]   12 - LOBBY[0m
02:15:27.618 > [37m[37m[1;32m[INFO][LABEL][20662ms]   13 - PRINTER[0m
02:15:27.628 > [37m[37m[1;32m[INFO][LABEL][20672ms]   14 - OFFICES_HALL[0m
02:15:27.638 > [37m[37m[1;32m[INFO][LABEL][20682ms]   15 - MAIN_EXIT[0m
02:15:27.648 > [37m[37m[1;32m[INFO][LABEL][20692ms]   16 - BALCONY_ENTRANCE[0m
