00:38:38.168 > [37mn[37m table verified, 5 entries
00:38:38.168 > I (38) boot: Partition Table:
00:38:38.168 > I (38) boot: ## Label            Usage          Type ST Offset   Length
00:38:38.168 > D (39) boot: load partition table entry 0x3f008000
00:38:38.168 > D (39) boot: type=1 subtype=2
00:38:38.168 > I (40) boot:  0 nvs              WiFi data        01 02 00009000 00004000
00:38:38.168 > D (41) boot: load partition table entry 0x3f008020
00:38:38.168 > D (41) boot: type=1 subtype=1
00:38:38.168 > I (41) boot:  1 phy_init         RF data          01 01 0000d000 00001000
00:38:38.168 > D (42) boot: load partition table entry 0x3f008040
00:38:38.168 > D (43) boot: type=0 subtype=0
00:38:38.168 > I (43) boot:  2 factory          factory app      00 00 00010000 00100000
00:38:38.168 > D (44) boot: load partition table entry 0x3f008060
00:38:38.168 > D (44) boot: type=1 subtype=83
00:38:38.168 > I (44) boot:  3 storage          Unknown data     01 83 00110000 000f0000
00:38:38.168 > I (45) boot: End of partition table
00:38:38.168 > D (45) boot: Trying partition index -1 offs 0x10000 size 0x100000
00:38:38.168 > D (46) esp_image: reading image header @ 0x10000
00:38:38.168 > D (47) bootloader_flash: mmu set block paddr=0x00010000 (was 0xffffffff)
00:38:38.168 > D (48) esp_image: image he[37ma[37mder: 0xe9 0x06 0x02 0x02 40025758
00:38:38.169 > V (48) esp_image: loading segment header 0 at offset 0x10018
00:38:38.169 > V (48) esp_image: segment data length 0xe600 data starts 0x10020
00:38:38.169 > V (49) esp_image: MMU page size 0x10000
00:38:38.169 > V (49) esp_image: segment 0 map_segment 1 segment_data_offs 0x10020 load_addr 0x3f000020
00:38:38.169 > I (50) esp_image: segment 0: paddr=00010020 vaddr=3f000020 size=0e600h ( 58880) map
00:38:38.169 > D (52) esp_image: free data page_count 0x00000038
00:38:38.169 > D (52) bootloader_flash: rodata starts from paddr=0x00010020, size=0xe600, will be mapped to vaddr=0x3f000000
00:38:38.169 > V (52) bootloader_flash: after mapping, starting from paddr=0x00010000 and vaddr=0x3f000000, 0x10000 bytes are mapped
00:38:38.169 > V (64) esp_image: loading segment header 1 at offset 0x1e620
00:38:38.169 > D (64) bootloader_flash: mmu set block paddr=0x00010000 (was 0xffffffff)
00:38:38.169 > V (65) esp_image: segment data length 0x1c data starts 0x1e628
00:38:38.169 > V (65) esp_image: MMU page size 0x10000
00:38:38.169 > V (65) esp_image: segment 1 map_segment 0 segment_data_offs 0x1e628 load_addr 0x3ff9e010
00:38:38.169 > I (67) esp_image: segment 1:[37m paddr=0001e628 vaddr=3ff9e010 size=0001ch (    28) load
00:38:38.169 > D (68) esp_image: free data page_count 0x00000038
00:38:38.169 > D (68) bootloader_flash: rodata starts from paddr=0x0001e628, size=0x1c, will be mapped to vaddr=0x3f000000
00:38:38.169 > V (68) bootloader_flash: after mapping, starting from paddr=0x00010000 and vaddr=0x3f000000, 0x10000 bytes are mapped
00:38:38.169 > V (68) esp_image: loading segment header 2 at offset 0x1e644
00:38:38.169 > D (69) bootloader_flash: mmu set block paddr=0x00010000 (was 0xffffffff)
00:38:38.169 > V (70) esp_image: segment data length 0x19cc data starts 0x1e64c
00:38:38.169 > V (71) esp_image: MMU page size 0x10000
00:38:38.169 > V (71) esp_image: segment 2 map_segment 0 segment_data_offs 0x1e64c load_addr 0x3ffc36e0
00:38:38.169 > I (71) esp_image: segment 2: paddr=0001e64c vaddr=3ffc36e0 size=019cch (  6604) load
00:38:38.169 > D (71) esp_image: free data page_count 0x00000038
00:38:38.169 > D (72) bootloader_flash: rodata starts from paddr=0x0001e64c, size=0x19cc, will be mapped to vaddr=0x3f000000
00:38:38.169 > V (72) bootloader_flash: after mapping, starting from paddr=0x00010000 and vaddr=0x3f000000, 0x20000 b[37mytes are mapped
00:38:38.169 > V (74) esp_image: loading segment header 3 at offset 0x20018
00:38:38.169 > D (74) bootloader_flash: mmu set block paddr=0x00020000 (was 0xffffffff)
00:38:38.169 > V (75) esp_image: segment data length 0x2fccc data starts 0x20020
00:38:38.169 > V (76) esp_image: MMU page size 0x10000
00:38:38.169 > V (76) esp_image: segment 3 map_segment 1 segment_data_offs 0x20020 load_addr 0x40080020
00:38:38.169 > I (76) esp_image: segment 3: paddr=00020020 vaddr=40080020 size=2fccch (195788) map
00:38:38.169 > D (76) esp_image: free data page_count 0x00000038
00:38:38.169 > D (77) bootloader_flash: rodata starts from paddr=0x00020020, size=0x2fccc, will be mapped to vaddr=0x3f000000
00:38:38.169 > V (77) bootloader_flash: after mapping, starting from paddr=0x00020000 and vaddr=0x3f000000, 0x30000 bytes are mapped
00:38:38.169 > V (115) esp_image: loading segment header 4 at offset 0x4fcec
00:38:38.169 > D (116) bootloader_flash: mmu set block paddr=0x00040000 (was 0xffffffff)
00:38:38.169 > V (117) esp_image: segment data length 0x1384 data starts 0x4fcf4
00:38:38.169 > V (118) esp_image: MMU page size 0x10000
00:38:38.169 > V (118) esp_image: segment 4 map_segment 0 segment_data[37m_offs 0x4fcf4 load_addr 0x3ffc50ac
00:38:38.169 > I (118) esp_image: segment 4: paddr=0004fcf4 vaddr=3ffc50ac size=01384h (  4996) load
00:38:38.169 > D (118) esp_image: free data page_count 0x00000038
00:38:38.169 > D (119) bootloader_flash: rodata starts from paddr=0x0004fcf4, size=0x1384, will be mapped to vaddr=0x3f000000
00:38:38.169 > V (119) bootloader_flash: after mapping, starting from paddr=0x00040000 and vaddr=0x3f000000, 0x20000 bytes are mapped
00:38:38.169 > V (121) esp_image: loading segment header 5 at offset 0x51078
00:38:38.169 > D (121) bootloader_flash: mmu set block paddr=0x00050000 (was 0xffffffff)
00:38:38.169 > V (123) esp_image: segment data length 0xf6dc data starts 0x51080
00:38:38.169 > V (124) esp_image: MMU page size 0x10000
00:38:38.169 > V (124) esp_image: segment 5 map_segment 0 segment_data_offs 0x51080 load_addr 0x40024000
00:38:38.169 > I (125) esp_image: segment 5: paddr=00051080 vaddr=40024000 size=0f6dch ( 63196) load
00:38:38.169 > D (125) esp_image: free data page_count 0x00000038
00:38:38.169 > D (125) bootloader_flash: rodata starts from paddr=0x00051080, size=0xf6dc, will be mapped to vaddr=0x3f000000
00:38:38.169 > V (126) bootloader_flash[37m: after mapping, starting from paddr=0x00050000 and vaddr=0x3f000000, 0x20000 bytes are mapped
00:38:38.169 > V (141) esp_image: image start 0x00010000 end of last section 0x0006075c
00:38:38.169 > D (143) bootloader_flash: mmu set block paddr=0x00060000 (was 0xffffffff)
00:38:38.169 > I (151) boot: Loaded app from partition at offset 0x10000
00:38:38.169 > I (151) boot: Disabling RNG early entropy source...
00:38:38.169 > D (152) boot: Mapping segment 0 as DROM
00:38:38.169 > D (152) boot: Mapping segment 3 as IROM
00:38:38.169 > D (152) boot: calling set_cache_and_start_app
00:38:38.169 > D (152) boot: configure drom and irom and start
00:38:38.169 > V (153) boot: rodata starts from paddr=0x00010020, vaddr=0x3f000020, size=0xe600
00:38:38.169 > V (154) boot: after mapping rodata, starting from paddr=0x00010000 and vaddr=0x3f000000, 0x10000 bytes are mapped
00:38:38.169 > V (154) boot: mapped one page of the rodata, from paddr=0x00010000 and vaddr=0x3f3f0000, 0x10000 bytes are mapped
00:38:38.169 > V (155) boot: text starts from paddr=0x00020020, vaddr=0x40080020, size=0x2fccc
00:38:38.169 > V (156) boot: after mapping text, starting from paddr=0x00020000 and vaddr=0x40080000, 0x300[37m00 bytes are mapped
00:38:38.170 > D (156) boot: start: 0x40025758
00:38:38.170 > I (178) main_task: Started on CPU0
00:38:38.170 > I (178) main_task: Calling app_main()
00:38:38.170 > [INFO][MAIN][13ms] START
00:38:38.170 > Guru Meditation Error: Core  0 panic'ed (LoadProhibited). Exception was unhandled.
00:38:38.170 > 
00:38:38.170 > Core  0 register dump:
00:38:38.170 > PC      : 0x400a4ae3  PS      : 0x00060530  A0      : 0x8009b70c  A1      : 0x3ffcb630  
00:38:38.170 > A2      : 0x3ffcbbc0  A3      : 0x00000000  A4      : 0x3ffcb640  A5      : 0x3ffcb980  
00:38:38.170 > A6      : 0x3ffcb960  A7      : 0x00000008  A8      : 0x00000000  A9      : 0x3ffcb620  
00:38:38.170 > A10     : 0x00000001  A11     : 0x3f00be12  A12     : 0x000000ff  A13     : 0x0000ff00  
00:38:38.170 > A14     : 0x00ff0000  A15     : 0xff000000  SAR     : 0x00000004  EXCCAUSE: 0x0000001c  
00:38:38.170 > EXCVADDR: 0x00000064  LBEG    : 0x000000ff  LEND    : 0x0000ff00  LCOUNT  : 0x40029480  
00:38:38.170 > 
00:38:38.170 > 
00:38:38.170 > Backtrace: 0x400a4ae0:0x3ffcb630 0x4009b709:0x3ffcb950 0x400888aa:0x3ffcb9a0 0x40089629:0x3ffcbaf0 0x400af683:0x3ffcbb10 0x4002b9b9:0x3ffcbb40
00:38:38.170 > 
00:38:38.170 > 
00:38:38.170 > 
00:38:38.170 > 
00:38:38.170 > ELF file SHA256: 57f2c4b40
00:38:38.170 > 
00:38:38.170 > Rebooting...
00:38:38.170 > I (32) boot: ES[37mP-IDF 5.4.0 2nd stage bootloader
00:38:38.170 > I (32) boot: compile time Jul  3 2025 00:33:36
00:38:38.170 > D (32) bootloader_flash: XMC chip detected by RDID (00204016), skip.
00:38:38.170 > D (34) bootloader_flash: mmu set block paddr=0x00000000 (was 0xffffffff)
00:38:38.170 > I (35) boot: chip revision: v0.0
00:38:38.170 > I (35) boot: efuse block revision: v0.2
00:38:38.170 > D (36) boot.esp32s2: magic e9
00:38:38.170 > D (36) boot.esp32s2: segments 04
00:38:38.170 > D (36) boot.esp32s2: spi_mode 02
00:38:38.170 > D (36) boot.esp32s2: spi_speed 0f
00:38:38.170 > D (36) boot.esp32s2: spi_size 02
00:38:38.170 > I (36) boot.esp32s2: SPI Speed      : 80MHz
00:38:38.170 > I (36) boot.esp32s2: SPI Mode       : DIO
00:38:38.170 > I (36) boot.esp32s2: SPI Flash Size : 4MB
00:38:38.170 > D (37) boot: Enabling RTCWDT(9000 ms)
00:38:38.170 > I (37) boot: Enabling RNG early entropy source...
00:38:38.170 > D (37) bootloader_flash: rodata starts from paddr=0x00008000, size=0xc00, will be mapped to vaddr=0x3f000000
00:38:38.170 > V (37) bootloader_flash: after mapping, starting from paddr=0x00000000 and vaddr=0x3f000000, 0x10000 bytes are mapped
00:38:38.170 > D (37) boot: mapped partition table 0x8000 at 0x3f008000
00:38:38.170 > D (37) flash_parts: partition table verifie[37md, 5 entries
00:38:38.170 > I (38) boot: Partition Table:
00:38:38.170 > I (39) boot: ## Label            Usage          Type ST Offset   Length
00:38:38.170 > D (40) boot: load partition table entry 0x3f008000
00:38:38.170 > D (40) boot: type=1 subtype=2
00:38:38.170 > I (41) boot:  0 nvs              WiFi data        01 02 00009000 00004000
00:38:38.170 > D (42) boot: load partition table entry 0x3f008020
00:38:38.170 > D (42) boot: type=1 subtype=1
00:38:38.170 > I (42) boot:  1 phy_init         RF data          01 01 0000d000 00001000
00:38:38.170 > D (43) boot: load partition table entry 0x3f008040
00:38:38.170 > D (44) boot: type=0 subtype=0
00:38:38.170 > I (44) boot:  2 factory          factory app      00 00 00010000 00100000
00:38:38.170 > D (45) boot: load partition table entry 0x3f008060
00:38:38.170 > D (45) boot: type=1 subtype=83
00:38:38.170 > I (45) boot:  3 storage          Unknown data     01 83 00110000 000f0000
00:38:38.170 > I (46) boot: End of partition table
00:38:38.170 > D (46) boot: Trying partition index -1 offs 0x10000 size 0x100000
00:38:38.170 > D (47) esp_image: reading image header @ 0x10000
00:38:38.170 > D (48) bootloader_flash: mmu set block paddr=0x00010000 (was 0xffffffff)
00:38:38.170 > D (49) esp_image: image header: 0xe9 0x06[37m 0x02 0x02 40025758
00:38:38.170 > V (49) esp_image: loading segment header 0 at offset 0x10018
00:38:38.170 > V (49) esp_image: segment data length 0xe600 data starts 0x10020
00:38:38.170 > V (50) esp_image: MMU page size 0x10000
00:38:38.170 > V (50) esp_image: segment 0 map_segment 1 segment_data_offs 0x10020 load_addr 0x3f000020
00:38:38.170 > I (51) esp_image: segment 0: paddr=00010020 vaddr=3f000020 size=0e600h ( 58880) map
00:38:38.170 > D (53) esp_image: free data page_count 0x00000038
00:38:38.170 > D (53) bootloader_flash: rodata starts from paddr=0x00010020, size=0xe600, will be mapped to vaddr=0x3f000000
00:38:38.170 > V (53) bootloader_flash: after mapping, starting from paddr=0x00010000 and vaddr=0x3f000000, 0x10000 bytes are mapped
00:38:38.170 > V (65) esp_image: loading segment header 1 at offset 0x1e620
00:38:38.170 > D (65) bootloader_flash: mmu set block paddr=0x00010000 (was 0xffffffff)
00:38:38.170 > V (66) esp_image: segment data length 0x1c data starts 0x1e628
00:38:38.170 > V (66) esp_image: MMU page size 0x10000
00:38:38.170 > V (66) esp_image: segment 1 map_segment 0 segment_data_offs 0x1e628 load_addr 0x3ff9e010
00:38:38.170 > I (68) esp_image: segment 1: paddr=0001e628[37m vaddr=3ff9e010 size=0001ch (    28) load
00:38:38.170 > D (69) esp_image: free data page_count 0x00000038
00:38:38.170 > D (69) bootloader_flash: rodata starts from paddr=0x0001e628, size=0x1c, will be mapped to vaddr=0x3f000000
00:38:38.170 > V (69) bootloader_flash: after mapping, starting from paddr=0x00010000 and vaddr=0x3f000000, 0x10000 bytes are mapped
00:38:38.170 > V (69) esp_image: loading segment header 2 at offset 0x1e644
00:38:38.170 > D (70) bootloader_flash: mmu set block paddr=0x00010000 (was 0xffffffff)
00:38:38.170 > V (71) esp_image: segment data length 0x19cc data starts 0x1e64c
00:38:38.170 > V (72) esp_image: MMU page size 0x10000
00:38:38.170 > V (72) esp_image: segment 2 map_segment 0 segment_data_offs 0x1e64c load_addr 0x3ffc36e0
00:38:38.170 > I (73) esp_image: segment 2: paddr=0001e64c vaddr=3ffc36e0 size=019cch (  6604) load
00:38:38.170 > D (74) esp_image: free data page_count 0x00000038
00:38:38.170 > D (75) bootloader_flash: rodata starts from paddr=0x0001e64c, size=0x19cc, will be mapped to vaddr=0x3f000000
00:38:38.170 > V (75) bootloader_flash: after mapping, starting from paddr=0x00010000 and vaddr=0x3f000000, 0x20000 bytes are mapped[37m
00:38:38.170 > V (77) esp_image: loading segment header 3 at offset 0x20018
00:38:38.170 > D (77) bootloader_flash: mmu set block paddr=0x00020000 (was 0xffffffff)
00:38:38.170 > V (78) esp_image: segment data length 0x2fccc data starts 0x20020
00:38:38.170 > V (79) esp_image: MMU page size 0x10000
00:38:38.170 > V (79) esp_image: segment 3 map_segment 1 segment_data_offs 0x20020 load_addr 0x40080020
00:38:38.170 > I (79) esp_image: segment 3: paddr=00020020 vaddr=40080020 size=2fccch (195788) map
00:38:38.170 > D (79) esp_image: free data page_count 0x00000038
00:38:38.170 > D (80) bootloader_flash: rodata starts from paddr=0x00020020, size=0x2fccc, will be mapped to vaddr=0x3f000000
00:38:38.170 > V (80) bootloader_flash: after mapping, starting from paddr=0x00020000 and vaddr=0x3f000000, 0x30000 bytes are mapped
00:38:38.170 > V (118) esp_image: loading segment header 4 at offset 0x4fcec
00:38:38.170 > D (119) bootloader_flash: mmu set block paddr=0x00040000 (was 0xffffffff)
00:38:38.170 > V (120) esp_image: segment data length 0x1384 data starts 0x4fcf4
00:38:38.170 > V (121) esp_image: MMU page size 0x10000
00:38:38.170 > V (121) esp_image: segment 4 map_segment 0 segment_data_offs 0x4fcf4 l[37moad_addr 0x3ffc50ac
00:38:38.170 > I (121) esp_image: segment 4: paddr=0004fcf4 vaddr=3ffc50ac size=01384h (  4996) load
00:38:38.170 > D (121) esp_image: free data page_count 0x00000038
00:38:38.170 > D (122) bootloader_flash: rodata starts from paddr=0x0004fcf4, size=0x1384, will be mapped to vaddr=0x3f000000
00:38:38.170 > V (122) bootloader_flash: after mapping, starting from paddr=0x00040000 and vaddr=0x3f000000, 0x20000 bytes are mapped
00:38:38.170 > V (124) esp_image: loading segment header 5 at offset 0x51078
00:38:38.170 > D (124) bootloader_flash: mmu set block paddr=0x00050000 (was 0xffffffff)
00:38:38.170 > V (126) esp_image: segment data length 0xf6dc data starts 0x51080
00:38:38.170 > V (127) esp_image: MMU page size 0x10000
00:38:38.170 > V (127) esp_image: segment 5 map_segment 0 segment_data_offs 0x51080 load_addr 0x40024000
00:38:38.170 > I (128) esp_image: segment 5: paddr=00051080 vaddr=40024000 size=0f6dch ( 63196) load
00:38:38.170 > D (128) esp_image: free data page_count 0x00000038
00:38:38.170 > D (128) bootloader_flash: rodata starts from paddr=0x00051080, size=0xf6dc, will be mapped to vaddr=0x3f000000
00:38:38.170 > V (129) bootloader_flash: after mapping[37m, starting from paddr=0x00050000 and vaddr=0x3f000000, 0x20000 bytes are mapped
00:38:38.170 > V (144) esp_image: image start 0x00010000 end of last section 0x0006075c
00:38:38.170 > D (146) bootloader_flash: mmu set block paddr=0x00060000 (was 0xffffffff)
00:38:38.170 > I (154) boot: Loaded app from partition at offset 0x10000
00:38:38.170 > I (154) boot: Disabling RNG early entropy source...
00:38:38.170 > D (155) boot: Mapping segment 0 as DROM
00:38:38.170 > D (155) boot: Mapping segment 3 as IROM
00:38:38.170 > D (155) boot: calling set_cache_and_start_app
00:38:38.170 > D (155) boot: configure drom and irom and start
00:38:38.170 > V (156) boot: rodata starts from paddr=0x00010020, vaddr=0x3f000020, size=0xe600
00:38:38.170 > V (157) boot: after mapping rodata, starting from paddr=0x00010000 and vaddr=0x3f000000, 0x10000 bytes are mapped
00:38:38.170 > V (157) boot: mapped one page of the rodata, from paddr=0x00010000 and vaddr=0x3f3f0000, 0x10000 bytes are mapped
00:38:38.170 > V (158) boot: text starts from paddr=0x00020020, vaddr=0x40080020, size=0x2fccc
00:38:38.170 > V (159) boot: after mapping text, starting from paddr=0x00020000 and vaddr=0x40080000, 0x30000 bytes are ma[37mpped
00:38:38.170 > D (159) boot: start: 0x40025758
00:38:38.170 > I (181) main_task: Started on CPU0
00:38:38.170 > I (181) main_task: Calling app_main()
00:38:38.170 > [INFO][MAIN][13ms] START
00:38:38.170 > Guru Meditation Error: Core  0 panic'ed (LoadProhibited). Exception was unhandled.
00:38:38.170 > 
00:38:38.170 > Core  0 register dump:
00:38:38.170 > PC      : 0x400a4ae3  PS      : 0x00060530  A0      : 0x8009b70c  A1      : 0x3ffcb630  
00:38:38.170 > A2      : 0x3ffcbbc0  A3      : 0x00000000  A4      : 0x3ffcb640  A5      : 0x3ffcb980  
00:38:38.170 > A6      : 0x3ffcb960  A7      : 0x00000008  A8      : 0x00000000  A9      : 0x3ffcb620  
00:38:38.170 > A10     : 0x00000001  A11     : 0x3f00be12  A12     : 0x000000ff  A13     : 0x0000ff00  
00:38:38.170 > A14     : 0x00ff0000  A15     : 0xff000000  SAR     : 0x00000004  EXCCAUSE: 0x0000001c  
00:38:38.170 > EXCVADDR: 0x00000064  LBEG    : 0x000000ff  LEND    : 0x0000ff00  LCOUNT  : 0x40029480  
00:38:38.170 > 
00:38:38.170 > 
00:38:38.170 > Backtrace: 0x400a4ae0:0x3ffcb630 0x4009b709:0x3ffcb950 0x400888aa:0x3ffcb9a0 0x40089629:0x3ffcbaf0 0x400af683:0x3ffcbb10 0x4002b9b9:0x3ffcbb40
00:38:38.170 > 
00:38:38.170 > 
00:38:38.170 > 
00:38:38.170 > 
00:38:38.170 > ELF file SHA256: 57f2c4b40
00:38:38.170 > 
00:38:38.170 > Rebooting...
00:38:38.170 > I (32) boot: ESP-IDF 5.4.0 2nd[37m stage bootloader
00:38:38.171 > I (32) boot: compile time Jul  3 2025 00:33:36
00:38:38.171 > D (32) bootloader_flash: XMC chip detected by RDID (00204016), skip.
00:38:38.171 > D (34) bootloader_flash: mmu set block paddr=0x00000000 (was 0xffffffff)
00:38:38.171 > I (35) boot: chip revision: v0.0
00:38:38.171 > I (35) boot: efuse block revision: v0.2
00:38:38.171 > D (36) boot.esp32s2: magic e9
00:38:38.171 > D (36) boot.esp32s2: segments 04
00:38:38.171 > D (36) boot.esp32s2: spi_mode 02
00:38:38.171 > D (36) boot.esp32s2: spi_speed 0f
00:38:38.171 > D (36) boot.esp32s2: spi_size 02
00:38:38.171 > I (36) boot.esp32s2: SPI Speed      : 80MHz
00:38:38.171 > I (36) boot.esp32s2: SPI Mode       : DIO
00:38:38.171 > I (36) boot.esp32s2: SPI Flash Size : 4MB
00:38:38.171 > D (37) boot: Enabling RTCWDT(9000 ms)
00:38:38.171 > I (37) boot: Enabling RNG early entropy source...
00:38:38.171 > D (37) bootloader_flash: rodata starts from paddr=0x00008000, size=0xc00, will be mapped to vaddr=0x3f000000
00:38:38.171 > V (37) bootloader_flash: after mapping, starting from paddr=0x00000000 and vaddr=0x3f000000, 0x10000 bytes are mapped
00:38:38.171 > D (37) boot: mapped partition table 0x8000 at 0x3f008000
00:38:38.171 > D (37) flash_parts: partition table verified, 5 entries
00:38:38.171 > I[37m (38) boot: Partition Table:
00:38:38.171 > I (38) boot: ## Label            Usage          Type ST Offset   Length
00:38:38.171 > D (39) boot: load partition table entry 0x3f008000
00:38:38.171 > D (39) boot: type=1 subtype=2
00:38:38.171 > I (40) boot:  0 nvs              WiFi data        01 02 00009000 00004000
00:38:38.171 > D (41) boot: load partition table entry 0x3f008020
00:38:38.171 > D (41) boot: type=1 subtype=1
00:38:38.171 > I (41) boot:  1 phy_init         RF data          01 01 0000d000 00001000
00:38:38.171 > D (42) boot: load partition table entry 0x3f008040
00:38:38.171 > D (43) boot: type=0 subtype=0
00:38:38.171 > I (43) boot:  2 factory          factory app      00 00 00010000 00100000
00:38:38.171 > D (44) boot: load partition table entry 0x3f008060
00:38:38.171 > D (44) boot: type=1 subtype=83
00:38:38.171 > I (44) boot:  3 storage          Unknown data     01 83 00110000 000f0000
00:38:38.171 > I (45) boot: End of partition table
00:38:38.171 > D (45) boot: Trying partition index -1 offs 0x10000 size 0x100000
00:38:38.171 > D (46) esp_image: reading image header @ 0x10000
00:38:38.171 > D (47) bootloader_flash: mmu set block paddr=0x00010000 (was 0xffffffff)
00:38:38.171 > D (48) esp_image: image header: 0xe9 0x06 0x02 0x02 4002[37m5758
00:38:38.173 > V (48) esp_image: loading segment header 0 at offset 0x10018
00:38:38.173 > V (48) esp_image: segment data length 0xe600 data starts 0x10020
00:38:38.173 > V (49) esp_image: MMU page size 0x10000
00:38:38.173 > V (49) esp_image: segment 0 map_segment 1 segment_data_offs 0x10020 load_addr 0x3f000020
00:38:38.173 > I (49) esp_image: segment 0: paddr=00010020 vaddr=3f000020 size=0e600h ( 58880) map
00:38:38.173 > D (51) esp_image: free data page_count 0x00000038
00:38:38.173 > D (51) bootloader_flash: rodata starts from paddr=0x00010020, size=0xe600, will be mapped to vaddr=0x3f000000
00:38:38.173 > V (51) bootloader_flash: after mapping, starting from paddr=0x00010000 and vaddr=0x3f000000, 0x10000 bytes are mapped
00:38:38.173 > V (63) esp_image: loading segment header 1 at offset 0x1e620
00:38:38.173 > D (63) bootloader_flash: mmu set block paddr=0x00010000 (was 0xffffffff)
00:38:38.173 > V (64) esp_image: segment data length 0x1c data starts 0x1e628
00:38:38.173 > V (64) esp_image: MMU page size 0x10000
00:38:38.173 > V (64) esp_image: segment 1 map_segment 0 segment_data_offs 0x1e628 load_addr 0x3ff9e010
00:38:38.173 > I (65) esp_image: segment 1: paddr=0001e628 vaddr=3ff9e010[37m size=0001ch (    28) load
00:38:38.175 > D (66) esp_image: free data page_count 0x00000038
00:38:38.175 > D (66) bootloader_flash: rodata starts from paddr=0x0001e628, size=0x1c, will be mapped to vaddr=0x3f000000
00:38:38.175 > V (66) bootloader_flash: after mapping, starting from paddr=0x00010000 and vaddr=0x3f000000, 0x10000 bytes are mapped
00:38:38.175 > V (66) esp_image: loading segment header 2 at offset 0x1e644
00:38:38.175 > D (67) bootloader_flash: mmu set block paddr=0x00010000 (was 0xffffffff)
00:38:38.175 > V (68) esp_image: segment data length 0x19cc data starts 0x1e64c
00:38:38.175 > V (69) esp_image: MMU page size 0x10000
00:38:38.175 > V (69) esp_image: segment 2 map_segment 0 segment_data_offs 0x1e64c load_addr 0x3ffc36e0
00:38:38.175 > I (70) esp_image: segment 2: paddr=0001e64c vaddr=3ffc36e0 size=019cch (  6604) load
00:38:38.175 > D (71) esp_image: free data page_count 0x00000038
00:38:38.175 > D (72) bootloader_flash: rodata starts from paddr=0x0001e64c, size=0x19cc, will be mapped to vaddr=0x3f000000
00:38:38.175 > V (72) bootloader_flash: after mapping, starting from paddr=0x00010000 and vaddr=0x3f000000, 0x20000 bytes are mapped
00:38:38.175 > V (74) esp_im[37mage: loading segment header 3 at offset 0x20018
00:38:38.176 > D (74) bootloader_flash: mmu set block paddr=0x00020000 (was 0xffffffff)
00:38:38.176 > V (75) esp_image: segment data length 0x2fccc data starts 0x20020
00:38:38.176 > V (76) esp_image: MMU page size 0x10000
00:38:38.176 > V (76) esp_image: segment 3 map_segment 1 segment_data_offs 0x20020 load_addr 0x40080020
00:38:38.176 > I (76) esp_image: segment 3: paddr=00020020 vaddr=40080020 size=2fccch (195788) map
00:38:38.176 > D (76) esp_image: free data page_count 0x00000038
00:38:38.176 > D (77) bootloader_flash: rodata starts from paddr=0x00020020, size=0x2fccc, will be mapped to vaddr=0x3f000000
00:38:38.176 > V (77) bootloader_flash: after mapping, starting from paddr=0x00020000 and vaddr=0x3f000000, 0x30000 bytes are mapped
00:38:38.176 > V (115) esp_image: loading segment header 4 at offset 0x4fcec
00:38:38.176 > D (116) bootloader_flash: mmu set block paddr=0x00040000 (was 0xffffffff)
00:38:38.176 > V (117) esp_image: segment data length 0x1384 data starts 0x4fcf4
00:38:38.176 > V (118) esp_image: MMU page size 0x10000
00:38:38.176 > V (118) esp_image: segment 4 map_segment 0 segment_data_offs 0x4fcf4 load_addr 0x3ffc[37m50ac
00:38:38.176 > I (118) esp_image: segment 4: paddr=0004fcf4 vaddr=3ffc50ac size=01384h (  4996) load
00:38:38.176 > D (118) esp_image: free data page_count 0x00000038
00:38:38.176 > D (119) bootloader_flash: rodata starts from paddr=0x0004fcf4, size=0x1384, will be mapped to vaddr=0x3f000000
00:38:38.176 > V (119) bootloader_flash: after mapping, starting from paddr=0x00040000 and vaddr=0x3f000000, 0x20000 bytes are mapped
00:38:38.176 > V (121) esp_image: loading segment header 5 at offset 0x51078
00:38:38.176 > D (121) bootloader_flash: mmu set block paddr=0x00050000 (was 0xffffffff)
00:38:38.176 > V (123) esp_image: segment data length 0xf6dc data starts 0x51080
00:38:38.176 > V (124) esp_image: MMU page size 0x10000
00:38:38.176 > V (124) esp_image: segment 5 map_segment 0 segment_data_offs 0x51080 load_addr 0x40024000
00:38:38.176 > I (124) esp_image: segment 5: paddr=00051080 vaddr=40024000 size=0f6dch ( 63196) load
00:38:38.176 > D (124) esp_image: free data page_count 0x00000038
00:38:38.176 > D (124) bootloader_flash: rodata starts from paddr=0x00051080, size=0xf6dc, will be mapped to vaddr=0x3f000000
00:38:38.176 > V (125) bootloader_flash: after mapping, starting from[37m paddr=0x00050000 and vaddr=0x3f000000, 0x20000 bytes are mapped
00:38:38.176 > V (140) esp_image: image start 0x00010000 end of last section 0x0006075c
00:38:38.176 > D (142) bootloader_flash: mmu set block paddr=0x00060000 (was 0xffffffff)
00:38:38.176 > I (150) boot: Loaded app from partition at offset 0x10000
00:38:38.176 > I (150) boot: Disabling RNG early entropy source...
00:38:38.176 > D (151) boot: Mapping segment 0 as DROM
00:38:38.176 > D (151) boot: Mapping segment 3 as IROM
00:38:38.176 > D (151) boot: calling set_cache_and_start_app
00:38:38.176 > D (151) boot: configure drom and irom and start
00:38:38.176 > V (152) boot: rodata starts from paddr=0x00010020, vaddr=0x3f000020, size=0xe600
00:38:38.176 > V (153) boot: after mapping rodata, starting from paddr=0x00010000 and vaddr=0x3f000000, 0x10000 bytes are mapped
00:38:38.176 > V (153) boot: mapped one page of the rodata, from paddr=0x00010000 and vaddr=0x3f3f0000, 0x10000 bytes are mapped
00:38:38.176 > V (154) boot: text starts from paddr=0x00020020, vaddr=0x40080020, size=0x2fccc
00:38:38.176 > V (155) boot: after mapping text, starting from paddr=0x00020000 and vaddr=0x40080000, 0x30000 bytes are mapped
00:38:38.176 > D (155) b[37moot: start: 0x40025758
00:38:38.176 > I (177) main_task: Started on CPU0
00:38:38.176 > I (177) main_task: Calling app_main()
00:38:38.176 > [INFO][MAIN][13ms] START
00:38:38.176 > Guru Meditation Error: Core  0 panic'ed (LoadProhibited). Exception was unhandled.
00:38:38.176 > 
00:38:38.176 > Core  0 register dump:
00:38:38.176 > PC      : 0x400a4ae3  PS      : 0x00060530  A0      : 0x8009b70c  A1      : 0x3ffcb630  
00:38:38.176 > A2      : 0x3ffcbbc0  A3      : 0x00000000  A4      : 0x3ffcb640  A5      : 0x3ffcb980  
00:38:38.176 > A6      : 0x3ffcb960  A7      : 0x00000008  A8      : 0x00000000  A9      : 0x3ffcb620  
00:38:38.176 > A10     : 0x00000001  A11     : 0x3f00be12  A12     : 0x000000ff  A13     : 0x0000ff00  
00:38:38.176 > A14     : 0x00ff0000  A15     : 0xff000000  SAR     : 0x00000004  EXCCAUSE: 0x0000001c  
00:38:38.176 > EXCVADDR: 0x00000064  LBEG    : 0x000000ff  LEND    : 0x0000ff00  LCOUNT  : 0x40029480  
00:38:38.176 > 
00:38:38.176 > 
00:38:38.176 > Backtrace: 0x400a4ae0:0x3ffcb630 0x4009b709:0x3ffcb950 0x400888aa:0x3ffcb9a0 0x40089629:0x3ffcbaf0 0x400af683:0x3ffcbb10 0x4002b9b9:0x3ffcbb40
00:38:38.176 > 
00:38:38.176 > 
00:38:38.176 > 
00:38:38.176 > 
00:38:38.176 > ELF file SHA256: 57f2c4b40
00:38:38.176 > 
00:38:38.176 > Rebooting...
00:38:38.176 > I (32) boot: ESP-IDF 5.4.0 2nd stage bootload[37mer
00:38:38.176 > I (32) boot: compile time Jul  3 2025 00:33:36
00:38:38.176 > D (32) bootloader_flash: XMC chip detected by RDID (00204016), skip.
00:38:38.176 > D (34) bootloader_flash: mmu set block paddr=0x00000000 (was 0xffffffff)
00:38:38.176 > I (35) boot: chip revision: v0.0
00:38:38.176 > I (35) boot: efuse block revision: v0.2
00:38:38.176 > D (36) boot.esp32s2: magic e9
00:38:38.176 > D (36) boot.esp32s2: segments 04
00:38:38.176 > D (36) boot.esp32s2: spi_mode 02
00:38:38.176 > D (36) boot.esp32s2: spi_speed 0f
00:38:38.176 > D (36) boot.esp32s2: spi_size 02
00:38:38.176 > I (36) boot.esp32s2: SPI Speed      : 80MHz
00:38:38.176 > I (36) boot.esp32s2: SPI Mode       : DIO
00:38:38.176 > I (36) boot.esp32s2: SPI Flash Size : 4MB
00:38:38.176 > D (37) boot: Enabling RTCWDT(9000 ms)
00:38:38.176 > I (37) boot: Enabling RNG early entropy source...
00:38:38.176 > D (37) bootloader_flash: rodata starts from paddr=0x00008000, size=0xc00, will be mapped to vaddr=0x3f000000
00:38:38.176 > V (37) bootloader_flash: after mapping, starting from paddr=0x00000000 and vaddr=0x3f000000, 0x10000 bytes are mapped
00:38:38.176 > D (37) boot: mapped partition table 0x8000 at 0x3f008000
00:38:38.176 > D (37) flash_parts: partition table verified, 5 entries
00:38:38.176 > I (38) boot: Par[37mtition Table:
00:38:38.176 > I (38) boot: ## Label            Usage          Type ST Offset   Length
00:38:38.176 > D (39) boot: load partition table entry 0x3f008000
00:38:38.176 > D (39) boot: type=1 subtype=2
00:38:38.176 > I (40) boot:  0 nvs              WiFi data        01 02 00009000 00004000
00:38:38.176 > D (41) boot: load partition table entry 0x3f008020
00:38:38.176 > D (41) boot: type=1 subtype=1
00:38:38.176 > I (41) boot:  1 phy_init         RF data          01 01 0000d000 00001000
00:38:38.176 > D (42) boot: load partition table entry 0x3f008040
00:38:38.176 > D (43) boot: type=0 subtype=0
00:38:38.176 > I (43) boot:  2 factory          factory app      00 00 00010000 00100000
00:38:38.176 > D (44) boot: load partition table entry 0x3f008060
00:38:38.176 > D (44) boot: type=1 subtype=83
00:38:38.176 > I (44) boot:  3 storage          Unknown data     01 83 00110000 000f0000
00:38:38.176 > I (45) boot: End of partition table
00:38:38.176 > D (45) boot: Trying partition index -1 offs 0x10000 size 0x100000
00:38:38.176 > D (46) esp_image: reading image header @ 0x10000
00:38:38.176 > D (47) bootloader_flash: mmu set block paddr=0x00010000 (was 0xffffffff)
00:38:38.176 > D (48) esp_image: image header: 0xe9 0x06 0x02 0x02 40025758
00:38:38.176 > V (48) es[37mp_image: loading segment header 0 at offset 0x10018
00:38:38.176 > V (48) esp_image: segment data length 0xe600 data starts 0x10020
00:38:38.176 > V (49) esp_image: MMU page size 0x10000
00:38:38.176 > V (49) esp_image: segment 0 map_segment 1 segment_data_offs 0x10020 load_addr 0x3f000020
00:38:38.176 > I (49) esp_image: segment 0: paddr=00010020 vaddr=3f000020 size=0e600h ( 58880) map
00:38:38.176 > D (51) esp_image: free data page_count 0x00000038
00:38:38.176 > D (51) bootloader_flash: rodata starts from paddr=0x00010020, size=0xe600, will be mapped to vaddr=0x3f000000
00:38:38.176 > V (51) bootloader_flash: after mapping, starting from paddr=0x00010000 and vaddr=0x3f000000, 0x10000 bytes are mapped
00:38:38.176 > V (63) esp_image: loading segment header 1 at offset 0x1e620
00:38:38.176 > D (63) bootloader_flash: mmu set block paddr=0x00010000 (was 0xffffffff)
00:38:38.176 > V (64) esp_image: segment data length 0x1c data starts 0x1e628
00:38:38.176 > V (64) esp_image: MMU page size 0x10000
00:38:38.176 > V (64) esp_image: segment 1 map_segment 0 segment_data_offs 0x1e628 load_addr 0x3ff9e010
00:38:38.176 > I (65) esp_image: segment 1: paddr=0001e628 vaddr=3ff9e010 size=0001ch ( [37m   28) load
00:38:38.177 > D (66) esp_image: free data page_count 0x00000038
00:38:38.177 > D (66) bootloader_flash: rodata starts from paddr=0x0001e628, size=0x1c, will be mapped to vaddr=0x3f000000
00:38:38.177 > V (66) bootloader_flash: after mapping, starting from paddr=0x00010000 and vaddr=0x3f000000, 0x10000 bytes are mapped
00:38:38.177 > V (66) esp_image: loading segment header 2 at offset 0x1e644
00:38:38.177 > D (67) bootloader_flash: mmu set block paddr=0x00010000 (was 0xffffffff)
00:38:38.177 > V (68) esp_image: segment data length 0x19cc data starts 0x1e64c
00:38:38.177 > V (69) esp_image: MMU page size 0x10000
00:38:38.177 > V (69) esp_image: segment 2 map_segment 0 segment_data_offs 0x1e64c load_addr 0x3ffc36e0
00:38:38.177 > I (70) esp_image: segment 2: paddr=0001e64c vaddr=3ffc36e0 size=019cch (  6604) load
00:38:38.177 > D (70) esp_image: free data page_count 0x00000038
00:38:38.177 > D (71) bootloader_flash: rodata starts from paddr=0x0001e64c, size=0x19cc, will be mapped to vaddr=0x3f000000
00:38:38.177 > V (71) bootloader_flash: after mapping, starting from paddr=0x00010000 and vaddr=0x3f000000, 0x20000 bytes are mapped
00:38:38.177 > V (73) esp_image: loading se[37mgment header 3 at offset 0x20018
00:38:38.177 > D (73) bootloader_flash: mmu set block paddr=0x00020000 (was 0xffffffff)
00:38:38.177 > V (74) esp_image: segment data length 0x2fccc data starts 0x20020
00:38:38.177 > V (75) esp_image: MMU page size 0x10000
00:38:38.177 > V (75) esp_image: segment 3 map_segment 1 segment_data_offs 0x20020 load_addr 0x40080020
00:38:38.177 > I (75) esp_image: segment 3: paddr=00020020 vaddr=40080020 size=2fccch (195788) map
00:38:38.177 > D (75) esp_image: free data page_count 0x00000038
00:38:38.177 > D (76) bootloader_flash: rodata starts from paddr=0x00020020, size=0x2fccc, will be mapped to vaddr=0x3f000000
00:38:38.177 > V (76) bootloader_flash: after mapping, starting from paddr=0x00020000 and vaddr=0x3f000000, 0x30000 bytes are mapped
00:38:38.177 > V (114) esp_image: loading segment header 4 at offset 0x4fcec
00:38:38.177 > D (115) bootloader_flash: mmu set block paddr=0x00040000 (was 0xffffffff)
00:38:38.177 > V (116) esp_image: segment data length 0x1384 data starts 0x4fcf4
00:38:38.177 > V (117) esp_image: MMU page size 0x10000
00:38:38.177 > V (117) esp_image: segment 4 map_segment 0 segment_data_offs 0x4fcf4 load_addr 0x3ffc50ac
00:38:38.177 > I (117) e[37msp_image: segment 4: paddr=0004fcf4 vaddr=3ffc50ac size=01384h (  4996) load
00:38:38.177 > D (118) esp_image: free data page_count 0x00000038
00:38:38.177 > D (119) bootloader_flash: rodata starts from paddr=0x0004fcf4, size=0x1384, will be mapped to vaddr=0x3f000000
00:38:38.177 > V (119) bootloader_flash: after mapping, starting from paddr=0x00040000 and vaddr=0x3f000000, 0x20000 bytes are mapped
00:38:38.177 > V (121) esp_image: loading segment header 5 at offset 0x51078
00:38:38.177 > D (121) bootloader_flash: mmu set block paddr=0x00050000 (was 0xffffffff)
00:38:38.177 > V (123) esp_image: segment data length 0xf6dc data starts 0x51080
00:38:38.177 > V (124) esp_image: MMU page size 0x10000
00:38:38.177 > V (124) esp_image: segment 5 map_segment 0 segment_data_offs 0x51080 load_addr 0x40024000
00:38:38.177 > I (124) esp_image: segment 5: paddr=00051080 vaddr=40024000 size=0f6dch ( 63196) load
00:38:38.177 > D (124) esp_image: free data page_count 0x00000038
00:38:38.177 > D (124) bootloader_flash: rodata starts from paddr=0x00051080, size=0xf6dc, will be mapped to vaddr=0x3f000000
00:38:38.177 > V (125) bootloader_flash: after mapping, starting from paddr=0x000500[37m00 and vaddr=0x3f000000, 0x20000 bytes are mapped
00:38:38.177 > V (140) esp_image: image start 0x00010000 end of last section 0x0006075c
00:38:38.177 > D (142) bootloader_flash: mmu set block paddr=0x00060000 (was 0xffffffff)
00:38:38.177 > I (150) boot: Loaded app from partition at offset 0x10000
00:38:38.177 > I (150) boot: Disabling RNG early entropy source...
00:38:38.177 > D (151) boot: Mapping segment 0 as DROM
00:38:38.177 > D (151) boot: Mapping segment 3 as IROM
00:38:38.177 > D (151) boot: calling set_cache_and_start_app
00:38:38.177 > D (151) boot: configure drom and irom and start
00:38:38.177 > V (152) boot: rodata starts from paddr=0x00010020, vaddr=0x3f000020, size=0xe600
00:38:38.177 > V (153) boot: after mapping rodata, starting from paddr=0x00010000 and vaddr=0x3f000000, 0x10000 bytes are mapped
00:38:38.177 > V (153) boot: mapped one page of the rodata, from paddr=0x00010000 and vaddr=0x3f3f0000, 0x10000 bytes are mapped
00:38:38.177 > V (154) boot: text starts from paddr=0x00020020, vaddr=0x40080020, size=0x2fccc
00:38:38.177 > V (155) boot: after mapping text, starting from paddr=0x00020000 and vaddr=0x40080000, 0x30000 bytes are mapped
00:38:38.177 > D (155) boot: start: 0x4[37m0025758
00:38:38.178 > I (177) main_task: Started on CPU0
00:38:38.178 > I (177) main_task: Calling app_main()
00:38:38.178 > [INFO][MAIN][13ms] START
00:38:38.178 > Guru Meditation Error: Core  0 panic'ed (LoadProhibited). Exception was unhandled.
00:38:38.178 > 
00:38:38.178 > Core  0 register dump:
00:38:38.178 > PC      : 0x400a4ae3  PS      : 0x00060530  A0      : 0x8009b70c  A1      : 0x3ffcb630  
00:38:38.178 > A2      : 0x3ffcbbc0  A3      : 0x00000000  A4      : 0x3ffcb640  A5      : 0x3ffcb980  
00:38:38.178 > A6      : 0x3ffcb960  A7      : 0x00000008  A8      : 0x00000000  A9      : 0x3ffcb620  
00:38:38.178 > A10     : 0x00000001  A11     : 0x3f00be12  A12     : 0x000000ff  A13     : 0x0000ff00  
00:38:38.178 > A14     : 0x00ff0000  A15     : 0xff000000  SAR     : 0x00000004  EXCCAUSE: 0x0000001c  
00:38:38.178 > EXCVADDR: 0x00000064  LBEG    : 0x000000ff  LEND    : 0x0000ff00  LCOUNT  : 0x40029480  
00:38:38.178 > 
00:38:38.178 > 
00:38:38.178 > Backtrace: 0x400a4ae0:0x3ffcb630 0x4009b709:0x3ffcb950 0x400888aa:0x3ffcb9a0 0x40089629:0x3ffcbaf0 0x400af683:0x3ffcbb10 0x4002b9b9:0x3ffcbb40
00:38:38.178 > 
00:38:38.178 > 
00:38:38.178 > 
00:38:38.178 > 
00:38:38.178 > ELF file SHA256: 57f2c4b40
00:38:38.178 > 
00:38:38.178 > Rebooting...
00:38:38.178 > I (32) boot: ESP-IDF 5.4.0 2nd stage bootloader
00:38:38.178 > I (32) boot[37m: compile time Jul  3 2025 00:33:36
00:38:38.180 > D (32) bootloader_flash: XMC chip detected by RDID (00204016), skip.
00:38:38.180 > D (34) bootloader_flash: mmu set block paddr=0x00000000 (was 0xffffffff)
00:38:38.180 > I (35) boot: chip revision: v0.0
00:38:38.180 > I (35) boot: efuse block revision: v0.2
00:38:38.180 > D (36) boot.esp32s2: magic e9
00:38:38.180 > D (36) boot.esp32s2: segments 04
00:38:38.180 > D (36) boot.esp32s2: spi_mode 02
00:38:38.180 > D (36) boot.esp32s2: spi_speed 0f
00:38:38.180 > D (36) boot.esp32s2: spi_size 02
00:38:38.180 > I (36) boot.esp32s2: SPI Speed      : 80MHz
00:38:38.180 > I (36) boot.esp32s2: SPI Mode       : DIO
00:38:38.180 > I (36) boot.esp32s2: SPI Flash Size : 4MB
00:38:38.180 > D (37) boot: Enabling RTCWDT(9000 ms)
00:38:38.180 > I (37) boot: Enabling RNG early entropy source...
00:38:38.180 > D (37) bootloader_flash: rodata starts from paddr=0x00008000, size=0xc00, will be mapped to vaddr=0x3f000000
00:38:38.180 > V (37) bootloader_flash: after mapping, starting from paddr=0x00000000 and vaddr=0x3f000000, 0x10000 bytes are mapped
00:38:38.180 > D (37) boot: mapped partition table 0x8000 at 0x3f008000
00:38:38.180 > D (37) flash_parts: partition table verified, 5 entries
00:38:38.180 > I (38) boot: Partition Table:
00:38:38.181 > [37mI (38) boot: ## Label            Usage          Type ST Offset   Length
00:38:38.181 > D (39) boot: load partition table entry 0x3f008000
00:38:38.181 > D (39) boot: type=1 subtype=2
00:38:38.181 > I (40) boot:  0 nvs              WiFi data        01 02 00009000 00004000
00:38:38.181 > D (41) boot: load partition table entry 0x3f008020
00:38:38.181 > D (41) boot: type=1 subtype=1
00:38:38.181 > I (41) boot:  1 phy_init         RF data          01 01 0000d000 00001000
00:38:38.181 > D (42) boot: load partition table entry 0x3f008040
00:38:38.181 > D (43) boot: type=0 subtype=0
00:38:38.181 > I (43) boot:  2 factory          factory app      00 00 00010000 00100000
00:38:38.181 > D (44) boot: load partition table entry 0x3f008060
00:38:38.181 > D (44) boot: type=1 subtype=83
00:38:38.181 > I (44) boot:  3 storage          Unknown data     01 83 00110000 000f0000
00:38:38.181 > I (45) boot: End of partition table
00:38:38.181 > D (45) boot: Trying partition index -1 offs 0x10000 size 0x100000
00:38:38.181 > D (46) esp_image: reading image header @ 0x10000
00:38:38.181 > D (47) bootloader_flash: mmu set block paddr=0x00010000 (was 0xffffffff)
00:38:38.181 > D (48) esp_image: image header: 0xe9 0x06 0x02 0x02 40025758
00:38:38.181 > V (48) esp_image: loadin[37mg segment header 0 at offset 0x10018
00:38:38.181 > V (48) esp_image: segment data length 0xe600 data starts 0x10020
00:38:38.181 > V (49) esp_image: MMU page size 0x10000
00:38:38.181 > V (49) esp_image: segment 0 map_segment 1 segment_data_offs 0x10020 load_addr 0x3f000020
00:38:38.181 > I (49) esp_image: segment 0: paddr=00010020 vaddr=3f000020 size=0e600h ( 58880) map
00:38:38.181 > D (51) esp_image: free data page_count 0x00000038
00:38:38.181 > D (51) bootloader_flash: rodata starts from paddr=0x00010020, size=0xe600, will be mapped to vaddr=0x3f000000
00:38:38.181 > V (51) bootloader_flash: after mapping, starting from paddr=0x00010000 and vaddr=0x3f000000, 0x10000 bytes are mapped
00:38:38.181 > V (63) esp_image: loading segment header 1 at offset 0x1e620
00:38:38.181 > D (63) bootloader_flash: mmu set block paddr=0x00010000 (was 0xffffffff)
00:38:38.181 > V (64) esp_image: segment data length 0x1c data starts 0x1e628
00:38:38.181 > V (64) esp_image: MMU page size 0x10000
00:38:38.181 > V (64) esp_image: segment 1 map_segment 0 segment_data_offs 0x1e628 load_addr 0x3ff9e010
00:38:38.181 > I (65) esp_image: segment 1: paddr=0001e628 vaddr=3ff9e010 size=0001ch (    28) load
00:38:38.181 > D [37m(66) esp_image: free data page_count 0x00000038
00:38:38.181 > D (66) bootloader_flash: rodata starts from paddr=0x0001e628, size=0x1c, will be mapped to vaddr=0x3f000000
00:38:38.181 > V (66) bootloader_flash: after mapping, starting from paddr=0x00010000 and vaddr=0x3f000000, 0x10000 bytes are mapped
00:38:38.181 > V (66) esp_image: loading segment header 2 at offset 0x1e644
00:38:38.181 > D (67) bootloader_flash: mmu set block paddr=0x00010000 (was 0xffffffff)
00:38:38.181 > V (68) esp_image: segment data length 0x19cc data starts 0x1e64c
00:38:38.181 > V (69) esp_image: MMU page size 0x10000
00:38:38.181 > V (69) esp_image: segment 2 map_segment 0 segment_data_offs 0x1e64c load_addr 0x3ffc36e0
00:38:38.181 > I (70) esp_image: segment 2: paddr=0001e64c vaddr=3ffc36e0 size=019cch (  6604) load
00:38:38.181 > D (70) esp_image: free data page_count 0x00000038
00:38:38.181 > D (71) bootloader_flash: rodata starts from paddr=0x0001e64c, size=0x19cc, will be mapped to vaddr=0x3f000000
00:38:38.181 > V (71) bootloader_flash: after mapping, starting from paddr=0x00010000 and vaddr=0x3f000000, 0x20000 bytes are mapped
00:38:38.181 > V (73) esp_image: loading segment header 3 [37mat offset 0x20018
00:38:38.181 > D (73) bootloader_flash: mmu set block paddr=0x00020000 (was 0xffffffff)
00:38:38.181 > V (74) esp_image: segment data length 0x2fccc data starts 0x20020
00:38:38.181 > V (75) esp_image: MMU page size 0x10000
00:38:38.181 > V (75) esp_image: segment 3 map_segment 1 segment_data_offs 0x20020 load_addr 0x40080020
00:38:38.181 > I (75) esp_image: segment 3: paddr=00020020 vaddr=40080020 size=2fccch (195788) map
00:38:38.181 > D (75) esp_image: free data page_count 0x00000038
00:38:38.181 > D (76) bootloader_flash: rodata starts from paddr=0x00020020, size=0x2fccc, will be mapped to vaddr=0x3f000000
00:38:38.181 > V (76) bootloader_flash: after mapping, starting from paddr=0x00020000 and vaddr=0x3f000000, 0x30000 bytes are mapped
00:38:38.181 > V (114) esp_image: loading segment header 4 at offset 0x4fcec
00:38:38.181 > D (115) bootloader_flash: mmu set block paddr=0x00040000 (was 0xffffffff)
00:38:38.181 > V (116) esp_image: segment data length 0x1384 data starts 0x4fcf4
00:38:38.181 > V (117) esp_image: MMU page size 0x10000
00:38:38.181 > V (117) esp_image: segment 4 map_segment 0 segment_data_offs 0x4fcf4 load_addr 0x3ffc50ac
00:38:38.181 > I (117) esp_image: segme[37mnt 4: paddr=0004fcf4 vaddr=3ffc50ac size=01384h (  4996) load
00:38:38.181 > D (117) esp_image: free data page_count 0x00000038
00:38:38.181 > D (118) bootloader_flash: rodata starts from paddr=0x0004fcf4, size=0x1384, will be mapped to vaddr=0x3f000000
00:38:38.181 > V (118) bootloader_flash: after mapping, starting from paddr=0x00040000 and vaddr=0x3f000000, 0x20000 bytes are mapped
00:38:38.181 > V (120) esp_image: loading segment header 5 at offset 0x51078
00:38:38.181 > D (120) bootloader_flash: mmu set block paddr=0x00050000 (was 0xffffffff)
00:38:38.181 > V (122) esp_image: segment data length 0xf6dc data starts 0x51080
00:38:38.181 > V (123) esp_image: MMU page size 0x10000
00:38:38.181 > V (123) esp_image: segment 5 map_segment 0 segment_data_offs 0x51080 load_addr 0x40024000
00:38:38.181 > I (124) esp_image: segment 5: paddr=00051080 vaddr=40024000 size=0f6dch ( 63196) load
00:38:38.181 > D (124) esp_image: free data page_count 0x00000038
00:38:38.181 > D (124) bootloader_flash: rodata starts from paddr=0x00051080, size=0xf6dc, will be mapped to vaddr=0x3f000000
00:38:38.181 > V (125) bootloader_flash: after mapping, starting from paddr=0x00050000 and vaddr=0x[37m3f000000, 0x20000 bytes are mapped
00:38:38.181 > V (140) esp_image: image start 0x00010000 end of last section 0x0006075c
00:38:38.181 > D (142) bootloader_flash: mmu set block paddr=0x00060000 (was 0xffffffff)
00:38:38.181 > I (150) boot: Loaded app from partition at offset 0x10000
00:38:38.181 > I (150) boot: Disabling RNG early entropy source...
00:38:38.181 > D (151) boot: Mapping segment 0 as DROM
00:38:38.181 > D (151) boot: Mapping segment 3 as IROM
00:38:38.181 > D (151) boot: calling set_cache_and_start_app
00:38:38.181 > D (151) boot: configure drom and irom and start
00:38:38.181 > V (152) boot: rodata starts from paddr=0x00010020, vaddr=0x3f000020, size=0xe600
00:38:38.181 > V (153) boot: after mapping rodata, starting from paddr=0x00010000 and vaddr=0x3f000000, 0x10000 bytes are mapped
00:38:38.181 > V (153) boot: mapped one page of the rodata, from paddr=0x00010000 and vaddr=0x3f3f0000, 0x10000 bytes are mapped
00:38:38.181 > V (154) boot: text starts from paddr=0x00020020, vaddr=0x40080020, size=0x2fccc
00:38:38.181 > V (155) boot: after mapping text, starting from paddr=0x00020000 and vaddr=0x40080000, 0x30000 bytes are mapped
00:38:38.181 > D (155) boot: start: 0x40025758
00:38:38.181 > I (177[37m) main_task: Started on CPU0
00:38:38.181 > I (177) main_task: Calling app_main()
00:38:38.181 > [INFO][MAIN][13ms] START
00:38:38.181 > Guru Meditation Error: Core  0 panic'ed (LoadProhibited). Exception was unhandled.
00:38:38.181 > 
00:38:38.181 > Core  0 register dump:
00:38:38.181 > PC      : 0x400a4ae3  PS      : 0x00060530  A0      : 0x8009b70c  A1      : 0x3ffcb630  
00:38:38.181 > A2      : 0x3ffcbbc0  A3      : 0x00000000  A4      : 0x3ffcb640  A5      : 0x3ffcb980  
00:38:38.181 > A6      : 0x3ffcb960  A7      : 0x00000008  A8      : 0x00000000  A9      : 0x3ffcb620  
00:38:38.181 > A10     : 0x00000001  A11     : 0x3f00be12  A12     : 0x000000ff  A13     : 0x0000ff00  
00:38:38.181 > A14     : 0x00ff0000  A15     : 0xff000000  SAR     : 0x00000004  EXCCAUSE: 0x0000001c  
00:38:38.181 > EXCVADDR: 0x00000064  LBEG    : 0x000000ff  LEND    : 0x0000ff00  LCOUNT  : 0x40029480  
00:38:38.181 > 
00:38:38.181 > 
00:38:38.181 > Backtrace: 0x400a4ae0:0x3ffcb630 0x4009b709:0x3ffcb950 0x400888aa:0x3ffcb9a0 0x40089629:0x3ffcbaf0 0x400af683:0x3ffcbb10 0x4002b9b9:0x3ffcbb40
00:38:38.181 > 
00:38:38.181 > 
00:38:38.181 > 
00:38:38.181 > 
00:38:38.181 > ELF file SHA256: 57f2c4b40
00:38:38.181 > 
00:38:38.181 > Rebooting...
00:38:38.181 > I (32) boot: ESP-IDF 5.4.0 2nd stage bootloader
00:38:38.181 > I (32) boot: compile time [37mJul  3 2025 00:33:36
00:38:38.181 > D (32) bootloader_flash: XMC chip detected by RDID (00204016), skip.
00:38:38.181 > D (34) bootloader_flash: mmu set block paddr=0x00000000 (was 0xffffffff)
00:38:38.181 > I (35) boot: chip revision: v0.0
00:38:38.181 > I (35) boot: efuse block revision: v0.2
00:38:38.181 > D (36) boot.esp32s2: magic e9
00:38:38.181 > D (36) boot.esp32s2: segments 04
00:38:38.181 > D (36) boot.esp32s2: spi_mode 02
00:38:38.181 > D (36) boot.esp32s2: spi_speed 0f
00:38:38.181 > D (36) boot.esp32s2: spi_size 02
00:38:38.181 > I (36) boot.esp32s2: SPI Speed      : 80MHz
00:38:38.181 > I (36) boot.esp32s2: SPI Mode       : DIO
00:38:38.181 > I (36) boot.esp32s2: SPI Flash Size : 4MB
00:38:38.181 > D (37) boot: Enabling RTCWDT(9000 ms)
00:38:38.181 > I (37) boot: Enabling RNG early entropy source...
00:38:38.181 > D (37) bootloader_flash: rodata starts from paddr=0x00008000, size=0xc00, will be mapped to vaddr=0x3f000000
00:38:38.181 > V (37) bootloader_flash: after mapping, starting from paddr=0x00000000 and vaddr=0x3f000000, 0x10000 bytes are mapped
00:38:38.181 > D (37) boot: mapped partition table 0x8000 at 0x3f008000
00:38:38.181 > D (37) flash_parts: partition table verified, 5 entries
00:38:38.181 > I (38) boot: Partition Table:
00:38:38.181 > I (38) boot: ##[37m Label            Usage          Type ST Offset   Length
00:38:38.181 > D (39) boot: load partition table entry 0x3f008000
00:38:38.181 > D (39) boot: type=1 subtype=2
00:38:38.181 > I (40) boot:  0 nvs              WiFi data        01 02 00009000 00004000
00:38:38.181 > D (41) boot: load partition table entry 0x3f008020
00:38:38.181 > D (41) boot: type=1 subtype=1
00:38:38.181 > I (41) boot:  1 phy_init         RF data          01 01 0000d000 00001000
00:38:38.181 > D (42) boot: load partition table entry 0x3f008040
00:38:38.181 > D (43) boot: type=0 subtype=0
00:38:38.181 > I (43) boot:  2 factory          factory app      00 00 00010000 00100000
00:38:38.181 > D (44) boot: load partition table entry 0x3f008060
00:38:38.181 > D (44) boot: type=1 subtype=83
00:38:38.181 > I (44) boot:  3 storage          Unknown data     01 83 00110000 000f0000
00:38:38.181 > I (45) boot: End of partition table
00:38:38.181 > D (45) boot: Trying partition index -1 offs 0x10000 size 0x100000
00:38:38.181 > D (46) esp_image: reading image header @ 0x10000
00:38:38.181 > D (47) bootloader_flash: mmu set block paddr=0x00010000 (was 0xffffffff)
00:38:38.181 > D (48) esp_image: image header: 0xe9 0x06 0x02 0x02 40025758
00:38:38.181 > V (48) esp_image: loading segment heade[37mr 0 at offset 0x10018
00:38:38.181 > V (48) esp_image: segment data length 0xe600 data starts 0x10020
00:38:38.181 > V (49) esp_image: MMU page size 0x10000
00:38:38.181 > V (49) esp_image: segment 0 map_segment 1 segment_data_offs 0x10020 load_addr 0x3f000020
00:38:38.181 > I (49) esp_image: segment 0: paddr=00010020 vaddr=3f000020 size=0e600h ( 58880) map
00:38:38.181 > D (50) esp_image: free data page_count 0x00000038
00:38:38.181 > D (50) bootloader_flash: rodata starts from paddr=0x00010020, size=0xe600, will be mapped to vaddr=0x3f000000
00:38:38.181 > V (50) bootloader_flash: after mapping, starting from paddr=0x00010000 and vaddr=0x3f000000, 0x10000 bytes are mapped
00:38:38.181 > V (62) esp_image: loading segment header 1 at offset 0x1e620
00:38:38.181 > D (62) bootloader_flash: mmu set block paddr=0x00010000 (was 0xffffffff)
00:38:38.181 > V (63) esp_image: segment data length 0x1c data starts 0x1e628
00:38:38.181 > V (63) esp_image: MMU page size 0x10000
00:38:38.181 > V (63) esp_image: segment 1 map_segment 0 segment_data_offs 0x1e628 load_addr 0x3ff9e010
00:38:38.181 > I (64) esp_image: segment 1: paddr=0001e628 vaddr=3ff9e010 size=0001ch (    28) load
00:38:38.181 > D (65) esp_image:[37m free data page_count 0x00000038
00:38:38.181 > D (65) bootloader_flash: rodata starts from paddr=0x0001e628, size=0x1c, will be mapped to vaddr=0x3f000000
00:38:38.181 > V (65) bootloader_flash: after mapping, starting from paddr=0x00010000 and vaddr=0x3f000000, 0x10000 bytes are mapped
00:38:38.181 > V (65) esp_image: loading segment header 2 at offset 0x1e644
00:38:38.181 > D (66) bootloader_flash: mmu set block paddr=0x00010000 (was 0xffffffff)
00:38:38.181 > V (67) esp_image: segment data length 0x19cc data starts 0x1e64c
00:38:38.181 > V (68) esp_image: MMU page size 0x10000
00:38:38.181 > V (68) esp_image: segment 2 map_segment 0 segment_data_offs 0x1e64c load_addr 0x3ffc36e0
00:38:38.181 > I (69) esp_image: segment 2: paddr=0001e64c vaddr=3ffc36e0 size=019cch (  6604) load
00:38:38.181 > D (69) esp_image: free data page_count 0x00000038
00:38:38.181 > D (70) bootloader_flash: rodata starts from paddr=0x0001e64c, size=0x19cc, will be mapped to vaddr=0x3f000000
00:38:38.181 > V (70) bootloader_flash: after mapping, starting from paddr=0x00010000 and vaddr=0x3f000000, 0x20000 bytes are mapped
00:38:38.181 > V (72) esp_image: loading segment header 3 at offset 0x200[37m18
00:38:38.181 > D (72) bootloader_flash: mmu set block paddr=0x00020000 (was 0xffffffff)
00:38:38.181 > V (73) esp_image: segment data length 0x2fccc data starts 0x20020
00:38:38.181 > V (74) esp_image: MMU page size 0x10000
00:38:38.181 > V (74) esp_image: segment 3 map_segment 1 segment_data_offs 0x20020 load_addr 0x40080020
00:38:38.181 > I (74) esp_image: segment 3: paddr=00020020 vaddr=40080020 size=2fccch (195788) map
00:38:38.181 > D (75) esp_image: free data page_count 0x00000038
00:38:38.181 > D (76) bootloader_flash: rodata starts from paddr=0x00020020, size=0x2fccc, will be mapped to vaddr=0x3f000000
00:38:38.181 > V (76) bootloader_flash: after mapping, starting from paddr=0x00020000 and vaddr=0x3f000000, 0x30000 bytes are mapped
00:38:38.181 > V (114) esp_image: loading segment header 4 at offset 0x4fcec
00:38:38.181 > D (115) bootloader_flash: mmu set block paddr=0x00040000 (was 0xffffffff)
00:38:38.181 > V (116) esp_image: segment data length 0x1384 data starts 0x4fcf4
00:38:38.181 > V (117) esp_image: MMU page size 0x10000
00:38:38.181 > V (117) esp_image: segment 4 map_segment 0 segment_data_offs 0x4fcf4 load_addr 0x3ffc50ac
00:38:38.181 > I (117) esp_image: segment 4: paddr=000[37m4fcf4 vaddr=3ffc50ac size=01384h (  4996) load
00:38:38.181 > D (117) esp_image: free data page_count 0x00000038
00:38:38.181 > D (118) bootloader_flash: rodata starts from paddr=0x0004fcf4, size=0x1384, will be mapped to vaddr=0x3f000000
00:38:38.181 > V (118) bootloader_flash: after mapping, starting from paddr=0x00040000 and vaddr=0x3f000000, 0x20000 bytes are mapped
00:38:38.181 > V (120) esp_image: loading segment header 5 at offset 0x51078
00:38:38.181 > D (120) bootloader_flash: mmu set block paddr=0x00050000 (was 0xffffffff)
00:38:38.181 > V (122) esp_image: segment data length 0xf6dc data starts 0x51080
00:38:38.181 > V (123) esp_image: MMU page size 0x10000
00:38:38.181 > V (123) esp_image: segment 5 map_segment 0 segment_data_offs 0x51080 load_addr 0x40024000
00:38:38.181 > I (123) esp_image: segment 5: paddr=00051080 vaddr=40024000 size=0f6dch ( 63196) load
00:38:38.181 > D (123) esp_image: free data page_count 0x00000038
00:38:38.181 > D (123) bootloader_flash: rodata starts from paddr=0x00051080, size=0xf6dc, will be mapped to vaddr=0x3f000000
00:38:38.181 > V (124) bootloader_flash: after mapping, starting from paddr=0x00050000 and vaddr=0x3f000000, 0x200[37m00 bytes are mapped
00:38:38.181 > V (139) esp_image: image start 0x00010000 end of last section 0x0006075c
00:38:38.181 > D (141) bootloader_flash: mmu set block paddr=0x00060000 (was 0xffffffff)
00:38:38.181 > I (149) boot: Loaded app from partition at offset 0x10000
00:38:38.181 > I (149) boot: Disabling RNG early entropy source...
00:38:38.181 > D (150) boot: Mapping segment 0 as DROM
00:38:38.181 > D (150) boot: Mapping segment 3 as IROM
00:38:38.181 > D (150) boot: calling set_cache_and_start_app
00:38:38.181 > D (150) boot: configure drom and irom and start
00:38:38.181 > V (151) boot: rodata starts from paddr=0x00010020, vaddr=0x3f000020, size=0xe600
00:38:38.181 > V (152) boot: after mapping rodata, starting from paddr=0x00010000 and vaddr=0x3f000000, 0x10000 bytes are mapped
00:38:38.181 > V (152) boot: mapped one page of the rodata, from paddr=0x00010000 and vaddr=0x3f3f0000, 0x10000 bytes are mapped
00:38:38.181 > V (153) boot: text starts from paddr=0x00020020, vaddr=0x40080020, size=0x2fccc
00:38:38.181 > V (154) boot: after mapping text, starting from paddr=0x00020000 and vaddr=0x40080000, 0x30000 bytes are mapped
00:38:38.181 > D (154) boot: start: 0x40025758
00:38:38.181 > I (176) main_task: St[37marted on CPU0
00:38:38.181 > I (176) main_task: Calling app_main()
00:38:38.181 > [INFO][MAIN][13ms] START
00:38:38.181 > Guru Meditation Error: Core  0 panic'ed (LoadProhibited). Exception was unhandled.
00:38:38.181 > 
00:38:38.181 > Core  0 register dump:
00:38:38.181 > PC      : 0x400a4ae3  PS      : 0x00060530  A0      : 0x8009b70c  A1      : 0x3ffcb630  
00:38:38.181 > A2      : 0x3ffcbbc0  A3      : 0x00000000  A4      : 0x3ffcb640  A5      : 0x3ffcb980  
00:38:38.181 > A6      : 0x3ffcb960  A7      : 0x00000008  A8      : 0x00000000  A9      : 0x3ffcb620  
00:38:38.181 > A10     : 0x00000001  A11     : 0x3f00be12  A12     : 0x000000ff  A13     : 0x0000ff00  
00:38:38.181 > A14     : 0x00ff0000  A15     : 0xff000000  SAR     : 0x00000004  EXCCAUSE: 0x0000001c  
00:38:38.181 > EXCVADDR: 0x00000064  LBEG    : 0x000000ff  LEND    : 0x0000ff00  LCOUNT  : 0x40029480  
00:38:38.181 > 
00:38:38.181 > 
00:38:38.181 > Backtrace: 0x400a4ae0:0x3ffcb630 0x4009b709:0x3ffcb950 0x400888aa:0x3ffcb9a0 0x40089629:0x3ffcbaf0 0x400af683:0x3ffcbb10 0x4002b9b9:0x3ffcbb40
00:38:38.181 > 
00:38:38.181 > 
00:38:38.181 > 
00:38:38.181 > 
00:38:38.181 > ELF file SHA256: 57f2c4b40
00:38:38.181 > 
00:38:38.181 > Rebooting...
00:38:38.181 > I (32) boot: ESP-IDF 5.4.0 2nd stage bootloader
00:38:38.181 > I (32) boot: compile time Jul  3 2025 00:[37m33:36
00:38:38.181 > D (32) bootloader_flash: XMC chip detected by RDID (00204016), skip.
00:38:38.181 > D (34) bootloader_flash: mmu set block paddr=0x00000000 (was 0xffffffff)
00:38:38.181 > I (35) boot: chip revision: v0.0
00:38:38.181 > I (35) boot: efuse block revision: v0.2
00:38:38.181 > D (36) boot.esp32s2: magic e9
00:38:38.181 > D (36) boot.esp32s2: segments 04
00:38:38.181 > D (36) boot.esp32s2: spi_mode 02
00:38:38.181 > D (36) boot.esp32s2: spi_speed 0f
00:38:38.181 > D (36) boot.esp32s2: spi_size 02
00:38:38.181 > I (36) boot.esp32s2: SPI Speed      : 80MHz
00:38:38.181 > I (36) boot.esp32s2: SPI Mode       : DIO
00:38:38.181 > I (36) boot.esp32s2: SPI Flash Size : 4MB
00:38:38.181 > D (37) boot: Enabling RTCWDT(9000 ms)
00:38:38.181 > I (37) boot: Enabling RNG early entropy source...
00:38:38.181 > D (37) bootloader_flash: rodata starts from paddr=0x00008000, size=0xc00, will be mapped to vaddr=0x3f000000
00:38:38.181 > V (37) bootloader_flash: after mapping, starting from paddr=0x00000000 and vaddr=0x3f000000, 0x10000 bytes are mapped
00:38:38.181 > D (37) boot: mapped partition table 0x8000 at 0x3f008000
00:38:38.181 > D (37) flash_parts: partition table verified, 5 entries
00:38:38.181 > I (38) boot: Partition Table:
00:38:38.181 > I (38) boot: ## Label         [37m   Usage          Type ST Offset   Length
00:38:38.182 > D (39) boot: load partition table entry 0x3f008000
00:38:38.182 > D (39) boot: type=1 subtype=2
00:38:38.182 > I (40) boot:  0 nvs              WiFi data        01 02 00009000 00004000
00:38:38.182 > D (41) boot: load partition table entry 0x3f008020
00:38:38.182 > D (41) boot: type=1 subtype=1
00:38:38.182 > I (41) boot:  1 phy_init         RF data          01 01 0000d000 00001000
00:38:38.182 > D (42) boot: load partition table entry 0x3f008040
00:38:38.182 > D (43) boot: type=0 subtype=0
00:38:38.182 > I (43) boot:  2 factory          factory app      00 00 00010000 00100000
00:38:38.182 > D (44) boot: load partition table entry 0x3f008060
00:38:38.182 > D (44) boot: type=1 subtype=83
00:38:38.182 > I (44) boot:  3 storage          Unknown data     01 83 00110000 000f0000
00:38:38.182 > I (45) boot: End of partition table
00:38:38.182 > D (45) boot: Trying partition index -1 offs 0x10000 size 0x100000
00:38:38.182 > D (46) esp_image: reading image header @ 0x10000
00:38:38.182 > D (47) bootloader_flash: mmu set block paddr=0x00010000 (was 0xffffffff)
00:38:38.182 > D (48) esp_image: image header: 0xe9 0x06 0x02 0x02 40025758
00:38:38.182 > V (48) esp_image: loading segment header 0 at offset 0[37mx10018
00:38:38.182 > V (48) esp_image: segment data length 0xe600 data starts 0x10020
00:38:38.182 > V (49) esp_image: MMU page size 0x10000
00:38:38.182 > V (49) esp_image: segment 0 map_segment 1 segment_data_offs 0x10020 load_addr 0x3f000020
00:38:38.182 > I (49) esp_image: segment 0: paddr=00010020 vaddr=3f000020 size=0e600h ( 58880) map
00:38:38.182 > D (50) esp_image: free data page_count 0x00000038
00:38:38.182 > D (50) bootloader_flash: rodata starts from paddr=0x00010020, size=0xe600, will be mapped to vaddr=0x3f000000
00:38:38.182 > V (50) bootloader_flash: after mapping, starting from paddr=0x00010000 and vaddr=0x3f000000, 0x10000 bytes are mapped
00:38:38.182 > V (62) esp_image: loading segment header 1 at offset 0x1e620
00:38:38.182 > D (62) bootloader_flash: mmu set block paddr=0x00010000 (was 0xffffffff)
00:38:38.182 > V (63) esp_image: segment data length 0x1c data starts 0x1e628
00:38:38.182 > V (63) esp_image: MMU page size 0x10000
00:38:38.182 > V (63) esp_image: segment 1 map_segment 0 segment_data_offs 0x1e628 load_addr 0x3ff9e010
00:38:38.182 > I (64) esp_image: segment 1: paddr=0001e628 vaddr=3ff9e010 size=0001ch (    28) load
00:38:38.182 > D (65) esp_image: free data page[37m_count 0x00000038
00:38:38.182 > D (65) bootloader_flash: rodata starts from paddr=0x0001e628, size=0x1c, will be mapped to vaddr=0x3f000000
00:38:38.182 > V (65) bootloader_flash: after mapping, starting from paddr=0x00010000 and vaddr=0x3f000000, 0x10000 bytes are mapped
00:38:38.182 > V (65) esp_image: loading segment header 2 at offset 0x1e644
00:38:38.182 > D (66) bootloader_flash: mmu set block paddr=0x00010000 (was 0xffffffff)
00:38:38.182 > V (67) esp_image: segment data length 0x19cc data starts 0x1e64c
00:38:38.182 > V (68) esp_image: MMU page size 0x10000
00:38:38.182 > V (68) esp_image: segment 2 map_segment 0 segment_data_offs 0x1e64c load_addr 0x3ffc36e0
00:38:38.182 > I (68) esp_image: segment 2: paddr=0001e64c vaddr=3ffc36e0 size=019cch (  6604) load
00:38:38.182 > D (68) esp_image: free data page_count 0x00000038
00:38:38.182 > D (68) bootloader_flash: rodata starts from paddr=0x0001e64c, size=0x19cc, will be mapped to vaddr=0x3f000000
00:38:38.182 > V (69) bootloader_flash: after mapping, starting from paddr=0x00010000 and vaddr=0x3f000000, 0x20000 bytes are mapped
00:38:38.182 > V (71) esp_image: loading segment header 3 at offset 0x20018
00:38:38.182 > D (71) boot[37mloader_flash: mmu set block paddr=0x00020000 (was 0xffffffff)
00:38:38.182 > V (72) esp_image: segment data length 0x2fccc data starts 0x20020
00:38:38.182 > V (73) esp_image: MMU page size 0x10000
00:38:38.182 > V (73) esp_image: segment 3 map_segment 1 segment_data_offs 0x20020 load_addr 0x40080020
00:38:38.182 > I (73) esp_image: segment 3: paddr=00020020 vaddr=40080020 size=2fccch (195788) map
00:38:38.182 > D (73) esp_image: free data page_count 0x00000038
00:38:38.182 > D (74) bootloader_flash: rodata starts from paddr=0x00020020, size=0x2fccc, will be mapped to vaddr=0x3f000000
00:38:38.182 > V (74) bootloader_flash: after mapping, starting from paddr=0x00020000 and vaddr=0x3f000000, 0x30000 bytes are mapped
00:38:38.182 > V (112) esp_image: loading segment header 4 at offset 0x4fcec
00:38:38.182 > D (113) bootloader_flash: mmu set block paddr=0x00040000 (was 0xffffffff)
00:38:38.182 > V (114) esp_image: segment data length 0x1384 data starts 0x4fcf4
00:38:38.182 > V (115) esp_image: MMU page size 0x10000
00:38:38.182 > V (115) esp_image: segment 4 map_segment 0 segment_data_offs 0x4fcf4 load_addr 0x3ffc50ac
00:38:38.182 > I (115) esp_image: segment 4: paddr=0004fcf4 vaddr=3ff[37mc50ac size=01384h (  4996) load
00:38:38.182 > D (115) esp_image: free data page_count 0x00000038
00:38:38.182 > D (116) bootloader_flash: rodata starts from paddr=0x0004fcf4, size=0x1384, will be mapped to vaddr=0x3f000000
00:38:38.182 > V (116) bootloader_flash: after mapping, starting from paddr=0x00040000 and vaddr=0x3f000000, 0x20000 bytes are mapped
00:38:38.182 > V (118) esp_image: loading segment header 5 at offset 0x51078
00:38:38.182 > D (118) bootloader_flash: mmu set block paddr=0x00050000 (was 0xffffffff)
00:38:38.182 > V (120) esp_image: segment data length 0xf6dc data starts 0x51080
00:38:38.182 > V (121) esp_image: MMU page size 0x10000
00:38:38.182 > V (121) esp_image: segment 5 map_segment 0 segment_data_offs 0x51080 load_addr 0x40024000
00:38:38.182 > I (122) esp_image: segment 5: paddr=00051080 vaddr=40024000 size=0f6dch ( 63196) load
00:38:38.182 > D (122) esp_image: free data page_count 0x00000038
00:38:38.182 > D (122) bootloader_flash: rodata starts from paddr=0x00051080, size=0xf6dc, will be mapped to vaddr=0x3f000000
00:38:38.182 > V (123) bootloader_flash: after mapping, starting from paddr=0x00050000 and vaddr=0x3f000000, 0x20000 bytes are ma[37mpped
00:38:38.182 > V (138) esp_image: image start 0x00010000 end of last section 0x0006075c
00:38:38.182 > D (140) bootloader_flash: mmu set block paddr=0x00060000 (was 0xffffffff)
00:38:38.182 > I (148) boot: Loaded app from partition at offset 0x10000
00:38:38.182 > I (148) boot: Disabling RNG early entropy source...
00:38:38.182 > D (149) boot: Mapping segment 0 as DROM
00:38:38.182 > D (149) boot: Mapping segment 3 as IROM
00:38:38.182 > D (149) boot: calling set_cache_and_start_app
00:38:38.182 > D (149) boot: configure drom and irom and start
00:38:38.182 > V (150) boot: rodata starts from paddr=0x00010020, vaddr=0x3f000020, size=0xe600
00:38:38.182 > V (151) boot: after mapping rodata, starting from paddr=0x00010000 and vaddr=0x3f000000, 0x10000 bytes are mapped
00:38:38.182 > V (151) boot: mapped one page of the rodata, from paddr=0x00010000 and vaddr=0x3f3f0000, 0x10000 bytes are mapped
00:38:38.182 > V (152) boot: text starts from paddr=0x00020020, vaddr=0x40080020, size=0x2fccc
00:38:38.182 > V (153) boot: after mapping text, starting from paddr=0x00020000 and vaddr=0x40080000, 0x30000 bytes are mapped
00:38:38.182 > D (153) boot: start: 0x40025758
00:38:38.182 > I (175) main_task: Started on CPU0
00:38:38.182 > [37mI (175) main_task: Calling app_main()
00:38:38.182 > [INFO][MAIN][13ms] START
00:38:38.182 > Guru Meditation Error: Core  0 panic'ed (LoadProhibited). Exception was unhandled.
00:38:38.182 > 
00:38:38.182 > Core  0 register dump:
00:38:38.182 > PC      : 0x400a4ae3  PS      : 0x00060530  A0      : 0x8009b70c  A1      : 0x3ffcb630  
00:38:38.182 > A2      : 0x3ffcbbc0  A3      : 0x00000000  A4      : 0x3ffcb640  A5      : 0x3ffcb980  
00:38:38.182 > A6      : 0x3ffcb960  A7      : 0x00000008  A8      : 0x00000000  A9      : 0x3ffcb620  
00:38:38.182 > A10     : 0x00000001  A11     : 0x3f00be12  A12     : 0x000000ff  A13     : 0x0000ff00  
00:38:38.182 > A14     : 0x00ff0000  A15     : 0xff000000  SAR     : 0x00000004  EXCCAUSE: 0x0000001c  
00:38:38.182 > EXCVADDR: 0x00000064  LBEG    : 0x000000ff  LEND    : 0x0000ff00  LCOUNT  : 0x40029480  
00:38:38.182 > 
00:38:38.182 > 
00:38:38.182 > Backtrace: 0x400a4ae0:0x3ffcb630 0x4009b709:0x3ffcb950 0x400888aa:0x3ffcb9a0 0x40089629:0x3ffcbaf0 0x400af683:0x3ffcbb10 0x4002b9b9:0x3ffcbb40
00:38:38.182 > 
00:38:38.182 > 
00:38:38.182 > 
00:38:38.182 > 
00:38:38.182 > ELF file SHA256: 57f2c4b40
00:38:38.182 > 
00:38:38.182 > Rebooting...
00:38:38.182 > I (32) boot: ESP-IDF 5.4.0 2nd stage bootloader
00:38:38.182 > I (32) boot: compile time Jul  3 2025 00:33:36
00:38:38.182 > D (32) b[37mootloader_flash: XMC chip detected by RDID (00204016), skip.
00:38:38.182 > D (34) bootloader_flash: mmu set block paddr=0x00000000 (was 0xffffffff)
00:38:38.182 > I (35) boot: chip revision: v0.0
00:38:38.182 > I (35) boot: efuse block revision: v0.2
00:38:38.182 > D (36) boot.esp32s2: magic e9
00:38:38.182 > D (36) boot.esp32s2: segments 04
00:38:38.182 > D (36) boot.esp32s2: spi_mode 02
00:38:38.182 > D (36) boot.esp32s2: spi_speed 0f
00:38:38.182 > D (36) boot.esp32s2: spi_size 02
00:38:38.182 > I (36) boot.esp32s2: SPI Speed      : 80MHz
00:38:38.182 > I (36) boot.esp32s2: SPI Mode       : DIO
00:38:38.182 > I (36) boot.esp32s2: SPI Flash Size : 4MB
00:38:38.182 > D (37) boot: Enabling RTCWDT(9000 ms)
00:38:38.182 > I (37) boot: Enabling RNG early entropy source...
00:38:38.182 > D (37) bootloader_flash: rodata starts from paddr=0x00008000, size=0xc00, will be mapped to vaddr=0x3f000000
00:38:38.182 > V (37) bootloader_flash: after mapping, starting from paddr=0x00000000 and vaddr=0x3f000000, 0x10000 bytes are mapped
00:38:38.182 > D (37) boot: mapped partition table 0x8000 at 0x3f008000
00:38:38.182 > D (37) flash_parts: partition table verified, 5 entries
00:38:38.182 > I (38) boot: Partition Table:
00:38:38.182 > I (38) boot: ## Label            Usage       [37m   Type ST Offset   Length
00:38:38.182 > D (39) boot: load partition table entry 0x3f008000
00:38:38.182 > D (39) boot: type=1 subtype=2
00:38:38.182 > I (40) boot:  0 nvs              WiFi data        01 02 00009000 00004000
00:38:38.182 > D (41) boot: load partition table entry 0x3f008020
00:38:38.182 > D (41) boot: type=1 subtype=1
00:38:38.182 > I (41) boot:  1 phy_init         RF data          01 01 0000d000 00001000
00:38:38.182 > D (42) boot: load partition table entry 0x3f008040
00:38:38.182 > D (43) boot: type=0 subtype=0
00:38:38.182 > I (43) boot:  2 factory          factory app      00 00 00010000 00100000
00:38:38.182 > D (44) boot: load partition table entry 0x3f008060
00:38:38.182 > D (44) boot: type=1 subtype=83
00:38:38.182 > I (44) boot:  3 storage          Unknown data     01 83 00110000 000f0000
00:38:38.182 > I (45) boot: End of partition table
00:38:38.182 > D (45) boot: Trying partition index -1 offs 0x10000 size 0x100000
00:38:38.182 > D (46) esp_image: reading image header @ 0x10000
00:38:38.182 > D (47) bootloader_flash: mmu set block paddr=0x00010000 (was 0xffffffff)
00:38:38.182 > D (48) esp_image: image header: 0xe9 0x06 0x02 0x02 40025758
00:38:38.182 > V (48) esp_image: loading segment header 0 at offset 0x10018
00:38:38.182 > V (48) [37mesp_image: segment data length 0xe600 data starts 0x10020
00:38:38.182 > V (49) esp_image: MMU page size 0x10000
00:38:38.182 > V (49) esp_image: segment 0 map_segment 1 segment_data_offs 0x10020 load_addr 0x3f000020
00:38:38.182 > I (49) esp_image: segment 0: paddr=00010020 vaddr=3f000020 size=0e600h ( 58880) map
00:38:38.182 > D (50) esp_image: free data page_count 0x00000038
00:38:38.182 > D (50) bootloader_flash: rodata starts from paddr=0x00010020, size=0xe600, will be mapped to vaddr=0x3f000000
00:38:38.182 > V (50) bootloader_flash: after mapping, starting from paddr=0x00010000 and vaddr=0x3f000000, 0x10000 bytes are mapped
00:38:38.182 > V (62) esp_image: loading segment header 1 at offset 0x1e620
00:38:38.182 > D (62) bootloader_flash: mmu set block paddr=0x00010000 (was 0xffffffff)
00:38:38.182 > V (63) esp_image: segment data length 0x1c data starts 0x1e628
00:38:38.182 > V (63) esp_image: MMU page size 0x10000
00:38:38.182 > V (63) esp_image: segment 1 map_segment 0 segment_data_offs 0x1e628 load_addr 0x3ff9e010
00:38:38.182 > I (64) esp_image: segment 1: paddr=0001e628 vaddr=3ff9e010 size=0001ch (    28) load
00:38:38.182 > D (65) esp_image: free data page_count 0x000000[37m38
00:38:38.183 > D (65) bootloader_flash: rodata starts from paddr=0x0001e628, size=0x1c, will be mapped to vaddr=0x3f000000
00:38:38.183 > V (65) bootloader_flash: after mapping, starting from paddr=0x00010000 and vaddr=0x3f000000, 0x10000 bytes are mapped
00:38:38.183 > V (65) esp_image: loading segment header 2 at offset 0x1e644
00:38:38.183 > D (66) bootloader_flash: mmu set block paddr=0x00010000 (was 0xffffffff)
00:38:38.183 > V (67) esp_image: segment data length 0x19cc data starts 0x1e64c
00:38:38.183 > V (68) esp_image: MMU page size 0x10000
00:38:38.183 > V (68) esp_image: segment 2 map_segment 0 segment_data_offs 0x1e64c load_addr 0x3ffc36e0
00:38:38.183 > I (69) esp_image: segment 2: paddr=0001e64c vaddr=3ffc36e0 size=019cch (  6604) load
00:38:38.183 > D (70) esp_image: free data page_count 0x00000038
00:38:38.183 > D (71) bootloader_flash: rodata starts from paddr=0x0001e64c, size=0x19cc, will be mapped to vaddr=0x3f000000
00:38:38.183 > V (71) bootloader_flash: after mapping, starting from paddr=0x00010000 and vaddr=0x3f000000, 0x20000 bytes are mapped
00:38:38.183 > V (73) esp_image: loading segment header 3 at offset 0x20018
00:38:38.183 > D (73) bootloader_flash: m[37mmu set block paddr=0x00020000 (was 0xffffffff)
00:38:38.183 > V (74) esp_image: segment data length 0x2fccc data starts 0x20020
00:38:38.183 > V (75) esp_image: MMU page size 0x10000
00:38:38.183 > V (75) esp_image: segment 3 map_segment 1 segment_data_offs 0x20020 load_addr 0x40080020
00:38:38.183 > I (76) esp_image: segment 3: paddr=00020020 vaddr=40080020 size=2fccch (195788) map
00:38:38.183 > D (76) esp_image: free data page_count 0x00000038
00:38:38.183 > D (77) bootloader_flash: rodata starts from paddr=0x00020020, size=0x2fccc, will be mapped to vaddr=0x3f000000
00:38:38.183 > V (77) bootloader_flash: after mapping, starting from paddr=0x00020000 and vaddr=0x3f000000, 0x30000 bytes are mapped
00:38:38.183 > V (115) esp_image: loading segment header 4 at offset 0x4fcec
00:38:38.183 > D (116) bootloader_flash: mmu set block paddr=0x00040000 (was 0xffffffff)
00:38:38.183 > V (117) esp_image: segment data length 0x1384 data starts 0x4fcf4
00:38:38.183 > V (118) esp_image: MMU page size 0x10000
00:38:38.183 > V (118) esp_image: segment 4 map_segment 0 segment_data_offs 0x4fcf4 load_addr 0x3ffc50ac
00:38:38.183 > I (119) esp_image: segment 4: paddr=0004fcf4 vaddr=3ffc50ac size=0138[37m4h (  4996) load
00:38:38.183 > D (119) esp_image: free data page_count 0x00000038
00:38:38.183 > D (120) bootloader_flash: rodata starts from paddr=0x0004fcf4, size=0x1384, will be mapped to vaddr=0x3f000000
00:38:38.183 > V (120) bootloader_flash: after mapping, starting from paddr=0x00040000 and vaddr=0x3f000000, 0x20000 bytes are mapped
00:38:38.183 > V (121) esp_image: loading segment header 5 at offset 0x51078
00:38:38.183 > D (121) bootloader_flash: mmu set block paddr=0x00050000 (was 0xffffffff)
00:38:38.183 > V (123) esp_image: segment data length 0xf6dc data starts 0x51080
00:38:38.183 > V (124) esp_image: MMU page size 0x10000
00:38:38.183 > V (124) esp_image: segment 5 map_segment 0 segment_data_offs 0x51080 load_addr 0x40024000
00:38:38.183 > I (125) esp_image: segment 5: paddr=00051080 vaddr=40024000 size=0f6dch ( 63196) load
00:38:38.183 > D (125) esp_image: free data page_count 0x00000038
00:38:38.183 > D (125) bootloader_flash: rodata starts from paddr=0x00051080, size=0xf6dc, will be mapped to vaddr=0x3f000000
00:38:38.183 > V (126) bootloader_flash: after mapping, starting from paddr=0x00050000 and vaddr=0x3f000000, 0x20000 bytes are mapped
00:38:38.183 > V (141) e[37msp_image: image start 0x00010000 end of last section 0x0006075c
00:38:38.183 > D (143) bootloader_flash: mmu set block paddr=0x00060000 (was 0xffffffff)
00:38:38.183 > I (151) boot: Loaded app from partition at offset 0x10000
00:38:38.183 > I (151) boot: Disabling RNG early entropy source...
00:38:38.183 > D (152) boot: Mapping segment 0 as DROM
00:38:38.183 > D (152) boot: Mapping segment 3 as IROM
00:38:38.183 > D (152) boot: calling set_cache_and_start_app
00:38:38.183 > D (152) boot: configure drom and irom and start
00:38:38.183 > V (153) boot: rodata starts from paddr=0x00010020, vaddr=0x3f000020, size=0xe600
00:38:38.183 > V (154) boot: after mapping rodata, starting from paddr=0x00010000 and vaddr=0x3f000000, 0x10000 bytes are mapped
00:38:38.183 > V (154) boot: mapped one page of the rodata, from paddr=0x00010000 and vaddr=0x3f3f0000, 0x10000 bytes are mapped
00:38:38.183 > V (155) boot: text starts from paddr=0x00020020, vaddr=0x40080020, size=0x2fccc
00:38:38.183 > V (156) boot: after mapping text, starting from paddr=0x00020000 and vaddr=0x40080000, 0x30000 bytes are mapped
00:38:38.183 > D (156) boot: start: 0x40025758
00:38:38.183 > I (178) main_task: Started on CPU0
00:38:38.183 > I (178) main_ta[37msk: Calling app_main()
00:38:38.183 > [INFO][MAIN][13ms] START
00:38:38.183 > Guru Meditation Error: Core  0 panic'ed (LoadProhibited). Exception was unhandled.
00:38:38.183 > 
00:38:38.183 > Core  0 register dump:
00:38:38.183 > PC      : 0x400a4ae3  PS      : 0x00060530  A0      : 0x8009b70c  A1      : 0x3ffcb630  
00:38:38.183 > A2      : 0x3ffcbbc0  A3      : 0x00000000  A4      : 0x3ffcb640  A5      : 0x3ffcb980  
00:38:38.183 > A6      : 0x3ffcb960  A7      : 0x00000008  A8      : 0x00000000  A9      : 0x3ffcb620  
00:38:38.183 > A10     : 0x00000001  A11     : 0x3f00be12  A12     : 0x000000ff  A13     : 0x0000ff00  
00:38:38.183 > A14     : 0x00ff0000  A15     : 0xff000000  SAR     : 0x00000004  EXCCAUSE: 0x0000001c  
00:38:38.183 > EXCVADDR: 0x00000064  LBEG    : 0x000000ff  LEND    : 0x0000ff00  LCOUNT  : 0x40029480  
00:38:38.183 > 
00:38:38.183 > 
00:38:38.183 > Backtrace: 0x400a4ae0:0x3ffcb630 0x4009b709:0x3ffcb950 0x400888aa:0x3ffcb9a0 0x40089629:0x3ffcbaf0 0x400af683:0x3ffcbb10 0x4002b9b9:0x3ffcbb40
00:38:38.183 > 
00:38:38.183 > 
00:38:38.183 > 
00:38:38.183 > 
00:38:38.183 > ELF file SHA256: 57f2c4b40
00:38:38.183 > 
00:38:38.183 > Rebooting...
00:38:38.183 > I (32) boot: ESP-IDF 5.4.0 2nd stage bootloader
00:38:38.183 > I (32) boot: compile time Jul  3 2025 00:33:36
00:38:38.183 > D (32) bootloader_flash[37m: XMC chip detected by RDID (00204016), skip.
00:38:38.183 > D (34) bootloader_flash: mmu set block paddr=0x00000000 (was 0xffffffff)
00:38:38.183 > I (35) boot: chip revision: v0.0
00:38:38.183 > I (35) boot: efuse block revision: v0.2
00:38:38.183 > D (36) boot.esp32s2: magic e9
00:38:38.183 > D (36) boot.esp32s2: segments 04
00:38:38.183 > D (36) boot.esp32s2: spi_mode 02
00:38:38.183 > D (36) boot.esp32s2: spi_speed 0f
00:38:38.183 > D (36) boot.esp32s2: spi_size 02
00:38:38.183 > I (36) boot.esp32s2: SPI Speed      : 80MHz
00:38:38.183 > I (36) boot.esp32s2: SPI Mode       : DIO
00:38:38.183 > I (36) boot.esp32s2: SPI Flash Size : 4MB
00:38:38.183 > D (37) boot: Enabling RTCWDT(9000 ms)
00:38:38.183 > I (37) boot: Enabling RNG early entropy source...
00:38:38.183 > D (37) bootloader_flash: rodata starts from paddr=0x00008000, size=0xc00, will be mapped to vaddr=0x3f000000
00:38:38.183 > V (37) bootloader_flash: after mapping, starting from paddr=0x00000000 and vaddr=0x3f000000, 0x10000 bytes are mapped
00:38:38.183 > D (37) boot: mapped partition table 0x8000 at 0x3f008000
00:38:38.183 > D (37) flash_parts: partition table verified, 5 entries
00:38:38.183 > I (38) boot: Partition Table:
00:38:38.183 > I (39) boot: ## Label            Usage          Type ST Offs[37met   Length
00:38:38.183 > D (40) boot: load partition table entry 0x3f008000
00:38:38.183 > D (40) boot: type=1 subtype=2
00:38:38.183 > I (41) boot:  0 nvs              WiFi data        01 02 00009000 00004000
00:38:38.183 > D (42) boot: load partition table entry 0x3f008020
00:38:38.183 > D (42) boot: type=1 subtype=1
00:38:38.183 > I (42) boot:  1 phy_init         RF data          01 01 0000d000 00001000
00:38:38.183 > D (43) boot: load partition table entry 0x3f008040
00:38:38.183 > D (44) boot: type=0 subtype=0
00:38:38.183 > I (44) boot:  2 factory          factory app      00 00 00010000 00100000
00:38:38.183 > D (45) boot: load partition table entry 0x3f008060
00:38:38.183 > D (45) boot: type=1 subtype=83
00:38:38.183 > I (45) boot:  3 storage          Unknown data     01 83 00110000 000f0000
00:38:38.183 > I (46) boot: End of partition table
00:38:38.183 > D (46) boot: Trying partition index -1 offs 0x10000 size 0x100000
00:38:38.183 > D (47) esp_image: reading image header @ 0x10000
00:38:38.183 > D (48) bootloader_flash: mmu set block paddr=0x00010000 (was 0xffffffff)
00:38:38.183 > D (49) esp_image: image header: 0xe9 0x06 0x02 0x02 40025758
00:38:38.183 > V (49) esp_image: loading segment header 0 at offset 0x10018
00:38:38.183 > V (49) esp_image: segm[37ment data length 0xe600 data starts 0x10020
00:38:38.183 > V (50) esp_image: MMU page size 0x10000
00:38:38.183 > V (50) esp_image: segment 0 map_segment 1 segment_data_offs 0x10020 load_addr 0x3f000020
00:38:38.183 > I (50) esp_image: segment 0: paddr=00010020 vaddr=3f000020 size=0e600h ( 58880) map
00:38:38.183 > D (51) esp_image: free data page_count 0x00000038
00:38:38.183 > D (51) bootloader_flash: rodata starts from paddr=0x00010020, size=0xe600, will be mapped to vaddr=0x3f000000
00:38:38.183 > V (51) bootloader_flash: after mapping, starting from paddr=0x00010000 and vaddr=0x3f000000, 0x10000 bytes are mapped
00:38:38.183 > V (63) esp_image: loading segment header 1 at offset 0x1e620
00:38:38.183 > D (63) bootloader_flash: mmu set block paddr=0x00010000 (was 0xffffffff)
00:38:38.183 > V (64) esp_image: segment data length 0x1c data starts 0x1e628
00:38:38.183 > V (64) esp_image: MMU page size 0x10000
00:38:38.183 > V (64) esp_image: segment 1 map_segment 0 segment_data_offs 0x1e628 load_addr 0x3ff9e010
00:38:38.183 > I (65) esp_image: segment 1: paddr=0001e628 vaddr=3ff9e010 size=0001ch (    28) load
00:38:38.183 > D (66) esp_image: free data page_count 0x00000038
00:38:38.183 > D (66) boot[37mloader_flash: rodata starts from paddr=0x0001e628, size=0x1c, will be mapped to vaddr=0x3f000000
00:38:38.183 > V (66) bootloader_flash: after mapping, starting from paddr=0x00010000 and vaddr=0x3f000000, 0x10000 bytes are mapped
00:38:38.183 > V (66) esp_image: loading segment header 2 at offset 0x1e644
00:38:38.183 > D (67) bootloader_flash: mmu set block paddr=0x00010000 (was 0xffffffff)
00:38:38.183 > V (68) esp_image: segment data length 0x19cc data starts 0x1e64c
00:38:38.183 > V (69) esp_image: MMU page size 0x10000
00:38:38.183 > V (69) esp_image: segment 2 map_segment 0 segment_data_offs 0x1e64c load_addr 0x3ffc36e0
00:38:38.183 > I (69) esp_image: segment 2: paddr=0001e64c vaddr=3ffc36e0 size=019cch (  6604) load
00:38:38.183 > D (70) esp_image: free data page_count 0x00000038
00:38:38.183 > D (71) bootloader_flash: rodata starts from paddr=0x0001e64c, size=0x19cc, will be mapped to vaddr=0x3f000000
00:38:38.183 > V (71) bootloader_flash: after mapping, starting from paddr=0x00010000 and vaddr=0x3f000000, 0x20000 bytes are mapped
00:38:38.183 > V (73) esp_image: loading segment header 3 at offset 0x20018
00:38:38.183 > D (73) bootloader_flash: mmu set block pa[37mddr=0x00020000 (was 0xffffffff)
00:38:38.183 > V (74) esp_image: segment data length 0x2fccc data starts 0x20020
00:38:38.183 > V (75) esp_image: MMU page size 0x10000
00:38:38.183 > V (75) esp_image: segment 3 map_segment 1 segment_data_offs 0x20020 load_addr 0x40080020
00:38:38.183 > I (76) esp_image: segment 3: paddr=00020020 vaddr=40080020 size=2fccch (195788) map
00:38:38.183 > D (76) esp_image: free data page_count 0x00000038
00:38:38.183 > D (77) bootloader_flash: rodata starts from paddr=0x00020020, size=0x2fccc, will be mapped to vaddr=0x3f000000
00:38:38.183 > V (77) bootloader_flash: after mapping, starting from paddr=0x00020000 and vaddr=0x3f000000, 0x30000 bytes are mapped
00:38:38.183 > V (115) esp_image: loading segment header 4 at offset 0x4fcec
00:38:38.183 > D (116) bootloader_flash: mmu set block paddr=0x00040000 (was 0xffffffff)
00:38:38.183 > V (117) esp_image: segment data length 0x1384 data starts 0x4fcf4
00:38:38.183 > V (118) esp_image: MMU page size 0x10000
00:38:38.183 > V (118) esp_image: segment 4 map_segment 0 segment_data_offs 0x4fcf4 load_addr 0x3ffc50ac
00:38:38.183 > I (119) esp_image: segment 4: paddr=0004fcf4 vaddr=3ffc50ac size=01384h (  4996) loa[37md
00:38:38.183 > D (119) esp_image: free data page_count 0x00000038
00:38:38.183 > D (120) bootloader_flash: rodata starts from paddr=0x0004fcf4, size=0x1384, will be mapped to vaddr=0x3f000000
00:38:38.183 > V (120) bootloader_flash: after mapping, starting from paddr=0x00040000 and vaddr=0x3f000000, 0x20000 bytes are mapped
00:38:38.183 > V (121) esp_image: loading segment header 5 at offset 0x51078
00:38:38.183 > D (121) bootloader_flash: mmu set block paddr=0x00050000 (was 0xffffffff)
00:38:38.183 > V (123) esp_image: segment data length 0xf6dc data starts 0x51080
00:38:38.183 > V (124) esp_image: MMU page size 0x10000
00:38:38.183 > V (124) esp_image: segment 5 map_segment 0 segment_data_offs 0x51080 load_addr 0x40024000
00:38:38.183 > I (125) esp_image: segment 5: paddr=00051080 vaddr=40024000 size=0f6dch ( 63196) load
00:38:38.183 > D (125) esp_image: free data page_count 0x00000038
00:38:38.183 > D (125) bootloader_flash: rodata starts from paddr=0x00051080, size=0xf6dc, will be mapped to vaddr=0x3f000000
00:38:38.183 > V (126) bootloader_flash: after mapping, starting from paddr=0x00050000 and vaddr=0x3f000000, 0x20000 bytes are mapped
00:38:38.183 > V (141) esp_image: image[37m start 0x00010000 end of last section 0x0006075c
00:38:38.184 > D (143) bootloader_flash: mmu set block paddr=0x00060000 (was 0xffffffff)
00:38:38.184 > I (151) boot: Loaded app from partition at offset 0x10000
00:38:38.184 > I (151) boot: Disabling RNG early entropy source...
00:38:38.184 > D (152) boot: Mapping segment 0 as DROM
00:38:38.184 > D (152) boot: Mapping segment 3 as IROM
00:38:38.184 > D (152) boot: calling set_cache_and_start_app
00:38:38.184 > D (152) boot: configure drom and irom and start
00:38:38.184 > V (153) boot: rodata starts from paddr=0x00010020, vaddr=0x3f000020, size=0xe600
00:38:38.184 > V (154) boot: after mapping rodata, starting from paddr=0x00010000 and vaddr=0x3f000000, 0x10000 bytes are mapped
00:38:38.184 > V (154) boot: mapped one page of the rodata, from paddr=0x00010000 and vaddr=0x3f3f0000, 0x10000 bytes are mapped
00:38:38.184 > V (155) boot: text starts from paddr=0x00020020, vaddr=0x40080020, size=0x2fccc
00:38:38.184 > V (156) boot: after mapping text, starting from paddr=0x00020000 and vaddr=0x40080000, 0x30000 bytes are mapped
00:38:38.184 > D (156) boot: start: 0x40025758
00:38:38.184 > I (178) main_task: Started on CPU0
00:38:38.184 > I (178) main_task: Calling app[37m_main()
00:38:38.184 > [INFO][MAIN][13ms] START
00:38:38.184 > Guru Meditation Error: Core  0 panic'ed (LoadProhibited). Exception was unhandled.
00:38:38.184 > 
00:38:38.184 > Core  0 register dump:
00:38:38.184 > PC      : 0x400a4ae3  PS      : 0x00060530  A0      : 0x8009b70c  A1      : 0x3ffcb630  
00:38:38.184 > A2      : 0x3ffcbbc0  A3      : 0x00000000  A4      : 0x3ffcb640  A5      : 0x3ffcb980  
00:38:38.184 > A6      : 0x3ffcb960  A7      : 0x00000008  A8      : 0x00000000  A9      : 0x3ffcb620  
00:38:38.184 > A10     : 0x00000001  A11     : 0x3f00be12  A12     : 0x000000ff  A13     : 0x0000ff00  
00:38:38.184 > A14     : 0x00ff0000  A15     : 0xff000000  SAR     : 0x00000004  EXCCAUSE: 0x0000001c  
00:38:38.184 > EXCVADDR: 0x00000064  LBEG    : 0x000000ff  LEND    : 0x0000ff00  LCOUNT  : 0x40029480  
00:38:38.184 > 
00:38:38.184 > 
00:38:38.184 > Backtrace: 0x400a4ae0:0x3ffcb630 0x4009b709:0x3ffcb950 0x400888aa:0x3ffcb9a0 0x40089629:0x3ffcbaf0 0x400af683:0x3ffcbb10 0x4002b9b9:0x3ffcbb40
00:38:38.184 > 
00:38:38.184 > 
00:38:38.184 > 
00:38:38.184 > 
00:38:38.184 > ELF file SHA256: 57f2c4b40
00:38:38.184 > 
00:38:38.184 > Rebooting...
00:38:38.184 > I (32) boot: ESP-IDF 5.4.0 2nd stage bootloader
00:38:38.184 > I (32) boot: compile time Jul  3 2025 00:33:36
00:38:38.184 > D (32) bootloader_flash: XMC chip dete[37mcted by RDID (00204016), skip.
00:38:38.184 > D (34) bootloader_flash: mmu set block paddr=0x00000000 (was 0xffffffff)
00:38:38.184 > I (35) boot: chip revision: v0.0
00:38:38.184 > I (35) boot: efuse block revision: v0.2
00:38:38.184 > D (36) boot.esp32s2: magic e9
00:38:38.184 > D (36) boot.esp32s2: segments 04
00:38:38.184 > D (36) boot.esp32s2: spi_mode 02
00:38:38.184 > D (36) boot.esp32s2: spi_speed 0f
00:38:38.184 > D (36) boot.esp32s2: spi_size 02
00:38:38.184 > I (36) boot.esp32s2: SPI Speed      : 80MHz
00:38:38.184 > I (36) boot.esp32s2: SPI Mode       : DIO
00:38:38.184 > I (36) boot.esp32s2: SPI Flash Size : 4MB
00:38:38.184 > D (37) boot: Enabling RTCWDT(9000 ms)
00:38:38.184 > I (37) boot: Enabling RNG early entropy source...
00:38:38.184 > D (37) bootloader_flash: rodata starts from paddr=0x00008000, size=0xc00, will be mapped to vaddr=0x3f000000
00:38:38.184 > V (37) bootloader_flash: after mapping, starting from paddr=0x00000000 and vaddr=0x3f000000, 0x10000 bytes are mapped
00:38:38.184 > D (37) boot: mapped partition table 0x8000 at 0x3f008000
00:38:38.184 > D (37) flash_parts: partition table verified, 5 entries
00:38:38.184 > I (38) boot: Partition Table:
00:38:38.184 > I (38) boot: ## Label            Usage          Type ST Offset   Length
00:38:38.184 > D [37m(39) boot: load partition table entry 0x3f008000
00:38:38.184 > D (39) boot: type=1 subtype=2
00:38:38.184 > I (40) boot:  0 nvs              WiFi data        01 02 00009000 00004000
00:38:38.184 > D (41) boot: load partition table entry 0x3f008020
00:38:38.184 > D (41) boot: type=1 subtype=1
00:38:38.184 > I (41) boot:  1 phy_init         RF data          01 01 0000d000 00001000
00:38:38.184 > D (42) boot: load partition table entry 0x3f008040
00:38:38.184 > D (43) boot: type=0 subtype=0
00:38:38.184 > I (43) boot:  2 factory          factory app      00 00 00010000 00100000
00:38:38.184 > D (44) boot: load partition table entry 0x3f008060
00:38:38.184 > D (44) boot: type=1 subtype=83
00:38:38.184 > I (44) boot:  3 storage          Unknown data     01 83 00110000 000f0000
00:38:38.184 > I (45) boot: End of partition table
00:38:38.184 > D (45) boot: Trying partition index -1 offs 0x10000 size 0x100000
00:38:38.184 > D (46) esp_image: reading image header @ 0x10000
00:38:38.184 > D (47) bootloader_flash: mmu set block paddr=0x00010000 (was 0xffffffff)
00:38:38.184 > D (48) esp_image: image header: 0xe9 0x06 0x02 0x02 40025758
00:38:38.184 > V (48) esp_image: loading segment header 0 at offset 0x10018
00:38:38.184 > V (48) esp_image: segment data length[37m 0xe600 data starts 0x10020
00:38:38.184 > V (49) esp_image: MMU page size 0x10000
00:38:38.184 > V (49) esp_image: segment 0 map_segment 1 segment_data_offs 0x10020 load_addr 0x3f000020
00:38:38.184 > I (50) esp_image: segment 0: paddr=00010020 vaddr=3f000020 size=0e600h ( 58880) map
00:38:38.184 > D (51) esp_image: free data page_count 0x00000038
00:38:38.184 > D (51) bootloader_flash: rodata starts from paddr=0x00010020, size=0xe600, will be mapped to vaddr=0x3f000000
00:38:38.184 > V (51) bootloader_flash: after mapping, starting from paddr=0x00010000 and vaddr=0x3f000000, 0x10000 bytes are mapped
00:38:38.184 > V (63) esp_image: loading segment header 1 at offset 0x1e620
00:38:38.184 > D (63) bootloader_flash: mmu set block paddr=0x00010000 (was 0xffffffff)
00:38:38.184 > V (64) esp_image: segment data length 0x1c data starts 0x1e628
00:38:38.184 > V (64) esp_image: MMU page size 0x10000
00:38:38.184 > V (64) esp_image: segment 1 map_segment 0 segment_data_offs 0x1e628 load_addr 0x3ff9e010
00:38:38.184 > I (65) esp_image: segment 1: paddr=0001e628 vaddr=3ff9e010 size=0001ch (    28) load
00:38:38.184 > D (66) esp_image: free data page_count 0x00000038
00:38:38.184 > D (66) bootloader_flash: r[37modata starts from paddr=0x0001e628, size=0x1c, will be mapped to vaddr=0x3f000000
00:38:38.184 > V (66) bootloader_flash: after mapping, starting from paddr=0x00010000 and vaddr=0x3f000000, 0x10000 bytes are mapped
00:38:38.184 > V (66) esp_image: loading segment header 2 at offset 0x1e644
00:38:38.184 > D (67) bootloader_flash: mmu set block paddr=0x00010000 (was 0xffffffff)
00:38:38.184 > V (68) esp_image: segment data length 0x19cc data starts 0x1e64c
00:38:38.184 > V (69) esp_image: MMU page size 0x10000
00:38:38.184 > V (69) esp_image: segment 2 map_segment 0 segment_data_offs 0x1e64c load_addr 0x3ffc36e0
00:38:38.184 > I (69) esp_image: segment 2: paddr=0001e64c vaddr=3ffc36e0 size=019cch (  6604) load
00:38:38.184 > D (70) esp_image: free data page_count 0x00000038
00:38:38.184 > D (71) bootloader_flash: rodata starts from paddr=0x0001e64c, size=0x19cc, will be mapped to vaddr=0x3f000000
00:38:38.184 > V (71) bootloader_flash: after mapping, starting from paddr=0x00010000 and vaddr=0x3f000000, 0x20000 bytes are mapped
00:38:38.184 > V (73) esp_image: loading segment header 3 at offset 0x20018
00:38:38.184 > D (73) bootloader_flash: mmu set block paddr=0x00020000 [37m(was 0xffffffff)
00:38:38.184 > V (74) esp_image: segment data length 0x2fccc data starts 0x20020
00:38:38.184 > V (75) esp_image: MMU page size 0x10000
00:38:38.184 > V (75) esp_image: segment 3 map_segment 1 segment_data_offs 0x20020 load_addr 0x40080020
00:38:38.184 > I (75) esp_image: segment 3: paddr=00020020 vaddr=40080020 size=2fccch (195788) map
00:38:38.184 > D (75) esp_image: free data page_count 0x00000038
00:38:38.184 > D (76) bootloader_flash: rodata starts from paddr=0x00020020, size=0x2fccc, will be mapped to vaddr=0x3f000000
00:38:38.184 > V (76) bootloader_flash: after mapping, starting from paddr=0x00020000 and vaddr=0x3f000000, 0x30000 bytes are mapped
00:38:38.184 > V (114) esp_image: loading segment header 4 at offset 0x4fcec
00:38:38.184 > D (115) bootloader_flash: mmu set block paddr=0x00040000 (was 0xffffffff)
00:38:38.184 > V (116) esp_image: segment data length 0x1384 data starts 0x4fcf4
00:38:38.184 > V (117) esp_image: MMU page size 0x10000
00:38:38.184 > V (117) esp_image: segment 4 map_segment 0 segment_data_offs 0x4fcf4 load_addr 0x3ffc50ac
00:38:38.184 > I (117) esp_image: segment 4: paddr=0004fcf4 vaddr=3ffc50ac size=01384h (  4996) load
00:38:38.184 > D (117) esp_[37mimage: free data page_count 0x00000038
00:38:38.184 > D (118) bootloader_flash: rodata starts from paddr=0x0004fcf4, size=0x1384, will be mapped to vaddr=0x3f000000
00:38:38.184 > V (118) bootloader_flash: after mapping, starting from paddr=0x00040000 and vaddr=0x3f000000, 0x20000 bytes are mapped
00:38:38.184 > V (119) esp_image: loading segment header 5 at offset 0x51078
00:38:38.184 > D (119) bootloader_flash: mmu set block paddr=0x00050000 (was 0xffffffff)
00:38:38.184 > V (121) esp_image: segment data length 0xf6dc data starts 0x51080
00:38:38.184 > V (122) esp_image: MMU page size 0x10000
00:38:38.184 > V (122) esp_image: segment 5 map_segment 0 segment_data_offs 0x51080 load_addr 0x40024000
00:38:38.184 > I (123) esp_image: segment 5: paddr=00051080 vaddr=40024000 size=0f6dch ( 63196) load
00:38:38.184 > D (123) esp_image: free data page_count 0x00000038
00:38:38.184 > D (123) bootloader_flash: rodata starts from paddr=0x00051080, size=0xf6dc, will be mapped to vaddr=0x3f000000
00:38:38.184 > V (124) bootloader_flash: after mapping, starting from paddr=0x00050000 and vaddr=0x3f000000, 0x20000 bytes are mapped
00:38:38.184 > V (139) esp_image: image start 0x000100[37m00 end of last section 0x0006075c
00:38:38.184 > D (141) bootloader_flash: mmu set block paddr=0x00060000 (was 0xffffffff)
00:38:38.184 > I (149) boot: Loaded app from partition at offset 0x10000
00:38:38.184 > I (149) boot: Disabling RNG early entropy source...
00:38:38.184 > D (150) boot: Mapping segment 0 as DROM
00:38:38.184 > D (150) boot: Mapping segment 3 as IROM
00:38:38.184 > D (150) boot: calling set_cache_and_start_app
00:38:38.184 > D (150) boot: configure drom and irom and start
00:38:38.184 > V (151) boot: rodata starts from paddr=0x00010020, vaddr=0x3f000020, size=0xe600
00:38:38.184 > V (152) boot: after mapping rodata, starting from paddr=0x00010000 and vaddr=0x3f000000, 0x10000 bytes are mapped
00:38:38.184 > V (152) boot: mapped one page of the rodata, from paddr=0x00010000 and vaddr=0x3f3f0000, 0x10000 bytes are mapped
00:38:38.184 > V (153) boot: text starts from paddr=0x00020020, vaddr=0x40080020, size=0x2fccc
00:38:38.184 > V (154) boot: after mapping text, starting from paddr=0x00020000 and vaddr=0x40080000, 0x30000 bytes are mapped
00:38:38.184 > D (154) boot: start: 0x40025758
00:38:38.184 > I (176) main_task: Started on CPU0
00:38:38.184 > I (176) main_task: Calling app_main()
00:38:38.184 > [INFO][37m[MAIN][13ms] START
00:38:38.184 > Guru Meditation Error: Core  0 panic'ed (LoadProhibited). Exception was unhandled.
00:38:38.184 > 
00:38:38.184 > Core  0 register dump:
00:38:38.184 > PC      : 0x400a4ae3  PS      : 0x00060530  A0      : 0x8009b70c  A1      : 0x3ffcb630  
00:38:38.184 > A2      : 0x3ffcbbc0  A3      : 0x00000000  A4      : 0x3ffcb640  A5      : 0x3ffcb980  
00:38:38.184 > A6      : 0x3ffcb960  A7      : 0x00000008  A8      : 0x00000000  A9      : 0x3ffcb620  
00:38:38.184 > A10     : 0x00000001  A11     : 0x3f00be12  A12     : 0x000000ff  A13     : 0x0000ff00  
00:38:38.184 > A14     : 0x00ff0000  A15     : 0xff000000  SAR     : 0x00000004  EXCCAUSE: 0x0000001c  
00:38:38.184 > EXCVADDR: 0x00000064  LBEG    : 0x000000ff  LEND    : 0x0000ff00  LCOUNT  : 0x40029480  
00:38:38.184 > 
00:38:38.184 > 
00:38:38.184 > Backtrace: 0x400a4ae0:0x3ffcb630 0x4009b709:0x3ffcb950 0x400888aa:0x3ffcb9a0 0x40089629:0x3ffcbaf0 0x400af683:0x3ffcbb10 0x4002b9b9:0x3ffcbb40
00:38:38.184 > 
00:38:38.184 > 
00:38:38.184 > 
00:38:38.184 > 
00:38:38.184 > ELF file SHA256: 57f2c4b40
00:38:38.184 > 
00:38:38.184 > Rebooting...
00:38:38.184 > I (32) boot: ESP-IDF 5.4.0 2nd stage bootloader
00:38:38.184 > I (32) boot: compile time Jul  3 2025 00:33:36
00:38:38.184 > D (32) bootloader_flash: XMC chip detected by RDID (0[37m0204016), skip.
