00:15:46.454 > [37mn[37m table verified, 5 entries
00:15:46.454 > I (39) boot: Partition Table:
00:15:46.454 > I (39) boot: ## Label            Usage          Type ST Offset   Length
00:15:46.454 > D (40) boot: load partition table entry 0x3f008000
00:15:46.454 > D (40) boot: type=1 subtype=2
00:15:46.454 > I (40) boot:  0 nvs              WiFi data        01 02 00009000 00004000
00:15:46.454 > D (41) boot: load partition table entry 0x3f008020
00:15:46.454 > D (41) boot: type=1 subtype=1
00:15:46.454 > I (42) boot:  1 phy_init         RF data          01 01 0000d000 00001000
00:15:46.454 > D (43) boot: load partition table entry 0x3f008040
00:15:46.454 > D (44) boot: type=0 subtype=0
00:15:46.454 > I (44) boot:  2 factory          factory app      00 00 00010000 00100000
00:15:46.454 > D (45) boot: load partition table entry 0x3f008060
00:15:46.454 > D (45) boot: type=1 subtype=83
00:15:46.454 > I (45) boot:  3 storage          Unknown data     01 83 00110000 000f0000
00:15:46.454 > I (46) boot: End of partition table
00:15:46.454 > D (46) boot: Trying partition index -1 offs 0x10000 size 0x100000
00:15:46.454 > D (47) esp_image: reading image header @ 0x10000
00:15:46.454 > D (48) bootloader_flash: mmu set block paddr=0x00010000 (was 0xffffffff)
00:15:46.454 > D (49) esp_image: image he[37mader: 0xe9 0x06 0x02 0x02 40026a3c
00:15:46.455 > V (49) esp_image: loading segment header 0 at offset 0x10018
00:15:46.455 > V (49) esp_image: segment data length 0x14fd0 data starts 0x10020
00:15:46.455 > V (50) esp_image: MMU page size 0x10000
00:15:46.455 > V (51) esp_image: segment 0 map_segment 1 segment_data_offs 0x10020 load_addr 0x3f000020
00:15:46.455 > I (51) esp_image: segment 0: paddr=00010020 vaddr=3f000020 size=14fd0h ( 85968) map
00:15:46.455 > D (52) esp_image: free data page_count 0x00000038
00:15:46.455 > D (52) bootloader_flash: rodata starts from paddr=0x00010020, size=0x14fd0, will be mapped to vaddr=0x3f000000
00:15:46.455 > V (52) bootloader_flash: after mapping, starting from paddr=0x00010000 and vaddr=0x3f000000, 0x20000 bytes are mapped
00:15:46.455 > V (69) esp_image: loading segment header 1 at offset 0x24ff0
00:15:46.455 > D (69) bootloader_flash: mmu set block paddr=0x00020000 (was 0xffffffff)
00:15:46.455 > V (71) esp_image: segment data length 0x1c data starts 0x24ff8
00:15:46.455 > V (71) esp_image: MMU page size 0x10000
00:15:46.455 > V (71) esp_image: segment 1 map_segment 0 segment_data_offs 0x24ff8 load_addr 0x3ff9e010
00:15:46.455 > I (71) esp_image: segment [37m1: paddr=00024ff8 vaddr=3ff9e010 size=0001ch (    28) load
00:15:46.455 > D (72) esp_image: free data page_count 0x00000038
00:15:46.455 > D (72) bootloader_flash: rodata starts from paddr=0x00024ff8, size=0x1c, will be mapped to vaddr=0x3f000000
00:15:46.455 > V (72) bootloader_flash: after mapping, starting from paddr=0x00020000 and vaddr=0x3f000000, 0x10000 bytes are mapped
00:15:46.455 > V (73) esp_image: loading segment header 2 at offset 0x25014
00:15:46.455 > D (73) bootloader_flash: mmu set block paddr=0x00020000 (was 0xffffffff)
00:15:46.455 > V (74) esp_image: segment data length 0x2ed8 data starts 0x2501c
00:15:46.455 > V (75) esp_image: MMU page size 0x10000
00:15:46.455 > V (75) esp_image: segment 2 map_segment 0 segment_data_offs 0x2501c load_addr 0x3ffc5ad0
00:15:46.455 > I (77) esp_image: segment 2: paddr=0002501c vaddr=3ffc5ad0 size=02ed8h ( 11992) load
00:15:46.455 > D (77) esp_image: free data page_count 0x00000038
00:15:46.455 > D (77) bootloader_flash: rodata starts from paddr=0x0002501c, size=0x2ed8, will be mapped to vaddr=0x3f000000
00:15:46.455 > V (77) bootloader_flash: after mapping, starting from paddr=0x00020000 and vaddr=0x3f000000, 0x10000[37m bytes are mapped
00:15:46.455 > V (80) esp_image: loading segment header 3 at offset 0x27ef4
00:15:46.455 > D (80) bootloader_flash: mmu set block paddr=0x00020000 (was 0xffffffff)
00:15:46.455 > V (81) esp_image: segment data length 0x811c data starts 0x27efc
00:15:46.455 > V (83) esp_image: MMU page size 0x10000
00:15:46.455 > V (83) esp_image: segment 3 map_segment 0 segment_data_offs 0x27efc load_addr 0x40024000
00:15:46.455 > I (83) esp_image: segment 3: paddr=00027efc vaddr=40024000 size=0811ch ( 33052) load
00:15:46.455 > D (83) esp_image: free data page_count 0x00000038
00:15:46.455 > D (83) bootloader_flash: rodata starts from paddr=0x00027efc, size=0x811c, will be mapped to vaddr=0x3f000000
00:15:46.455 > V (83) bootloader_flash: after mapping, starting from paddr=0x00020000 and vaddr=0x3f000000, 0x20000 bytes are mapped
00:15:46.455 > V (92) esp_image: loading segment header 4 at offset 0x30018
00:15:46.455 > D (92) bootloader_flash: mmu set block paddr=0x00030000 (was 0xffffffff)
00:15:46.455 > V (93) esp_image: segment data length 0x3f770 data starts 0x30020
00:15:46.455 > V (94) esp_image: MMU page size 0x10000
00:15:46.455 > V (94) esp_image: segment 4 map_segment 1 segment_data_of[37mfs 0x30020 load_addr 0x40080020
00:15:46.455 > I (95) esp_image: segment 4: paddr=00030020 vaddr=40080020 size=3f770h (259952) map
00:15:46.455 > D (95) esp_image: free data page_count 0x00000038
00:15:46.455 > D (95) bootloader_flash: rodata starts from paddr=0x00030020, size=0x3f770, will be mapped to vaddr=0x3f000000
00:15:46.455 > V (95) bootloader_flash: after mapping, starting from paddr=0x00030000 and vaddr=0x3f000000, 0x40000 bytes are mapped
00:15:46.455 > V (146) esp_image: loading segment header 5 at offset 0x6f790
00:15:46.455 > D (147) bootloader_flash: mmu set block paddr=0x00060000 (was 0xffffffff)
00:15:46.455 > V (148) esp_image: segment data length 0x99b0 data starts 0x6f798
00:15:46.455 > V (149) esp_image: MMU page size 0x10000
00:15:46.455 > V (149) esp_image: segment 5 map_segment 0 segment_data_offs 0x6f798 load_addr 0x4002c11c
00:15:46.455 > I (150) esp_image: segment 5: paddr=0006f798 vaddr=4002c11c size=099b0h ( 39344) load
00:15:46.455 > D (150) esp_image: free data page_count 0x00000038
00:15:46.455 > D (151) bootloader_flash: rodata starts from paddr=0x0006f798, size=0x99b0, will be mapped to vaddr=0x3f000000
00:15:46.455 > V (151) bootloader_flash: after[37m mapping, starting from paddr=0x00060000 and vaddr=0x3f000000, 0x20000 bytes are mapped
00:15:46.456 > V (161) esp_image: image start 0x00010000 end of last section 0x00079148
00:15:46.456 > D (162) bootloader_flash: mmu set block paddr=0x00070000 (was 0xffffffff)
00:15:46.456 > I (172) boot: Loaded app from partition at offset 0x10000
00:15:46.456 > I (172) boot: Disabling RNG early entropy source...
00:15:46.456 > D (172) boot: Mapping segment 0 as DROM
00:15:46.456 > D (172) boot: Mapping segment 4 as IROM
00:15:46.456 > D (172) boot: calling set_cache_and_start_app
00:15:46.456 > D (172) boot: configure drom and irom and start
00:15:46.456 > V (173) boot: rodata starts from paddr=0x00010020, vaddr=0x3f000020, size=0x14fd0
00:15:46.456 > V (174) boot: after mapping rodata, starting from paddr=0x00010000 and vaddr=0x3f000000, 0x20000 bytes are mapped
00:15:46.456 > V (175) boot: mapped one page of the rodata, from paddr=0x00010000 and vaddr=0x3f3f0000, 0x10000 bytes are mapped
00:15:46.456 > V (175) boot: text starts from paddr=0x00030020, vaddr=0x40080020, size=0x3f770
00:15:46.456 > V (176) boot: after mapping text, starting from paddr=0x00030000 and vaddr=0x40080000, 0x40000 byt[37mes are mapped
00:15:46.456 > D (176) boot: start: 0x40026a3c
00:15:46.456 > I (198) main_task: Started on CPU0
00:15:46.456 > I (198) main_task: Calling app_main()
00:15:46.456 > [INFO][SYSTEM][13ms] [1;36m╔════════════════════════════════════════════════════════════════════╗
00:15:46.456 > Guru Meditation Error: Core  0 panic'ed (LoadProhibited). Exception was unhandled.
00:15:46.456 > 
00:15:46.456 > Core  0 register dump:
00:15:46.456 > PC      : 0x400b3eab  PS      : 0x00060e30  A0      : 0x800a99b4  A1      : 0x3ffcdc20  
00:15:46.456 > A2      : 0x3ffce1d0  A3      : 0x00000000  A4      : 0x3ffcdc30  A5      : 0x3ffcdf70  
00:15:46.456 > A6      : 0x3ffcdf50  A7      : 0x00000008  A8      : 0x00000000  A9      : 0x3ffcdc10  
00:15:46.456 > A10     : 0x00000001  A11     : 0x3f012666  A12     : 0x000000ff  A13     : 0x0000ff00  
00:15:46.456 > A14     : 0x00ff0000  A15     : 0xff000000  SAR     : 0x0000001f  EXCCAUSE: 0x0000001c  
00:15:46.456 > EXCVADDR: 0x00000064  LBEG    : 0x000000ff  LEND    : 0x0000ff00  LCOUNT  : 0x4002a7e8  
00:15:46.456 > 
00:15:46.456 > 
00:15:46.456 > Bac[37mktrace: 0x400b3ea8:0x3ffcdc20 0x400a99b1:0x3ffcdf40 0x4008968a:0x3ffcdf90 0x4008a405:0x3ffce0e0 0x4008a69a:0x3ffce100 0x400bf127:0x3ffce120 0x4002d279:0x3ffce150
00:15:46.456 > 
00:15:46.456 > 
00:15:46.456 > 
00:15:46.456 > 
00:15:46.456 > ELF file SHA256: 5ef56b0e8
00:15:46.456 > 
00:15:46.456 > Rebooting...
00:15:46.456 > I (32) boot: ESP-IDF 5.4.0 2nd stage bootloader
00:15:46.456 > I (32) boot: compile time Jul  3 2025 00:01:50
00:15:46.456 > D (32) bootloader_flash: XMC chip detected by RDID (00204016), skip.
00:15:46.456 > D (34) bootloader_flash: mmu set block paddr=0x00000000 (was 0xffffffff)
00:15:46.456 > I (35) boot: chip revision: v0.0
00:15:46.456 > I (35) boot: efuse block revision: v0.2
00:15:46.456 > D (35) boot.esp32s2: magic e9
00:15:46.456 > D (35) boot.esp32s2: segments 04
00:15:46.456 > D (36) boot.esp32s2: spi_mode 02
00:15:46.456 > D (36) boot.esp32s2: spi_speed 0f
00:15:46.456 > D (36) boot.esp32s2: spi_size 02
00:15:46.456 > I (36) boot.esp32s2: SPI Speed      : 80MHz
00:15:46.456 > I (36) boot.esp32s2: SPI Mode       : DIO
00:15:46.456 > I (36) boot.esp32s2: SPI Flash Size : 4MB
00:15:46.456 > D (37) boot: Enabling RTCWDT(9000 ms)
00:15:46.456 > I (37) boot: Enabling RNG early entropy source...
00:15:46.456 > D (37) bootloader_flash: rodata starts from paddr=0x00008000, size=0xc00, will be mapped to vaddr=0x[37m3f000000
00:15:46.456 > V (37) bootloader_flash: after mapping, starting from paddr=0x00000000 and vaddr=0x3f000000, 0x10000 bytes are mapped
00:15:46.456 > D (38) boot: mapped partition table 0x8000 at 0x3f008000
00:15:46.456 > D (38) flash_parts: partition table verified, 5 entries
00:15:46.456 > I (39) boot: Partition Table:
00:15:46.456 > I (39) boot: ## Label            Usage          Type ST Offset   Length
00:15:46.456 > D (40) boot: load partition table entry 0x3f008000
00:15:46.456 > D (40) boot: type=1 subtype=2
00:15:46.456 > I (40) boot:  0 nvs              WiFi data        01 02 00009000 00004000
00:15:46.456 > D (41) boot: load partition table entry 0x3f008020
00:15:46.456 > D (41) boot: type=1 subtype=1
00:15:46.456 > I (41) boot:  1 phy_init         RF data          01 01 0000d000 00001000
00:15:46.456 > D (42) boot: load partition table entry 0x3f008040
00:15:46.456 > D (43) boot: type=0 subtype=0
00:15:46.456 > I (43) boot:  2 factory          factory app      00 00 00010000 00100000
00:15:46.456 > D (44) boot: load partition table entry 0x3f008060
00:15:46.456 > D (44) boot: type=1 subtype=83
00:15:46.456 > I (44) boot:  3 storage          Unknown data     01 83 00110000 000f0000
00:15:46.456 > I (45) boot: End of partition table
00:15:46.456 > D [37m(45) boot: Trying partition index -1 offs 0x10000 size 0x100000
00:15:46.457 > D (46) esp_image: reading image header @ 0x10000
00:15:46.457 > D (47) bootloader_flash: mmu set block paddr=0x00010000 (was 0xffffffff)
00:15:46.457 > D (48) esp_image: image header: 0xe9 0x06 0x02 0x02 40026a3c
00:15:46.457 > V (48) esp_image: loading segment header 0 at offset 0x10018
00:15:46.457 > V (48) esp_image: segment data length 0x14fd0 data starts 0x10020
00:15:46.457 > V (49) esp_image: MMU page size 0x10000
00:15:46.457 > V (49) esp_image: segment 0 map_segment 1 segment_data_offs 0x10020 load_addr 0x3f000020
00:15:46.457 > I (49) esp_image: segment 0: paddr=00010020 vaddr=3f000020 size=14fd0h ( 85968) map
00:15:46.457 > D (50) esp_image: free data page_count 0x00000038
00:15:46.457 > D (50) bootloader_flash: rodata starts from paddr=0x00010020, size=0x14fd0, will be mapped to vaddr=0x3f000000
00:15:46.457 > V (50) bootloader_flash: after mapping, starting from paddr=0x00010000 and vaddr=0x3f000000, 0x20000 bytes are mapped
00:15:46.457 > V (67) esp_image: loading segment header 1 at offset 0x24ff0
00:15:46.457 > D (67) bootloader_flash: mmu set block paddr=0x00020000 (was 0xffffffff)
00:15:46.457 > V (69)[37m esp_image: segment data length 0x1c data starts 0x24ff8
00:15:46.460 > V (69) esp_image: MMU page size 0x10000
00:15:46.460 > V (69) esp_image: segment 1 map_segment 0 segment_data_offs 0x24ff8 load_addr 0x3ff9e010
00:15:46.460 > I (69) esp_image: segment 1: paddr=00024ff8 vaddr=3ff9e010 size=0001ch (    28) load
00:15:46.460 > D (70) esp_image: free data page_count 0x00000038
00:15:46.460 > D (70) bootloader_flash: rodata starts from paddr=0x00024ff8, size=0x1c, will be mapped to vaddr=0x3f000000
00:15:46.460 > V (70) bootloader_flash: after mapping, starting from paddr=0x00020000 and vaddr=0x3f000000, 0x10000 bytes are mapped
00:15:46.460 > V (71) esp_image: loading segment header 2 at offset 0x25014
00:15:46.460 > D (71) bootloader_flash: mmu set block paddr=0x00020000 (was 0xffffffff)
00:15:46.460 > V (72) esp_image: segment data length 0x2ed8 data starts 0x2501c
00:15:46.460 > V (73) esp_image: MMU page size 0x10000
00:15:46.460 > V (73) esp_image: segment 2 map_segment 0 segment_data_offs 0x2501c load_addr 0x3ffc5ad0
00:15:46.460 > I (75) esp_image: segment 2: paddr=0002501c vaddr=3ffc5ad0 size=02ed8h ( 11992) load
00:15:46.460 > D (75) esp_image: free data page_count 0x000000[37m38
00:15:46.460 > D (75) bootloader_flash: rodata starts from paddr=0x0002501c, size=0x2ed8, will be mapped to vaddr=0x3f000000
00:15:46.460 > V (75) bootloader_flash: after mapping, starting from paddr=0x00020000 and vaddr=0x3f000000, 0x10000 bytes are mapped
00:15:46.460 > V (78) esp_image: loading segment header 3 at offset 0x27ef4
00:15:46.460 > D (78) bootloader_flash: mmu set block paddr=0x00020000 (was 0xffffffff)
00:15:46.460 > V (79) esp_image: segment data length 0x811c data starts 0x27efc
00:15:46.460 > V (81) esp_image: MMU page size 0x10000
00:15:46.460 > V (81) esp_image: segment 3 map_segment 0 segment_data_offs 0x27efc load_addr 0x40024000
00:15:46.460 > I (81) esp_image: segment 3: paddr=00027efc vaddr=40024000 size=0811ch ( 33052) load
00:15:46.460 > D (81) esp_image: free data page_count 0x00000038
00:15:46.460 > D (82) bootloader_flash: rodata starts from paddr=0x00027efc, size=0x811c, will be mapped to vaddr=0x3f000000
00:15:46.460 > V (82) bootloader_flash: after mapping, starting from paddr=0x00020000 and vaddr=0x3f000000, 0x20000 bytes are mapped
00:15:46.460 > V (91) esp_image: loading segment header 4 at offset 0x30018
00:15:46.460 > D (91) bootloader_flash:[37m mmu set block paddr=0x00030000 (was 0xffffffff)
00:15:46.460 > V (92) esp_image: segment data length 0x3f770 data starts 0x30020
00:15:46.460 > V (93) esp_image: MMU page size 0x10000
00:15:46.460 > V (93) esp_image: segment 4 map_segment 1 segment_data_offs 0x30020 load_addr 0x40080020
00:15:46.460 > I (94) esp_image: segment 4: paddr=00030020 vaddr=40080020 size=3f770h (259952) map
00:15:46.460 > D (94) esp_image: free data page_count 0x00000038
00:15:46.460 > D (94) bootloader_flash: rodata starts from paddr=0x00030020, size=0x3f770, will be mapped to vaddr=0x3f000000
00:15:46.460 > V (94) bootloader_flash: after mapping, starting from paddr=0x00030000 and vaddr=0x3f000000, 0x40000 bytes are mapped
00:15:46.460 > V (145) esp_image: loading segment header 5 at offset 0x6f790
00:15:46.460 > D (146) bootloader_flash: mmu set block paddr=0x00060000 (was 0xffffffff)
00:15:46.460 > V (147) esp_image: segment data length 0x99b0 data starts 0x6f798
00:15:46.460 > V (148) esp_image: MMU page size 0x10000
00:15:46.460 > V (148) esp_image: segment 5 map_segment 0 segment_data_offs 0x6f798 load_addr 0x4002c11c
00:15:46.460 > I (149) esp_image: segment 5: paddr=0006f798 vaddr=4002c11c size=09[37m9b0h ( 39344) load
00:15:46.460 > D (149) esp_image: free data page_count 0x00000038
00:15:46.460 > D (150) bootloader_flash: rodata starts from paddr=0x0006f798, size=0x99b0, will be mapped to vaddr=0x3f000000
00:15:46.460 > V (150) bootloader_flash: after mapping, starting from paddr=0x00060000 and vaddr=0x3f000000, 0x20000 bytes are mapped
00:15:46.460 > V (160) esp_image: image start 0x00010000 end of last section 0x00079148
00:15:46.460 > D (161) bootloader_flash: mmu set block paddr=0x00070000 (was 0xffffffff)
00:15:46.460 > I (171) boot: Loaded app from partition at offset 0x10000
00:15:46.460 > I (171) boot: Disabling RNG early entropy source...
00:15:46.460 > D (171) boot: Mapping segment 0 as DROM
00:15:46.460 > D (171) boot: Mapping segment 4 as IROM
00:15:46.460 > D (171) boot: calling set_cache_and_start_app
00:15:46.460 > D (171) boot: configure drom and irom and start
00:15:46.460 > V (171) boot: rodata starts from paddr=0x00010020, vaddr=0x3f000020, size=0x14fd0
00:15:46.460 > V (172) boot: after mapping rodata, starting from paddr=0x00010000 and vaddr=0x3f000000, 0x20000 bytes are mapped
00:15:46.460 > V (173) boot: mapped one page of the rodata, from paddr=0x00010000 and vaddr=0x[37m3f3f0000, 0x10000 bytes are mapped
00:15:46.460 > V (173) boot: text starts from paddr=0x00030020, vaddr=0x40080020, size=0x3f770
00:15:46.460 > V (174) boot: after mapping text, starting from paddr=0x00030000 and vaddr=0x40080000, 0x40000 bytes are mapped
00:15:46.460 > D (174) boot: start: 0x40026a3c
00:15:46.460 > I (196) main_task: Started on CPU0
00:15:46.460 > I (196) main_task: Calling app_main()
00:15:46.460 > [INFO][SYSTEM][13ms] [1;36m╔════════════════════════════════════════════════════════════════════╗
00:15:46.460 > Guru Meditation Error: Core  0 panic'ed (LoadProhibited). Exception was unhandled.
00:15:46.460 > 
00:15:46.460 > Core  0 register dump:
00:15:46.460 > PC      : 0x400b3eab  PS      : 0x00060e30  A0      : 0x800a99b4  A1      : 0x3ffcdc20  
00:15:46.460 > A2      : 0x3ffce1d0  A3      : 0x00000000  A4      : 0x3ffcdc30  A5      : 0x3ffcdf70  
00:15:46.460 > A6      : 0x3ffcdf50  A7      : 0x00000008  A8      : 0x00000000  A9      : 0x3ffcdc10  
00:15:46.460 > A10     : 0x00000001  A11     : 0x3f012666  A12     : 0x000000[37mff  A13     : 0x0000ff00  
00:15:46.460 > A14     : 0x00ff0000  A15     : 0xff000000  SAR     : 0x0000001f  EXCCAUSE: 0x0000001c  
00:15:46.460 > EXCVADDR: 0x00000064  LBEG    : 0x000000ff  LEND    : 0x0000ff00  LCOUNT  : 0x4002a7e8  
00:15:46.460 > 
00:15:46.460 > 
00:15:46.460 > Backtrace: 0x400b3ea8:0x3ffcdc20 0x400a99b1:0x3ffcdf40 0x4008968a:0x3ffcdf90 0x4008a405:0x3ffce0e0 0x4008a69a:0x3ffce100 0x400bf127:0x3ffce120 0x4002d279:0x3ffce150
00:15:46.460 > 
00:15:46.460 > 
00:15:46.460 > 
00:15:46.460 > 
00:15:46.460 > ELF file SHA256: 5ef56b0e8
00:15:46.460 > 
00:15:46.460 > Rebooting...
00:15:46.460 > I (32) boot: ESP-IDF 5.4.0 2nd stage bootloader
00:15:46.460 > I (32) boot: compile time Jul  3 2025 00:01:50
00:15:46.460 > D (32) bootloader_flash: XMC chip detected by RDID (00204016), skip.
00:15:46.460 > D (34) bootloader_flash: mmu set block paddr=0x00000000 (was 0xffffffff)
00:15:46.460 > I (35) boot: chip revision: v0.0
00:15:46.460 > I (35) boot: efuse block revision: v0.2
00:15:46.460 > D (35) boot.esp32s2: magic e9
00:15:46.460 > D (36) boot.esp32s2: segments 04
00:15:46.460 > D (36) boot.esp32s2: spi_mode 02
00:15:46.460 > D (36) boot.esp32s2: spi_speed 0f
00:15:46.460 > D (36) boot.esp32s2: spi_size 02
00:15:46.460 > I (36) boot.esp32s2: SPI Speed      : 80MHz
00:15:46.460 > I (36) boot.esp32s2: SPI Mode       : DIO
00:15:46.460 > I (36) boot.esp32s[37m2: SPI Flash Size : 4MB
00:15:46.460 > D (37) boot: Enabling RTCWDT(9000 ms)
00:15:46.460 > I (37) boot: Enabling RNG early entropy source...
00:15:46.460 > D (37) bootloader_flash: rodata starts from paddr=0x00008000, size=0xc00, will be mapped to vaddr=0x3f000000
00:15:46.460 > V (38) bootloader_flash: after mapping, starting from paddr=0x00000000 and vaddr=0x3f000000, 0x10000 bytes are mapped
00:15:46.460 > D (38) boot: mapped partition table 0x8000 at 0x3f008000
00:15:46.460 > D (38) flash_parts: partition table verified, 5 entries
00:15:46.460 > I (39) boot: Partition Table:
00:15:46.460 > I (39) boot: ## Label            Usage          Type ST Offset   Length
00:15:46.460 > D (40) boot: load partition table entry 0x3f008000
00:15:46.460 > D (40) boot: type=1 subtype=2
00:15:46.460 > I (40) boot:  0 nvs              WiFi data        01 02 00009000 00004000
00:15:46.460 > D (41) boot: load partition table entry 0x3f008020
00:15:46.460 > D (41) boot: type=1 subtype=1
00:15:46.460 > I (41) boot:  1 phy_init         RF data          01 01 0000d000 00001000
00:15:46.460 > D (42) boot: load partition table entry 0x3f008040
00:15:46.460 > D (43) boot: type=0 subtype=0
00:15:46.460 > I (43) boot:  2 factory          factory app      00 00 00[37m010000 00100000
00:15:46.460 > D (44) boot: load partition table entry 0x3f008060
00:15:46.460 > D (44) boot: type=1 subtype=83
00:15:46.460 > I (45) boot:  3 storage          Unknown data     01 83 00110000 000f0000
00:15:46.460 > I (46) boot: End of partition table
00:15:46.460 > D (46) boot: Trying partition index -1 offs 0x10000 size 0x100000
00:15:46.460 > D (47) esp_image: reading image header @ 0x10000
00:15:46.460 > D (48) bootloader_flash: mmu set block paddr=0x00010000 (was 0xffffffff)
00:15:46.460 > D (49) esp_image: image header: 0xe9 0x06 0x02 0x02 40026a3c
00:15:46.460 > V (49) esp_image: loading segment header 0 at offset 0x10018
00:15:46.460 > V (50) esp_image: segment data length 0x14fd0 data starts 0x10020
00:15:46.460 > V (51) esp_image: MMU page size 0x10000
00:15:46.460 > V (51) esp_image: segment 0 map_segment 1 segment_data_offs 0x10020 load_addr 0x3f000020
00:15:46.460 > I (51) esp_image: segment 0: paddr=00010020 vaddr=3f000020 size=14fd0h ( 85968) map
00:15:46.460 > D (52) esp_image: free data page_count 0x00000038
00:15:46.460 > D (52) bootloader_flash: rodata starts from paddr=0x00010020, size=0x14fd0, will be mapped to vaddr=0x3f000000
00:15:46.460 > V (52) bootloader_flash: after mapping, starti[37mng from paddr=0x00010000 and vaddr=0x3f000000, 0x20000 bytes are mapped
00:15:46.460 > V (69) esp_image: loading segment header 1 at offset 0x24ff0
00:15:46.460 > D (69) bootloader_flash: mmu set block paddr=0x00020000 (was 0xffffffff)
00:15:46.460 > V (71) esp_image: segment data length 0x1c data starts 0x24ff8
00:15:46.460 > V (71) esp_image: MMU page size 0x10000
00:15:46.460 > V (71) esp_image: segment 1 map_segment 0 segment_data_offs 0x24ff8 load_addr 0x3ff9e010
00:15:46.460 > I (72) esp_image: segment 1: paddr=00024ff8 vaddr=3ff9e010 size=0001ch (    28) load
00:15:46.460 > D (73) esp_image: free data page_count 0x00000038
00:15:46.460 > D (73) bootloader_flash: rodata starts from paddr=0x00024ff8, size=0x1c, will be mapped to vaddr=0x3f000000
00:15:46.460 > V (73) bootloader_flash: after mapping, starting from paddr=0x00020000 and vaddr=0x3f000000, 0x10000 bytes are mapped
00:15:46.460 > V (74) esp_image: loading segment header 2 at offset 0x25014
00:15:46.460 > D (74) bootloader_flash: mmu set block paddr=0x00020000 (was 0xffffffff)
00:15:46.460 > V (75) esp_image: segment data length 0x2ed8 data starts 0x2501c
00:15:46.460 > V (76) esp_image: MMU page size 0x10000
00:15:46.460 > V (76) e[37msp_image: segment 2 map_segment 0 segment_data_offs 0x2501c load_addr 0x3ffc5ad0
00:15:46.460 > I (77) esp_image: segment 2: paddr=0002501c vaddr=3ffc5ad0 size=02ed8h ( 11992) load
00:15:46.460 > D (77) esp_image: free data page_count 0x00000038
00:15:46.460 > D (77) bootloader_flash: rodata starts from paddr=0x0002501c, size=0x2ed8, will be mapped to vaddr=0x3f000000
00:15:46.460 > V (77) bootloader_flash: after mapping, starting from paddr=0x00020000 and vaddr=0x3f000000, 0x10000 bytes are mapped
00:15:46.460 > V (80) esp_image: loading segment header 3 at offset 0x27ef4
00:15:46.460 > D (80) bootloader_flash: mmu set block paddr=0x00020000 (was 0xffffffff)
00:15:46.460 > V (81) esp_image: segment data length 0x811c data starts 0x27efc
00:15:46.460 > V (83) esp_image: MMU page size 0x10000
00:15:46.460 > V (83) esp_image: segment 3 map_segment 0 segment_data_offs 0x27efc load_addr 0x40024000
00:15:46.460 > I (83) esp_image: segment 3: paddr=00027efc vaddr=40024000 size=0811ch ( 33052) load
00:15:46.460 > D (83) esp_image: free data page_count 0x00000038
00:15:46.460 > D (83) bootloader_flash: rodata starts from paddr=0x00027efc, size=0x811c, will be mapped to vaddr=0x[37m3f000000
00:15:46.461 > V (83) bootloader_flash: after mapping, starting from paddr=0x00020000 and vaddr=0x3f000000, 0x20000 bytes are mapped
00:15:46.461 > V (92) esp_image: loading segment header 4 at offset 0x30018
00:15:46.461 > D (92) bootloader_flash: mmu set block paddr=0x00030000 (was 0xffffffff)
00:15:46.461 > V (93) esp_image: segment data length 0x3f770 data starts 0x30020
00:15:46.461 > V (94) esp_image: MMU page size 0x10000
00:15:46.461 > V (94) esp_image: segment 4 map_segment 1 segment_data_offs 0x30020 load_addr 0x40080020
00:15:46.461 > I (95) esp_image: segment 4: paddr=00030020 vaddr=40080020 size=3f770h (259952) map
00:15:46.461 > D (95) esp_image: free data page_count 0x00000038
00:15:46.461 > D (95) bootloader_flash: rodata starts from paddr=0x00030020, size=0x3f770, will be mapped to vaddr=0x3f000000
00:15:46.461 > V (95) bootloader_flash: after mapping, starting from paddr=0x00030000 and vaddr=0x3f000000, 0x40000 bytes are mapped
00:15:46.461 > V (146) esp_image: loading segment header 5 at offset 0x6f790
00:15:46.461 > D (147) bootloader_flash: mmu set block paddr=0x00060000 (was 0xffffffff)
00:15:46.461 > V (148) esp_image: segment data length 0x99b0 data s[37mtarts 0x6f798
00:15:46.461 > V (149) esp_image: MMU page size 0x10000
00:15:46.461 > V (149) esp_image: segment 5 map_segment 0 segment_data_offs 0x6f798 load_addr 0x4002c11c
00:15:46.461 > I (149) esp_image: segment 5: paddr=0006f798 vaddr=4002c11c size=099b0h ( 39344) load
00:15:46.461 > D (149) esp_image: free data page_count 0x00000038
00:15:46.461 > D (150) bootloader_flash: rodata starts from paddr=0x0006f798, size=0x99b0, will be mapped to vaddr=0x3f000000
00:15:46.461 > V (150) bootloader_flash: after mapping, starting from paddr=0x00060000 and vaddr=0x3f000000, 0x20000 bytes are mapped
00:15:46.461 > V (161) esp_image: image start 0x00010000 end of last section 0x00079148
00:15:46.461 > D (162) bootloader_flash: mmu set block paddr=0x00070000 (was 0xffffffff)
00:15:46.461 > I (172) boot: Loaded app from partition at offset 0x10000
00:15:46.461 > I (172) boot: Disabling RNG early entropy source...
00:15:46.461 > D (172) boot: Mapping segment 0 as DROM
00:15:46.461 > D (173) boot: Mapping segment 4 as IROM
00:15:46.461 > D (173) boot: calling set_cache_and_start_app
00:15:46.461 > D (173) boot: configure drom and irom and start
00:15:46.461 > V (173) boot: rodata starts from paddr=0x00010020, vaddr=0x3f0[37m00020, size=0x14fd0
00:15:46.461 > V (174) boot: after mapping rodata, starting from paddr=0x00010000 and vaddr=0x3f000000, 0x20000 bytes are mapped
00:15:46.461 > V (175) boot: mapped one page of the rodata, from paddr=0x00010000 and vaddr=0x3f3f0000, 0x10000 bytes are mapped
00:15:46.461 > V (175) boot: text starts from paddr=0x00030020, vaddr=0x40080020, size=0x3f770
00:15:46.461 > V (176) boot: after mapping text, starting from paddr=0x00030000 and vaddr=0x40080000, 0x40000 bytes are mapped
00:15:46.461 > D (176) boot: start: 0x40026a3c
00:15:46.461 > I (198) main_task: Started on CPU0
00:15:46.461 > I (198) main_task: Calling app_main()
00:15:46.461 > [INFO][SYSTEM][13ms] [1;36m╔════════════════════════════════════════════════════════════════════╗
00:15:46.461 > Guru Meditation Error: Core  0 panic'ed (LoadProhibited). Exception was unhandled.
00:15:46.461 > 
00:15:46.461 > Core  0 register dump:
00:15:46.461 > PC      : 0x400b3eab  PS      : 0x00060e30  A0      : 0x800a99b4  A1      : 0x3ffcdc20  
00:15:46.461 > A2      : 0x3ffce1d0  A3   [37m   : 0x00000000  A4      : 0x3ffcdc30  A5      : 0x3ffcdf70  
00:15:46.461 > A6      : 0x3ffcdf50  A7      : 0x00000008  A8      : 0x00000000  A9      : 0x3ffcdc10  
00:15:46.461 > A10     : 0x00000001  A11     : 0x3f012666  A12     : 0x000000ff  A13     : 0x0000ff00  
00:15:46.461 > A14     : 0x00ff0000  A15     : 0xff000000  SAR     : 0x0000001f  EXCCAUSE: 0x0000001c  
00:15:46.461 > EXCVADDR: 0x00000064  LBEG    : 0x000000ff  LEND    : 0x0000ff00  LCOUNT  : 0x4002a7e8  
00:15:46.461 > 
00:15:46.461 > 
00:15:46.461 > Backtrace: 0x400b3ea8:0x3ffcdc20 0x400a99b1:0x3ffcdf40 0x4008968a:0x3ffcdf90 0x4008a405:0x3ffce0e0 0x4008a69a:0x3ffce100 0x400bf127:0x3ffce120 0x4002d279:0x3ffce150
00:15:46.461 > 
00:15:46.461 > 
00:15:46.461 > 
00:15:46.461 > 
00:15:46.461 > ELF file SHA256: 5ef56b0e8
00:15:46.461 > 
00:15:46.461 > Rebooting...
00:15:46.461 > I (32) boot: ESP-IDF 5.4.0 2nd stage bootloader
00:15:46.461 > I (32) boot: compile time Jul  3 2025 00:01:50
00:15:46.461 > D (32) bootloader_flash: XMC chip detected by RDID (00204016), skip.
00:15:46.461 > D (34) bootloader_flash: mmu set block paddr=0x00000000 (was 0xffffffff)
00:15:46.461 > I (35) boot: chip revision: v0.0
00:15:46.461 > I (36) boot: efuse block revision: v0.2
00:15:46.461 > D (36) boot.esp32s2: magic e9
00:15:46.461 > D (36) boot.esp32s2: segment[37ms 04
00:15:46.461 > D (36) boot.esp32s2: spi_mode 02
00:15:46.461 > D (36) boot.esp32s2: spi_speed 0f
00:15:46.461 > D (36) boot.esp32s2: spi_size 02
00:15:46.461 > I (36) boot.esp32s2: SPI Speed      : 80MHz
00:15:46.461 > I (36) boot.esp32s2: SPI Mode       : DIO
00:15:46.461 > I (36) boot.esp32s2: SPI Flash Size : 4MB
00:15:46.461 > D (37) boot: Enabling RTCWDT(9000 ms)
00:15:46.461 > I (37) boot: Enabling RNG early entropy source...
00:15:46.461 > D (37) bootloader_flash: rodata starts from paddr=0x00008000, size=0xc00, will be mapped to vaddr=0x3f000000
00:15:46.461 > V (37) bootloader_flash: after mapping, starting from paddr=0x00000000 and vaddr=0x3f000000, 0x10000 bytes are mapped
00:15:46.461 > D (37) boot: mapped partition table 0x8000 at 0x3f008000
00:15:46.461 > D (37) flash_parts: partition table verified, 5 entries
00:15:46.461 > I (38) boot: Partition Table:
00:15:46.461 > I (38) boot: ## Label            Usage          Type ST Offset   Length
00:15:46.461 > D (39) boot: load partition table entry 0x3f008000
00:15:46.461 > D (39) boot: type=1 subtype=2
00:15:46.461 > I (39) boot:  0 nvs              WiFi data        01 02 00009000 00004000
00:15:46.461 > D (40) boot: load partition table entry 0x3f008020
00:15:46.461 > D (40) boot: type=1 subtype=1
00:15:46.461 > I[37m (40) boot:  1 phy_init         RF data          01 01 0000d000 00001000
00:15:46.461 > D (41) boot: load partition table entry 0x3f008040
00:15:46.461 > D (42) boot: type=0 subtype=0
00:15:46.461 > I (42) boot:  2 factory          factory app      00 00 00010000 00100000
00:15:46.461 > D (43) boot: load partition table entry 0x3f008060
00:15:46.461 > D (43) boot: type=1 subtype=83
00:15:46.461 > I (43) boot:  3 storage          Unknown data     01 83 00110000 000f0000
00:15:46.461 > I (44) boot: End of partition table
00:15:46.461 > D (44) boot: Trying partition index -1 offs 0x10000 size 0x100000
00:15:46.461 > D (45) esp_image: reading image header @ 0x10000
00:15:46.461 > D (46) bootloader_flash: mmu set block paddr=0x00010000 (was 0xffffffff)
00:15:46.461 > D (47) esp_image: image header: 0xe9 0x06 0x02 0x02 40026a3c
00:15:46.461 > V (47) esp_image: loading segment header 0 at offset 0x10018
00:15:46.461 > V (47) esp_image: segment data length 0x14fd0 data starts 0x10020
00:15:46.461 > V (48) esp_image: MMU page size 0x10000
00:15:46.461 > V (48) esp_image: segment 0 map_segment 1 segment_data_offs 0x10020 load_addr 0x3f000020
00:15:46.461 > I (48) esp_image: segment 0: paddr=00010020 vaddr=3f000020 size=14fd0h ( 85968)[37m map
00:15:46.461 > D (49) esp_image: free data page_count 0x00000038
00:15:46.461 > D (49) bootloader_flash: rodata starts from paddr=0x00010020, size=0x14fd0, will be mapped to vaddr=0x3f000000
00:15:46.461 > V (50) bootloader_flash: after mapping, starting from paddr=0x00010000 and vaddr=0x3f000000, 0x20000 bytes are mapped
00:15:46.461 > V (67) esp_image: loading segment header 1 at offset 0x24ff0
00:15:46.461 > D (67) bootloader_flash: mmu set block paddr=0x00020000 (was 0xffffffff)
00:15:46.461 > V (69) esp_image: segment data length 0x1c data starts 0x24ff8
00:15:46.461 > V (69) esp_image: MMU page size 0x10000
00:15:46.461 > V (69) esp_image: segment 1 map_segment 0 segment_data_offs 0x24ff8 load_addr 0x3ff9e010
00:15:46.461 > I (69) esp_image: segment 1: paddr=00024ff8 vaddr=3ff9e010 size=0001ch (    28) load
00:15:46.461 > D (70) esp_image: free data page_count 0x00000038
00:15:46.461 > D (70) bootloader_flash: rodata starts from paddr=0x00024ff8, size=0x1c, will be mapped to vaddr=0x3f000000
00:15:46.461 > V (70) bootloader_flash: after mapping, starting from paddr=0x00020000 and vaddr=0x3f000000, 0x10000 bytes are mapped
00:15:46.461 > V (71) esp_image: loading segment he[37mader 2 at offset 0x25014
00:15:46.461 > D (71) bootloader_flash: mmu set block paddr=0x00020000 (was 0xffffffff)
00:15:46.461 > V (72) esp_image: segment data length 0x2ed8 data starts 0x2501c
00:15:46.461 > V (73) esp_image: MMU page size 0x10000
00:15:46.461 > V (73) esp_image: segment 2 map_segment 0 segment_data_offs 0x2501c load_addr 0x3ffc5ad0
00:15:46.461 > I (74) esp_image: segment 2: paddr=0002501c vaddr=3ffc5ad0 size=02ed8h ( 11992) load
00:15:46.461 > D (74) esp_image: free data page_count 0x00000038
00:15:46.461 > D (74) bootloader_flash: rodata starts from paddr=0x0002501c, size=0x2ed8, will be mapped to vaddr=0x3f000000
00:15:46.461 > V (74) bootloader_flash: after mapping, starting from paddr=0x00020000 and vaddr=0x3f000000, 0x10000 bytes are mapped
00:15:46.461 > V (77) esp_image: loading segment header 3 at offset 0x27ef4
00:15:46.461 > D (77) bootloader_flash: mmu set block paddr=0x00020000 (was 0xffffffff)
00:15:46.461 > V (78) esp_image: segment data length 0x811c data starts 0x27efc
00:15:46.461 > V (80) esp_image: MMU page size 0x10000
00:15:46.461 > V (80) esp_image: segment 3 map_segment 0 segment_data_offs 0x27efc load_addr 0x40024000
00:15:46.461 > I (81) esp_image: segme[37mnt 3: paddr=00027efc vaddr=40024000 size=0811ch ( 33052) load
00:15:46.461 > D (81) esp_image: free data page_count 0x00000038
00:15:46.461 > D (81) bootloader_flash: rodata starts from paddr=0x00027efc, size=0x811c, will be mapped to vaddr=0x3f000000
00:15:46.461 > V (81) bootloader_flash: after mapping, starting from paddr=0x00020000 and vaddr=0x3f000000, 0x20000 bytes are mapped
00:15:46.461 > V (90) esp_image: loading segment header 4 at offset 0x30018
00:15:46.461 > D (90) bootloader_flash: mmu set block paddr=0x00030000 (was 0xffffffff)
00:15:46.461 > V (91) esp_image: segment data length 0x3f770 data starts 0x30020
00:15:46.461 > V (92) esp_image: MMU page size 0x10000
00:15:46.461 > V (92) esp_image: segment 4 map_segment 1 segment_data_offs 0x30020 load_addr 0x40080020
00:15:46.461 > I (93) esp_image: segment 4: paddr=00030020 vaddr=40080020 size=3f770h (259952) map
00:15:46.461 > D (94) esp_image: free data page_count 0x00000038
00:15:46.461 > D (94) bootloader_flash: rodata starts from paddr=0x00030020, size=0x3f770, will be mapped to vaddr=0x3f000000
00:15:46.461 > V (94) bootloader_flash: after mapping, starting from paddr=0x00030000 and vaddr=0x3f000000, 0[37mx40000 bytes are mapped
00:15:46.461 > V (145) esp_image: loading segment header 5 at offset 0x6f790
00:15:46.461 > D (146) bootloader_flash: mmu set block paddr=0x00060000 (was 0xffffffff)
00:15:46.461 > V (147) esp_image: segment data length 0x99b0 data starts 0x6f798
00:15:46.461 > V (148) esp_image: MMU page size 0x10000
00:15:46.461 > V (148) esp_image: segment 5 map_segment 0 segment_data_offs 0x6f798 load_addr 0x4002c11c
00:15:46.461 > I (148) esp_image: segment 5: paddr=0006f798 vaddr=4002c11c size=099b0h ( 39344) load
00:15:46.461 > D (148) esp_image: free data page_count 0x00000038
00:15:46.461 > D (149) bootloader_flash: rodata starts from paddr=0x0006f798, size=0x99b0, will be mapped to vaddr=0x3f000000
00:15:46.461 > V (149) bootloader_flash: after mapping, starting from paddr=0x00060000 and vaddr=0x3f000000, 0x20000 bytes are mapped
00:15:46.461 > V (159) esp_image: image start 0x00010000 end of last section 0x00079148
00:15:46.461 > D (160) bootloader_flash: mmu set block paddr=0x00070000 (was 0xffffffff)
00:15:46.461 > I (170) boot: Loaded app from partition at offset 0x10000
00:15:46.461 > I (170) boot: Disabling RNG early entropy source...
00:15:46.461 > D (171) boot: Mapping seg[37mment 0 as DROM
00:15:46.461 > D (171) boot: Mapping segment 4 as IROM
00:15:46.461 > D (171) boot: calling set_cache_and_start_app
00:15:46.461 > D (171) boot: configure drom and irom and start
00:15:46.461 > V (171) boot: rodata starts from paddr=0x00010020, vaddr=0x3f000020, size=0x14fd0
00:15:46.461 > V (172) boot: after mapping rodata, starting from paddr=0x00010000 and vaddr=0x3f000000, 0x20000 bytes are mapped
00:15:46.461 > V (173) boot: mapped one page of the rodata, from paddr=0x00010000 and vaddr=0x3f3f0000, 0x10000 bytes are mapped
00:15:46.461 > V (173) boot: text starts from paddr=0x00030020, vaddr=0x40080020, size=0x3f770
00:15:46.461 > V (174) boot: after mapping text, starting from paddr=0x00030000 and vaddr=0x40080000, 0x40000 bytes are mapped
00:15:46.461 > D (174) boot: start: 0x40026a3c
00:15:46.461 > I (196) main_task: Started on CPU0
00:15:46.461 > I (196) main_task: Calling app_main()
00:15:46.461 > [INFO][SYSTEM][13ms] [1;36m╔════════════════════════════════════════════════════════════════════╗
00:15:46.461 > Guru Meditat[37mion Error: Core  0 panic'ed (LoadProhibited). Exception was unhandled.
00:15:46.461 > 
00:15:46.461 > Core  0 register dump:
00:15:46.461 > PC      : 0x400b3eab  PS      : 0x00060e30  A0      : 0x800a99b4  A1      : 0x3ffcdc20  
00:15:46.461 > A2      : 0x3ffce1d0  A3      : 0x00000000  A4      : 0x3ffcdc30  A5      : 0x3ffcdf70  
00:15:46.461 > A6      : 0x3ffcdf50  A7      : 0x00000008  A8      : 0x00000000  A9      : 0x3ffcdc10  
00:15:46.461 > A10     : 0x00000001  A11     : 0x3f012666  A12     : 0x000000ff  A13     : 0x0000ff00  
00:15:46.461 > A14     : 0x00ff0000  A15     : 0xff000000  SAR     : 0x0000001f  EXCCAUSE: 0x0000001c  
00:15:46.461 > EXCVADDR: 0x00000064  LBEG    : 0x000000ff  LEND    : 0x0000ff00  LCOUNT  : 0x4002a7e8  
00:15:46.461 > 
00:15:46.461 > 
00:15:46.461 > Backtrace: 0x400b3ea8:0x3ffcdc20 0x400a99b1:0x3ffcdf40 0x4008968a:0x3ffcdf90 0x4008a405:0x3ffce0e0 0x4008a69a:0x3ffce100 0x400bf127:0x3ffce120 0x4002d279:0x3ffce150
00:15:46.461 > 
00:15:46.461 > 
00:15:46.461 > 
00:15:46.461 > 
00:15:46.461 > ELF file SHA256: 5ef56b0e8
00:15:46.461 > 
00:15:46.461 > Rebooting...
00:15:46.461 > I (32) boot: ESP-IDF 5.4.0 2nd stage bootloader
00:15:46.461 > I (32) boot: compile time Jul  3 2025 00:01:50
00:15:46.461 > D (32) bootloader_flash: XMC chip detected by RDID (00204016), [37mskip.
00:15:46.461 > D (34) bootloader_flash: mmu set block paddr=0x00000000 (was 0xffffffff)
00:15:46.461 > I (35) boot: chip revision: v0.0
00:15:46.461 > I (35) boot: efuse block revision: v0.2
00:15:46.461 > D (35) boot.esp32s2: magic e9
00:15:46.461 > D (35) boot.esp32s2: segments 04
00:15:46.461 > D (35) boot.esp32s2: spi_mode 02
00:15:46.461 > D (35) boot.esp32s2: spi_speed 0f
00:15:46.461 > D (35) boot.esp32s2: spi_size 02
00:15:46.461 > I (35) boot.esp32s2: SPI Speed      : 80MHz
00:15:46.461 > I (35) boot.esp32s2: SPI Mode       : DIO
00:15:46.461 > I (35) boot.esp32s2: SPI Flash Size : 4MB
00:15:46.461 > D (36) boot: Enabling RTCWDT(9000 ms)
00:15:46.461 > I (36) boot: Enabling RNG early entropy source...
00:15:46.461 > D (36) bootloader_flash: rodata starts from paddr=0x00008000, size=0xc00, will be mapped to vaddr=0x3f000000
00:15:46.461 > V (36) bootloader_flash: after mapping, starting from paddr=0x00000000 and vaddr=0x3f000000, 0x10000 bytes are mapped
00:15:46.461 > D (36) boot: mapped partition table 0x8000 at 0x3f008000
00:15:46.461 > D (36) flash_parts: partition table verified, 5 entries
00:15:46.461 > I (37) boot: Partition Table:
00:15:46.461 > I (37) boot: ## Label            Usage          Type ST Offset   Length
00:15:46.461 > D (38) boot: load partition[37m table entry 0x3f008000
00:15:46.461 > D (38) boot: type=1 subtype=2
00:15:46.461 > I (38) boot:  0 nvs              WiFi data        01 02 00009000 00004000
00:15:46.461 > D (39) boot: load partition table entry 0x3f008020
00:15:46.461 > D (39) boot: type=1 subtype=1
00:15:46.461 > I (39) boot:  1 phy_init         RF data          01 01 0000d000 00001000
00:15:46.461 > D (40) boot: load partition table entry 0x3f008040
00:15:46.461 > D (41) boot: type=0 subtype=0
00:15:46.461 > I (41) boot:  2 factory          factory app      00 00 00010000 00100000
00:15:46.461 > D (42) boot: load partition table entry 0x3f008060
00:15:46.461 > D (42) boot: type=1 subtype=83
00:15:46.461 > I (42) boot:  3 storage          Unknown data     01 83 00110000 000f0000
00:15:46.461 > I (43) boot: End of partition table
00:15:46.461 > D (43) boot: Trying partition index -1 offs 0x10000 size 0x100000
00:15:46.461 > D (44) esp_image: reading image header @ 0x10000
00:15:46.461 > D (45) bootloader_flash: mmu set block paddr=0x00010000 (was 0xffffffff)
00:15:46.461 > D (46) esp_image: image header: 0xe9 0x06 0x02 0x02 40026a3c
00:15:46.461 > V (46) esp_image: loading segment header 0 at offset 0x10018
00:15:46.461 > V (46) esp_image: segment data length 0x14fd0 data starts 0x10[37m020
00:15:46.463 > V (47) esp_image: MMU page size 0x10000
00:15:46.463 > V (47) esp_image: segment 0 map_segment 1 segment_data_offs 0x10020 load_addr 0x3f000020
00:15:46.463 > I (47) esp_image: segment 0: paddr=00010020 vaddr=3f000020 size=14fd0h ( 85968) map
00:15:46.463 > D (48) esp_image: free data page_count 0x00000038
00:15:46.463 > D (48) bootloader_flash: rodata starts from paddr=0x00010020, size=0x14fd0, will be mapped to vaddr=0x3f000000
00:15:46.463 > V (48) bootloader_flash: after mapping, starting from paddr=0x00010000 and vaddr=0x3f000000, 0x20000 bytes are mapped
00:15:46.463 > V (65) esp_image: loading segment header 1 at offset 0x24ff0
00:15:46.463 > D (65) bootloader_flash: mmu set block paddr=0x00020000 (was 0xffffffff)
00:15:46.463 > V (67) esp_image: segment data length 0x1c data starts 0x24ff8
00:15:46.463 > V (67) esp_image: MMU page size 0x10000
00:15:46.463 > V (67) esp_image: segment 1 map_segment 0 segment_data_offs 0x24ff8 load_addr 0x3ff9e010
00:15:46.463 > I (67) esp_image: segment 1: paddr=00024ff8 vaddr=3ff9e010 size=0001ch (    28) load
00:15:46.463 > D (68) esp_image: free data page_count 0x00000038
00:15:46.463 > D (68) bootloader_flash: rodata starts from paddr[37m=0x00024ff8, size=0x1c, will be mapped to vaddr=0x3f000000
00:15:46.464 > V (68) bootloader_flash: after mapping, starting from paddr=0x00020000 and vaddr=0x3f000000, 0x10000 bytes are mapped
00:15:46.464 > V (70) esp_image: loading segment header 2 at offset 0x25014
00:15:46.464 > D (70) bootloader_flash: mmu set block paddr=0x00020000 (was 0xffffffff)
00:15:46.464 > V (71) esp_image: segment data length 0x2ed8 data starts 0x2501c
00:15:46.464 > V (72) esp_image: MMU page size 0x10000
00:15:46.464 > V (72) esp_image: segment 2 map_segment 0 segment_data_offs 0x2501c load_addr 0x3ffc5ad0
00:15:46.464 > I (74) esp_image: segment 2: paddr=0002501c vaddr=3ffc5ad0 size=02ed8h ( 11992) load
00:15:46.464 > D (75) esp_image: free data page_count 0x00000038
00:15:46.464 > D (75) bootloader_flash: rodata starts from paddr=0x0002501c, size=0x2ed8, will be mapped to vaddr=0x3f000000
00:15:46.464 > V (75) bootloader_flash: after mapping, starting from paddr=0x00020000 and vaddr=0x3f000000, 0x10000 bytes are mapped
00:15:46.464 > V (78) esp_image: loading segment header 3 at offset 0x27ef4
00:15:46.464 > D (78) bootloader_flash: mmu set block paddr=0x00020000 (was 0xffffffff)
00:15:46.464 > V (79[37m) esp_image: segment data length 0x811c data starts 0x27efc
00:15:46.464 > V (81) esp_image: MMU page size 0x10000
00:15:46.464 > V (81) esp_image: segment 3 map_segment 0 segment_data_offs 0x27efc load_addr 0x40024000
00:15:46.464 > I (81) esp_image: segment 3: paddr=00027efc vaddr=40024000 size=0811ch ( 33052) load
00:15:46.464 > D (81) esp_image: free data page_count 0x00000038
00:15:46.464 > D (81) bootloader_flash: rodata starts from paddr=0x00027efc, size=0x811c, will be mapped to vaddr=0x3f000000
00:15:46.464 > V (81) bootloader_flash: after mapping, starting from paddr=0x00020000 and vaddr=0x3f000000, 0x20000 bytes are mapped
00:15:46.464 > V (90) esp_image: loading segment header 4 at offset 0x30018
00:15:46.464 > D (90) bootloader_flash: mmu set block paddr=0x00030000 (was 0xffffffff)
00:15:46.464 > V (91) esp_image: segment data length 0x3f770 data starts 0x30020
00:15:46.464 > V (92) esp_image: MMU page size 0x10000
00:15:46.464 > V (92) esp_image: segment 4 map_segment 1 segment_data_offs 0x30020 load_addr 0x40080020
00:15:46.464 > I (93) esp_image: segment 4: paddr=00030020 vaddr=40080020 size=3f770h (259952) map
00:15:46.464 > D (93) esp_image: free data page_count 0x0[37m0000038
00:15:46.465 > D (93) bootloader_flash: rodata starts from paddr=0x00030020, size=0x3f770, will be mapped to vaddr=0x3f000000
00:15:46.465 > V (93) bootloader_flash: after mapping, starting from paddr=0x00030000 and vaddr=0x3f000000, 0x40000 bytes are mapped
00:15:46.465 > V (144) esp_image: loading segment header 5 at offset 0x6f790
00:15:46.465 > D (145) bootloader_flash: mmu set block paddr=0x00060000 (was 0xffffffff)
00:15:46.465 > V (146) esp_image: segment data length 0x99b0 data starts 0x6f798
00:15:46.465 > V (147) esp_image: MMU page size 0x10000
00:15:46.465 > V (147) esp_image: segment 5 map_segment 0 segment_data_offs 0x6f798 load_addr 0x4002c11c
00:15:46.465 > I (147) esp_image: segment 5: paddr=0006f798 vaddr=4002c11c size=099b0h ( 39344) load
00:15:46.465 > D (147) esp_image: free data page_count 0x00000038
00:15:46.465 > D (148) bootloader_flash: rodata starts from paddr=0x0006f798, size=0x99b0, will be mapped to vaddr=0x3f000000
00:15:46.465 > V (149) bootloader_flash: after mapping, starting from paddr=0x00060000 and vaddr=0x3f000000, 0x20000 bytes are mapped
00:15:46.465 > V (159) esp_image: image start 0x00010000 end of last section 0x0007914[37m8
00:15:46.465 > D (160) bootloader_flash: mmu set block paddr=0x00070000 (was 0xffffffff)
00:15:46.465 > I (170) boot: Loaded app from partition at offset 0x10000
00:15:46.465 > I (170) boot: Disabling RNG early entropy source...
00:15:46.465 > D (170) boot: Mapping segment 0 as DROM
00:15:46.465 > D (170) boot: Mapping segment 4 as IROM
00:15:46.465 > D (170) boot: calling set_cache_and_start_app
00:15:46.465 > D (170) boot: configure drom and irom and start
00:15:46.465 > V (170) boot: rodata starts from paddr=0x00010020, vaddr=0x3f000020, size=0x14fd0
00:15:46.465 > V (171) boot: after mapping rodata, starting from paddr=0x00010000 and vaddr=0x3f000000, 0x20000 bytes are mapped
00:15:46.465 > V (173) boot: mapped one page of the rodata, from paddr=0x00010000 and vaddr=0x3f3f0000, 0x10000 bytes are mapped
00:15:46.465 > V (173) boot: text starts from paddr=0x00030020, vaddr=0x40080020, size=0x3f770
00:15:46.465 > V (174) boot: after mapping text, starting from paddr=0x00030000 and vaddr=0x40080000, 0x40000 bytes are mapped
00:15:46.465 > D (174) boot: start: 0x40026a3c
00:15:46.465 > I (196) main_task: Started on CPU0
00:15:46.465 > I (196) main_task: Calling app_main()
00:15:46.465 > [INFO][SYSTEM][13ms] [1;36m╔══[37m══════════════════════════════════════════════════════════════════╗
00:15:46.465 > Guru Meditation Error: Core  0 panic'ed (LoadProhibited). Exception was unhandled.
00:15:46.465 > 
00:15:46.465 > Core  0 register dump:
00:15:46.465 > PC      : 0x400b3eab  PS      : 0x00060e30  A0      : 0x800a99b4  A1      : 0x3ffcdc20  
00:15:46.465 > A2      : 0x3ffce1d0  A3      : 0x00000000  A4      : 0x3ffcdc30  A5      : 0x3ffcdf70  
00:15:46.465 > A6      : 0x3ffcdf50  A7      : 0x00000008  A8      : 0x00000000  A9      : 0x3ffcdc10  
00:15:46.465 > A10     : 0x00000001  A11     : 0x3f012666  A12     : 0x000000ff  A13     : 0x0000ff00  
00:15:46.465 > A14     : 0x00ff0000  A15     : 0xff000000  SAR     : 0x0000001f  EXCCAUSE: 0x0000001c  
00:15:46.465 > EXCVADDR: 0x00000064  LBEG    : 0x000000ff  LEND    : 0x0000ff00  LCOUNT  : 0x4002a7e8  
00:15:46.465 > 
00:15:46.465 > 
00:15:46.465 > Backtrace: 0x400b3ea8:0x3ffcdc20 0x400a99b1:0x3ffcdf40 0x4008968a:0x3ffcdf90 0x4008a405:0x3ffce0e0 0x4008a69a:0x3ffce100 0x400bf127:0x3ffce120 0x4002d279:0x3ffce15[37m0
00:15:46.465 > 
00:15:46.465 > 
00:15:46.465 > 
00:15:46.465 > 
00:15:46.465 > ELF file SHA256: 5ef56b0e8
00:15:46.465 > 
00:15:46.465 > Rebooting...
00:15:46.465 > I (32) boot: ESP-IDF 5.4.0 2nd stage bootloader
00:15:46.465 > I (32) boot: compile time Jul  3 2025 00:01:50
00:15:46.465 > D (32) bootloader_flash: XMC chip detected by RDID (00204016), skip.
00:15:46.465 > D (34) bootloader_flash: mmu set block paddr=0x00000000 (was 0xffffffff)
00:15:46.465 > I (35) boot: chip revision: v0.0
00:15:46.465 > I (35) boot: efuse block revision: v0.2
00:15:46.465 > D (35) boot.esp32s2: magic e9
00:15:46.465 > D (35) boot.esp32s2: segments 04
00:15:46.465 > D (35) boot.esp32s2: spi_mode 02
00:15:46.465 > D (35) boot.esp32s2: spi_speed 0f
00:15:46.465 > D (35) boot.esp32s2: spi_size 02
00:15:46.465 > I (35) boot.esp32s2: SPI Speed      : 80MHz
00:15:46.465 > I (35) boot.esp32s2: SPI Mode       : DIO
00:15:46.465 > I (35) boot.esp32s2: SPI Flash Size : 4MB
00:15:46.465 > D (36) boot: Enabling RTCWDT(9000 ms)
00:15:46.465 > I (36) boot: Enabling RNG early entropy source...
00:15:46.465 > D (36) bootloader_flash: rodata starts from paddr=0x00008000, size=0xc00, will be mapped to vaddr=0x3f000000
00:15:46.465 > V (36) bootloader_flash: after mapping, starting from paddr=0x00000000 and vaddr=0x3f000000, 0x10000 bytes are mapped
00:15:46.465 > D (36) boot: mapped partition t[37mable 0x8000 at 0x3f008000
00:15:46.465 > D (36) flash_parts: partition table verified, 5 entries
00:15:46.465 > I (37) boot: Partition Table:
00:15:46.465 > I (38) boot: ## Label            Usage          Type ST Offset   Length
00:15:46.465 > D (39) boot: load partition table entry 0x3f008000
00:15:46.465 > D (39) boot: type=1 subtype=2
00:15:46.465 > I (39) boot:  0 nvs              WiFi data        01 02 00009000 00004000
00:15:46.465 > D (40) boot: load partition table entry 0x3f008020
00:15:46.465 > D (40) boot: type=1 subtype=1
00:15:46.465 > I (40) boot:  1 phy_init         RF data          01 01 0000d000 00001000
00:15:46.465 > D (41) boot: load partition table entry 0x3f008040
00:15:46.465 > D (42) boot: type=0 subtype=0
00:15:46.465 > I (43) boot:  2 factory          factory app      00 00 00010000 00100000
00:15:46.465 > D (44) boot: load partition table entry 0x3f008060
00:15:46.465 > D (44) boot: type=1 subtype=83
00:15:46.465 > I (44) boot:  3 storage          Unknown data     01 83 00110000 000f0000
00:15:46.465 > I (45) boot: End of partition table
00:15:46.465 > D (45) boot: Trying partition index -1 offs 0x10000 size 0x100000
00:15:46.465 > D (46) esp_image: reading image header @ 0x10000
00:15:46.465 > D (47) bootloader_flash: mmu set block paddr=[37m0x00010000 (was 0xffffffff)
00:15:46.465 > D (48) esp_image: image header: 0xe9 0x06 0x02 0x02 40026a3c
00:15:46.465 > V (48) esp_image: loading segment header 0 at offset 0x10018
00:15:46.465 > V (48) esp_image: segment data length 0x14fd0 data starts 0x10020
00:15:46.465 > V (49) esp_image: MMU page size 0x10000
00:15:46.465 > V (49) esp_image: segment 0 map_segment 1 segment_data_offs 0x10020 load_addr 0x3f000020
00:15:46.465 > I (49) esp_image: segment 0: paddr=00010020 vaddr=3f000020 size=14fd0h ( 85968) map
00:15:46.465 > D (50) esp_image: free data page_count 0x00000038
00:15:46.465 > D (50) bootloader_flash: rodata starts from paddr=0x00010020, size=0x14fd0, will be mapped to vaddr=0x3f000000
00:15:46.465 > V (50) bootloader_flash: after mapping, starting from paddr=0x00010000 and vaddr=0x3f000000, 0x20000 bytes are mapped
00:15:46.465 > V (67) esp_image: loading segment header 1 at offset 0x24ff0
00:15:46.465 > D (67) bootloader_flash: mmu set block paddr=0x00020000 (was 0xffffffff)
00:15:46.465 > V (69) esp_image: segment data length 0x1c data starts 0x24ff8
00:15:46.465 > V (69) esp_image: MMU page size 0x10000
00:15:46.465 > V (69) esp_image: segment 1 map_segment 0 segment_data_offs 0[37mx24ff8 load_addr 0x3ff9e010
00:15:46.465 > I (69) esp_image: segment 1: paddr=00024ff8 vaddr=3ff9e010 size=0001ch (    28) load
00:15:46.465 > D (70) esp_image: free data page_count 0x00000038
00:15:46.465 > D (70) bootloader_flash: rodata starts from paddr=0x00024ff8, size=0x1c, will be mapped to vaddr=0x3f000000
00:15:46.465 > V (70) bootloader_flash: after mapping, starting from paddr=0x00020000 and vaddr=0x3f000000, 0x10000 bytes are mapped
00:15:46.465 > V (71) esp_image: loading segment header 2 at offset 0x25014
00:15:46.465 > D (71) bootloader_flash: mmu set block paddr=0x00020000 (was 0xffffffff)
00:15:46.465 > V (72) esp_image: segment data length 0x2ed8 data starts 0x2501c
00:15:46.465 > V (73) esp_image: MMU page size 0x10000
00:15:46.465 > V (73) esp_image: segment 2 map_segment 0 segment_data_offs 0x2501c load_addr 0x3ffc5ad0
00:15:46.465 > I (74) esp_image: segment 2: paddr=0002501c vaddr=3ffc5ad0 size=02ed8h ( 11992) load
00:15:46.465 > D (74) esp_image: free data page_count 0x00000038
00:15:46.465 > D (74) bootloader_flash: rodata starts from paddr=0x0002501c, size=0x2ed8, will be mapped to vaddr=0x3f000000
00:15:46.465 > V (74) bootloader_flash: after mapping, start[37ming from paddr=0x00020000 and vaddr=0x3f000000, 0x10000 bytes are mapped
00:15:46.465 > V (77) esp_image: loading segment header 3 at offset 0x27ef4
00:15:46.465 > D (77) bootloader_flash: mmu set block paddr=0x00020000 (was 0xffffffff)
00:15:46.465 > V (78) esp_image: segment data length 0x811c data starts 0x27efc
00:15:46.465 > V (80) esp_image: MMU page size 0x10000
00:15:46.465 > V (80) esp_image: segment 3 map_segment 0 segment_data_offs 0x27efc load_addr 0x40024000
00:15:46.465 > I (80) esp_image: segment 3: paddr=00027efc vaddr=40024000 size=0811ch ( 33052) load
00:15:46.465 > D (80) esp_image: free data page_count 0x00000038
00:15:46.465 > D (80) bootloader_flash: rodata starts from paddr=0x00027efc, size=0x811c, will be mapped to vaddr=0x3f000000
00:15:46.465 > V (80) bootloader_flash: after mapping, starting from paddr=0x00020000 and vaddr=0x3f000000, 0x20000 bytes are mapped
00:15:46.465 > V (90) esp_image: loading segment header 4 at offset 0x30018
00:15:46.465 > D (90) bootloader_flash: mmu set block paddr=0x00030000 (was 0xffffffff)
00:15:46.465 > V (91) esp_image: segment data length 0x3f770 data starts 0x30020
00:15:46.465 > V (92) esp_image: MMU page size 0x10000
00:15:46.465 > V [37m(92) esp_image: segment 4 map_segment 1 segment_data_offs 0x30020 load_addr 0x40080020
00:15:46.465 > I (93) esp_image: segment 4: paddr=00030020 vaddr=40080020 size=3f770h (259952) map
00:15:46.465 > D (93) esp_image: free data page_count 0x00000038
00:15:46.465 > D (93) bootloader_flash: rodata starts from paddr=0x00030020, size=0x3f770, will be mapped to vaddr=0x3f000000
00:15:46.465 > V (93) bootloader_flash: after mapping, starting from paddr=0x00030000 and vaddr=0x3f000000, 0x40000 bytes are mapped
00:15:46.465 > V (144) esp_image: loading segment header 5 at offset 0x6f790
00:15:46.465 > D (145) bootloader_flash: mmu set block paddr=0x00060000 (was 0xffffffff)
00:15:46.465 > V (146) esp_image: segment data length 0x99b0 data starts 0x6f798
00:15:46.465 > V (147) esp_image: MMU page size 0x10000
00:15:46.465 > V (147) esp_image: segment 5 map_segment 0 segment_data_offs 0x6f798 load_addr 0x4002c11c
00:15:46.465 > I (147) esp_image: segment 5: paddr=0006f798 vaddr=4002c11c size=099b0h ( 39344) load
00:15:46.465 > D (147) esp_image: free data page_count 0x00000038
00:15:46.465 > D (148) bootloader_flash: rodata starts from paddr=0x0006f798, size=0x99b0, will be mapp[37med to vaddr=0x3f000000
00:15:46.465 > V (148) bootloader_flash: after mapping, starting from paddr=0x00060000 and vaddr=0x3f000000, 0x20000 bytes are mapped
00:15:46.465 > V (158) esp_image: image start 0x00010000 end of last section 0x00079148
00:15:46.465 > D (159) bootloader_flash: mmu set block paddr=0x00070000 (was 0xffffffff)
00:15:46.465 > I (169) boot: Loaded app from partition at offset 0x10000
00:15:46.465 > I (169) boot: Disabling RNG early entropy source...
00:15:46.465 > D (169) boot: Mapping segment 0 as DROM
00:15:46.465 > D (169) boot: Mapping segment 4 as IROM
00:15:46.465 > D (169) boot: calling set_cache_and_start_app
00:15:46.465 > D (169) boot: configure drom and irom and start
00:15:46.465 > V (169) boot: rodata starts from paddr=0x00010020, vaddr=0x3f000020, size=0x14fd0
00:15:46.465 > V (170) boot: after mapping rodata, starting from paddr=0x00010000 and vaddr=0x3f000000, 0x20000 bytes are mapped
00:15:46.465 > V (171) boot: mapped one page of the rodata, from paddr=0x00010000 and vaddr=0x3f3f0000, 0x10000 bytes are mapped
00:15:46.465 > V (171) boot: text starts from paddr=0x00030020, vaddr=0x40080020, size=0x3f770
00:15:46.465 > V (172) boot: after mapping text, starting [37mfrom paddr=0x00030000 and vaddr=0x40080000, 0x40000 bytes are mapped
00:15:46.465 > D (172) boot: start: 0x40026a3c
00:15:46.465 > I (194) main_task: Started on CPU0
00:15:46.465 > I (194) main_task: Calling app_main()
00:15:46.465 > [INFO][SYSTEM][13ms] [1;36m╔════════════════════════════════════════════════════════════════════╗
00:15:46.465 > Guru Meditation Error: Core  0 panic'ed (LoadProhibited). Exception was unhandled.
00:15:46.465 > 
00:15:46.465 > Core  0 register dump:
00:15:46.465 > PC      : 0x400b3eab  PS      : 0x00060e30  A0      : 0x800a99b4  A1      : 0x3ffcdc20  
00:15:46.465 > A2      : 0x3ffce1d0  A3      : 0x00000000  A4      : 0x3ffcdc30  A5      : 0x3ffcdf70  
00:15:46.465 > A6      : 0x3ffcdf50  A7      : 0x00000008  A8      : 0x00000000  A9      : 0x3ffcdc10  
00:15:46.465 > A10     : 0x00000001  A11     : 0x3f012666  A12     : 0x000000ff  A13     : 0x0000ff00  
00:15:46.465 > A14     : 0x00ff0000  A15     : 0xff000000  SAR     : 0x0000001f  EXCCAUSE: 0x0000001c  
00:15:46.465 > EXCVADDR: 0x00000064  LBEG    : 0x000000ff[37m  LEND    : 0x0000ff00  LCOUNT  : 0x4002a7e8  
00:15:46.465 > 
00:15:46.465 > 
00:15:46.465 > Backtrace: 0x400b3ea8:0x3ffcdc20 0x400a99b1:0x3ffcdf40 0x4008968a:0x3ffcdf90 0x4008a405:0x3ffce0e0 0x4008a69a:0x3ffce100 0x400bf127:0x3ffce120 0x4002d279:0x3ffce150
00:15:46.465 > 
00:15:46.465 > 
00:15:46.465 > 
00:15:46.465 > 
00:15:46.465 > ELF file SHA256: 5ef56b0e8
00:15:46.465 > 
00:15:46.465 > Rebooting...
00:15:46.465 > I (32) boot: ESP-IDF 5.4.0 2nd stage bootloader
00:15:46.465 > I (32) boot: compile time Jul  3 2025 00:01:50
00:15:46.465 > D (32) bootloader_flash: XMC chip detected by RDID (00204016), skip.
00:15:46.465 > D (34) bootloader_flash: mmu set block paddr=0x00000000 (was 0xffffffff)
00:15:46.465 > I (35) boot: chip revision: v0.0
00:15:46.465 > I (35) boot: efuse block revision: v0.2
00:15:46.465 > D (35) boot.esp32s2: magic e9
00:15:46.465 > D (35) boot.esp32s2: segments 04
00:15:46.465 > D (35) boot.esp32s2: spi_mode 02
00:15:46.465 > D (35) boot.esp32s2: spi_speed 0f
00:15:46.465 > D (35) boot.esp32s2: spi_size 02
00:15:46.465 > I (35) boot.esp32s2: SPI Speed      : 80MHz
00:15:46.465 > I (35) boot.esp32s2: SPI Mode       : DIO
00:15:46.465 > I (36) boot.esp32s2: SPI Flash Size : 4MB
00:15:46.465 > D (37) boot: Enabling RTCWDT(9000 ms)
00:15:46.465 > I (37) boot: Enabling RNG early entropy source...
00:15:46.465 > D (37) bootloader_flash: rodata starts from p[37maddr=0x00008000, size=0xc00, will be mapped to vaddr=0x3f000000
00:15:46.466 > V (37) bootloader_flash: after mapping, starting from paddr=0x00000000 and vaddr=0x3f000000, 0x10000 bytes are mapped
00:15:46.466 > D (37) boot: mapped partition table 0x8000 at 0x3f008000
00:15:46.466 > D (37) flash_parts: partition table verified, 5 entries
00:15:46.466 > I (38) boot: Partition Table:
00:15:46.466 > I (38) boot: ## Label            Usage          Type ST Offset   Length
00:15:46.466 > D (39) boot: load partition table entry 0x3f008000
00:15:46.466 > D (39) boot: type=1 subtype=2
00:15:46.466 > I (39) boot:  0 nvs              WiFi data        01 02 00009000 00004000
00:15:46.466 > D (40) boot: load partition table entry 0x3f008020
00:15:46.466 > D (40) boot: type=1 subtype=1
00:15:46.466 > I (40) boot:  1 phy_init         RF data          01 01 0000d000 00001000
00:15:46.466 > D (41) boot: load partition table entry 0x3f008040
00:15:46.466 > D (42) boot: type=0 subtype=0
00:15:46.466 > I (42) boot:  2 factory          factory app      00 00 00010000 00100000
00:15:46.466 > D (43) boot: load partition table entry 0x3f008060
00:15:46.466 > D (43) boot: type=1 subtype=83
00:15:46.466 > I (43) boot:  3 storage          Unknown data     01 83 001[37m10000 000f0000
00:15:46.466 > I (44) boot: End of partition table
00:15:46.466 > D (44) boot: Trying partition index -1 offs 0x10000 size 0x100000
00:15:46.466 > D (45) esp_image: reading image header @ 0x10000
00:15:46.466 > D (46) bootloader_flash: mmu set block paddr=0x00010000 (was 0xffffffff)
00:15:46.466 > D (47) esp_image: image header: 0xe9 0x06 0x02 0x02 40026a3c
00:15:46.466 > V (47) esp_image: loading segment header 0 at offset 0x10018
00:15:46.466 > V (47) esp_image: segment data length 0x14fd0 data starts 0x10020
00:15:46.466 > V (48) esp_image: MMU page size 0x10000
00:15:46.466 > V (48) esp_image: segment 0 map_segment 1 segment_data_offs 0x10020 load_addr 0x3f000020
00:15:46.466 > I (49) esp_image: segment 0: paddr=00010020 vaddr=3f000020 size=14fd0h ( 85968) map
00:15:46.466 > D (50) esp_image: free data page_count 0x00000038
00:15:46.466 > D (50) bootloader_flash: rodata starts from paddr=0x00010020, size=0x14fd0, will be mapped to vaddr=0x3f000000
00:15:46.466 > V (50) bootloader_flash: after mapping, starting from paddr=0x00010000 and vaddr=0x3f000000, 0x20000 bytes are mapped
00:15:46.466 > V (67) esp_image: loading segment header 1 at offset 0x24ff0
00:15:46.466 > D (67) bootloader_flash: [37mmmu set block paddr=0x00020000 (was 0xffffffff)
00:15:46.466 > V (69) esp_image: segment data length 0x1c data starts 0x24ff8
00:15:46.466 > V (69) esp_image: MMU page size 0x10000
00:15:46.466 > V (69) esp_image: segment 1 map_segment 0 segment_data_offs 0x24ff8 load_addr 0x3ff9e010
00:15:46.466 > I (69) esp_image: segment 1: paddr=00024ff8 vaddr=3ff9e010 size=0001ch (    28) load
00:15:46.466 > D (70) esp_image: free data page_count 0x00000038
00:15:46.466 > D (70) bootloader_flash: rodata starts from paddr=0x00024ff8, size=0x1c, will be mapped to vaddr=0x3f000000
00:15:46.466 > V (71) bootloader_flash: after mapping, starting from paddr=0x00020000 and vaddr=0x3f000000, 0x10000 bytes are mapped
00:15:46.466 > V (72) esp_image: loading segment header 2 at offset 0x25014
00:15:46.466 > D (72) bootloader_flash: mmu set block paddr=0x00020000 (was 0xffffffff)
00:15:46.466 > V (73) esp_image: segment data length 0x2ed8 data starts 0x2501c
00:15:46.466 > V (74) esp_image: MMU page size 0x10000
00:15:46.466 > V (74) esp_image: segment 2 map_segment 0 segment_data_offs 0x2501c load_addr 0x3ffc5ad0
00:15:46.466 > I (76) esp_image: segment 2: paddr=0002501c vaddr=3ffc5ad0 size=02ed8h ( 11992[37m) load
00:15:46.466 > D (76) esp_image: free data page_count 0x00000038
00:15:46.466 > D (76) bootloader_flash: rodata starts from paddr=0x0002501c, size=0x2ed8, will be mapped to vaddr=0x3f000000
00:15:46.466 > V (76) bootloader_flash: after mapping, starting from paddr=0x00020000 and vaddr=0x3f000000, 0x10000 bytes are mapped
00:15:46.466 > V (79) esp_image: loading segment header 3 at offset 0x27ef4
00:15:46.466 > D (79) bootloader_flash: mmu set block paddr=0x00020000 (was 0xffffffff)
00:15:46.466 > V (80) esp_image: segment data length 0x811c data starts 0x27efc
00:15:46.466 > V (82) esp_image: MMU page size 0x10000
00:15:46.466 > V (82) esp_image: segment 3 map_segment 0 segment_data_offs 0x27efc load_addr 0x40024000
00:15:46.466 > I (83) esp_image: segment 3: paddr=00027efc vaddr=40024000 size=0811ch ( 33052) load
00:15:46.466 > D (83) esp_image: free data page_count 0x00000038
00:15:46.466 > D (83) bootloader_flash: rodata starts from paddr=0x00027efc, size=0x811c, will be mapped to vaddr=0x3f000000
00:15:46.466 > V (83) bootloader_flash: after mapping, starting from paddr=0x00020000 and vaddr=0x3f000000, 0x20000 bytes are mapped
00:15:46.466 > V (93) esp_image: loading segme[37mnt header 4 at offset 0x30018
00:15:46.466 > D (93) bootloader_flash: mmu set block paddr=0x00030000 (was 0xffffffff)
00:15:46.466 > V (94) esp_image: segment data length 0x3f770 data starts 0x30020
00:15:46.466 > V (95) esp_image: MMU page size 0x10000
00:15:46.466 > V (96) esp_image: segment 4 map_segment 1 segment_data_offs 0x30020 load_addr 0x40080020
00:15:46.466 > I (97) esp_image: segment 4: paddr=00030020 vaddr=40080020 size=3f770h (259952) map
00:15:46.466 > D (97) esp_image: free data page_count 0x00000038
00:15:46.466 > D (97) bootloader_flash: rodata starts from paddr=0x00030020, size=0x3f770, will be mapped to vaddr=0x3f000000
00:15:46.466 > V (97) bootloader_flash: after mapping, starting from paddr=0x00030000 and vaddr=0x3f000000, 0x40000 bytes are mapped
00:15:46.466 > V (148) esp_image: loading segment header 5 at offset 0x6f790
00:15:46.466 > D (149) bootloader_flash: mmu set block paddr=0x00060000 (was 0xffffffff)
00:15:46.466 > V (150) esp_image: segment data length 0x99b0 data starts 0x6f798
00:15:46.466 > V (151) esp_image: MMU page size 0x10000
00:15:46.466 > V (151) esp_image: segment 5 map_segment 0 segment_data_offs 0x6f798 load_addr 0x4002c11c
00:15:46.466 > I (151) esp_[37mimage: segment 5: paddr=0006f798 vaddr=4002c11c size=099b0h ( 39344) load
00:15:46.466 > D (152) esp_image: free data page_count 0x00000038
00:15:46.466 > D (153) bootloader_flash: rodata starts from paddr=0x0006f798, size=0x99b0, will be mapped to vaddr=0x3f000000
00:15:46.466 > V (153) bootloader_flash: after mapping, starting from paddr=0x00060000 and vaddr=0x3f000000, 0x20000 bytes are mapped
00:15:46.466 > V (163) esp_image: image start 0x00010000 end of last section 0x00079148
00:15:46.466 > D (164) bootloader_flash: mmu set block paddr=0x00070000 (was 0xffffffff)
00:15:46.466 > I (174) boot: Loaded app from partition at offset 0x10000
00:15:46.466 > I (174) boot: Disabling RNG early entropy source...
00:15:46.466 > D (174) boot: Mapping segment 0 as DROM
00:15:46.466 > D (174) boot: Mapping segment 4 as IROM
00:15:46.466 > D (174) boot: calling set_cache_and_start_app
00:15:46.466 > D (174) boot: configure drom and irom and start
00:15:46.466 > V (174) boot: rodata starts from paddr=0x00010020, vaddr=0x3f000020, size=0x14fd0
00:15:46.466 > V (175) boot: after mapping rodata, starting from paddr=0x00010000 and vaddr=0x3f000000, 0x20000 bytes are mapped
00:15:46.466 > V (176) boot: mapped one[37m page of the rodata, from paddr=0x00010000 and vaddr=0x3f3f0000, 0x10000 bytes are mapped
00:15:46.466 > V (176) boot: text starts from paddr=0x00030020, vaddr=0x40080020, size=0x3f770
00:15:46.466 > V (177) boot: after mapping text, starting from paddr=0x00030000 and vaddr=0x40080000, 0x40000 bytes are mapped
00:15:46.466 > D (177) boot: start: 0x40026a3c
00:15:46.466 > I (200) main_task: Started on CPU0
00:15:46.466 > I (200) main_task: Calling app_main()
00:15:46.466 > [INFO][SYSTEM][13ms] [1;36m╔════════════════════════════════════════════════════════════════════╗
00:15:46.466 > Guru Meditation Error: Core  0 panic'ed (LoadProhibited). Exception was unhandled.
00:15:46.466 > 
00:15:46.466 > Core  0 register dump:
00:15:46.466 > PC      : 0x400b3eab  PS      : 0x00060e30  A0      : 0x800a99b4  A1      : 0x3ffcdc20  
00:15:46.466 > A2      : 0x3ffce1d0  A3      : 0x00000000  A4      : 0x3ffcdc30  A5      : 0x3ffcdf70  
00:15:46.466 > A6      : 0x3ffcdf50  A7      : 0x00000008  A8      : 0x00000000  A9      : 0x3ffcdc10  
00:15:46.466 > A10    [37m : 0x00000001  A11     : 0x3f012666  A12     : 0x000000ff  A13     : 0x0000ff00  
00:15:46.466 > A14     : 0x00ff0000  A15     : 0xff000000  SAR     : 0x0000001f  EXCCAUSE: 0x0000001c  
00:15:46.466 > EXCVADDR: 0x00000064  LBEG    : 0x000000ff  LEND    : 0x0000ff00  LCOUNT  : 0x4002a7e8  
00:15:46.466 > 
00:15:46.466 > 
00:15:46.466 > Backtrace: 0x400b3ea8:0x3ffcdc20 0x400a99b1:0x3ffcdf40 0x4008968a:0x3ffcdf90 0x4008a405:0x3ffce0e0 0x4008a69a:0x3ffce100 0x400bf127:0x3ffce120 0x4002d279:0x3ffce150
00:15:46.466 > 
00:15:46.466 > 
00:15:46.466 > 
00:15:46.466 > 
00:15:46.466 > ELF file SHA256: 5ef56b0e8
00:15:46.466 > 
00:15:46.466 > Rebooting...
00:15:46.466 > I (32) boot: ESP-IDF 5.4.0 2nd stage bootloader
00:15:46.466 > I (32) boot: compile time Jul  3 2025 00:01:50
00:15:46.466 > D (32) bootloader_flash: XMC chip detected by RDID (00204016), skip.
00:15:46.466 > D (34) bootloader_flash: mmu set block paddr=0x00000000 (was 0xffffffff)
00:15:46.466 > I (35) boot: chip revision: v0.0
00:15:46.466 > I (35) boot: efuse block revision: v0.2
00:15:46.466 > D (35) boot.esp32s2: magic e9
00:15:46.466 > D (35) boot.esp32s2: segments 04
00:15:46.466 > D (35) boot.esp32s2: spi_mode 02
00:15:46.466 > D (35) boot.esp32s2: spi_speed 0f
00:15:46.466 > D (35) boot.esp32s2: spi_size 02
00:15:46.466 > I (36) boot.esp32s2: SPI Speed      : 80MHz
00:15:46.466 > I (36)[37m boot.esp32s2: SPI Mode       : DIO
00:15:46.466 > I (36) boot.esp32s2: SPI Flash Size : 4MB
00:15:46.466 > D (37) boot: Enabling RTCWDT(9000 ms)
00:15:46.466 > I (37) boot: Enabling RNG early entropy source...
00:15:46.466 > D (37) bootloader_flash: rodata starts from paddr=0x00008000, size=0xc00, will be mapped to vaddr=0x3f000000
00:15:46.466 > V (37) bootloader_flash: after mapping, starting from paddr=0x00000000 and vaddr=0x3f000000, 0x10000 bytes are mapped
00:15:46.466 > D (37) boot: mapped partition table 0x8000 at 0x3f008000
00:15:46.466 > D (37) flash_parts: partition table verified, 5 entries
00:15:46.466 > I (38) boot: Partition Table:
00:15:46.466 > I (38) boot: ## Label            Usage          Type ST Offset   Length
00:15:46.466 > D (39) boot: load partition table entry 0x3f008000
00:15:46.466 > D (39) boot: type=1 subtype=2
00:15:46.466 > I (39) boot:  0 nvs              WiFi data        01 02 00009000 00004000
00:15:46.466 > D (40) boot: load partition table entry 0x3f008020
00:15:46.466 > D (40) boot: type=1 subtype=1
00:15:46.466 > I (40) boot:  1 phy_init         RF data          01 01 0000d000 00001000
00:15:46.466 > D (41) boot: load partition table entry 0x3f008040
00:15:46.466 > D (42) boot: type=0 subtype=0
00:15:46.466 > I ([37m42) boot:  2 factory          factory app      00 00 00010000 00100000
00:15:46.466 > D (43) boot: load partition table entry 0x3f008060
00:15:46.466 > D (43) boot: type=1 subtype=83
00:15:46.466 > I (43) boot:  3 storage          Unknown data     01 83 00110000 000f0000
00:15:46.466 > I (44) boot: End of partition table
00:15:46.466 > D (44) boot: Trying partition index -1 offs 0x10000 size 0x100000
00:15:46.466 > D (45) esp_image: reading image header @ 0x10000
00:15:46.466 > D (46) bootloader_flash: mmu set block paddr=0x00010000 (was 0xffffffff)
00:15:46.466 > D (47) esp_image: image header: 0xe9 0x06 0x02 0x02 40026a3c
00:15:46.466 > V (47) esp_image: loading segment header 0 at offset 0x10018
00:15:46.466 > V (47) esp_image: segment data length 0x14fd0 data starts 0x10020
00:15:46.466 > V (48) esp_image: MMU page size 0x10000
00:15:46.466 > V (48) esp_image: segment 0 map_segment 1 segment_data_offs 0x10020 load_addr 0x3f000020
00:15:46.466 > I (48) esp_image: segment 0: paddr=00010020 vaddr=3f000020 size=14fd0h ( 85968) map
00:15:46.466 > D (49) esp_image: free data page_count 0x00000038
00:15:46.466 > D (49) bootloader_flash: rodata starts from paddr=0x00010020, size=0x14fd0, will be mapped to vaddr=0x3[37mf000000
00:15:46.466 > V (49) bootloader_flash: after mapping, starting from paddr=0x00010000 and vaddr=0x3f000000, 0x20000 bytes are mapped
00:15:46.466 > V (66) esp_image: loading segment header 1 at offset 0x24ff0
00:15:46.466 > D (66) bootloader_flash: mmu set block paddr=0x00020000 (was 0xffffffff)
00:15:46.466 > V (68) esp_image: segment data length 0x1c data starts 0x24ff8
00:15:46.466 > V (68) esp_image: MMU page size 0x10000
00:15:46.466 > V (68) esp_image: segment 1 map_segment 0 segment_data_offs 0x24ff8 load_addr 0x3ff9e010
00:15:46.466 > I (69) esp_image: segment 1: paddr=00024ff8 vaddr=3ff9e010 size=0001ch (    28) load
00:15:46.466 > D (70) esp_image: free data page_count 0x00000038
00:15:46.466 > D (70) bootloader_flash: rodata starts from paddr=0x00024ff8, size=0x1c, will be mapped to vaddr=0x3f000000
00:15:46.466 > V (70) bootloader_flash: after mapping, starting from paddr=0x00020000 and vaddr=0x3f000000, 0x10000 bytes are mapped
00:15:46.466 > V (71) esp_image: loading segment header 2 at offset 0x25014
00:15:46.466 > D (71) bootloader_flash: mmu set block paddr=0x00020000 (was 0xffffffff)
00:15:46.466 > V (72) esp_image: segment data length 0x2ed8 data starts 0x2[37m501c
00:15:46.466 > V (73) esp_image: MMU page size 0x10000
00:15:46.466 > V (73) esp_image: segment 2 map_segment 0 segment_data_offs 0x2501c load_addr 0x3ffc5ad0
00:15:46.466 > I (74) esp_image: segment 2: paddr=0002501c vaddr=3ffc5ad0 size=02ed8h ( 11992) load
00:15:46.466 > D (74) esp_image: free data page_count 0x00000038
00:15:46.466 > D (74) bootloader_flash: rodata starts from paddr=0x0002501c, size=0x2ed8, will be mapped to vaddr=0x3f000000
00:15:46.466 > V (74) bootloader_flash: after mapping, starting from paddr=0x00020000 and vaddr=0x3f000000, 0x10000 bytes are mapped
00:15:46.466 > V (77) esp_image: loading segment header 3 at offset 0x27ef4
00:15:46.466 > D (77) bootloader_flash: mmu set block paddr=0x00020000 (was 0xffffffff)
00:15:46.466 > V (78) esp_image: segment data length 0x811c data starts 0x27efc
00:15:46.466 > V (80) esp_image: MMU page size 0x10000
00:15:46.466 > V (80) esp_image: segment 3 map_segment 0 segment_data_offs 0x27efc load_addr 0x40024000
00:15:46.466 > I (80) esp_image: segment 3: paddr=00027efc vaddr=40024000 size=0811ch ( 33052) load
00:15:46.466 > D (80) esp_image: free data page_count 0x00000038
00:15:46.466 > D (80) bootloader_flash: rodata starts from pa[37mddr=0x00027efc, size=0x811c, will be mapped to vaddr=0x3f000000
00:15:46.466 > V (80) bootloader_flash: after mapping, starting from paddr=0x00020000 and vaddr=0x3f000000, 0x20000 bytes are mapped
00:15:46.466 > V (89) esp_image: loading segment header 4 at offset 0x30018
00:15:46.466 > D (89) bootloader_flash: mmu set block paddr=0x00030000 (was 0xffffffff)
00:15:46.466 > V (90) esp_image: segment data length 0x3f770 data starts 0x30020
00:15:46.466 > V (91) esp_image: MMU page size 0x10000
00:15:46.466 > V (91) esp_image: segment 4 map_segment 1 segment_data_offs 0x30020 load_addr 0x40080020
00:15:46.466 > I (92) esp_image: segment 4: paddr=00030020 vaddr=40080020 size=3f770h (259952) map
00:15:46.466 > D (92) esp_image: free data page_count 0x00000038
00:15:46.466 > D (92) bootloader_flash: rodata starts from paddr=0x00030020, size=0x3f770, will be mapped to vaddr=0x3f000000
00:15:46.466 > V (92) bootloader_flash: after mapping, starting from paddr=0x00030000 and vaddr=0x3f000000, 0x40000 bytes are mapped
00:15:46.466 > V (143) esp_image: loading segment header 5 at offset 0x6f790
00:15:46.466 > D (144) bootloader_flash: mmu set block paddr=0x00060000 (was 0xffffffff[37m)
00:15:46.466 > V (145) esp_image: segment data length 0x99b0 data starts 0x6f798
00:15:46.466 > V (146) esp_image: MMU page size 0x10000
00:15:46.466 > V (146) esp_image: segment 5 map_segment 0 segment_data_offs 0x6f798 load_addr 0x4002c11c
00:15:46.466 > I (146) esp_image: segment 5: paddr=0006f798 vaddr=4002c11c size=099b0h ( 39344) load
00:15:46.466 > D (146) esp_image: free data page_count 0x00000038
00:15:46.466 > D (147) bootloader_flash: rodata starts from paddr=0x0006f798, size=0x99b0, will be mapped to vaddr=0x3f000000
00:15:46.466 > V (147) bootloader_flash: after mapping, starting from paddr=0x00060000 and vaddr=0x3f000000, 0x20000 bytes are mapped
00:15:46.466 > V (157) esp_image: image start 0x00010000 end of last section 0x00079148
00:15:46.466 > D (158) bootloader_flash: mmu set block paddr=0x00070000 (was 0xffffffff)
00:15:46.466 > I (168) boot: Loaded app from partition at offset 0x10000
00:15:46.466 > I (168) boot: Disabling RNG early entropy source...
00:15:46.466 > D (168) boot: Mapping segment 0 as DROM
00:15:46.466 > D (168) boot: Mapping segment 4 as IROM
00:15:46.466 > D (168) boot: calling set_cache_and_start_app
00:15:46.466 > D (168) boot: configure drom and irom and start
00:15:46.466 > V (168)[37m boot: rodata starts from paddr=0x00010020, vaddr=0x3f000020, size=0x14fd0
00:15:46.466 > V (169) boot: after mapping rodata, starting from paddr=0x00010000 and vaddr=0x3f000000, 0x20000 bytes are mapped
00:15:46.466 > V (170) boot: mapped one page of the rodata, from paddr=0x00010000 and vaddr=0x3f3f0000, 0x10000 bytes are mapped
00:15:46.466 > V (170) boot: text starts from paddr=0x00030020, vaddr=0x40080020, size=0x3f770
00:15:46.466 > V (171) boot: after mapping text, starting from paddr=0x00030000 and vaddr=0x40080000, 0x40000 bytes are mapped
00:15:46.466 > D (171) boot: start: 0x40026a3c
00:15:46.466 > I (193) main_task: Started on CPU0
00:15:46.466 > I (193) main_task: Calling app_main()
00:15:46.466 > [INFO][SYSTEM][13ms] [1;36m╔════════════════════════════════════════════════════════════════════╗
00:15:46.466 > Guru Meditation Error: Core  0 panic'ed (LoadProhibited). Exception was unhandled.
00:15:46.466 > 
00:15:46.466 > Core  0 register dump:
00:15:46.466 > PC      : 0x400b3eab  PS      : 0x00060e30  A0      : 0x800a99[37mb4  A1      : 0x3ffcdc20  
00:15:46.466 > A2      : 0x3ffce1d0  A3      : 0x00000000  A4      : 0x3ffcdc30  A5      : 0x3ffcdf70  
00:15:46.466 > A6      : 0x3ffcdf50  A7      : 0x00000008  A8      : 0x00000000  A9      : 0x3ffcdc10  
00:15:46.466 > A10     : 0x00000001  A11     : 0x3f012666  A12     : 0x000000ff  A13     : 0x0000ff00  
00:15:46.466 > A14     : 0x00ff0000  A15     : 0xff000000  SAR     : 0x0000001f  EXCCAUSE: 0x0000001c  
00:15:46.466 > EXCVADDR: 0x00000064  LBEG    : 0x000000ff  LEND    : 0x0000ff00  LCOUNT  : 0x4002a7e8  
00:15:46.466 > 
00:15:46.466 > 
00:15:46.466 > Backtrace: 0x400b3ea8:0x3ffcdc20 0x400a99b1:0x3ffcdf40 0x4008968a:0x3ffcdf90 0x4008a405:0x3ffce0e0 0x4008a69a:0x3ffce100 0x400bf127:0x3ffce120 0x4002d279:0x3ffce150
00:15:46.466 > 
00:15:46.466 > 
00:15:46.466 > 
00:15:46.466 > 
00:15:46.466 > ELF file SHA256: 5ef56b0e8
00:15:46.466 > 
00:15:46.466 > Rebooting...
00:15:46.466 > I (32) boot: ESP-IDF 5.4.0 2nd stage bootloader
00:15:46.466 > I (32) boot: compile time Jul  3 2025 00:01:50
00:15:46.466 > D (32) bootloader_flash: XMC chip detected by RDID (00204016), skip.
00:15:46.466 > D (34) bootloader_flash: mmu set block paddr=0x00000000 (was 0xffffffff)
00:15:46.466 > I (35) boot: chip revision: v0.0
00:15:46.466 > I (35) boot: efuse block revision: v0.2
00:15:46.466 > D (3[37m5) boot.esp32s2: magic e9
00:15:46.467 > D (35) boot.esp32s2: segments 04
00:15:46.467 > D (35) boot.esp32s2: spi_mode 02
00:15:46.467 > D (35) boot.esp32s2: spi_speed 0f
00:15:46.467 > D (35) boot.esp32s2: spi_size 02
00:15:46.467 > I (35) boot.esp32s2: SPI Speed      : 80MHz
00:15:46.467 > I (35) boot.esp32s2: SPI Mode       : DIO
00:15:46.467 > I (35) boot.esp32s2: SPI Flash Size : 4MB
00:15:46.467 > D (36) boot: Enabling RTCWDT(9000 ms)
00:15:46.467 > I (36) boot: Enabling RNG early entropy source...
00:15:46.467 > D (36) bootloader_flash: rodata starts from paddr=0x00008000, size=0xc00, will be mapped to vaddr=0x3f000000
00:15:46.467 > V (36) bootloader_flash: after mapping, starting from paddr=0x00000000 and vaddr=0x3f000000, 0x10000 bytes are mapped
00:15:46.467 > D (36) boot: mapped partition table 0x8000 at 0x3f008000
00:15:46.467 > D (36) flash_parts: partition table verified, 5 entries
00:15:46.467 > I (37) boot: Partition Table:
00:15:46.467 > I (37) boot: ## Label            Usage          Type ST Offset   Length
00:15:46.467 > D (38) boot: load partition table entry 0x3f008000
00:15:46.467 > D (38) boot: type=1 subtype=2
00:15:46.467 > I (38) boot:  0 nvs              WiFi data        01 02 00009000 00004000
00:15:46.467 > D (39) boot: load partition t[37mable entry 0x3f008020
00:15:46.467 > D (39) boot: type=1 subtype=1
00:15:46.467 > I (39) boot:  1 phy_init         RF data          01 01 0000d000 00001000
00:15:46.467 > D (40) boot: load partition table entry 0x3f008040
00:15:46.467 > D (41) boot: type=0 subtype=0
00:15:46.467 > I (41) boot:  2 factory          factory app      00 00 00010000 00100000
00:15:46.467 > D (42) boot: load partition table entry 0x3f008060
00:15:46.467 > D (42) boot: type=1 subtype=83
00:15:46.467 > I (42) boot:  3 storage          Unknown data     01 83 00110000 000f0000
00:15:46.467 > I (43) boot: End of partition table
00:15:46.467 > D (43) boot: Trying partition index -1 offs 0x10000 size 0x100000
00:15:46.467 > D (44) esp_image: reading image header @ 0x10000
00:15:46.467 > D (45) bootloader_flash: mmu set block paddr=0x00010000 (was 0xffffffff)
00:15:46.467 > D (46) esp_image: image header: 0xe9 0x06 0x02 0x02 40026a3c
00:15:46.467 > V (46) esp_image: loading segment header 0 at offset 0x10018
00:15:46.467 > V (46) esp_image: segment data length 0x14fd0 data starts 0x10020
00:15:46.467 > V (47) esp_image: MMU page size 0x10000
00:15:46.467 > V (47) esp_image: segment 0 map_segment 1 segment_data_offs 0x10020 load_addr 0x3f000020
00:15:46.467 > I (47) esp_image: segmen[37mt 0: paddr=00010020 vaddr=3f000020 size=14fd0h ( 85968) map
00:15:46.467 > D (48) esp_image: free data page_count 0x00000038
00:15:46.467 > D (48) bootloader_flash: rodata starts from paddr=0x00010020, size=0x14fd0, will be mapped to vaddr=0x3f000000
00:15:46.467 > V (48) bootloader_flash: after mapping, starting from paddr=0x00010000 and vaddr=0x3f000000, 0x20000 bytes are mapped
00:15:46.467 > V (66) esp_image: loading segment header 1 at offset 0x24ff0
00:15:46.467 > D (66) bootloader_flash: mmu set block paddr=0x00020000 (was 0xffffffff)
00:15:46.467 > V (68) esp_image: segment data length 0x1c data starts 0x24ff8
00:15:46.467 > V (68) esp_image: MMU page size 0x10000
00:15:46.467 > V (68) esp_image: segment 1 map_segment 0 segment_data_offs 0x24ff8 load_addr 0x3ff9e010
00:15:46.467 > I (68) esp_image: segment 1: paddr=00024ff8 vaddr=3ff9e010 size=0001ch (    28) load
00:15:46.467 > D (69) esp_image: free data page_count 0x00000038
00:15:46.467 > D (69) bootloader_flash: rodata starts from paddr=0x00024ff8, size=0x1c, will be mapped to vaddr=0x3f000000
00:15:46.467 > V (69) bootloader_flash: after mapping, starting from paddr=0x00020000 and vaddr=0x3f000000, 0x10000[37m bytes are mapped
00:15:46.467 > V (70) esp_image: loading segment header 2 at offset 0x25014
00:15:46.467 > D (70) bootloader_flash: mmu set block paddr=0x00020000 (was 0xffffffff)
00:15:46.467 > V (71) esp_image: segment data length 0x2ed8 data starts 0x2501c
00:15:46.467 > V (72) esp_image: MMU page size 0x10000
00:15:46.467 > V (72) esp_image: segment 2 map_segment 0 segment_data_offs 0x2501c load_addr 0x3ffc5ad0
00:15:46.467 > I (73) esp_image: segment 2: paddr=0002501c vaddr=3ffc5ad0 size=02ed8h ( 11992) load
00:15:46.467 > D (73) esp_image: free data page_count 0x00000038
00:15:46.467 > D (73) bootloader_flash: rodata starts from paddr=0x0002501c, size=0x2ed8, will be mapped to vaddr=0x3f000000
00:15:46.467 > V (73) bootloader_flash: after mapping, starting from paddr=0x00020000 and vaddr=0x3f000000, 0x10000 bytes are mapped
00:15:46.467 > V (76) esp_image: loading segment header 3 at offset 0x27ef4
00:15:46.467 > D (76) bootloader_flash: mmu set block paddr=0x00020000 (was 0xffffffff)
00:15:46.467 > V (77) esp_image: segment data length 0x811c data starts 0x27efc
00:15:46.467 > V (79) esp_image: MMU page size 0x10000
00:15:46.467 > V (79) esp_image: segment 3 map_segment 0 segment_data_off[37ms 0x27efc load_addr 0x40024000
00:15:46.467 > I (79) esp_image: segment 3: paddr=00027efc vaddr=40024000 size=0811ch ( 33052) load
00:15:46.467 > D (79) esp_image: free data page_count 0x00000038
00:15:46.467 > D (79) bootloader_flash: rodata starts from paddr=0x00027efc, size=0x811c, will be mapped to vaddr=0x3f000000
00:15:46.467 > V (79) bootloader_flash: after mapping, starting from paddr=0x00020000 and vaddr=0x3f000000, 0x20000 bytes are mapped
00:15:46.467 > V (88) esp_image: loading segment header 4 at offset 0x30018
00:15:46.467 > D (88) bootloader_flash: mmu set block paddr=0x00030000 (was 0xffffffff)
00:15:46.467 > V (89) esp_image: segment data length 0x3f770 data starts 0x30020
00:15:46.467 > V (90) esp_image: MMU page size 0x10000
00:15:46.467 > V (90) esp_image: segment 4 map_segment 1 segment_data_offs 0x30020 load_addr 0x40080020
00:15:46.467 > I (91) esp_image: segment 4: paddr=00030020 vaddr=40080020 size=3f770h (259952) map
00:15:46.467 > D (91) esp_image: free data page_count 0x00000038
00:15:46.467 > D (91) bootloader_flash: rodata starts from paddr=0x00030020, size=0x3f770, will be mapped to vaddr=0x3f000000
00:15:46.467 > V (91) bootloader_flash: after mapping,[37m starting from paddr=0x00030000 and vaddr=0x3f000000, 0x40000 bytes are mapped
00:15:46.467 > V (142) esp_image: loading segment header 5 at offset 0x6f790
00:15:46.467 > D (143) bootloader_flash: mmu set block paddr=0x00060000 (was 0xffffffff)
00:15:46.467 > V (144) esp_image: segment data length 0x99b0 data starts 0x6f798
00:15:46.467 > V (145) esp_image: MMU page size 0x10000
00:15:46.467 > V (145) esp_image: segment 5 map_segment 0 segment_data_offs 0x6f798 load_addr 0x4002c11c
00:15:46.467 > I (146) esp_image: segment 5: paddr=0006f798 vaddr=4002c11c size=099b0h ( 39344) load
00:15:46.467 > D (146) esp_image: free data page_count 0x00000038
00:15:46.467 > D (147) bootloader_flash: rodata starts from paddr=0x0006f798, size=0x99b0, will be mapped to vaddr=0x3f000000
00:15:46.467 > V (147) bootloader_flash: after mapping, starting from paddr=0x00060000 and vaddr=0x3f000000, 0x20000 bytes are mapped
00:15:46.467 > V (157) esp_image: image start 0x00010000 end of last section 0x00079148
00:15:46.467 > D (158) bootloader_flash: mmu set block paddr=0x00070000 (was 0xffffffff)
00:15:46.467 > I (168) boot: Loaded app from partition at offset 0x10000
00:15:46.467 > I (168) boot: Disabling[37m RNG early entropy source...
00:15:46.467 > D (168) boot: Mapping segment 0 as DROM
00:15:46.467 > D (168) boot: Mapping segment 4 as IROM
00:15:46.467 > D (168) boot: calling set_cache_and_start_app
00:15:46.467 > D (169) boot: configure drom and irom and start
00:15:46.467 > V (169) boot: rodata starts from paddr=0x00010020, vaddr=0x3f000020, size=0x14fd0
00:15:46.467 > V (170) boot: after mapping rodata, starting from paddr=0x00010000 and vaddr=0x3f000000, 0x20000 bytes are mapped
00:15:46.467 > V (171) boot: mapped one page of the rodata, from paddr=0x00010000 and vaddr=0x3f3f0000, 0x10000 bytes are mapped
00:15:46.467 > V (171) boot: text starts from paddr=0x00030020, vaddr=0x40080020, size=0x3f770
00:15:46.467 > V (172) boot: after mapping text, starting from paddr=0x00030000 and vaddr=0x40080000, 0x40000 bytes are mapped
00:15:46.467 > D (172) boot: start: 0x40026a3c
00:15:46.467 > I (194) main_task: Started on CPU0
00:15:46.467 > I (194) main_task: Calling app_main()
00:15:46.467 > [INFO][SYSTEM][13ms] [1;36m╔═══════════════════════════════════════════════════════[37m═════════════╗
00:15:46.467 > Guru Meditation Error: Core  0 panic'ed (LoadProhibited). Exception was unhandled.
00:15:46.467 > 
00:15:46.467 > Core  0 register dump:
00:15:46.467 > PC      : 0x400b3eab  PS      : 0x00060e30  A0      : 0x800a99b4  A1      : 0x3ffcdc20  
00:15:46.467 > A2      : 0x3ffce1d0  A3      : 0x00000000  A4      : 0x3ffcdc30  A5      : 0x3ffcdf70  
00:15:46.467 > A6      : 0x3ffcdf50  A7      : 0x00000008  A8      : 0x00000000  A9      : 0x3ffcdc10  
00:15:46.467 > A10     : 0x00000001  A11     : 0x3f012666  A12     : 0x000000ff  A13     : 0x0000ff00  
00:15:46.467 > A14     : 0x00ff0000  A15     : 0xff000000  SAR     : 0x0000001f  EXCCAUSE: 0x0000001c  
00:15:46.467 > EXCVADDR: 0x00000064  LBEG    : 0x000000ff  LEND    : 0x0000ff00  LCOUNT  : 0x4002a7e8  
00:15:46.467 > 
00:15:46.467 > 
00:15:46.467 > Backtrace: 0x400b3ea8:0x3ffcdc20 0x400a99b1:0x3ffcdf40 0x4008968a:0x3ffcdf90 0x4008a405:0x3ffce0e0 0x4008a69a:0x3ffce100 0x400bf127:0x3ffce120 0x4002d279:0x3ffce150
00:15:46.467 > 
00:15:46.467 > 
00:15:46.467 > 
00:15:46.467 > 
00:15:46.467 > ELF file SHA256: 5ef56b0e8
00:15:46.467 > 
00:15:46.467 > Rebooting...
00:15:46.467 > I (32) boot: ESP-IDF 5.4.0 2nd stage bootloader
00:15:46.467 > I (32) boot: compile time Jul  3 2025 00:01:50
00:15:46.467 > D (32) b[37mootloader_flash: XMC chip detected by RDID (00204016), skip.
00:15:46.467 > D (34) bootloader_flash: mmu set block paddr=0x00000000 (was 0xffffffff)
00:15:46.467 > I (35) boot: chip revision: v0.0
00:15:46.467 > I (35) boot: efuse block revision: v0.2
00:15:46.467 > D (35) boot.esp32s2: magic e9
00:15:46.467 > D (35) boot.esp32s2: segments 04
00:15:46.467 > D (35) boot.esp32s2: spi_mode 02
00:15:46.467 > D (35) boot.esp32s2: spi_speed 0f
00:15:46.467 > D (35) boot.esp32s2: spi_size 02
00:15:46.467 > I (35) boot.esp32s2: SPI Speed      : 80MHz
00:15:46.467 > I (35) boot.esp32s2: SPI Mode       : DIO
00:15:46.467 > I (35) boot.esp32s2: SPI Flash Size : 4MB
00:15:46.467 > D (36) boot: Enabling RTCWDT(9000 ms)
00:15:46.467 > I (36) boot: Enabling RNG early entropy source...
00:15:46.467 > D (36) bootloader_flash: rodata starts from paddr=0x00008000, size=0xc00, will be mapped to vaddr=0x3f000000
00:15:46.467 > V (36) bootloader_flash: after mapping, starting from paddr=0x00000000 and vaddr=0x3f000000, 0x10000 bytes are mapped
00:15:46.467 > D (36) boot: mapped partition table 0x8000 at 0x3f008000
00:15:46.467 > D (36) flash_parts: partition table verified, 5 entries
00:15:46.467 > I (37) boot: Partition Table:
00:15:46.467 > I (37) boot: ## Label            Usage       [37m   Type ST Offset   Length
00:15:46.467 > D (38) boot: load partition table entry 0x3f008000
00:15:46.467 > D (38) boot: type=1 subtype=2
00:15:46.467 > I (38) boot:  0 nvs              WiFi data        01 02 00009000 00004000
00:15:46.467 > D (39) boot: load partition table entry 0x3f008020
00:15:46.467 > D (39) boot: type=1 subtype=1
00:15:46.467 > I (39) boot:  1 phy_init         RF data          01 01 0000d000 00001000
00:15:46.467 > D (40) boot: load partition table entry 0x3f008040
00:15:46.467 > D (41) boot: type=0 subtype=0
00:15:46.467 > I (41) boot:  2 factory          factory app      00 00 00010000 00100000
00:15:46.467 > D (42) boot: load partition table entry 0x3f008060
00:15:46.467 > D (42) boot: type=1 subtype=83
00:15:46.467 > I (42) boot:  3 storage          Unknown data     01 83 00110000 000f0000
00:15:46.467 > I (43) boot: End of partition table
00:15:46.467 > D (43) boot: Trying partition index -1 offs 0x10000 size 0x100000
00:15:46.467 > D (44) esp_image: reading image header @ 0x10000
00:15:46.467 > D (45) bootloader_flash: mmu set block paddr=0x00010000 (was 0xffffffff)
00:15:46.467 > D (46) esp_image: image header: 0xe9 0x06 0x02 0x02 40026a3c
00:15:46.467 > V (46) esp_image: loading segment header 0 at offset 0x10018
00:15:46.467 > V (46) [37mesp_image: segment data length 0x14fd0 data starts 0x10020
00:15:46.467 > V (47) esp_image: MMU page size 0x10000
00:15:46.467 > V (47) esp_image: segment 0 map_segment 1 segment_data_offs 0x10020 load_addr 0x3f000020
00:15:46.467 > I (48) esp_image: segment 0: paddr=00010020 vaddr=3f000020 size=14fd0h ( 85968) map
00:15:46.467 > D (49) esp_image: free data page_count 0x00000038
00:15:46.467 > D (49) bootloader_flash: rodata starts from paddr=0x00010020, size=0x14fd0, will be mapped to vaddr=0x3f000000
00:15:46.467 > V (49) bootloader_flash: after mapping, starting from paddr=0x00010000 and vaddr=0x3f000000, 0x20000 bytes are mapped
00:15:46.467 > V (66) esp_image: loading segment header 1 at offset 0x24ff0
00:15:46.467 > D (66) bootloader_flash: mmu set block paddr=0x00020000 (was 0xffffffff)
00:15:46.467 > V (68) esp_image: segment data length 0x1c data starts 0x24ff8
00:15:46.467 > V (68) esp_image: MMU page size 0x10000
00:15:46.467 > V (68) esp_image: segment 1 map_segment 0 segment_data_offs 0x24ff8 load_addr 0x3ff9e010
00:15:46.467 > I (68) esp_image: segment 1: paddr=00024ff8 vaddr=3ff9e010 size=0001ch (    28) load
00:15:46.467 > D (69) esp_image: free data page_count 0x0000[37m0038
00:15:46.467 > D (69) bootloader_flash: rodata starts from paddr=0x00024ff8, size=0x1c, will be mapped to vaddr=0x3f000000
00:15:46.467 > V (69) bootloader_flash: after mapping, starting from paddr=0x00020000 and vaddr=0x3f000000, 0x10000 bytes are mapped
00:15:46.467 > V (70) esp_image: loading segment header 2 at offset 0x25014
00:15:46.467 > D (70) bootloader_flash: mmu set block paddr=0x00020000 (was 0xffffffff)
00:15:46.467 > V (71) esp_image: segment data length 0x2ed8 data starts 0x2501c
00:15:46.467 > V (72) esp_image: MMU page size 0x10000
00:15:46.467 > V (72) esp_image: segment 2 map_segment 0 segment_data_offs 0x2501c load_addr 0x3ffc5ad0
00:15:46.467 > I (73) esp_image: segment 2: paddr=0002501c vaddr=3ffc5ad0 size=02ed8h ( 11992) load
00:15:46.467 > D (73) esp_image: free data page_count 0x00000038
00:15:46.467 > D (73) bootloader_flash: rodata starts from paddr=0x0002501c, size=0x2ed8, will be mapped to vaddr=0x3f000000
00:15:46.467 > V (74) bootloader_flash: after mapping, starting from paddr=0x00020000 and vaddr=0x3f000000, 0x10000 bytes are mapped
00:15:46.467 > V (77) esp_image: loading segment header 3 at offset 0x27ef4
00:15:46.467 > D (77) bootloader_flash:[37m mmu set block paddr=0x00020000 (was 0xffffffff)
00:15:46.467 > V (78) esp_image: segment data length 0x811c data starts 0x27efc
00:15:46.467 > V (80) esp_image: MMU page size 0x10000
00:15:46.467 > V (80) esp_image: segment 3 map_segment 0 segment_data_offs 0x27efc load_addr 0x40024000
00:15:46.467 > I (80) esp_image: segment 3: paddr=00027efc vaddr=40024000 size=0811ch ( 33052) load
00:15:46.467 > D (81) esp_image: free data page_count 0x00000038
00:15:46.467 > D (81) bootloader_flash: rodata starts from paddr=0x00027efc, size=0x811c, will be mapped to vaddr=0x3f000000
00:15:46.467 > V (81) bootloader_flash: after mapping, starting from paddr=0x00020000 and vaddr=0x3f000000, 0x20000 bytes are mapped
00:15:46.467 > V (90) esp_image: loading segment header 4 at offset 0x30018
00:15:46.467 > D (90) bootloader_flash: mmu set block paddr=0x00030000 (was 0xffffffff)
00:15:46.467 > V (91) esp_image: segment data length 0x3f770 data starts 0x30020
00:15:46.467 > V (92) esp_image: MMU page size 0x10000
00:15:46.467 > V (92) esp_image: segment 4 map_segment 1 segment_data_offs 0x30020 load_addr 0x40080020
00:15:46.467 > I (93) esp_image: segment 4: paddr=00030020 vaddr=40080020 size=3f770h ([37m259952) map
00:15:46.468 > D (93) esp_image: free data page_count 0x00000038
00:15:46.468 > D (93) bootloader_flash: rodata starts from paddr=0x00030020, size=0x3f770, will be mapped to vaddr=0x3f000000
00:15:46.468 > V (94) bootloader_flash: after mapping, starting from paddr=0x00030000 and vaddr=0x3f000000, 0x40000 bytes are mapped
00:15:46.468 > V (145) esp_image: loading segment header 5 at offset 0x6f790
00:15:46.468 > D (146) bootloader_flash: mmu set block paddr=0x00060000 (was 0xffffffff)
00:15:46.468 > V (147) esp_image: segment data length 0x99b0 data starts 0x6f798
00:15:46.468 > V (148) esp_image: MMU page size 0x10000
00:15:46.468 > V (148) esp_image: segment 5 map_segment 0 segment_data_offs 0x6f798 load_addr 0x4002c11c
00:15:46.468 > I (148) esp_image: segment 5: paddr=0006f798 vaddr=4002c11c size=099b0h ( 39344) load
00:15:46.468 > D (148) esp_image: free data page_count 0x00000038
00:15:46.468 > D (149) bootloader_flash: rodata starts from paddr=0x0006f798, size=0x99b0, will be mapped to vaddr=0x3f000000
00:15:46.468 > V (149) bootloader_flash: after mapping, starting from paddr=0x00060000 and vaddr=0x3f000000, 0x20000 bytes are mapped
00:15:46.468 > V (159) esp_imag[37me: image start 0x00010000 end of last section 0x00079148
00:15:46.471 > D (160) bootloader_flash: mmu set block paddr=0x00070000 (was 0xffffffff)
00:15:46.471 > I (170) boot: Loaded app from partition at offset 0x10000
00:15:46.471 > I (170) boot: Disabling RNG early entropy source...
00:15:46.471 > D (170) boot: Mapping segment 0 as DROM
00:15:46.471 > D (170) boot: Mapping segment 4 as IROM
00:15:46.471 > D (170) boot: calling set_cache_and_start_app
00:15:46.471 > D (170) boot: configure drom and irom and start
00:15:46.471 > V (170) boot: rodata starts from paddr=0x00010020, vaddr=0x3f000020, size=0x14fd0
00:15:46.471 > V (171) boot: after mapping rodata, starting from paddr=0x00010000 and vaddr=0x3f000000, 0x20000 bytes are mapped
00:15:46.471 > V (172) boot: mapped one page of the rodata, from paddr=0x00010000 and vaddr=0x3f3f0000, 0x10000 bytes are mapped
00:15:46.471 > V (172) boot: text starts from paddr=0x00030020, vaddr=0x40080020, size=0x3f770
00:15:46.471 > V (173) boot: after mapping text, starting from paddr=0x00030000 and vaddr=0x40080000, 0x40000 bytes are mapped
00:15:46.471 > D (173) boot: start: 0x40026a3c
00:15:46.471 > I (195) main_task: Started on CPU0
00:15:46.471 > I (195) main_task: Ca[37mlling app_main()
00:15:46.472 > [INFO][SYSTEM][13ms] [1;36m╔════════════════════════════════════════════════════════════════════╗
00:15:46.472 > Guru Meditation Error: Core  0 panic'ed (LoadProhibited). Exception was unhandled.
00:15:46.472 > 
00:15:46.472 > Core  0 register dump:
00:15:46.472 > PC      : 0x400b3eab  PS      : 0x00060e30  A0      : 0x800a99b4  A1      : 0x3ffcdc20  
00:15:46.472 > A2      : 0x3ffce1d0  A3      : 0x00000000  A4      : 0x3ffcdc30  A5      : 0x3ffcdf70  
00:15:46.472 > A6      : 0x3ffcdf50  A7      : 0x00000008  A8      : 0x00000000  A9      : 0x3ffcdc10  
