00:34:24.335 > [37m([37m32) boot: ESP-IDF 5.4.0 2nd stage bootloader
00:34:24.335 > I (32) boot: compile time Jul  3 2025 00:33:36
00:34:24.335 > D (32) bootloader_flash: XMC chip detected by RDID (00204016), skip.
00:34:24.335 > D (34) bootloader_flash: mmu set block paddr=0x00000000 (was 0xffffffff)
00:34:24.335 > I (35) boot: chip revision: v0.0
00:34:24.335 > I (35) boot: efuse block revision: v0.2
00:34:24.335 > D (35) boot.esp32s2: magic e9
00:34:24.335 > D (35) boot.esp32s2: segments 04
00:34:24.335 > D (35) boot.esp32s2: spi_mode 02
00:34:24.335 > D (35) boot.esp32s2: spi_speed 0f
00:34:24.335 > D (35) boot.esp32s2: spi_size 02
00:34:24.335 > I (35) boot.esp32s2: SPI Speed      : 80MHz
00:34:24.335 > I (35) boot.esp32s2: SPI Mode       : DIO
00:34:24.335 > I (35) boot.esp32s2: SPI Flash Size : 4MB
00:34:24.335 > D (36) boot: Enabling RTCWDT(9000 ms)
00:34:24.335 > I (36) boot: Enabling RNG early entropy source...
00:34:24.335 > D (36) bootloader_flash: rodata starts from paddr=0x00008000, size=0xc00, will be mapped to vaddr=0x3f000000
00:34:24.335 > V (36) bootloader_flash: after mapping, starting from paddr=0x00000000 and vaddr=0x3f000000, 0x10000 bytes are mapped
00:34:24.335 > D (36) boot: mapped partition table 0x8000 at 0x3f008000
00:34:24.335 > D (36) flash_parts: partition [37mtable verified, 5 entries
00:34:24.336 > I (37) boot: Partition Table:
00:34:24.336 > I (37) boot: ## Label            Usage          Type ST Offset   Length
00:34:24.336 > D (38) boot: load partition table entry 0x3f008000
00:34:24.336 > D (38) boot: type=1 subtype=2
00:34:24.336 > I (38) boot:  0 nvs              WiFi data        01 02 00009000 00004000
00:34:24.336 > D (39) boot: load partition table entry 0x3f008020
00:34:24.336 > D (39) boot: type=1 subtype=1
00:34:24.336 > I (39) boot:  1 phy_init         RF data          01 01 0000d000 00001000
00:34:24.336 > D (40) boot: load partition table entry 0x3f008040
00:34:24.336 > D (41) boot: type=0 subtype=0
00:34:24.336 > I (41) boot:  2 factory          factory app      00 00 00010000 00100000
00:34:24.336 > D (42) boot: load partition table entry 0x3f008060
00:34:24.336 > D (42) boot: type=1 subtype=83
00:34:24.336 > I (42) boot:  3 storage          Unknown data     01 83 00110000 000f0000
00:34:24.336 > I (43) boot: End of partition table
00:34:24.336 > D (43) boot: Trying partition index -1 offs 0x10000 size 0x100000
00:34:24.336 > D (44) esp_image: reading image header @ 0x10000
00:34:24.336 > D (45) bootloader_flash: mmu set block paddr=0x00010000 (was 0xffffffff)
00:34:24.336 > D (46) esp_image: image head[37mer: 0xe9 0x06 0x02 0x02 40026a3c
00:34:24.336 > V (46) esp_image: loading segment header 0 at offset 0x10018
00:34:24.336 > V (46) esp_image: segment data length 0x14db8 data starts 0x10020
00:34:24.336 > V (47) esp_image: MMU page size 0x10000
00:34:24.336 > V (47) esp_image: segment 0 map_segment 1 segment_data_offs 0x10020 load_addr 0x3f000020
00:34:24.336 > I (47) esp_image: segment 0: paddr=00010020 vaddr=3f000020 size=14db8h ( 85432) map
00:34:24.336 > D (48) esp_image: free data page_count 0x00000038
00:34:24.336 > D (48) bootloader_flash: rodata starts from paddr=0x00010020, size=0x14db8, will be mapped to vaddr=0x3f000000
00:34:24.336 > V (48) bootloader_flash: after mapping, starting from paddr=0x00010000 and vaddr=0x3f000000, 0x20000 bytes are mapped
00:34:24.336 > V (65) esp_image: loading segment header 1 at offset 0x24dd8
00:34:24.336 > D (65) bootloader_flash: mmu set block paddr=0x00020000 (was 0xffffffff)
00:34:24.336 > V (66) esp_image: segment data length 0x1c data starts 0x24de0
00:34:24.336 > V (67) esp_image: MMU page size 0x10000
00:34:24.336 > V (67) esp_image: segment 1 map_segment 0 segment_data_offs 0x24de0 load_addr 0x3ff9e010
00:34:24.336 > I (67) esp_image: segment 1:[37m paddr=00024de0 vaddr=3ff9e010 size=0001ch (    28) load
00:34:24.336 > D (68) esp_image: free data page_count 0x00000038
00:34:24.336 > D (68) bootloader_flash: rodata starts from paddr=0x00024de0, size=0x1c, will be mapped to vaddr=0x3f000000
00:34:24.336 > V (68) bootloader_flash: after mapping, starting from paddr=0x00020000 and vaddr=0x3f000000, 0x10000 bytes are mapped
00:34:24.336 > V (70) esp_image: loading segment header 2 at offset 0x24dfc
00:34:24.336 > D (70) bootloader_flash: mmu set block paddr=0x00020000 (was 0xffffffff)
00:34:24.336 > V (71) esp_image: segment data length 0x2ed8 data starts 0x24e04
00:34:24.336 > V (72) esp_image: MMU page size 0x10000
00:34:24.336 > V (72) esp_image: segment 2 map_segment 0 segment_data_offs 0x24e04 load_addr 0x3ffc5ad0
00:34:24.336 > I (72) esp_image: segment 2: paddr=00024e04 vaddr=3ffc5ad0 size=02ed8h ( 11992) load
00:34:24.336 > D (73) esp_image: free data page_count 0x00000038
00:34:24.336 > D (73) bootloader_flash: rodata starts from paddr=0x00024e04, size=0x2ed8, will be mapped to vaddr=0x3f000000
00:34:24.336 > V (73) bootloader_flash: after mapping, starting from paddr=0x00020000 and vaddr=0x3f000000, 0x10000 b[37mytes are mapped
00:34:24.336 > V (76) esp_image: loading segment header 3 at offset 0x27cdc
00:34:24.336 > D (76) bootloader_flash: mmu set block paddr=0x00020000 (was 0xffffffff)
00:34:24.336 > V (77) esp_image: segment data length 0x8334 data starts 0x27ce4
00:34:24.336 > V (78) esp_image: MMU page size 0x10000
00:34:24.336 > V (78) esp_image: segment 3 map_segment 0 segment_data_offs 0x27ce4 load_addr 0x40024000
00:34:24.336 > I (79) esp_image: segment 3: paddr=00027ce4 vaddr=40024000 size=08334h ( 33588) load
00:34:24.336 > D (79) esp_image: free data page_count 0x00000038
00:34:24.336 > D (79) bootloader_flash: rodata starts from paddr=0x00027ce4, size=0x8334, will be mapped to vaddr=0x3f000000
00:34:24.336 > V (79) bootloader_flash: after mapping, starting from paddr=0x00020000 and vaddr=0x3f000000, 0x20000 bytes are mapped
00:34:24.336 > V (88) esp_image: loading segment header 4 at offset 0x30018
00:34:24.336 > D (88) bootloader_flash: mmu set block paddr=0x00030000 (was 0xffffffff)
00:34:24.336 > V (89) esp_image: segment data length 0x3fd84 data starts 0x30020
00:34:24.336 > V (90) esp_image: MMU page size 0x10000
00:34:24.336 > V (90) esp_image: segment 4 map_segment 1 segment_data_offs[37m 0x30020 load_addr 0x40080020
00:34:24.336 > I (91) esp_image: segment 4: paddr=00030020 vaddr=40080020 size=3fd84h (261508) map
00:34:24.336 > D (91) esp_image: free data page_count 0x00000038
00:34:24.336 > D (91) bootloader_flash: rodata starts from paddr=0x00030020, size=0x3fd84, will be mapped to vaddr=0x3f000000
00:34:24.336 > V (91) bootloader_flash: after mapping, starting from paddr=0x00030000 and vaddr=0x3f000000, 0x40000 bytes are mapped
00:34:24.336 > V (143) esp_image: loading segment header 5 at offset 0x6fda4
00:34:24.336 > D (143) bootloader_flash: mmu set block paddr=0x00060000 (was 0xffffffff)
00:34:24.336 > V (144) esp_image: segment data length 0x9798 data starts 0x6fdac
00:34:24.336 > V (145) esp_image: MMU page size 0x10000
00:34:24.336 > V (145) esp_image: segment 5 map_segment 0 segment_data_offs 0x6fdac load_addr 0x4002c334
00:34:24.336 > I (147) esp_image: segment 5: paddr=0006fdac vaddr=4002c334 size=09798h ( 38808) load
00:34:24.336 > D (147) esp_image: free data page_count 0x00000038
00:34:24.336 > D (147) bootloader_flash: rodata starts from paddr=0x0006fdac, size=0x9798, will be mapped to vaddr=0x3f000000
00:34:24.336 > V (147) bootloader_flash: after m[37mapping, starting from paddr=0x00060000 and vaddr=0x3f000000, 0x20000 bytes are mapped
00:34:24.336 > V (157) esp_image: image start 0x00010000 end of last section 0x00079544
00:34:24.336 > D (158) bootloader_flash: mmu set block paddr=0x00070000 (was 0xffffffff)
00:34:24.336 > I (168) boot: Loaded app from partition at offset 0x10000
00:34:24.336 > I (168) boot: Disabling RNG early entropy source...
00:34:24.336 > D (168) boot: Mapping segment 0 as DROM
00:34:24.336 > D (168) boot: Mapping segment 4 as IROM
00:34:24.336 > D (168) boot: calling set_cache_and_start_app
00:34:24.336 > D (168) boot: configure drom and irom and start
00:34:24.336 > V (168) boot: rodata starts from paddr=0x00010020, vaddr=0x3f000020, size=0x14db8
00:34:24.336 > V (170) boot: after mapping rodata, starting from paddr=0x00010000 and vaddr=0x3f000000, 0x20000 bytes are mapped
00:34:24.336 > V (170) boot: mapped one page of the rodata, from paddr=0x00010000 and vaddr=0x3f3f0000, 0x10000 bytes are mapped
00:34:24.336 > V (170) boot: text starts from paddr=0x00030020, vaddr=0x40080020, size=0x3fd84
00:34:24.336 > V (171) boot: after mapping text, starting from paddr=0x00030000 and vaddr=0x40080000, 0x40000 bytes[37m are mapped
00:34:24.337 > D (172) boot: start: 0x40026a3c
00:34:24.337 > I (194) main_task: Started on CPU0
00:34:24.337 > I (194) main_task: Calling app_main()
00:34:24.337 > [INFO][MAIN][13ms] START
00:34:24.337 > Guru Meditation Error: Core  0 panic'ed (LoadProhibited). Exception was unhandled.
00:34:24.337 > 
00:34:24.337 > Core  0 register dump:
00:34:24.337 > PC      : 0x400b443f  PS      : 0x00060930  A0      : 0x800a9f30  A1      : 0x3ffcdc40  
00:34:24.337 > A2      : 0x3ffce1d0  A3      : 0x00000000  A4      : 0x3ffcdc50  A5      : 0x3ffcdf90  
00:34:24.337 > A6      : 0x3ffcdf70  A7      : 0x00000008  A8      : 0x00000000  A9      : 0x3ffcdc30  
00:34:24.337 > A10     : 0x00000001  A11     : 0x3f01244e  A12     : 0x000000ff  A13     : 0x0000ff00  
00:34:24.337 > A14     : 0x00ff0000  A15     : 0xff000000  SAR     : 0x00000004  EXCCAUSE: 0x0000001c  
00:34:24.337 > EXCVADDR: 0x00000064  LBEG    : 0x000000ff  LEND    : 0x0000ff00  LCOUNT  : 0x4002a7e8  
00:34:24.337 > 
00:34:24.337 > 
00:34:24.337 > Backtrace: 0x400b443c:0x3ffcdc40 0x400a9f2d:0x3ffcdf60 0x40089be2:0x3ffcdfb0 0x4008a961:0x3ffce100 0x400bf73b:0x3ffce120 0x4002d279:0x3ffce150
00:34:24.337 > 
00:34:24.337 > 
00:34:24.337 > 
00:34:24.337 > 
00:34:24.337 > ELF file SHA256: 35bf3a624
00:34:24.337 > 
00:34:24.337 > Rebooting...
00:34:24.337 > I (32) boot: ESP-IDF 5.[37m4.0 2nd stage bootloader
00:34:24.337 > I (32) boot: compile time Jul  3 2025 00:33:36
00:34:24.337 > D (32) bootloader_flash: XMC chip detected by RDID (00204016), skip.
00:34:24.337 > D (34) bootloader_flash: mmu set block paddr=0x00000000 (was 0xffffffff)
00:34:24.337 > I (35) boot: chip revision: v0.0
00:34:24.337 > I (35) boot: efuse block revision: v0.2
00:34:24.337 > D (35) boot.esp32s2: magic e9
00:34:24.337 > D (35) boot.esp32s2: segments 04
00:34:24.337 > D (35) boot.esp32s2: spi_mode 02
00:34:24.337 > D (35) boot.esp32s2: spi_speed 0f
00:34:24.337 > D (35) boot.esp32s2: spi_size 02
00:34:24.337 > I (35) boot.esp32s2: SPI Speed      : 80MHz
00:34:24.337 > I (35) boot.esp32s2: SPI Mode       : DIO
00:34:24.337 > I (35) boot.esp32s2: SPI Flash Size : 4MB
00:34:24.337 > D (36) boot: Enabling RTCWDT(9000 ms)
00:34:24.337 > I (36) boot: Enabling RNG early entropy source...
00:34:24.337 > D (36) bootloader_flash: rodata starts from paddr=0x00008000, size=0xc00, will be mapped to vaddr=0x3f000000
00:34:24.337 > V (36) bootloader_flash: after mapping, starting from paddr=0x00000000 and vaddr=0x3f000000, 0x10000 bytes are mapped
00:34:24.337 > D (36) boot: mapped partition table 0x8000 at 0x3f008000
00:34:24.337 > D (36) flash_parts: partition table verified, 5 ent[37mries
00:34:24.337 > I (37) boot: Partition Table:
00:34:24.337 > I (37) boot: ## Label            Usage          Type ST Offset   Length
00:34:24.337 > D (39) boot: load partition table entry 0x3f008000
00:34:24.337 > D (39) boot: type=1 subtype=2
00:34:24.337 > I (39) boot:  0 nvs              WiFi data        01 02 00009000 00004000
00:34:24.337 > D (40) boot: load partition table entry 0x3f008020
00:34:24.337 > D (40) boot: type=1 subtype=1
00:34:24.337 > I (40) boot:  1 phy_init         RF data          01 01 0000d000 00001000
00:34:24.337 > D (41) boot: load partition table entry 0x3f008040
00:34:24.337 > D (42) boot: type=0 subtype=0
00:34:24.337 > I (42) boot:  2 factory          factory app      00 00 00010000 00100000
00:34:24.337 > D (43) boot: load partition table entry 0x3f008060
00:34:24.337 > D (43) boot: type=1 subtype=83
00:34:24.337 > I (43) boot:  3 storage          Unknown data     01 83 00110000 000f0000
00:34:24.337 > I (44) boot: End of partition table
00:34:24.337 > D (44) boot: Trying partition index -1 offs 0x10000 size 0x100000
00:34:24.337 > D (45) esp_image: reading image header @ 0x10000
00:34:24.337 > D (46) bootloader_flash: mmu set block paddr=0x00010000 (was 0xffffffff)
00:34:24.337 > D (47) esp_image: image header: 0xe9 0x06 0x02 0x[37m02 40026a3c
00:34:24.337 > V (47) esp_image: loading segment header 0 at offset 0x10018
00:34:24.337 > V (47) esp_image: segment data length 0x14db8 data starts 0x10020
00:34:24.337 > V (48) esp_image: MMU page size 0x10000
00:34:24.337 > V (48) esp_image: segment 0 map_segment 1 segment_data_offs 0x10020 load_addr 0x3f000020
00:34:24.337 > I (48) esp_image: segment 0: paddr=00010020 vaddr=3f000020 size=14db8h ( 85432) map
00:34:24.337 > D (49) esp_image: free data page_count 0x00000038
00:34:24.337 > D (49) bootloader_flash: rodata starts from paddr=0x00010020, size=0x14db8, will be mapped to vaddr=0x3f000000
00:34:24.337 > V (49) bootloader_flash: after mapping, starting from paddr=0x00010000 and vaddr=0x3f000000, 0x20000 bytes are mapped
00:34:24.337 > V (66) esp_image: loading segment header 1 at offset 0x24dd8
00:34:24.337 > D (66) bootloader_flash: mmu set block paddr=0x00020000 (was 0xffffffff)
00:34:24.337 > V (67) esp_image: segment data length 0x1c data starts 0x24de0
00:34:24.337 > V (68) esp_image: MMU page size 0x10000
00:34:24.337 > V (68) esp_image: segment 1 map_segment 0 segment_data_offs 0x24de0 load_addr 0x3ff9e010
00:34:24.337 > I (68) esp_image: segment 1: paddr=00024de0 vaddr[37m=3ff9e010 size=0001ch (    28) load
00:34:24.337 > D (69) esp_image: free data page_count 0x00000038
00:34:24.337 > D (69) bootloader_flash: rodata starts from paddr=0x00024de0, size=0x1c, will be mapped to vaddr=0x3f000000
00:34:24.337 > V (69) bootloader_flash: after mapping, starting from paddr=0x00020000 and vaddr=0x3f000000, 0x10000 bytes are mapped
00:34:24.337 > V (70) esp_image: loading segment header 2 at offset 0x24dfc
00:34:24.337 > D (70) bootloader_flash: mmu set block paddr=0x00020000 (was 0xffffffff)
00:34:24.337 > V (71) esp_image: segment data length 0x2ed8 data starts 0x24e04
00:34:24.337 > V (72) esp_image: MMU page size 0x10000
00:34:24.337 > V (72) esp_image: segment 2 map_segment 0 segment_data_offs 0x24e04 load_addr 0x3ffc5ad0
00:34:24.337 > I (72) esp_image: segment 2: paddr=00024e04 vaddr=3ffc5ad0 size=02ed8h ( 11992) load
00:34:24.337 > D (73) esp_image: free data page_count 0x00000038
00:34:24.337 > D (73) bootloader_flash: rodata starts from paddr=0x00024e04, size=0x2ed8, will be mapped to vaddr=0x3f000000
00:34:24.337 > V (73) bootloader_flash: after mapping, starting from paddr=0x00020000 and vaddr=0x3f000000, 0x10000 bytes are mapped
00:34:24.337 > V (7[37m6) esp_image: loading segment header 3 at offset 0x27cdc
00:34:24.338 > D (76) bootloader_flash: mmu set block paddr=0x00020000 (was 0xffffffff)
00:34:24.338 > V (77) esp_image: segment data length 0x8334 data starts 0x27ce4
00:34:24.338 > V (78) esp_image: MMU page size 0x10000
00:34:24.338 > V (78) esp_image: segment 3 map_segment 0 segment_data_offs 0x27ce4 load_addr 0x40024000
00:34:24.338 > I (80) esp_image: segment 3: paddr=00027ce4 vaddr=40024000 size=08334h ( 33588) load
00:34:24.338 > D (80) esp_image: free data page_count 0x00000038
00:34:24.338 > D (80) bootloader_flash: rodata starts from paddr=0x00027ce4, size=0x8334, will be mapped to vaddr=0x3f000000
00:34:24.338 > V (80) bootloader_flash: after mapping, starting from paddr=0x00020000 and vaddr=0x3f000000, 0x20000 bytes are mapped
00:34:24.338 > V (89) esp_image: loading segment header 4 at offset 0x30018
00:34:24.338 > D (89) bootloader_flash: mmu set block paddr=0x00030000 (was 0xffffffff)
00:34:24.338 > V (90) esp_image: segment data length 0x3fd84 data starts 0x30020
00:34:24.338 > V (91) esp_image: MMU page size 0x10000
00:34:24.338 > V (91) esp_image: segment 4 map_segment 1 segment_data_offs 0x30020 load_addr 0x[37m40080020
00:34:24.338 > I (92) esp_image: segment 4: paddr=00030020 vaddr=40080020 size=3fd84h (261508) map
00:34:24.338 > D (92) esp_image: free data page_count 0x00000038
00:34:24.338 > D (92) bootloader_flash: rodata starts from paddr=0x00030020, size=0x3fd84, will be mapped to vaddr=0x3f000000
00:34:24.338 > V (92) bootloader_flash: after mapping, starting from paddr=0x00030000 and vaddr=0x3f000000, 0x40000 bytes are mapped
00:34:24.338 > V (144) esp_image: loading segment header 5 at offset 0x6fda4
00:34:24.338 > D (144) bootloader_flash: mmu set block paddr=0x00060000 (was 0xffffffff)
00:34:24.338 > V (145) esp_image: segment data length 0x9798 data starts 0x6fdac
00:34:24.338 > V (146) esp_image: MMU page size 0x10000
00:34:24.338 > V (146) esp_image: segment 5 map_segment 0 segment_data_offs 0x6fdac load_addr 0x4002c334
00:34:24.338 > I (147) esp_image: segment 5: paddr=0006fdac vaddr=4002c334 size=09798h ( 38808) load
00:34:24.338 > D (148) esp_image: free data page_count 0x00000038
00:34:24.338 > D (148) bootloader_flash: rodata starts from paddr=0x0006fdac, size=0x9798, will be mapped to vaddr=0x3f000000
00:34:24.338 > V (148) bootloader_flash: after mapping, starting from[37m paddr=0x00060000 and vaddr=0x3f000000, 0x20000 bytes are mapped
00:34:24.344 > V (158) esp_image: image start 0x00010000 end of last section 0x00079544
00:34:24.344 > D (159) bootloader_flash: mmu set block paddr=0x00070000 (was 0xffffffff)
00:34:24.344 > I (169) boot: Loaded app from partition at offset 0x10000
00:34:24.344 > I (169) boot: Disabling RNG early entropy source...
00:34:24.344 > D (169) boot: Mapping segment 0 as DROM
00:34:24.344 > D (169) boot: Mapping segment 4 as IROM
00:34:24.344 > D (169) boot: calling set_cache_and_start_app
00:34:24.344 > D (169) boot: configure drom and irom and start
00:34:24.344 > V (169) boot: rodata starts from paddr=0x00010020, vaddr=0x3f000020, size=0x14db8
00:34:24.344 > V (171) boot: after mapping rodata, starting from paddr=0x00010000 and vaddr=0x3f000000, 0x20000 bytes are mapped
00:34:24.344 > V (171) boot: mapped one page of the rodata, from paddr=0x00010000 and vaddr=0x3f3f0000, 0x10000 bytes are mapped
00:34:24.344 > V (171) boot: text starts from paddr=0x00030020, vaddr=0x40080020, size=0x3fd84
00:34:24.344 > V (172) boot: after mapping text, starting from paddr=0x00030000 and vaddr=0x40080000, 0x40000 bytes are mapped
00:34:24.344 > D (173) [37mboot: start: 0x40026a3c
00:34:24.344 > I (195) main_task: Started on CPU0
00:34:24.344 > I (195) main_task: Calling app_main()
00:34:24.344 > [INFO][MAIN][13ms] START
00:34:24.344 > Guru Meditation Error: Core  0 panic'ed (LoadProhibited). Exception was unhandled.
00:34:24.344 > 
00:34:24.344 > Core  0 register dump:
00:34:24.344 > PC      : 0x400b443f  PS      : 0x00060530  A0      : 0x800a9f30  A1      : 0x3ffcdc40  
00:34:24.344 > A2      : 0x3ffce1d0  A3      : 0x00000000  A4      : 0x3ffcdc50  A5      : 0x3ffcdf90  
00:34:24.344 > A6      : 0x3ffcdf70  A7      : 0x00000008  A8      : 0x00000000  A9      : 0x3ffcdc30  
00:34:24.344 > A10     : 0x00000001  A11     : 0x3f01244e  A12     : 0x000000ff  A13     : 0x0000ff00  
00:34:24.344 > A14     : 0x00ff0000  A15     : 0xff000000  SAR     : 0x00000004  EXCCAUSE: 0x0000001c  
00:34:24.344 > EXCVADDR: 0x00000064  LBEG    : 0x000000ff  LEND    : 0x0000ff00  LCOUNT  : 0x4002a7e8  
00:34:24.344 > 
00:34:24.344 > 
00:34:24.344 > Backtrace: 0x400b443c:0x3ffcdc40 0x400a9f2d:0x3ffcdf60 0x40089be2:0x3ffcdfb0 0x4008a961:0x3ffce100 0x400bf73b:0x3ffce120 0x4002d279:0x3ffce150
00:34:24.344 > 
00:34:24.344 > 
00:34:24.344 > 
00:34:24.344 > 
00:34:24.344 > ELF file SHA256: 35bf3a624
00:34:24.344 > 
00:34:24.344 > Rebooting...
00:34:24.344 > I (32) boot: ESP-IDF 5.4.0 2nd stage bootloa[37mder
00:34:24.344 > I (32) boot: compile time Jul  3 2025 00:33:36
00:34:24.344 > D (32) bootloader_flash: XMC chip detected by RDID (00204016), skip.
00:34:24.344 > D (34) bootloader_flash: mmu set block paddr=0x00000000 (was 0xffffffff)
00:34:24.344 > I (35) boot: chip revision: v0.0
00:34:24.344 > I (35) boot: efuse block revision: v0.2
00:34:24.344 > D (36) boot.esp32s2: magic e9
00:34:24.344 > D (36) boot.esp32s2: segments 04
00:34:24.344 > D (36) boot.esp32s2: spi_mode 02
00:34:24.344 > D (36) boot.esp32s2: spi_speed 0f
00:34:24.344 > D (36) boot.esp32s2: spi_size 02
00:34:24.344 > I (36) boot.esp32s2: SPI Speed      : 80MHz
00:34:24.344 > I (36) boot.esp32s2: SPI Mode       : DIO
00:34:24.344 > I (36) boot.esp32s2: SPI Flash Size : 4MB
00:34:24.344 > D (37) boot: Enabling RTCWDT(9000 ms)
00:34:24.344 > I (37) boot: Enabling RNG early entropy source...
00:34:24.344 > D (37) bootloader_flash: rodata starts from paddr=0x00008000, size=0xc00, will be mapped to vaddr=0x3f000000
00:34:24.344 > V (37) bootloader_flash: after mapping, starting from paddr=0x00000000 and vaddr=0x3f000000, 0x10000 bytes are mapped
00:34:24.344 > D (37) boot: mapped partition table 0x8000 at 0x3f008000
00:34:24.344 > D (37) flash_parts: partition table verified, 5 entries
00:34:24.344 > I (38) boot: Pa[37mrtition Table:
00:34:24.345 > I (38) boot: ## Label            Usage          Type ST Offset   Length
00:34:24.345 > D (39) boot: load partition table entry 0x3f008000
00:34:24.345 > D (39) boot: type=1 subtype=2
00:34:24.345 > I (40) boot:  0 nvs              WiFi data        01 02 00009000 00004000
00:34:24.345 > D (41) boot: load partition table entry 0x3f008020
00:34:24.345 > D (41) boot: type=1 subtype=1
00:34:24.345 > I (41) boot:  1 phy_init         RF data          01 01 0000d000 00001000
00:34:24.345 > D (42) boot: load partition table entry 0x3f008040
00:34:24.345 > D (43) boot: type=0 subtype=0
00:34:24.345 > I (43) boot:  2 factory          factory app      00 00 00010000 00100000
00:34:24.345 > D (44) boot: load partition table entry 0x3f008060
00:34:24.345 > D (44) boot: type=1 subtype=83
00:34:24.345 > I (44) boot:  3 storage          Unknown data     01 83 00110000 000f0000
00:34:24.345 > I (45) boot: End of partition table
00:34:24.345 > D (45) boot: Trying partition index -1 offs 0x10000 size 0x100000
00:34:24.345 > D (46) esp_image: reading image header @ 0x10000
00:34:24.345 > D (47) bootloader_flash: mmu set block paddr=0x00010000 (was 0xffffffff)
00:34:24.345 > D (48) esp_image: image header: 0xe9 0x06 0x02 0x02 40026a3c
00:34:24.345 > V (48) e[37msp_image: loading segment header 0 at offset 0x10018
00:34:24.345 > V (48) esp_image: segment data length 0x14db8 data starts 0x10020
00:34:24.345 > V (49) esp_image: MMU page size 0x10000
00:34:24.345 > V (49) esp_image: segment 0 map_segment 1 segment_data_offs 0x10020 load_addr 0x3f000020
00:34:24.345 > I (49) esp_image: segment 0: paddr=00010020 vaddr=3f000020 size=14db8h ( 85432) map
00:34:24.345 > D (50) esp_image: free data page_count 0x00000038
00:34:24.345 > D (50) bootloader_flash: rodata starts from paddr=0x00010020, size=0x14db8, will be mapped to vaddr=0x3f000000
00:34:24.345 > V (50) bootloader_flash: after mapping, starting from paddr=0x00010000 and vaddr=0x3f000000, 0x20000 bytes are mapped
00:34:24.345 > V (67) esp_image: loading segment header 1 at offset 0x24dd8
00:34:24.345 > D (67) bootloader_flash: mmu set block paddr=0x00020000 (was 0xffffffff)
00:34:24.345 > V (68) esp_image: segment data length 0x1c data starts 0x24de0
00:34:24.345 > V (69) esp_image: MMU page size 0x10000
00:34:24.345 > V (69) esp_image: segment 1 map_segment 0 segment_data_offs 0x24de0 load_addr 0x3ff9e010
00:34:24.345 > I (69) esp_image: segment 1: paddr=00024de0 vaddr=3ff9e010 size=0001ch[37m (    28) load
00:34:24.345 > D (70) esp_image: free data page_count 0x00000038
00:34:24.345 > D (70) bootloader_flash: rodata starts from paddr=0x00024de0, size=0x1c, will be mapped to vaddr=0x3f000000
00:34:24.345 > V (70) bootloader_flash: after mapping, starting from paddr=0x00020000 and vaddr=0x3f000000, 0x10000 bytes are mapped
00:34:24.345 > V (71) esp_image: loading segment header 2 at offset 0x24dfc
00:34:24.345 > D (71) bootloader_flash: mmu set block paddr=0x00020000 (was 0xffffffff)
00:34:24.345 > V (72) esp_image: segment data length 0x2ed8 data starts 0x24e04
00:34:24.345 > V (73) esp_image: MMU page size 0x10000
00:34:24.345 > V (73) esp_image: segment 2 map_segment 0 segment_data_offs 0x24e04 load_addr 0x3ffc5ad0
00:34:24.345 > I (74) esp_image: segment 2: paddr=00024e04 vaddr=3ffc5ad0 size=02ed8h ( 11992) load
00:34:24.345 > D (75) esp_image: free data page_count 0x00000038
00:34:24.345 > D (75) bootloader_flash: rodata starts from paddr=0x00024e04, size=0x2ed8, will be mapped to vaddr=0x3f000000
00:34:24.345 > V (76) bootloader_flash: after mapping, starting from paddr=0x00020000 and vaddr=0x3f000000, 0x10000 bytes are mapped
00:34:24.345 > V (79) esp_image: loading[37m segment header 3 at offset 0x27cdc
00:34:24.345 > D (79) bootloader_flash: mmu set block paddr=0x00020000 (was 0xffffffff)
00:34:24.345 > V (80) esp_image: segment data length 0x8334 data starts 0x27ce4
00:34:24.345 > V (81) esp_image: MMU page size 0x10000
00:34:24.345 > V (81) esp_image: segment 3 map_segment 0 segment_data_offs 0x27ce4 load_addr 0x40024000
00:34:24.345 > I (82) esp_image: segment 3: paddr=00027ce4 vaddr=40024000 size=08334h ( 33588) load
00:34:24.345 > D (83) esp_image: free data page_count 0x00000038
00:34:24.345 > D (83) bootloader_flash: rodata starts from paddr=0x00027ce4, size=0x8334, will be mapped to vaddr=0x3f000000
00:34:24.345 > V (83) bootloader_flash: after mapping, starting from paddr=0x00020000 and vaddr=0x3f000000, 0x20000 bytes are mapped
00:34:24.345 > V (92) esp_image: loading segment header 4 at offset 0x30018
00:34:24.345 > D (92) bootloader_flash: mmu set block paddr=0x00030000 (was 0xffffffff)
00:34:24.345 > V (93) esp_image: segment data length 0x3fd84 data starts 0x30020
00:34:24.345 > V (94) esp_image: MMU page size 0x10000
00:34:24.345 > V (94) esp_image: segment 4 map_segment 1 segment_data_offs 0x30020 load_addr 0x40080020
00:34:24.345 > I (95) esp_[37mimage: segment 4: paddr=00030020 vaddr=40080020 size=3fd84h (261508) map
00:34:24.345 > D (95) esp_image: free data page_count 0x00000038
00:34:24.345 > D (95) bootloader_flash: rodata starts from paddr=0x00030020, size=0x3fd84, will be mapped to vaddr=0x3f000000
00:34:24.345 > V (95) bootloader_flash: after mapping, starting from paddr=0x00030000 and vaddr=0x3f000000, 0x40000 bytes are mapped
00:34:24.345 > V (147) esp_image: loading segment header 5 at offset 0x6fda4
00:34:24.345 > D (147) bootloader_flash: mmu set block paddr=0x00060000 (was 0xffffffff)
00:34:24.345 > V (148) esp_image: segment data length 0x9798 data starts 0x6fdac
00:34:24.345 > V (149) esp_image: MMU page size 0x10000
00:34:24.345 > V (149) esp_image: segment 5 map_segment 0 segment_data_offs 0x6fdac load_addr 0x4002c334
00:34:24.345 > I (150) esp_image: segment 5: paddr=0006fdac vaddr=4002c334 size=09798h ( 38808) load
00:34:24.345 > D (150) esp_image: free data page_count 0x00000038
00:34:24.345 > D (150) bootloader_flash: rodata starts from paddr=0x0006fdac, size=0x9798, will be mapped to vaddr=0x3f000000
00:34:24.345 > V (150) bootloader_flash: after mapping, starting from paddr=0x00060000 and[37m vaddr=0x3f000000, 0x20000 bytes are mapped
00:34:24.346 > V (160) esp_image: image start 0x00010000 end of last section 0x00079544
00:34:24.346 > D (161) bootloader_flash: mmu set block paddr=0x00070000 (was 0xffffffff)
00:34:24.346 > I (171) boot: Loaded app from partition at offset 0x10000
00:34:24.346 > I (171) boot: Disabling RNG early entropy source...
00:34:24.346 > D (171) boot: Mapping segment 0 as DROM
00:34:24.346 > D (171) boot: Mapping segment 4 as IROM
00:34:24.346 > D (171) boot: calling set_cache_and_start_app
00:34:24.346 > D (171) boot: configure drom and irom and start
00:34:24.346 > V (171) boot: rodata starts from paddr=0x00010020, vaddr=0x3f000020, size=0x14db8
00:34:24.346 > V (173) boot: after mapping rodata, starting from paddr=0x00010000 and vaddr=0x3f000000, 0x20000 bytes are mapped
00:34:24.346 > V (173) boot: mapped one page of the rodata, from paddr=0x00010000 and vaddr=0x3f3f0000, 0x10000 bytes are mapped
00:34:24.346 > V (173) boot: text starts from paddr=0x00030020, vaddr=0x40080020, size=0x3fd84
00:34:24.346 > V (174) boot: after mapping text, starting from paddr=0x00030000 and vaddr=0x40080000, 0x40000 bytes are mapped
00:34:24.346 > D (175) boot: start: 0x40026a[37m3c
00:34:24.346 > I (197) main_task: Started on CPU0
00:34:24.346 > I (197) main_task: Calling app_main()
00:34:24.346 > [INFO][MAIN][13ms] START
00:34:24.346 > Guru Meditation Error: Core  0 panic'ed (LoadProhibited). Exception was unhandled.
00:34:24.346 > 
00:34:24.346 > Core  0 register dump:
00:34:24.346 > PC      : 0x400b443f  PS      : 0x00060530  A0      : 0x800a9f30  A1      : 0x3ffcdc40  
00:34:24.346 > A2      : 0x3ffce1d0  A3      : 0x00000000  A4      : 0x3ffcdc50  A5      : 0x3ffcdf90  
00:34:24.346 > A6      : 0x3ffcdf70  A7      : 0x00000008  A8      : 0x00000000  A9      : 0x3ffcdc30  
00:34:24.346 > A10     : 0x00000001  A11     : 0x3f01244e  A12     : 0x000000ff  A13     : 0x0000ff00  
00:34:24.346 > A14     : 0x00ff0000  A15     : 0xff000000  SAR     : 0x00000004  EXCCAUSE: 0x0000001c  
00:34:24.346 > EXCVADDR: 0x00000064  LBEG    : 0x000000ff  LEND    : 0x0000ff00  LCOUNT  : 0x4002a7e8  
00:34:24.346 > 
00:34:24.346 > 
00:34:24.346 > Backtrace: 0x400b443c:0x3ffcdc40 0x400a9f2d:0x3ffcdf60 0x40089be2:0x3ffcdfb0 0x4008a961:0x3ffce100 0x400bf73b:0x3ffce120 0x4002d279:0x3ffce150
00:34:24.346 > 
00:34:24.346 > 
00:34:24.346 > 
00:34:24.346 > 
00:34:24.346 > ELF file SHA256: 35bf3a624
00:34:24.346 > 
00:34:24.346 > Rebooting...
00:34:24.346 > I (32) boot: ESP-IDF 5.4.0 2nd stage bootloader
00:34:24.346 > I (32) boot: com[37mpile time Jul  3 2025 00:33:36
00:34:24.347 > D (32) bootloader_flash: XMC chip detected by RDID (00204016), skip.
00:34:24.347 > D (34) bootloader_flash: mmu set block paddr=0x00000000 (was 0xffffffff)
00:34:24.347 > I (35) boot: chip revision: v0.0
00:34:24.347 > I (35) boot: efuse block revision: v0.2
00:34:24.347 > D (35) boot.esp32s2: magic e9
00:34:24.347 > D (35) boot.esp32s2: segments 04
00:34:24.347 > D (35) boot.esp32s2: spi_mode 02
00:34:24.347 > D (36) boot.esp32s2: spi_speed 0f
00:34:24.347 > D (36) boot.esp32s2: spi_size 02
00:34:24.347 > I (36) boot.esp32s2: SPI Speed      : 80MHz
00:34:24.347 > I (36) boot.esp32s2: SPI Mode       : DIO
00:34:24.347 > I (36) boot.esp32s2: SPI Flash Size : 4MB
00:34:24.347 > D (37) boot: Enabling RTCWDT(9000 ms)
00:34:24.347 > I (37) boot: Enabling RNG early entropy source...
00:34:24.347 > D (37) bootloader_flash: rodata starts from paddr=0x00008000, size=0xc00, will be mapped to vaddr=0x3f000000
00:34:24.347 > V (37) bootloader_flash: after mapping, starting from paddr=0x00000000 and vaddr=0x3f000000, 0x10000 bytes are mapped
00:34:24.347 > D (37) boot: mapped partition table 0x8000 at 0x3f008000
00:34:24.347 > D (37) flash_parts: partition table verified, 5 entries
00:34:24.347 > I (38) boot: Partition Table:
00:34:24.347 > I (38[37m) boot: ## Label            Usage          Type ST Offset   Length
00:34:24.347 > D (39) boot: load partition table entry 0x3f008000
00:34:24.347 > D (39) boot: type=1 subtype=2
00:34:24.347 > I (39) boot:  0 nvs              WiFi data        01 02 00009000 00004000
00:34:24.347 > D (40) boot: load partition table entry 0x3f008020
00:34:24.347 > D (40) boot: type=1 subtype=1
00:34:24.347 > I (40) boot:  1 phy_init         RF data          01 01 0000d000 00001000
00:34:24.347 > D (41) boot: load partition table entry 0x3f008040
00:34:24.347 > D (42) boot: type=0 subtype=0
00:34:24.347 > I (42) boot:  2 factory          factory app      00 00 00010000 00100000
00:34:24.347 > D (43) boot: load partition table entry 0x3f008060
00:34:24.347 > D (43) boot: type=1 subtype=83
00:34:24.347 > I (43) boot:  3 storage          Unknown data     01 83 00110000 000f0000
00:34:24.347 > I (44) boot: End of partition table
00:34:24.347 > D (44) boot: Trying partition index -1 offs 0x10000 size 0x100000
00:34:24.347 > D (45) esp_image: reading image header @ 0x10000
00:34:24.347 > D (46) bootloader_flash: mmu set block paddr=0x00010000 (was 0xffffffff)
00:34:24.347 > D (47) esp_image: image header: 0xe9 0x06 0x02 0x02 40026a3c
00:34:24.347 > V (47) esp_image: loading seg[37mment header 0 at offset 0x10018
00:34:24.347 > V (47) esp_image: segment data length 0x14db8 data starts 0x10020
00:34:24.347 > V (48) esp_image: MMU page size 0x10000
00:34:24.347 > V (48) esp_image: segment 0 map_segment 1 segment_data_offs 0x10020 load_addr 0x3f000020
00:34:24.347 > I (48) esp_image: segment 0: paddr=00010020 vaddr=3f000020 size=14db8h ( 85432) map
00:34:24.347 > D (49) esp_image: free data page_count 0x00000038
00:34:24.347 > D (49) bootloader_flash: rodata starts from paddr=0x00010020, size=0x14db8, will be mapped to vaddr=0x3f000000
00:34:24.347 > V (49) bootloader_flash: after mapping, starting from paddr=0x00010000 and vaddr=0x3f000000, 0x20000 bytes are mapped
00:34:24.347 > V (66) esp_image: loading segment header 1 at offset 0x24dd8
00:34:24.347 > D (66) bootloader_flash: mmu set block paddr=0x00020000 (was 0xffffffff)
00:34:24.347 > V (67) esp_image: segment data length 0x1c data starts 0x24de0
00:34:24.347 > V (68) esp_image: MMU page size 0x10000
00:34:24.347 > V (68) esp_image: segment 1 map_segment 0 segment_data_offs 0x24de0 load_addr 0x3ff9e010
00:34:24.347 > I (68) esp_image: segment 1: paddr=00024de0 vaddr=3ff9e010 size=0001ch (    28) load
00:34:24.347 > D (69[37m) esp_image: free data page_count 0x00000038
00:34:24.348 > D (70) bootloader_flash: rodata starts from paddr=0x00024de0, size=0x1c, will be mapped to vaddr=0x3f000000
00:34:24.348 > V (70) bootloader_flash: after mapping, starting from paddr=0x00020000 and vaddr=0x3f000000, 0x10000 bytes are mapped
00:34:24.348 > V (71) esp_image: loading segment header 2 at offset 0x24dfc
00:34:24.348 > D (71) bootloader_flash: mmu set block paddr=0x00020000 (was 0xffffffff)
00:34:24.348 > V (72) esp_image: segment data length 0x2ed8 data starts 0x24e04
00:34:24.348 > V (73) esp_image: MMU page size 0x10000
00:34:24.348 > V (73) esp_image: segment 2 map_segment 0 segment_data_offs 0x24e04 load_addr 0x3ffc5ad0
00:34:24.348 > I (73) esp_image: segment 2: paddr=00024e04 vaddr=3ffc5ad0 size=02ed8h ( 11992) load
00:34:24.348 > D (74) esp_image: free data page_count 0x00000038
00:34:24.348 > D (74) bootloader_flash: rodata starts from paddr=0x00024e04, size=0x2ed8, will be mapped to vaddr=0x3f000000
00:34:24.348 > V (74) bootloader_flash: after mapping, starting from paddr=0x00020000 and vaddr=0x3f000000, 0x10000 bytes are mapped
00:34:24.348 > V (78) esp_image: loading segment header 3 at [37moffset 0x27cdc
00:34:24.348 > D (78) bootloader_flash: mmu set block paddr=0x00020000 (was 0xffffffff)
00:34:24.348 > V (79) esp_image: segment data length 0x8334 data starts 0x27ce4
00:34:24.348 > V (80) esp_image: MMU page size 0x10000
00:34:24.348 > V (80) esp_image: segment 3 map_segment 0 segment_data_offs 0x27ce4 load_addr 0x40024000
00:34:24.348 > I (81) esp_image: segment 3: paddr=00027ce4 vaddr=40024000 size=08334h ( 33588) load
00:34:24.348 > D (81) esp_image: free data page_count 0x00000038
00:34:24.348 > D (81) bootloader_flash: rodata starts from paddr=0x00027ce4, size=0x8334, will be mapped to vaddr=0x3f000000
00:34:24.348 > V (81) bootloader_flash: after mapping, starting from paddr=0x00020000 and vaddr=0x3f000000, 0x20000 bytes are mapped
00:34:24.348 > V (90) esp_image: loading segment header 4 at offset 0x30018
00:34:24.348 > D (90) bootloader_flash: mmu set block paddr=0x00030000 (was 0xffffffff)
00:34:24.348 > V (91) esp_image: segment data length 0x3fd84 data starts 0x30020
00:34:24.348 > V (92) esp_image: MMU page size 0x10000
00:34:24.348 > V (92) esp_image: segment 4 map_segment 1 segment_data_offs 0x30020 load_addr 0x40080020
00:34:24.348 > I (93) esp_image: segment 4: pad[37mdr=00030020 vaddr=40080020 size=3fd84h (261508) map
00:34:24.348 > D (93) esp_image: free data page_count 0x00000038
00:34:24.348 > D (93) bootloader_flash: rodata starts from paddr=0x00030020, size=0x3fd84, will be mapped to vaddr=0x3f000000
00:34:24.348 > V (94) bootloader_flash: after mapping, starting from paddr=0x00030000 and vaddr=0x3f000000, 0x40000 bytes are mapped
00:34:24.348 > V (146) esp_image: loading segment header 5 at offset 0x6fda4
00:34:24.348 > D (146) bootloader_flash: mmu set block paddr=0x00060000 (was 0xffffffff)
00:34:24.348 > V (147) esp_image: segment data length 0x9798 data starts 0x6fdac
00:34:24.348 > V (148) esp_image: MMU page size 0x10000
00:34:24.348 > V (148) esp_image: segment 5 map_segment 0 segment_data_offs 0x6fdac load_addr 0x4002c334
00:34:24.348 > I (149) esp_image: segment 5: paddr=0006fdac vaddr=4002c334 size=09798h ( 38808) load
00:34:24.348 > D (149) esp_image: free data page_count 0x00000038
00:34:24.348 > D (149) bootloader_flash: rodata starts from paddr=0x0006fdac, size=0x9798, will be mapped to vaddr=0x3f000000
00:34:24.348 > V (149) bootloader_flash: after mapping, starting from paddr=0x00060000 and vaddr=0x3f000000, 0x[37m20000 bytes are mapped
00:34:24.348 > V (159) esp_image: image start 0x00010000 end of last section 0x00079544
00:34:24.348 > D (160) bootloader_flash: mmu set block paddr=0x00070000 (was 0xffffffff)
00:34:24.348 > I (170) boot: Loaded app from partition at offset 0x10000
00:34:24.348 > I (170) boot: Disabling RNG early entropy source...
00:34:24.348 > D (170) boot: Mapping segment 0 as DROM
00:34:24.348 > D (171) boot: Mapping segment 4 as IROM
00:34:24.348 > D (171) boot: calling set_cache_and_start_app
00:34:24.348 > D (171) boot: configure drom and irom and start
00:34:24.348 > V (171) boot: rodata starts from paddr=0x00010020, vaddr=0x3f000020, size=0x14db8
00:34:24.348 > V (173) boot: after mapping rodata, starting from paddr=0x00010000 and vaddr=0x3f000000, 0x20000 bytes are mapped
00:34:24.348 > V (173) boot: mapped one page of the rodata, from paddr=0x00010000 and vaddr=0x3f3f0000, 0x10000 bytes are mapped
00:34:24.348 > V (173) boot: text starts from paddr=0x00030020, vaddr=0x40080020, size=0x3fd84
00:34:24.348 > V (174) boot: after mapping text, starting from paddr=0x00030000 and vaddr=0x40080000, 0x40000 bytes are mapped
00:34:24.348 > D (175) boot: start: 0x40026a3c
00:34:24.348 > I (197) main_task[37m: Started on CPU0
00:34:24.348 > I (197) main_task: Calling app_main()
00:34:24.348 > [INFO][MAIN][13ms] START
00:34:24.348 > Guru Meditation Error: Core  0 panic'ed (LoadProhibited). Exception was unhandled.
00:34:24.348 > 
00:34:24.348 > Core  0 register dump:
00:34:24.348 > PC      : 0x400b443f  PS      : 0x00060530  A0      : 0x800a9f30  A1      : 0x3ffcdc40  
00:34:24.348 > A2      : 0x3ffce1d0  A3      : 0x00000000  A4      : 0x3ffcdc50  A5      : 0x3ffcdf90  
00:34:24.348 > A6      : 0x3ffcdf70  A7      : 0x00000008  A8      : 0x00000000  A9      : 0x3ffcdc30  
00:34:24.348 > A10     : 0x00000001  A11     : 0x3f01244e  A12     : 0x000000ff  A13     : 0x0000ff00  
00:34:24.348 > A14     : 0x00ff0000  A15     : 0xff000000  SAR     : 0x00000004  EXCCAUSE: 0x0000001c  
00:34:24.348 > EXCVADDR: 0x00000064  LBEG    : 0x000000ff  LEND    : 0x0000ff00  LCOUNT  : 0x4002a7e8  
00:34:24.348 > 
00:34:24.348 > 
00:34:24.348 > Backtrace: 0x400b443c:0x3ffcdc40 0x400a9f2d:0x3ffcdf60 0x40089be2:0x3ffcdfb0 0x4008a961:0x3ffce100 0x400bf73b:0x3ffce120 0x4002d279:0x3ffce150
00:34:24.348 > 
00:34:24.348 > 
00:34:24.348 > 
00:34:24.348 > 
00:34:24.348 > ELF file SHA256: 35bf3a624
00:34:24.348 > 
00:34:24.348 > Rebooting...
00:34:24.348 > I (32) boot: ESP-IDF 5.4.0 2nd stage bootloader
00:34:24.348 > I (32) boot: compile time Jul  3 2025[37m 00:33:36
00:34:24.348 > D (33) bootloader_flash: XMC chip detected by RDID (00204016), skip.
00:34:24.348 > D (35) bootloader_flash: mmu set block paddr=0x00000000 (was 0xffffffff)
00:34:24.348 > I (36) boot: chip revision: v0.0
00:34:24.348 > I (36) boot: efuse block revision: v0.2
00:34:24.348 > D (36) boot.esp32s2: magic e9
00:34:24.348 > D (36) boot.esp32s2: segments 04
00:34:24.348 > D (36) boot.esp32s2: spi_mode 02
00:34:24.348 > D (36) boot.esp32s2: spi_speed 0f
00:34:24.348 > D (36) boot.esp32s2: spi_size 02
00:34:24.348 > I (36) boot.esp32s2: SPI Speed      : 80MHz
00:34:24.348 > I (37) boot.esp32s2: SPI Mode       : DIO
00:34:24.348 > I (37) boot.esp32s2: SPI Flash Size : 4MB
00:34:24.348 > D (38) boot: Enabling RTCWDT(9000 ms)
00:34:24.348 > I (38) boot: Enabling RNG early entropy source...
00:34:24.348 > D (38) bootloader_flash: rodata starts from paddr=0x00008000, size=0xc00, will be mapped to vaddr=0x3f000000
00:34:24.348 > V (38) bootloader_flash: after mapping, starting from paddr=0x00000000 and vaddr=0x3f000000, 0x10000 bytes are mapped
00:34:24.348 > D (38) boot: mapped partition table 0x8000 at 0x3f008000
00:34:24.348 > D (38) flash_parts: partition table verified, 5 entries
00:34:24.348 > I (39) boot: Partition Table:
00:34:24.348 > I (39) boot: ## Label     [37m       Usage          Type ST Offset   Length
00:34:24.349 > D (40) boot: load partition table entry 0x3f008000
00:34:24.349 > D (40) boot: type=1 subtype=2
00:34:24.349 > I (40) boot:  0 nvs              WiFi data        01 02 00009000 00004000
00:34:24.349 > D (41) boot: load partition table entry 0x3f008020
00:34:24.349 > D (41) boot: type=1 subtype=1
00:34:24.349 > I (41) boot:  1 phy_init         RF data          01 01 0000d000 00001000
00:34:24.349 > D (42) boot: load partition table entry 0x3f008040
00:34:24.349 > D (43) boot: type=0 subtype=0
00:34:24.349 > I (43) boot:  2 factory          factory app      00 00 00010000 00100000
00:34:24.349 > D (44) boot: load partition table entry 0x3f008060
00:34:24.349 > D (44) boot: type=1 subtype=83
00:34:24.349 > I (44) boot:  3 storage          Unknown data     01 83 00110000 000f0000
00:34:24.349 > I (45) boot: End of partition table
00:34:24.349 > D (45) boot: Trying partition index -1 offs 0x10000 size 0x100000
00:34:24.349 > D (46) esp_image: reading image header @ 0x10000
00:34:24.349 > D (47) bootloader_flash: mmu set block paddr=0x00010000 (was 0xffffffff)
00:34:24.349 > D (48) esp_image: image header: 0xe9 0x06 0x02 0x02 40026a3c
00:34:24.349 > V (48) esp_image: loading segment header 0 at offs[37met 0x10018
00:34:24.349 > V (48) esp_image: segment data length 0x14db8 data starts 0x10020
00:34:24.349 > V (49) esp_image: MMU page size 0x10000
00:34:24.349 > V (49) esp_image: segment 0 map_segment 1 segment_data_offs 0x10020 load_addr 0x3f000020
00:34:24.349 > I (49) esp_image: segment 0: paddr=00010020 vaddr=3f000020 size=14db8h ( 85432) map
00:34:24.349 > D (50) esp_image: free data page_count 0x00000038
00:34:24.349 > D (50) bootloader_flash: rodata starts from paddr=0x00010020, size=0x14db8, will be mapped to vaddr=0x3f000000
00:34:24.349 > V (50) bootloader_flash: after mapping, starting from paddr=0x00010000 and vaddr=0x3f000000, 0x20000 bytes are mapped
00:34:24.349 > V (67) esp_image: loading segment header 1 at offset 0x24dd8
00:34:24.349 > D (67) bootloader_flash: mmu set block paddr=0x00020000 (was 0xffffffff)
00:34:24.349 > V (68) esp_image: segment data length 0x1c data starts 0x24de0
00:34:24.349 > V (69) esp_image: MMU page size 0x10000
00:34:24.349 > V (69) esp_image: segment 1 map_segment 0 segment_data_offs 0x24de0 load_addr 0x3ff9e010
00:34:24.349 > I (69) esp_image: segment 1: paddr=00024de0 vaddr=3ff9e010 size=0001ch (    28) load
00:34:24.349 > D (70) esp_image: free dat[37ma page_count 0x00000038
00:34:24.349 > D (70) bootloader_flash: rodata starts from paddr=0x00024de0, size=0x1c, will be mapped to vaddr=0x3f000000
00:34:24.349 > V (71) bootloader_flash: after mapping, starting from paddr=0x00020000 and vaddr=0x3f000000, 0x10000 bytes are mapped
00:34:24.349 > V (72) esp_image: loading segment header 2 at offset 0x24dfc
00:34:24.349 > D (72) bootloader_flash: mmu set block paddr=0x00020000 (was 0xffffffff)
00:34:24.349 > V (73) esp_image: segment data length 0x2ed8 data starts 0x24e04
00:34:24.349 > V (74) esp_image: MMU page size 0x10000
00:34:24.349 > V (74) esp_image: segment 2 map_segment 0 segment_data_offs 0x24e04 load_addr 0x3ffc5ad0
00:34:24.349 > I (75) esp_image: segment 2: paddr=00024e04 vaddr=3ffc5ad0 size=02ed8h ( 11992) load
00:34:24.349 > D (76) esp_image: free data page_count 0x00000038
00:34:24.349 > D (76) bootloader_flash: rodata starts from paddr=0x00024e04, size=0x2ed8, will be mapped to vaddr=0x3f000000
00:34:24.349 > V (76) bootloader_flash: after mapping, starting from paddr=0x00020000 and vaddr=0x3f000000, 0x10000 bytes are mapped
00:34:24.349 > V (79) esp_image: loading segment header 3 at offset 0x27cdc
00:34:24.349 > D (79[37m) bootloader_flash: mmu set block paddr=0x00020000 (was 0xffffffff)
00:34:24.349 > V (80) esp_image: segment data length 0x8334 data starts 0x27ce4
00:34:24.349 > V (81) esp_image: MMU page size 0x10000
00:34:24.349 > V (81) esp_image: segment 3 map_segment 0 segment_data_offs 0x27ce4 load_addr 0x40024000
00:34:24.349 > I (82) esp_image: segment 3: paddr=00027ce4 vaddr=40024000 size=08334h ( 33588) load
00:34:24.349 > D (82) esp_image: free data page_count 0x00000038
00:34:24.349 > D (82) bootloader_flash: rodata starts from paddr=0x00027ce4, size=0x8334, will be mapped to vaddr=0x3f000000
00:34:24.349 > V (82) bootloader_flash: after mapping, starting from paddr=0x00020000 and vaddr=0x3f000000, 0x20000 bytes are mapped
00:34:24.349 > V (91) esp_image: loading segment header 4 at offset 0x30018
00:34:24.349 > D (91) bootloader_flash: mmu set block paddr=0x00030000 (was 0xffffffff)
00:34:24.349 > V (92) esp_image: segment data length 0x3fd84 data starts 0x30020
00:34:24.349 > V (93) esp_image: MMU page size 0x10000
00:34:24.349 > V (93) esp_image: segment 4 map_segment 1 segment_data_offs 0x30020 load_addr 0x40080020
00:34:24.349 > I (94) esp_image: segment 4: paddr=00030020 vaddr=400[37m80020 size=3fd84h (261508) map
00:34:24.349 > D (94) esp_image: free data page_count 0x00000038
00:34:24.349 > D (94) bootloader_flash: rodata starts from paddr=0x00030020, size=0x3fd84, will be mapped to vaddr=0x3f000000
00:34:24.349 > V (94) bootloader_flash: after mapping, starting from paddr=0x00030000 and vaddr=0x3f000000, 0x40000 bytes are mapped
00:34:24.349 > V (146) esp_image: loading segment header 5 at offset 0x6fda4
00:34:24.349 > D (146) bootloader_flash: mmu set block paddr=0x00060000 (was 0xffffffff)
00:34:24.349 > V (147) esp_image: segment data length 0x9798 data starts 0x6fdac
00:34:24.349 > V (148) esp_image: MMU page size 0x10000
00:34:24.349 > V (148) esp_image: segment 5 map_segment 0 segment_data_offs 0x6fdac load_addr 0x4002c334
00:34:24.349 > I (149) esp_image: segment 5: paddr=0006fdac vaddr=4002c334 size=09798h ( 38808) load
00:34:24.349 > D (149) esp_image: free data page_count 0x00000038
00:34:24.349 > D (149) bootloader_flash: rodata starts from paddr=0x0006fdac, size=0x9798, will be mapped to vaddr=0x3f000000
00:34:24.349 > V (149) bootloader_flash: after mapping, starting from paddr=0x00060000 and vaddr=0x3f000000, 0x20000 bytes are mappe[37md
00:34:24.350 > V (159) esp_image: image start 0x00010000 end of last section 0x00079544
00:34:24.350 > D (160) bootloader_flash: mmu set block paddr=0x00070000 (was 0xffffffff)
00:34:24.350 > I (170) boot: Loaded app from partition at offset 0x10000
00:34:24.350 > I (170) boot: Disabling RNG early entropy source...
00:34:24.350 > D (170) boot: Mapping segment 0 as DROM
00:34:24.350 > D (170) boot: Mapping segment 4 as IROM
00:34:24.350 > D (170) boot: calling set_cache_and_start_app
00:34:24.350 > D (171) boot: configure drom and irom and start
00:34:24.350 > V (171) boot: rodata starts from paddr=0x00010020, vaddr=0x3f000020, size=0x14db8
00:34:24.350 > V (173) boot: after mapping rodata, starting from paddr=0x00010000 and vaddr=0x3f000000, 0x20000 bytes are mapped
00:34:24.350 > V (173) boot: mapped one page of the rodata, from paddr=0x00010000 and vaddr=0x3f3f0000, 0x10000 bytes are mapped
00:34:24.350 > V (173) boot: text starts from paddr=0x00030020, vaddr=0x40080020, size=0x3fd84
00:34:24.350 > V (174) boot: after mapping text, starting from paddr=0x00030000 and vaddr=0x40080000, 0x40000 bytes are mapped
00:34:24.350 > D (175) boot: start: 0x40026a3c
00:34:24.350 > I (197) main_task: Started on CPU0
00:34:24.350 > I [37m(197) main_task: Calling app_main()
00:34:24.352 > [INFO][MAIN][13ms] START
00:34:24.352 > Guru Meditation Error: Core  0 panic'ed (LoadProhibited). Exception was unhandled.
00:34:24.352 > 
00:34:24.352 > Core  0 register dump:
00:34:24.352 > PC      : 0x400b443f  PS      : 0x00060530  A0      : 0x800a9f30  A1      : 0x3ffcdc40  
00:34:24.352 > A2      : 0x3ffce1d0  A3      : 0x00000000  A4      : 0x3ffcdc50  A5      : 0x3ffcdf90  
00:34:24.352 > A6      : 0x3ffcdf70  A7      : 0x00000008  A8      : 0x00000000  A9      : 0x3ffcdc30  
00:34:24.352 > A10     : 0x00000001  A11     : 0x3f01244e  A12     : 0x000000ff  A13     : 0x0000ff00  
00:34:24.352 > A14     : 0x00ff0000  A15     : 0xff000000  SAR     : 0x00000004  EXCCAUSE: 0x0000001c  
00:34:24.352 > EXCVADDR: 0x00000064  LBEG    : 0x000000ff  LEND    : 0x0000ff00  LCOUNT  : 0x4002a7e8  
00:34:24.352 > 
00:34:24.352 > 
00:34:24.352 > Backtrace: 0x400b443c:0x3ffcdc40 0x400a9f2d:0x3ffcdf60 0x40089be2:0x3ffcdfb0 0x4008a961:0x3ffce100 0x400bf73b:0x3ffce120 0x4002d279:0x3ffce150
00:34:24.352 > 
00:34:24.352 > 
00:34:24.352 > 
00:34:24.352 > 
00:34:24.352 > ELF file SHA256: 35bf3a624
00:34:24.352 > 
00:34:24.352 > Rebooting...
00:34:24.352 > I (32) boot: ESP-IDF 5.4.0 2nd stage bootloader
00:34:24.352 > I (32) boot: compile time Jul  3 2025 00:33:36
00:34:24.352 > D (32) boo[37mtloader_flash: XMC chip detected by RDID (00204016), skip.
00:34:24.352 > D (34) bootloader_flash: mmu set block paddr=0x00000000 (was 0xffffffff)
00:34:24.352 > I (35) boot: chip revision: v0.0
00:34:24.352 > I (35) boot: efuse block revision: v0.2
00:34:24.352 > D (35) boot.esp32s2: magic e9
00:34:24.352 > D (35) boot.esp32s2: segments 04
00:34:24.352 > D (35) boot.esp32s2: spi_mode 02
00:34:24.352 > D (35) boot.esp32s2: spi_speed 0f
00:34:24.352 > D (35) boot.esp32s2: spi_size 02
00:34:24.352 > I (35) boot.esp32s2: SPI Speed      : 80MHz
00:34:24.352 > I (35) boot.esp32s2: SPI Mode       : DIO
00:34:24.352 > I (35) boot.esp32s2: SPI Flash Size : 4MB
00:34:24.352 > D (36) boot: Enabling RTCWDT(9000 ms)
00:34:24.352 > I (36) boot: Enabling RNG early entropy source...
00:34:24.352 > D (36) bootloader_flash: rodata starts from paddr=0x00008000, size=0xc00, will be mapped to vaddr=0x3f000000
00:34:24.352 > V (36) bootloader_flash: after mapping, starting from paddr=0x00000000 and vaddr=0x3f000000, 0x10000 bytes are mapped
00:34:24.352 > D (36) boot: mapped partition table 0x8000 at 0x3f008000
00:34:24.352 > D (36) flash_parts: partition table verified, 5 entries
00:34:24.352 > I (37) boot: Partition Table:
00:34:24.352 > I (38) boot: ## Label            Usage         [37m Type ST Offset   Length
00:34:24.353 > D (39) boot: load partition table entry 0x3f008000
00:34:24.353 > D (39) boot: type=1 subtype=2
00:34:24.353 > I (39) boot:  0 nvs              WiFi data        01 02 00009000 00004000
00:34:24.353 > D (40) boot: load partition table entry 0x3f008020
00:34:24.353 > D (40) boot: type=1 subtype=1
00:34:24.353 > I (40) boot:  1 phy_init         RF data          01 01 0000d000 00001000
00:34:24.353 > D (41) boot: load partition table entry 0x3f008040
00:34:24.353 > D (42) boot: type=0 subtype=0
00:34:24.353 > I (43) boot:  2 factory          factory app      00 00 00010000 00100000
00:34:24.353 > D (44) boot: load partition table entry 0x3f008060
00:34:24.353 > D (44) boot: type=1 subtype=83
00:34:24.353 > I (44) boot:  3 storage          Unknown data     01 83 00110000 000f0000
00:34:24.353 > I (45) boot: End of partition table
00:34:24.353 > D (45) boot: Trying partition index -1 offs 0x10000 size 0x100000
00:34:24.353 > D (46) esp_image: reading image header @ 0x10000
00:34:24.353 > D (47) bootloader_flash: mmu set block paddr=0x00010000 (was 0xffffffff)
00:34:24.353 > D (48) esp_image: image header: 0xe9 0x06 0x02 0x02 40026a3c
00:34:24.353 > V (48) esp_image: loading segment header 0 at offset 0x10018
00:34:24.353 > V (48) es[37mp_image: segment data length 0x14db8 data starts 0x10020
00:34:24.353 > V (49) esp_image: MMU page size 0x10000
00:34:24.353 > V (49) esp_image: segment 0 map_segment 1 segment_data_offs 0x10020 load_addr 0x3f000020
00:34:24.353 > I (49) esp_image: segment 0: paddr=00010020 vaddr=3f000020 size=14db8h ( 85432) map
00:34:24.353 > D (50) esp_image: free data page_count 0x00000038
00:34:24.353 > D (50) bootloader_flash: rodata starts from paddr=0x00010020, size=0x14db8, will be mapped to vaddr=0x3f000000
00:34:24.353 > V (50) bootloader_flash: after mapping, starting from paddr=0x00010000 and vaddr=0x3f000000, 0x20000 bytes are mapped
00:34:24.353 > V (67) esp_image: loading segment header 1 at offset 0x24dd8
00:34:24.353 > D (67) bootloader_flash: mmu set block paddr=0x00020000 (was 0xffffffff)
00:34:24.353 > V (68) esp_image: segment data length 0x1c data starts 0x24de0
00:34:24.353 > V (69) esp_image: MMU page size 0x10000
00:34:24.353 > V (69) esp_image: segment 1 map_segment 0 segment_data_offs 0x24de0 load_addr 0x3ff9e010
00:34:24.353 > I (69) esp_image: segment 1: paddr=00024de0 vaddr=3ff9e010 size=0001ch (    28) load
00:34:24.353 > D (70) esp_image: free data page_count 0x000000[37m38
00:34:24.353 > D (70) bootloader_flash: rodata starts from paddr=0x00024de0, size=0x1c, will be mapped to vaddr=0x3f000000
00:34:24.353 > V (70) bootloader_flash: after mapping, starting from paddr=0x00020000 and vaddr=0x3f000000, 0x10000 bytes are mapped
00:34:24.353 > V (72) esp_image: loading segment header 2 at offset 0x24dfc
00:34:24.353 > D (72) bootloader_flash: mmu set block paddr=0x00020000 (was 0xffffffff)
00:34:24.353 > V (73) esp_image: segment data length 0x2ed8 data starts 0x24e04
00:34:24.353 > V (74) esp_image: MMU page size 0x10000
00:34:24.353 > V (74) esp_image: segment 2 map_segment 0 segment_data_offs 0x24e04 load_addr 0x3ffc5ad0
00:34:24.353 > I (74) esp_image: segment 2: paddr=00024e04 vaddr=3ffc5ad0 size=02ed8h ( 11992) load
00:34:24.353 > D (76) esp_image: free data page_count 0x00000038
00:34:24.353 > D (76) bootloader_flash: rodata starts from paddr=0x00024e04, size=0x2ed8, will be mapped to vaddr=0x3f000000
00:34:24.353 > V (76) bootloader_flash: after mapping, starting from paddr=0x00020000 and vaddr=0x3f000000, 0x10000 bytes are mapped
00:34:24.353 > V (79) esp_image: loading segment header 3 at offset 0x27cdc
00:34:24.353 > D (79) bootloader_flash: m[37mmu set block paddr=0x00020000 (was 0xffffffff)
00:34:24.354 > V (80) esp_image: segment data length 0x8334 data starts 0x27ce4
00:34:24.354 > V (81) esp_image: MMU page size 0x10000
00:34:24.354 > V (81) esp_image: segment 3 map_segment 0 segment_data_offs 0x27ce4 load_addr 0x40024000
00:34:24.354 > I (82) esp_image: segment 3: paddr=00027ce4 vaddr=40024000 size=08334h ( 33588) load
00:34:24.354 > D (82) esp_image: free data page_count 0x00000038
00:34:24.354 > D (82) bootloader_flash: rodata starts from paddr=0x00027ce4, size=0x8334, will be mapped to vaddr=0x3f000000
00:34:24.354 > V (82) bootloader_flash: after mapping, starting from paddr=0x00020000 and vaddr=0x3f000000, 0x20000 bytes are mapped
00:34:24.354 > V (91) esp_image: loading segment header 4 at offset 0x30018
00:34:24.354 > D (91) bootloader_flash: mmu set block paddr=0x00030000 (was 0xffffffff)
00:34:24.354 > V (92) esp_image: segment data length 0x3fd84 data starts 0x30020
00:34:24.354 > V (93) esp_image: MMU page size 0x10000
00:34:24.354 > V (93) esp_image: segment 4 map_segment 1 segment_data_offs 0x30020 load_addr 0x40080020
00:34:24.354 > I (94) esp_image: segment 4: paddr=00030020 vaddr=40080020 size=3fd84h (26[37m1508) map
00:34:24.354 > D (94) esp_image: free data page_count 0x00000038
00:34:24.354 > D (94) bootloader_flash: rodata starts from paddr=0x00030020, size=0x3fd84, will be mapped to vaddr=0x3f000000
00:34:24.354 > V (94) bootloader_flash: after mapping, starting from paddr=0x00030000 and vaddr=0x3f000000, 0x40000 bytes are mapped
00:34:24.354 > V (146) esp_image: loading segment header 5 at offset 0x6fda4
00:34:24.354 > D (146) bootloader_flash: mmu set block paddr=0x00060000 (was 0xffffffff)
00:34:24.354 > V (147) esp_image: segment data length 0x9798 data starts 0x6fdac
00:34:24.354 > V (148) esp_image: MMU page size 0x10000
00:34:24.354 > V (148) esp_image: segment 5 map_segment 0 segment_data_offs 0x6fdac load_addr 0x4002c334
00:34:24.354 > I (149) esp_image: segment 5: paddr=0006fdac vaddr=4002c334 size=09798h ( 38808) load
00:34:24.354 > D (149) esp_image: free data page_count 0x00000038
00:34:24.354 > D (149) bootloader_flash: rodata starts from paddr=0x0006fdac, size=0x9798, will be mapped to vaddr=0x3f000000
00:34:24.354 > V (149) bootloader_flash: after mapping, starting from paddr=0x00060000 and vaddr=0x3f000000, 0x20000 bytes are mapped
00:34:24.354 > V (159) esp_image:[37m image start 0x00010000 end of last section 0x00079544
00:34:24.354 > D (160) bootloader_flash: mmu set block paddr=0x00070000 (was 0xffffffff)
00:34:24.354 > I (170) boot: Loaded app from partition at offset 0x10000
00:34:24.354 > I (170) boot: Disabling RNG early entropy source...
00:34:24.354 > D (170) boot: Mapping segment 0 as DROM
00:34:24.354 > D (170) boot: Mapping segment 4 as IROM
00:34:24.354 > D (170) boot: calling set_cache_and_start_app
00:34:24.354 > D (170) boot: configure drom and irom and start
00:34:24.354 > V (170) boot: rodata starts from paddr=0x00010020, vaddr=0x3f000020, size=0x14db8
00:34:24.354 > V (172) boot: after mapping rodata, starting from paddr=0x00010000 and vaddr=0x3f000000, 0x20000 bytes are mapped
00:34:24.354 > V (172) boot: mapped one page of the rodata, from paddr=0x00010000 and vaddr=0x3f3f0000, 0x10000 bytes are mapped
00:34:24.354 > V (172) boot: text starts from paddr=0x00030020, vaddr=0x40080020, size=0x3fd84
00:34:24.354 > V (173) boot: after mapping text, starting from paddr=0x00030000 and vaddr=0x40080000, 0x40000 bytes are mapped
00:34:24.354 > D (174) boot: start: 0x40026a3c
00:34:24.354 > I (196) main_task: Started on CPU0
00:34:24.354 > I (196) main_task: Call[37ming app_main()
00:34:24.355 > [INFO][MAIN][13ms] START
00:34:24.355 > Guru Meditation Error: Core  0 panic'ed (LoadProhibited). Exception was unhandled.
00:34:24.355 > 
00:34:24.355 > Core  0 register dump:
00:34:24.355 > PC      : 0x400b443f  PS      : 0x00060530  A0      : 0x800a9f30  A1      : 0x3ffcdc40  
00:34:24.355 > A2      : 0x3ffce1d0  A3      : 0x00000000  A4      : 0x3ffcdc50  A5      : 0x3ffcdf90  
00:34:24.355 > A6      : 0x3ffcdf70  A7      : 0x00000008  A8      : 0x00000000  A9      : 0x3ffcdc30  
00:34:24.355 > A10     : 0x00000001  A11     : 0x3f01244e  A12     : 0x000000ff  A13     : 0x0000ff00  
00:34:24.355 > A14     : 0x00ff0000  A15     : 0xff000000  SAR     : 0x00000004  EXCCAUSE: 0x0000001c  
00:34:24.355 > EXCVADDR: 0x00000064  LBEG    : 0x000000ff  LEND    : 0x0000ff00  LCOUNT  : 0x4002a7e8  
00:34:24.355 > 
00:34:24.355 > 
00:34:24.355 > Backtrace: 0x400b443c:0x3ffcdc40 0x400a9f2d:0x3ffcdf60 0x40089be2:0x3ffcdfb0 0x4008a961:0x3ffce100 0x400bf73b:0x3ffce120 0x4002d279:0x3ffce150
00:34:24.355 > 
00:34:24.355 > 
00:34:24.355 > 
00:34:24.355 > 
00:34:24.355 > ELF file SHA256: 35bf3a624
00:34:24.355 > 
00:34:24.355 > Rebooting...
00:34:24.355 > I (32) boot: ESP-IDF 5.4.0 2nd stage bootloader
00:34:24.355 > I (32) boot: compile time Jul  3 2025 00:33:36
00:34:24.355 > D (32) bootloader_flash: XMC ch[37mip detected by RDID (00204016), skip.
00:34:24.355 > D (34) bootloader_flash: mmu set block paddr=0x00000000 (was 0xffffffff)
00:34:24.355 > I (35) boot: chip revision: v0.0
00:34:24.355 > I (36) boot: efuse block revision: v0.2
00:34:24.355 > D (36) boot.esp32s2: magic e9
00:34:24.355 > D (36) boot.esp32s2: segments 04
00:34:24.355 > D (36) boot.esp32s2: spi_mode 02
00:34:24.355 > D (36) boot.esp32s2: spi_speed 0f
00:34:24.355 > D (36) boot.esp32s2: spi_size 02
00:34:24.355 > I (36) boot.esp32s2: SPI Speed      : 80MHz
00:34:24.355 > I (36) boot.esp32s2: SPI Mode       : DIO
00:34:24.355 > I (36) boot.esp32s2: SPI Flash Size : 4MB
00:34:24.355 > D (37) boot: Enabling RTCWDT(9000 ms)
00:34:24.355 > I (37) boot: Enabling RNG early entropy source...
00:34:24.355 > D (37) bootloader_flash: rodata starts from paddr=0x00008000, size=0xc00, will be mapped to vaddr=0x3f000000
00:34:24.355 > V (37) bootloader_flash: after mapping, starting from paddr=0x00000000 and vaddr=0x3f000000, 0x10000 bytes are mapped
00:34:24.355 > D (37) boot: mapped partition table 0x8000 at 0x3f008000
00:34:24.355 > D (37) flash_parts: partition table verified, 5 entries
00:34:24.355 > I (38) boot: Partition Table:
00:34:24.355 > I (38) boot: ## Label            Usage          Type ST Offset   Len[37mgth
00:34:24.355 > D (39) boot: load partition table entry 0x3f008000
00:34:24.355 > D (39) boot: type=1 subtype=2
00:34:24.355 > I (39) boot:  0 nvs              WiFi data        01 02 00009000 00004000
00:34:24.355 > D (40) boot: load partition table entry 0x3f008020
00:34:24.355 > D (40) boot: type=1 subtype=1
00:34:24.355 > I (40) boot:  1 phy_init         RF data          01 01 0000d000 00001000
00:34:24.355 > D (41) boot: load partition table entry 0x3f008040
00:34:24.355 > D (42) boot: type=0 subtype=0
00:34:24.355 > I (42) boot:  2 factory          factory app      00 00 00010000 00100000
00:34:24.355 > D (43) boot: load partition table entry 0x3f008060
00:34:24.355 > D (43) boot: type=1 subtype=83
00:34:24.355 > I (43) boot:  3 storage          Unknown data     01 83 00110000 000f0000
00:34:24.355 > I (44) boot: End of partition table
00:34:24.355 > D (44) boot: Trying partition index -1 offs 0x10000 size 0x100000
00:34:24.355 > D (45) esp_image: reading image header @ 0x10000
00:34:24.355 > D (46) bootloader_flash: mmu set block paddr=0x00010000 (was 0xffffffff)
00:34:24.355 > D (47) esp_image: image header: 0xe9 0x06 0x02 0x02 40026a3c
00:34:24.355 > V (47) esp_image: loading segment header 0 at offset 0x10018
00:34:24.355 > V (47) esp_image: segment data[37m length 0x14db8 data starts 0x10020
00:34:24.355 > V (48) esp_image: MMU page size 0x10000
00:34:24.355 > V (48) esp_image: segment 0 map_segment 1 segment_data_offs 0x10020 load_addr 0x3f000020
00:34:24.355 > I (48) esp_image: segment 0: paddr=00010020 vaddr=3f000020 size=14db8h ( 85432) map
00:34:24.355 > D (49) esp_image: free data page_count 0x00000038
00:34:24.355 > D (49) bootloader_flash: rodata starts from paddr=0x00010020, size=0x14db8, will be mapped to vaddr=0x3f000000
00:34:24.355 > V (49) bootloader_flash: after mapping, starting from paddr=0x00010000 and vaddr=0x3f000000, 0x20000 bytes are mapped
00:34:24.355 > V (66) esp_image: loading segment header 1 at offset 0x24dd8
00:34:24.355 > D (66) bootloader_flash: mmu set block paddr=0x00020000 (was 0xffffffff)
00:34:24.355 > V (67) esp_image: segment data length 0x1c data starts 0x24de0
00:34:24.355 > V (68) esp_image: MMU page size 0x10000
00:34:24.355 > V (68) esp_image: segment 1 map_segment 0 segment_data_offs 0x24de0 load_addr 0x3ff9e010
00:34:24.355 > I (69) esp_image: segment 1: paddr=00024de0 vaddr=3ff9e010 size=0001ch (    28) load
00:34:24.355 > D (70) esp_image: free data page_count 0x00000038
00:34:24.355 > D (70) bootloader[37m_flash: rodata starts from paddr=0x00024de0, size=0x1c, will be mapped to vaddr=0x3f000000
00:34:24.355 > V (70) bootloader_flash: after mapping, starting from paddr=0x00020000 and vaddr=0x3f000000, 0x10000 bytes are mapped
00:34:24.355 > V (71) esp_image: loading segment header 2 at offset 0x24dfc
00:34:24.355 > D (71) bootloader_flash: mmu set block paddr=0x00020000 (was 0xffffffff)
00:34:24.355 > V (72) esp_image: segment data length 0x2ed8 data starts 0x24e04
00:34:24.355 > V (73) esp_image: MMU page size 0x10000
00:34:24.355 > V (73) esp_image: segment 2 map_segment 0 segment_data_offs 0x24e04 load_addr 0x3ffc5ad0
00:34:24.355 > I (73) esp_image: segment 2: paddr=00024e04 vaddr=3ffc5ad0 size=02ed8h ( 11992) load
00:34:24.355 > D (74) esp_image: free data page_count 0x00000038
00:34:24.355 > D (74) bootloader_flash: rodata starts from paddr=0x00024e04, size=0x2ed8, will be mapped to vaddr=0x3f000000
00:34:24.355 > V (75) bootloader_flash: after mapping, starting from paddr=0x00020000 and vaddr=0x3f000000, 0x10000 bytes are mapped
00:34:24.355 > V (78) esp_image: loading segment header 3 at offset 0x27cdc
00:34:24.355 > D (78) bootloader_flash: mmu set block paddr=0x[37m00020000 (was 0xffffffff)
00:34:24.355 > V (79) esp_image: segment data length 0x8334 data starts 0x27ce4
00:34:24.355 > V (80) esp_image: MMU page size 0x10000
00:34:24.355 > V (80) esp_image: segment 3 map_segment 0 segment_data_offs 0x27ce4 load_addr 0x40024000
00:34:24.355 > I (81) esp_image: segment 3: paddr=00027ce4 vaddr=40024000 size=08334h ( 33588) load
00:34:24.355 > D (81) esp_image: free data page_count 0x00000038
00:34:24.355 > D (81) bootloader_flash: rodata starts from paddr=0x00027ce4, size=0x8334, will be mapped to vaddr=0x3f000000
00:34:24.355 > V (81) bootloader_flash: after mapping, starting from paddr=0x00020000 and vaddr=0x3f000000, 0x20000 bytes are mapped
00:34:24.355 > V (90) esp_image: loading segment header 4 at offset 0x30018
00:34:24.355 > D (90) bootloader_flash: mmu set block paddr=0x00030000 (was 0xffffffff)
00:34:24.355 > V (91) esp_image: segment data length 0x3fd84 data starts 0x30020
00:34:24.355 > V (92) esp_image: MMU page size 0x10000
00:34:24.355 > V (92) esp_image: segment 4 map_segment 1 segment_data_offs 0x30020 load_addr 0x40080020
00:34:24.355 > I (93) esp_image: segment 4: paddr=00030020 vaddr=40080020 size=3fd84h (261508) map
00:34:24.355 > D (94) esp[37m_image: free data page_count 0x00000038
00:34:24.356 > D (94) bootloader_flash: rodata starts from paddr=0x00030020, size=0x3fd84, will be mapped to vaddr=0x3f000000
00:34:24.356 > V (94) bootloader_flash: after mapping, starting from paddr=0x00030000 and vaddr=0x3f000000, 0x40000 bytes are mapped
00:34:24.356 > V (146) esp_image: loading segment header 5 at offset 0x6fda4
00:34:24.356 > D (146) bootloader_flash: mmu set block paddr=0x00060000 (was 0xffffffff)
00:34:24.356 > V (147) esp_image: segment data length 0x9798 data starts 0x6fdac
00:34:24.356 > V (148) esp_image: MMU page size 0x10000
00:34:24.356 > V (148) esp_image: segment 5 map_segment 0 segment_data_offs 0x6fdac load_addr 0x4002c334
00:34:24.356 > I (149) esp_image: segment 5: paddr=0006fdac vaddr=4002c334 size=09798h ( 38808) load
00:34:24.356 > D (149) esp_image: free data page_count 0x00000038
00:34:24.356 > D (150) bootloader_flash: rodata starts from paddr=0x0006fdac, size=0x9798, will be mapped to vaddr=0x3f000000
00:34:24.356 > V (150) bootloader_flash: after mapping, starting from paddr=0x00060000 and vaddr=0x3f000000, 0x20000 bytes are mapped
00:34:24.356 > V (160) esp_image: image start 0x000100[37m00 end of last section 0x00079544
00:34:24.356 > D (161) bootloader_flash: mmu set block paddr=0x00070000 (was 0xffffffff)
00:34:24.356 > I (171) boot: Loaded app from partition at offset 0x10000
00:34:24.356 > I (171) boot: Disabling RNG early entropy source...
00:34:24.356 > D (171) boot: Mapping segment 0 as DROM
00:34:24.356 > D (171) boot: Mapping segment 4 as IROM
00:34:24.356 > D (171) boot: calling set_cache_and_start_app
00:34:24.356 > D (171) boot: configure drom and irom and start
00:34:24.356 > V (171) boot: rodata starts from paddr=0x00010020, vaddr=0x3f000020, size=0x14db8
00:34:24.356 > V (173) boot: after mapping rodata, starting from paddr=0x00010000 and vaddr=0x3f000000, 0x20000 bytes are mapped
00:34:24.356 > V (173) boot: mapped one page of the rodata, from paddr=0x00010000 and vaddr=0x3f3f0000, 0x10000 bytes are mapped
00:34:24.356 > V (173) boot: text starts from paddr=0x00030020, vaddr=0x40080020, size=0x3fd84
00:34:24.356 > V (174) boot: after mapping text, starting from paddr=0x00030000 and vaddr=0x40080000, 0x40000 bytes are mapped
00:34:24.356 > D (175) boot: start: 0x40026a3c
00:34:24.356 > I (197) main_task: Started on CPU0
00:34:24.356 > I (197) main_task: Calling app_main()
00:34:24.356 > [INFO[37m][MAIN][13ms] START
00:34:24.356 > Guru Meditation Error: Core  0 panic'ed (LoadProhibited). Exception was unhandled.
00:34:24.356 > 
00:34:24.356 > Core  0 register dump:
00:34:24.356 > PC      : 0x400b443f  PS      : 0x00060930  A0      : 0x800a9f30  A1      : 0x3ffcdc40  
00:34:24.356 > A2      : 0x3ffce1d0  A3      : 0x00000000  A4      : 0x3ffcdc50  A5      : 0x3ffcdf90  
00:34:24.356 > A6      : 0x3ffcdf70  A7      : 0x00000008  A8      : 0x00000000  A9      : 0x3ffcdc30  
00:34:24.356 > A10     : 0x00000001  A11     : 0x3f01244e  A12     : 0x000000ff  A13     : 0x0000ff00  
00:34:24.356 > A14     : 0x00ff0000  A15     : 0xff000000  SAR     : 0x00000004  EXCCAUSE: 0x0000001c  
00:34:24.356 > EXCVADDR: 0x00000064  LBEG    : 0x000000ff  LEND    : 0x0000ff00  LCOUNT  : 0x4002a7e8  
00:34:24.356 > 
00:34:24.356 > 
00:34:24.356 > Backtrace: 0x400b443c:0x3ffcdc40 0x400a9f2d:0x3ffcdf60 0x40089be2:0x3ffcdfb0 0x4008a961:0x3ffce100 0x400bf73b:0x3ffce120 0x4002d279:0x3ffce150
00:34:24.356 > 
00:34:24.356 > 
00:34:24.356 > 
00:34:24.356 > 
00:34:24.356 > ELF file SHA256: 35bf3a624
00:34:24.356 > 
00:34:24.356 > Rebooting...
00:34:24.356 > I (32) boot: ESP-IDF 5.4.0 2nd stage bootloader
00:34:24.356 > I (32) boot: compile time Jul  3 2025 00:33:36
00:34:24.356 > D (32) bootloader_flash: XMC chip detected by RDID ([37m00204016), skip.
00:34:24.356 > D (34) bootloader_flash: mmu set block paddr=0x00000000 (was 0xffffffff)
00:34:24.356 > I (35) boot: chip revision: v0.0
00:34:24.356 > I (35) boot: efuse block revision: v0.2
00:34:24.356 > D (35) boot.esp32s2: magic e9
00:34:24.356 > D (35) boot.esp32s2: segments 04
00:34:24.356 > D (35) boot.esp32s2: spi_mode 02
00:34:24.356 > D (35) boot.esp32s2: spi_speed 0f
00:34:24.356 > D (35) boot.esp32s2: spi_size 02
00:34:24.356 > I (35) boot.esp32s2: SPI Speed      : 80MHz
00:34:24.356 > I (35) boot.esp32s2: SPI Mode       : DIO
00:34:24.356 > I (35) boot.esp32s2: SPI Flash Size : 4MB
00:34:24.356 > D (36) boot: Enabling RTCWDT(9000 ms)
00:34:24.356 > I (36) boot: Enabling RNG early entropy source...
00:34:24.356 > D (36) bootloader_flash: rodata starts from paddr=0x00008000, size=0xc00, will be mapped to vaddr=0x3f000000
00:34:24.356 > V (36) bootloader_flash: after mapping, starting from paddr=0x00000000 and vaddr=0x3f000000, 0x10000 bytes are mapped
00:34:24.356 > D (36) boot: mapped partition table 0x8000 at 0x3f008000
00:34:24.356 > D (36) flash_parts: partition table verified, 5 entries
00:34:24.356 > I (37) boot: Partition Table:
00:34:24.356 > I (37) boot: ## Label            Usage          Type ST Offset   Length
00:34:24.356 > D (38) boot: loa[37md partition table entry 0x3f008000
00:34:24.356 > D (38) boot: type=1 subtype=2
00:34:24.356 > I (38) boot:  0 nvs              WiFi data        01 02 00009000 00004000
00:34:24.356 > D (39) boot: load partition table entry 0x3f008020
00:34:24.356 > D (39) boot: type=1 subtype=1
00:34:24.356 > I (39) boot:  1 phy_init         RF data          01 01 0000d000 00001000
00:34:24.356 > D (40) boot: load partition table entry 0x3f008040
00:34:24.356 > D (41) boot: type=0 subtype=0
00:34:24.356 > I (41) boot:  2 factory          factory app      00 00 00010000 00100000
00:34:24.356 > D (42) boot: load partition table entry 0x3f008060
00:34:24.356 > D (42) boot: type=1 subtype=83
00:34:24.356 > I (42) boot:  3 storage          Unknown data     01 83 00110000 000f0000
00:34:24.356 > I (43) boot: End of partition table
00:34:24.356 > D (43) boot: Trying partition index -1 offs 0x10000 size 0x100000
00:34:24.356 > D (44) esp_image: reading image header @ 0x10000
00:34:24.356 > D (45) bootloader_flash: mmu set block paddr=0x00010000 (was 0xffffffff)
00:34:24.356 > D (46) esp_image: image header: 0xe9 0x06 0x02 0x02 40026a3c
00:34:24.356 > V (46) esp_image: loading segment header 0 at offset 0x10018
00:34:24.356 > V (46) esp_image: segment data length 0x14db8 data [37mstarts 0x10020
00:34:24.356 > V (47) esp_image: MMU page size 0x10000
00:34:24.356 > V (47) esp_image: segment 0 map_segment 1 segment_data_offs 0x10020 load_addr 0x3f000020
00:34:24.356 > I (47) esp_image: segment 0: paddr=00010020 vaddr=3f000020 size=14db8h ( 85432) map
00:34:24.356 > D (48) esp_image: free data page_count 0x00000038
00:34:24.356 > D (48) bootloader_flash: rodata starts from paddr=0x00010020, size=0x14db8, will be mapped to vaddr=0x3f000000
00:34:24.356 > V (48) bootloader_flash: after mapping, starting from paddr=0x00010000 and vaddr=0x3f000000, 0x20000 bytes are mapped
00:34:24.356 > V (65) esp_image: loading segment header 1 at offset 0x24dd8
00:34:24.356 > D (65) bootloader_flash: mmu set block paddr=0x00020000 (was 0xffffffff)
00:34:24.356 > V (66) esp_image: segment data length 0x1c data starts 0x24de0
00:34:24.356 > V (67) esp_image: MMU page size 0x10000
00:34:24.356 > V (67) esp_image: segment 1 map_segment 0 segment_data_offs 0x24de0 load_addr 0x3ff9e010
00:34:24.356 > I (67) esp_image: segment 1: paddr=00024de0 vaddr=3ff9e010 size=0001ch (    28) load
00:34:24.356 > D (68) esp_image: free data page_count 0x00000038
00:34:24.356 > D (68) bootloader_flash: rodata starts[37m from paddr=0x00024de0, size=0x1c, will be mapped to vaddr=0x3f000000
00:34:24.356 > V (68) bootloader_flash: after mapping, starting from paddr=0x00020000 and vaddr=0x3f000000, 0x10000 bytes are mapped
00:34:24.356 > V (69) esp_image: loading segment header 2 at offset 0x24dfc
00:34:24.356 > D (69) bootloader_flash: mmu set block paddr=0x00020000 (was 0xffffffff)
00:34:24.356 > V (70) esp_image: segment data length 0x2ed8 data starts 0x24e04
00:34:24.356 > V (71) esp_image: MMU page size 0x10000
00:34:24.356 > V (71) esp_image: segment 2 map_segment 0 segment_data_offs 0x24e04 load_addr 0x3ffc5ad0
00:34:24.356 > I (71) esp_image: segment 2: paddr=00024e04 vaddr=3ffc5ad0 size=02ed8h ( 11992) load
00:34:24.356 > D (72) esp_image: free data page_count 0x00000038
00:34:24.356 > D (72) bootloader_flash: rodata starts from paddr=0x00024e04, size=0x2ed8, will be mapped to vaddr=0x3f000000
00:34:24.356 > V (72) bootloader_flash: after mapping, starting from paddr=0x00020000 and vaddr=0x3f000000, 0x10000 bytes are mapped
00:34:24.356 > V (75) esp_image: loading segment header 3 at offset 0x27cdc
00:34:24.356 > D (75) bootloader_flash: mmu set block paddr=0x00020000 (was 0xfffff[37mfff)
00:34:24.356 > V (76) esp_image: segment data length 0x8334 data starts 0x27ce4
00:34:24.356 > V (77) esp_image: MMU page size 0x10000
00:34:24.356 > V (77) esp_image: segment 3 map_segment 0 segment_data_offs 0x27ce4 load_addr 0x40024000
00:34:24.356 > I (78) esp_image: segment 3: paddr=00027ce4 vaddr=40024000 size=08334h ( 33588) load
00:34:24.356 > D (78) esp_image: free data page_count 0x00000038
00:34:24.356 > D (78) bootloader_flash: rodata starts from paddr=0x00027ce4, size=0x8334, will be mapped to vaddr=0x3f000000
00:34:24.356 > V (78) bootloader_flash: after mapping, starting from paddr=0x00020000 and vaddr=0x3f000000, 0x20000 bytes are mapped
00:34:24.356 > V (87) esp_image: loading segment header 4 at offset 0x30018
00:34:24.356 > D (87) bootloader_flash: mmu set block paddr=0x00030000 (was 0xffffffff)
00:34:24.356 > V (88) esp_image: segment data length 0x3fd84 data starts 0x30020
00:34:24.356 > V (89) esp_image: MMU page size 0x10000
00:34:24.356 > V (89) esp_image: segment 4 map_segment 1 segment_data_offs 0x30020 load_addr 0x40080020
00:34:24.356 > I (90) esp_image: segment 4: paddr=00030020 vaddr=40080020 size=3fd84h (261508) map
00:34:24.356 > D (90) esp_image: free data pag[37me_count 0x00000038
00:34:24.356 > D (90) bootloader_flash: rodata starts from paddr=0x00030020, size=0x3fd84, will be mapped to vaddr=0x3f000000
00:34:24.356 > V (91) bootloader_flash: after mapping, starting from paddr=0x00030000 and vaddr=0x3f000000, 0x40000 bytes are mapped
00:34:24.356 > V (143) esp_image: loading segment header 5 at offset 0x6fda4
00:34:24.356 > D (143) bootloader_flash: mmu set block paddr=0x00060000 (was 0xffffffff)
00:34:24.356 > V (144) esp_image: segment data length 0x9798 data starts 0x6fdac
00:34:24.356 > V (145) esp_image: MMU page size 0x10000
00:34:24.356 > V (145) esp_image: segment 5 map_segment 0 segment_data_offs 0x6fdac load_addr 0x4002c334
00:34:24.356 > I (145) esp_image: segment 5: paddr=0006fdac vaddr=4002c334 size=09798h ( 38808) load
00:34:24.356 > D (146) esp_image: free data page_count 0x00000038
00:34:24.356 > D (146) bootloader_flash: rodata starts from paddr=0x0006fdac, size=0x9798, will be mapped to vaddr=0x3f000000
00:34:24.356 > V (147) bootloader_flash: after mapping, starting from paddr=0x00060000 and vaddr=0x3f000000, 0x20000 bytes are mapped
00:34:24.356 > V (157) esp_image: image start 0x00010000 end of last sectio[37mn 0x00079544
00:34:24.357 > D (158) bootloader_flash: mmu set block paddr=0x00070000 (was 0xffffffff)
00:34:24.357 > I (168) boot: Loaded app from partition at offset 0x10000
00:34:24.357 > I (168) boot: Disabling RNG early entropy source...
00:34:24.357 > D (169) boot: Mapping segment 0 as DROM
00:34:24.357 > D (169) boot: Mapping segment 4 as IROM
00:34:24.357 > D (169) boot: calling set_cache_and_start_app
00:34:24.357 > D (169) boot: configure drom and irom and start
00:34:24.357 > V (169) boot: rodata starts from paddr=0x00010020, vaddr=0x3f000020, size=0x14db8
00:34:24.357 > V (171) boot: after mapping rodata, starting from paddr=0x00010000 and vaddr=0x3f000000, 0x20000 bytes are mapped
00:34:24.357 > V (171) boot: mapped one page of the rodata, from paddr=0x00010000 and vaddr=0x3f3f0000, 0x10000 bytes are mapped
00:34:24.357 > V (171) boot: text starts from paddr=0x00030020, vaddr=0x40080020, size=0x3fd84
00:34:24.357 > V (172) boot: after mapping text, starting from paddr=0x00030000 and vaddr=0x40080000, 0x40000 bytes are mapped
00:34:24.357 > D (173) boot: start: 0x40026a3c
00:34:24.357 > I (195) main_task: Started on CPU0
00:34:24.357 > I (195) main_task: Calling app_main()
00:34:24.357 > [INFO][MAIN][13ms] START
00:34:24.357 > [37mGuru Meditation Error: Core  0 panic'ed (LoadProhibited). Exception was unhandled.
00:34:24.357 > 
00:34:24.357 > Core  0 register dump:
00:34:24.357 > PC      : 0x400b443f  PS      : 0x00060530  A0      : 0x800a9f30  A1      : 0x3ffcdc40  
00:34:24.357 > A2      : 0x3ffce1d0  A3      : 0x00000000  A4      : 0x3ffcdc50  A5      : 0x3ffcdf90  
00:34:24.357 > A6      : 0x3ffcdf70  A7      : 0x00000008  A8      : 0x00000000  A9      : 0x3ffcdc30  
00:34:24.357 > A10     : 0x00000001  A11     : 0x3f01244e  A12     : 0x000000ff  A13     : 0x0000ff00  
00:34:24.357 > A14     : 0x00ff0000  A15     : 0xff000000  SAR     : 0x00000004  EXCCAUSE: 0x0000001c  
00:34:24.357 > EXCVADDR: 0x00000064  LBEG    : 0x000000ff  LEND    : 0x0000ff00  LCOUNT  : 0x4002a7e8  
00:34:24.357 > 
00:34:24.357 > 
00:34:24.357 > Backtrace: 0x400b443c:0x3ffcdc40 0x400a9f2d:0x3ffcdf60 0x40089be2:0x3ffcdfb0 0x4008a961:0x3ffce100 0x400bf73b:0x3ffce120 0x4002d279:0x3ffce150
00:34:24.357 > 
00:34:24.357 > 
00:34:24.357 > 
00:34:24.357 > 
00:34:24.357 > ELF file SHA256: 35bf3a624
00:34:24.357 > 
00:34:24.357 > Rebooting...
00:34:24.357 > I (32) boot: ESP-IDF 5.4.0 2nd stage bootloader
00:34:24.357 > I (32) boot: compile time Jul  3 2025 00:33:36
00:34:24.357 > D (32) bootloader_flash: XMC chip detected by RDID (00204016), skip.
00:34:24.357 > D ([37m34) bootloader_flash: mmu set block paddr=0x00000000 (was 0xffffffff)
00:34:24.357 > I (35) boot: chip revision: v0.0
00:34:24.357 > I (35) boot: efuse block revision: v0.2
00:34:24.357 > D (35) boot.esp32s2: magic e9
00:34:24.357 > D (35) boot.esp32s2: segments 04
00:34:24.357 > D (35) boot.esp32s2: spi_mode 02
00:34:24.357 > D (35) boot.esp32s2: spi_speed 0f
00:34:24.357 > D (35) boot.esp32s2: spi_size 02
00:34:24.357 > I (35) boot.esp32s2: SPI Speed      : 80MHz
00:34:24.357 > I (35) boot.esp32s2: SPI Mode       : DIO
00:34:24.357 > I (35) boot.esp32s2: SPI Flash Size : 4MB
00:34:24.357 > D (36) boot: Enabling RTCWDT(9000 ms)
00:34:24.357 > I (36) boot: Enabling RNG early entropy source...
00:34:24.357 > D (36) bootloader_flash: rodata starts from paddr=0x00008000, size=0xc00, will be mapped to vaddr=0x3f000000
00:34:24.357 > V (36) bootloader_flash: after mapping, starting from paddr=0x00000000 and vaddr=0x3f000000, 0x10000 bytes are mapped
00:34:24.357 > D (36) boot: mapped partition table 0x8000 at 0x3f008000
00:34:24.357 > D (36) flash_parts: partition table verified, 5 entries
00:34:24.357 > I (37) boot: Partition Table:
00:34:24.357 > I (37) boot: ## Label            Usage          Type ST Offset   Length
00:34:24.357 > D (38) boot: load partition table ent[37mry 0x3f008000
00:34:24.357 > D (38) boot: type=1 subtype=2
00:34:24.357 > I (38) boot:  0 nvs              WiFi data        01 02 00009000 00004000
00:34:24.357 > D (39) boot: load partition table entry 0x3f008020
00:34:24.357 > D (39) boot: type=1 subtype=1
00:34:24.357 > I (40) boot:  1 phy_init         RF data          01 01 0000d000 00001000
00:34:24.357 > D (41) boot: load partition table entry 0x3f008040
00:34:24.357 > D (42) boot: type=0 subtype=0
00:34:24.357 > I (42) boot:  2 factory          factory app      00 00 00010000 00100000
00:34:24.357 > D (43) boot: load partition table entry 0x3f008060
00:34:24.357 > D (43) boot: type=1 subtype=83
00:34:24.357 > I (43) boot:  3 storage          Unknown data     01 83 00110000 000f0000
00:34:24.357 > I (44) boot: End of partition table
00:34:24.357 > D (44) boot: Trying partition index -1 offs 0x10000 size 0x100000
00:34:24.357 > D (45) esp_image: reading image header @ 0x10000
00:34:24.357 > D (46) bootloader_flash: mmu set block paddr=0x00010000 (was 0xffffffff)
00:34:24.357 > D (47) esp_image: image header: 0xe9 0x06 0x02 0x02 40026a3c
00:34:24.357 > V (47) esp_image: loading segment header 0 at offset 0x10018
00:34:24.357 > V (47) esp_image: segment data length 0x14db8 data starts 0x10020
00:34:24.357 > V (48[37m) esp_image: MMU page size 0x10000
00:34:24.357 > V (48) esp_image: segment 0 map_segment 1 segment_data_offs 0x10020 load_addr 0x3f000020
00:34:24.357 > I (48) esp_image: segment 0: paddr=00010020 vaddr=3f000020 size=14db8h ( 85432) map
00:34:24.357 > D (49) esp_image: free data page_count 0x00000038
00:34:24.357 > D (49) bootloader_flash: rodata starts from paddr=0x00010020, size=0x14db8, will be mapped to vaddr=0x3f000000
00:34:24.357 > V (49) bootloader_flash: after mapping, starting from paddr=0x00010000 and vaddr=0x3f000000, 0x20000 bytes are mapped
00:34:24.357 > V (66) esp_image: loading segment header 1 at offset 0x24dd8
00:34:24.357 > D (66) bootloader_flash: mmu set block paddr=0x00020000 (was 0xffffffff)
00:34:24.357 > V (67) esp_image: segment data length 0x1c data starts 0x24de0
00:34:24.357 > V (68) esp_image: MMU page size 0x10000
00:34:24.357 > V (68) esp_image: segment 1 map_segment 0 segment_data_offs 0x24de0 load_addr 0x3ff9e010
00:34:24.357 > I (68) esp_image: segment 1: paddr=00024de0 vaddr=3ff9e010 size=0001ch (    28) load
00:34:24.357 > D (69) esp_image: free data page_count 0x00000038
00:34:24.357 > D (69) bootloader_flash: rodata starts from paddr=0x00024de[37m0, size=0x1c, will be mapped to vaddr=0x3f000000
00:34:24.357 > V (70) bootloader_flash: after mapping, starting from paddr=0x00020000 and vaddr=0x3f000000, 0x10000 bytes are mapped
00:34:24.357 > V (71) esp_image: loading segment header 2 at offset 0x24dfc
00:34:24.357 > D (71) bootloader_flash: mmu set block paddr=0x00020000 (was 0xffffffff)
00:34:24.357 > V (72) esp_image: segment data length 0x2ed8 data starts 0x24e04
00:34:24.357 > V (73) esp_image: MMU page size 0x10000
00:34:24.357 > V (73) esp_image: segment 2 map_segment 0 segment_data_offs 0x24e04 load_addr 0x3ffc5ad0
00:34:24.357 > I (73) esp_image: segment 2: paddr=00024e04 vaddr=3ffc5ad0 size=02ed8h ( 11992) load
00:34:24.357 > D (74) esp_image: free data page_count 0x00000038
00:34:24.357 > D (74) bootloader_flash: rodata starts from paddr=0x00024e04, size=0x2ed8, will be mapped to vaddr=0x3f000000
00:34:24.357 > V (74) bootloader_flash: after mapping, starting from paddr=0x00020000 and vaddr=0x3f000000, 0x10000 bytes are mapped
00:34:24.357 > V (77) esp_image: loading segment header 3 at offset 0x27cdc
00:34:24.357 > D (77) bootloader_flash: mmu set block paddr=0x00020000 (was 0xffffffff)
00:34:24.357 > V (78) esp_imag[37me: segment data length 0x8334 data starts 0x27ce4
00:34:24.357 > V (79) esp_image: MMU page size 0x10000
00:34:24.357 > V (79) esp_image: segment 3 map_segment 0 segment_data_offs 0x27ce4 load_addr 0x40024000
00:34:24.357 > I (80) esp_image: segment 3: paddr=00027ce4 vaddr=40024000 size=08334h ( 33588) load
00:34:24.357 > D (80) esp_image: free data page_count 0x00000038
00:34:24.357 > D (80) bootloader_flash: rodata starts from paddr=0x00027ce4, size=0x8334, will be mapped to vaddr=0x3f000000
00:34:24.357 > V (80) bootloader_flash: after mapping, starting from paddr=0x00020000 and vaddr=0x3f000000, 0x20000 bytes are mapped
00:34:24.357 > V (89) esp_image: loading segment header 4 at offset 0x30018
00:34:24.357 > D (89) bootloader_flash: mmu set block paddr=0x00030000 (was 0xffffffff)
00:34:24.357 > V (90) esp_image: segment data length 0x3fd84 data starts 0x30020
00:34:24.357 > V (91) esp_image: MMU page size 0x10000
00:34:24.357 > V (91) esp_image: segment 4 map_segment 1 segment_data_offs 0x30020 load_addr 0x40080020
00:34:24.357 > I (92) esp_image: segment 4: paddr=00030020 vaddr=40080020 size=3fd84h (261508) map
00:34:24.357 > D (92) esp_image: free data page_count 0x00000038
00:34:24.357 > D[37m (92) bootloader_flash: rodata starts from paddr=0x00030020, size=0x3fd84, will be mapped to vaddr=0x3f000000
00:34:24.357 > V (92) bootloader_flash: after mapping, starting from paddr=0x00030000 and vaddr=0x3f000000, 0x40000 bytes are mapped
00:34:24.357 > V (144) esp_image: loading segment header 5 at offset 0x6fda4
00:34:24.357 > D (144) bootloader_flash: mmu set block paddr=0x00060000 (was 0xffffffff)
00:34:24.357 > V (145) esp_image: segment data length 0x9798 data starts 0x6fdac
00:34:24.357 > V (146) esp_image: MMU page size 0x10000
00:34:24.357 > V (146) esp_image: segment 5 map_segment 0 segment_data_offs 0x6fdac load_addr 0x4002c334
00:34:24.357 > I (147) esp_image: segment 5: paddr=0006fdac vaddr=4002c334 size=09798h ( 38808) load
00:34:24.357 > D (147) esp_image: free data page_count 0x00000038
00:34:24.357 > D (147) bootloader_flash: rodata starts from paddr=0x0006fdac, size=0x9798, will be mapped to vaddr=0x3f000000
00:34:24.357 > V (147) bootloader_flash: after mapping, starting from paddr=0x00060000 and vaddr=0x3f000000, 0x20000 bytes are mapped
00:34:24.357 > V (157) esp_image: image start 0x00010000 end of last section 0x00079544
00:34:24.357 > D (158)[37m bootloader_flash: mmu set block paddr=0x00070000 (was 0xffffffff)
00:34:24.357 > I (168) boot: Loaded app from partition at offset 0x10000
00:34:24.357 > I (168) boot: Disabling RNG early entropy source...
00:34:24.357 > D (168) boot: Mapping segment 0 as DROM
00:34:24.357 > D (168) boot: Mapping segment 4 as IROM
00:34:24.357 > D (169) boot: calling set_cache_and_start_app
00:34:24.357 > D (169) boot: configure drom and irom and start
00:34:24.357 > V (169) boot: rodata starts from paddr=0x00010020, vaddr=0x3f000020, size=0x14db8
00:34:24.357 > V (171) boot: after mapping rodata, starting from paddr=0x00010000 and vaddr=0x3f000000, 0x20000 bytes are mapped
00:34:24.357 > V (171) boot: mapped one page of the rodata, from paddr=0x00010000 and vaddr=0x3f3f0000, 0x10000 bytes are mapped
00:34:24.357 > V (171) boot: text starts from paddr=0x00030020, vaddr=0x40080020, size=0x3fd84
00:34:24.357 > V (172) boot: after mapping text, starting from paddr=0x00030000 and vaddr=0x40080000, 0x40000 bytes are mapped
00:34:24.357 > D (173) boot: start: 0x40026a3c
00:34:24.357 > I (195) main_task: Started on CPU0
00:34:24.357 > I (195) main_task: Calling app_main()
00:34:24.357 > [INFO][MAIN][13ms] START
00:34:24.357 > Guru Meditation Error[37m: Core  0 panic'ed (LoadProhibited). Exception was unhandled.
00:34:24.357 > 
00:34:24.357 > Core  0 register dump:
00:34:24.357 > PC      : 0x400b443f  PS      : 0x00060530  A0      : 0x800a9f30  A1      : 0x3ffcdc40  
00:34:24.357 > A2      : 0x3ffce1d0  A3      : 0x00000000  A4      : 0x3ffcdc50  A5      : 0x3ffcdf90  
00:34:24.357 > A6      : 0x3ffcdf70  A7      : 0x00000008  A8      : 0x00000000  A9      : 0x3ffcdc30  
00:34:24.357 > A10     : 0x00000001  A11     : 0x3f01244e  A12     : 0x000000ff  A13     : 0x0000ff00  
00:34:24.357 > A14     : 0x00ff0000  A15     : 0xff000000  SAR     : 0x00000004  EXCCAUSE: 0x0000001c  
00:34:24.357 > EXCVADDR: 0x00000064  LBEG    : 0x000000ff  LEND    : 0x0000ff00  LCOUNT  : 0x4002a7e8  
00:34:24.357 > 
00:34:24.357 > 
00:34:24.357 > Backtrace: 0x400b443c:0x3ffcdc40 0x400a9f2d:0x3ffcdf60 0x40089be2:0x3ffcdfb0 0x4008a961:0x3ffce100 0x400bf73b:0x3ffce120 0x4002d279:0x3ffce150
00:34:24.357 > 
00:34:24.357 > 
00:34:24.357 > 
00:34:24.357 > 
00:34:24.357 > ELF file SHA256: 35bf3a624
00:34:24.357 > 
00:34:24.357 > 
00:34:24.357 > I (32) boot: ESP-IDF 5.4.0 2nd stage bootloader
00:34:24.357 > I (32) boot: compile time Jul  3 2025 00:33:36
00:34:24.357 > D (32) bootloader_flash: XMC chip detected by RDID (00204016), skip.
00:34:24.357 > D (34) bootloader_flash: mmu set blo[37mck paddr=0x00000000 (was 0xffffffff)
00:34:24.357 > I (35) boot: chip revision: v0.0
00:34:24.357 > I (35) boot: efuse block revision: v0.2
00:34:24.357 > D (35) boot.esp32s2: magic e9
00:34:24.357 > D (35) boot.esp32s2: segments 04
00:34:24.357 > D (35) boot.esp32s2: spi_mode 02
00:34:24.357 > D (35) boot.esp32s2: spi_speed 0f
00:34:24.357 > D (35) boot.esp32s2: spi_size 02
00:34:24.357 > I (35) boot.esp32s2: SPI Speed      : 80MHz
00:34:24.357 > I (35) boot.esp32s2: SPI Mode       : DIO
00:34:24.357 > I (35) boot.esp32s2: SPI Flash Size : 4MB
00:34:24.357 > D (36) boot: Enabling RTCWDT(9000 ms)
00:34:24.357 > I (36) boot: Enabling RNG early entropy source...
00:34:24.357 > D (36) bootloader_flash: rodata starts from paddr=0x00008000, size=0xc00, will be mapped to vaddr=0x3f000000
00:34:24.357 > V (36) bootloader_flash: after mapping, starting from paddr=0x00000000 and vaddr=0x3f000000, 0x10000 bytes are mapped
00:34:24.357 > D (36) boot: mapped partition table 0x8000 at 0x3f008000
00:34:24.357 > D (36) flash_parts: partition table verified, 5 entries
00:34:24.357 > I (37) boot: Partition Table:
00:34:24.357 > I (37) boot: ## Label            Usage          Type ST Offset   Length
00:34:24.357 > D (38) boot: load partition table entry 0x3f008000
00:34:24.357 > D (38) boot: type=[37m1 subtype=2
00:34:24.357 > I (38) boot:  0 nvs              WiFi data        01 02 00009000 00004000
00:34:24.357 > D (39) boot: load partition table entry 0x3f008020
00:34:24.357 > D (39) boot: type=1 subtype=1
00:34:24.357 > I (39) boot:  1 phy_init         RF data          01 01 0000d000 00001000
00:34:24.357 > D (40) boot: load partition table entry 0x3f008040
00:34:24.357 > D (41) boot: type=0 subtype=0
00:34:24.357 > I (41) boot:  2 factory          factory app      00 00 00010000 00100000
00:34:24.357 > D (42) boot: load partition table entry 0x3f008060
00:34:24.357 > D (42) boot: type=1 subtype=83
00:34:24.357 > I (42) boot:  3 storage          Unknown data     01 83 00110000 000f0000
00:34:24.357 > I (43) boot: End of partition table
00:34:24.357 > D (43) boot: Trying partition index -1 offs 0x10000 size 0x100000
00:34:24.357 > D (44) esp_image: reading image header @ 0x10000
00:34:24.357 > D (45) bootloader_flash: mmu set block paddr=0x00010000 (was 0xffffffff)
00:34:24.357 > D (46) esp_image: image header: 0xe9 0x06 0x02 0x02 40026a3c
00:34:24.357 > V (46) esp_image: loading segment header 0 at offset 0x10018
00:34:24.357 > V (46) esp_image: segment data length 0x14db8 data starts 0x10020
00:34:24.357 > V (47) esp_image: MMU page size 0x1000[37m0
00:34:24.357 > V (47) esp_image: segment 0 map_segment 1 segment_data_offs 0x10020 load_addr 0x3f000020
00:34:24.357 > I (48) esp_image: segment 0: paddr=00010020 vaddr=3f000020 size=14db8h ( 85432) map
00:34:24.357 > D (49) esp_image: free data page_count 0x00000038
00:34:24.357 > D (49) bootloader_flash: rodata starts from paddr=0x00010020, size=0x14db8, will be mapped to vaddr=0x3f000000
00:34:24.357 > V (49) bootloader_flash: after mapping, starting from paddr=0x00010000 and vaddr=0x3f000000, 0x20000 bytes are mapped
00:34:24.357 > V (66) esp_image: loading segment header 1 at offset 0x24dd8
00:34:24.357 > D (66) bootloader_flash: mmu set block paddr=0x00020000 (was 0xffffffff)
00:34:24.357 > V (67) esp_image: segment data length 0x1c data starts 0x24de0
00:34:24.357 > V (68) esp_image: MMU page size 0x10000
00:34:24.357 > V (68) esp_image: segment 1 map_segment 0 segment_data_offs 0x24de0 load_addr 0x3ff9e010
00:34:24.357 > I (68) esp_image: segment 1: paddr=00024de0 vaddr=3ff9e010 size=0001ch (    28) load
00:34:24.357 > D (69) esp_image: free data page_count 0x00000038
00:34:24.357 > D (69) bootloader_flash: rodata starts from paddr=0x00024de0, size=0x1c, will be mapped to v[37maddr=0x3f000000
00:34:24.358 > V (69) bootloader_flash: after mapping, starting from paddr=0x00020000 and vaddr=0x3f000000, 0x10000 bytes are mapped
00:34:24.358 > V (71) esp_image: loading segment header 2 at offset 0x24dfc
00:34:24.358 > D (71) bootloader_flash: mmu set block paddr=0x00020000 (was 0xffffffff)
00:34:24.358 > V (72) esp_image: segment data length 0x2ed8 data starts 0x24e04
00:34:24.358 > V (73) esp_image: MMU page size 0x10000
00:34:24.358 > V (73) esp_image: segment 2 map_segment 0 segment_data_offs 0x24e04 load_addr 0x3ffc5ad0
00:34:24.358 > I (73) esp_image: segment 2: paddr=00024e04 vaddr=3ffc5ad0 size=02ed8h ( 11992) load
00:34:24.358 > D (74) esp_image: free data page_count 0x00000038
00:34:24.358 > D (74) bootloader_flash: rodata starts from paddr=0x00024e04, size=0x2ed8, will be mapped to vaddr=0x3f000000
00:34:24.358 > V (74) bootloader_flash: after mapping, starting from paddr=0x00020000 and vaddr=0x3f000000, 0x10000 bytes are mapped
00:34:24.358 > V (77) esp_image: loading segment header 3 at offset 0x27cdc
00:34:24.358 > D (77) bootloader_flash: mmu set block paddr=0x00020000 (was 0xffffffff)
00:34:24.358 > V (78) esp_image: segment data length 0x8334 dat[37ma starts 0x27ce4
00:34:24.358 > V (79) esp_image: MMU page size 0x10000
00:34:24.358 > V (79) esp_image: segment 3 map_segment 0 segment_data_offs 0x27ce4 load_addr 0x40024000
00:34:24.358 > I (80) esp_image: segment 3: paddr=00027ce4 vaddr=40024000 size=08334h ( 33588) load
00:34:24.358 > D (80) esp_image: free data page_count 0x00000038
00:34:24.358 > D (80) bootloader_flash: rodata starts from paddr=0x00027ce4, size=0x8334, will be mapped to vaddr=0x3f000000
00:34:24.358 > V (80) bootloader_flash: after mapping, starting from paddr=0x00020000 and vaddr=0x3f000000, 0x20000 bytes are mapped
00:34:24.358 > V (89) esp_image: loading segment header 4 at offset 0x30018
00:34:24.358 > D (89) bootloader_flash: mmu set block paddr=0x00030000 (was 0xffffffff)
00:34:24.358 > V (90) esp_image: segment data length 0x3fd84 data starts 0x30020
00:34:24.358 > V (91) esp_image: MMU page size 0x10000
00:34:24.358 > V (91) esp_image: segment 4 map_segment 1 segment_data_offs 0x30020 load_addr 0x40080020
00:34:24.358 > I (92) esp_image: segment 4: paddr=00030020 vaddr=40080020 size=3fd84h (261508) map
00:34:24.358 > D (92) esp_image: free data page_count 0x00000038
00:34:24.358 > D (92) bootloader_flash: rodata st[37marts from paddr=0x00030020, size=0x3fd84, will be mapped to vaddr=0x3f000000
00:34:24.358 > V (92) bootloader_flash: after mapping, starting from paddr=0x00030000 and vaddr=0x3f000000, 0x40000 bytes are mapped
00:34:24.358 > V (144) esp_image: loading segment header 5 at offset 0x6fda4
00:34:24.358 > D (144) bootloader_flash: mmu set block paddr=0x00060000 (was 0xffffffff)
00:34:24.358 > V (145) esp_image: segment data length 0x9798 data starts 0x6fdac
00:34:24.358 > V (146) esp_image: MMU page size 0x10000
00:34:24.358 > V (146) esp_image: segment 5 map_segment 0 segment_data_offs 0x6fdac load_addr 0x4002c334
00:34:24.358 > I (148) esp_image: segment 5: paddr=0006fdac vaddr=4002c334 size=09798h ( 38808) load
00:34:24.358 > D (148) esp_image: free data page_count 0x00000038
00:34:24.358 > D (148) bootloader_flash: rodata starts from paddr=0x0006fdac, size=0x9798, will be mapped to vaddr=0x3f000000
00:34:24.358 > V (148) bootloader_flash: after mapping, starting from paddr=0x00060000 and vaddr=0x3f000000, 0x20000 bytes are mapped
00:34:24.358 > V (158) esp_image: image start 0x00010000 end of last section 0x00079544
00:34:24.358 > D (159) bootloader_flash: mmu set block [37mpaddr=0x00070000 (was 0xffffffff)
00:34:24.358 > I (169) boot: Loaded app from partition at offset 0x10000
00:34:24.358 > I (169) boot: Disabling RNG early entropy source...
00:34:24.358 > D (169) boot: Mapping segment 0 as DROM
00:34:24.358 > D (169) boot: Mapping segment 4 as IROM
00:34:24.358 > D (169) boot: calling set_cache_and_start_app
00:34:24.358 > D (169) boot: configure drom and irom and start
00:34:24.358 > V (169) boot: rodata starts from paddr=0x00010020, vaddr=0x3f000020, size=0x14db8
00:34:24.358 > V (171) boot: after mapping rodata, starting from paddr=0x00010000 and vaddr=0x3f000000, 0x20000 bytes are mapped
00:34:24.358 > V (171) boot: mapped one page of the rodata, from paddr=0x00010000 and vaddr=0x3f3f0000, 0x10000 bytes are mapped
00:34:24.358 > V (171) boot: text starts from paddr=0x00030020, vaddr=0x40080020, size=0x3fd84
00:34:24.358 > V (172) boot: after mapping text, starting from paddr=0x00030000 and vaddr=0x40080000, 0x40000 bytes are mapped
00:34:24.358 > D (173) boot: start: 0x40026a3c
00:34:24.358 > I (195) main_task: Started on CPU0
00:34:24.358 > I (195) main_task: Calling app_main()
00:34:24.358 > [INFO][MAIN][13ms] START
00:34:24.358 > Guru Meditation Error: Core  0 panic'ed (LoadProhibite[37md). Exception was unhandled.
00:34:24.358 > 
