02:01:02.708 > [37mI[37m (32) boot: ESP-IDF 5.4.0 2nd stage bootloader
02:01:02.708 > I (32) boot: compile time Jul  3 2025 01:21:27
02:01:02.708 > D (32) bootloader_flash: XMC chip detected by RDID (00204016), s[37mk[37mip.
02:01:02.709 > [37mD (34) bootloader_flash: mmu set block paddr=0x00000000 (was 0xf[37mf[37mffffff)
02:01:02.710 > I (35) boot: chip revision: v0.0
02:01:02.711 > [37mI (35) boot: efuse block revision: v0.2
02:01:02.711 > D (35) boot.esp32s2: magic e9
02:01:02.711 > D (35) boot.esp32s2: segments 04
02:01:02.711 > [37mD (35) boot.esp32s2: spi_mode 02
02:01:02.712 > [37mD[37m (35) boot.esp32s2: spi_speed 0f
02:01:02.712 > D (36) boot.esp32s2: spi_size 02
02:01:02.712 > I (36) boot.esp32s2: SPI Speed      : 80MHz
02:01:02.712 > [37mI (36) boot.esp32s2: SPI Mode       : DIO
02:01:02.712 > I (36) boot.esp32s2: SPI Flash Size : 4MB
02:01:02.712 > [37mD[37m (37) boot: Enabling RTCWDT(9000 ms)
02:01:02.712 > [37mI (37) boot: Enabling RNG early entropy source...
02:01:02.712 > [37mD[37m (37) bootloader_flash: rodata starts from paddr=0x00008000, size=0xc00, will be mapped to vaddr=0x3f000000
02:01:02.713 > [37mV[37m (37) bootloader_flash: after mapping, starting from paddr=0x00[37m0[37m00000 and vaddr=0x3f000000, 0x10000 bytes are mapped
02:01:02.714 > D (38) boot: mapped partition table 0x8000 at 0x3f008000
02:01:02.714 > [37mD (38) flash_parts: partition table verified, 5 entries
02:01:02.714 > I (39) boot: Partition Table:
02:01:02.714 > [37mI (39) boot: ## Label            Usage          Type ST Offset  [37m [37mLength
02:01:02.715 > [37mD (40) boot: load partition table entry 0x3f008000
02:01:02.715 > D (40) boot: type=1 subtype=2
02:01:02.716 > [37mI (40) boot:  0 nvs              WiFi data        01 02 00009000[37m [37m00004000
02:01:02.717 > [37mD (41) boot: load partition table entry 0x3f008020
02:01:02.717 > D (41) boot: type=1 subtype=1
02:01:02.717 > [37mI[37m (41) boot:  1 phy_init         RF data          01 01 0000d000[37m [37m00001000
02:01:02.718 > [37mD (42) boot: load partition table entry 0x3f008040
02:01:02.718 > D (43) boot: type=0 subtype=0
02:01:02.718 > [37mI[37m (43) boot:  2 factory          factory app      00 00 00010000[37m [37m00100000
02:01:02.719 > [37mD (44) boot: load partition table entry 0x3f008060
02:01:02.719 > [37mD (44) boot: type=1 subtype=83
02:01:02.720 > [37mI[37m (44) boot:  3 storage          Unknown data     01 83 00110000[37m [37m000f0000
02:01:02.721 > I (45) boot: End of partition table
02:01:02.721 > [37mD[37m (45) boot: Trying partition index -1 offs 0x10000 size 0x10000[37m0[37m
02:01:02.722 > D (46) esp_image: reading image header @ 0x10000
02:01:02.722 > [37mD[37m (47) bootloader_flash: mmu set block paddr=0x00010000 (was 0xf[37mf[37mffffff)
02:01:02.723 > [37mD[37m (48) esp_image: image header: 0xe9 0x06 0x02 0x02 40026a80
02:01:02.723 > V (48) esp_image: loading segment header 0 at offset 0x10018
02:01:02.724 > [37mV[37m (48) esp_image: segment data length 0x15b38 data starts 0x1002[37m0[37m
02:01:02.725 > V (49) esp_image: MMU page size 0x10000
02:01:02.725 > [37mV (49) esp_image: segment 0 map_segment 1 segment_data_offs 0x10[37m020 load_addr 0x3f000020
02:01:02.725 > [37mI[37m (49) esp_image: segment 0: paddr=00010020 vaddr=3f000020 size=15b38h ( 88888) map
02:01:02.725 > [37mD[37m (50) esp_image: free data page_count 0x00000038
02:01:02.725 > [37mD (50) bootloader_flash: rodata starts from paddr=0x00010020, si[37mz[37me=0x15b38, will be mapped to vaddr=0x3f000000
02:01:02.726 > [37mV[37m (50) bootloader_flash: after mapping, starting from paddr=0x00[37m0[37m10000 and vaddr=0x3f000000, 0x20000 bytes are mapped
02:01:02.743 > [37mV[37m (68) esp_image: loading segment header 1 at offset 0x25b58
02:01:02.744 > D (68) bootloader_flash: mmu set block paddr=0x00020000 (was 0xf[37mf[37mffffff)
02:01:02.745 > [37mV[37m (69) esp_image: segment data length 0x1c data starts 0x25b60
02:01:02.745 > V (69) esp_image: MMU page size 0x10000
02:01:02.745 > [37mV[37m (69) esp_image: segment 1 map_segment 0 segment_data_offs 0x25b60 load_addr 0x3ff9e010
02:01:02.745 > [37mI[37m (70) esp_image: segment 1: paddr=00025b60 vaddr=3ff9e010 size=[37m0[37m001ch (    28) load
02:01:02.746 > [37mD[37m (71) esp_image: free data page_count 0x00000038
02:01:02.746 > [37mD[37m (71) bootloader_flash: rodata starts from paddr=0x00025b60, si[37mz[37me=0x1c, will be mapped to vaddr=0x3f000000
02:01:02.747 > [37mV[37m (71) bootloader_flash: after mapping, starting from paddr=0x00[37m0[37m20000 and vaddr=0x3f000000, 0x10000 bytes are mapped
02:01:02.747 > [37mV[37m (71) esp_image: loading segment header 2 at offset 0x25b7c
02:01:02.747 > [37mD[37m (71) bootloader_flash: mmu set block paddr=0x00020000 (was 0xf[37mf[37mffffff)
02:01:02.748 > [37mV[37m (73) esp_image: segment data length 0x2f48 data starts 0x25b84[37m[37m
02:01:02.749 > [37mV (74) esp_image: MMU page size 0x10000
02:01:02.749 > [37mV[37m (74) esp_image: segment 2 map_segment 0 segment_data_offs 0x25b84 load_addr 0x3ffc5f00
02:01:02.750 > [37mI[37m (74) esp_image: segment 2: paddr=00025b84 vaddr=3ffc5f00 size=02f48h ( 12104) load
02:01:02.750 > [37mD[37m (74) esp_image: free data page_count 0x00000038
02:01:02.750 > [37mD[37m (74) bootloader_flash: rodata starts from paddr=0x00025b84, si[37mz[37me=0x2f48, will be mapped to vaddr=0x3f000000
02:01:02.750 > [37mV[37m (75) bootloader_flash: after mapping, starting from paddr=0x00[37m0[37m20000 and vaddr=0x3f000000, 0x10000 bytes are mapped
02:01:02.753 > [37mV[37m (78) esp_image: loading segment header 3 at offset 0x28acc
02:01:02.753 > [37mD[37m (78) bootloader_flash: mmu set block paddr=0x00020000 (was 0xf[37mf[37mffffff)
02:01:02.755 > [37mV (79) esp_image: segment data length 0x7544 data starts 0x28ad4[37m[37m
02:01:02.756 > [37mV (80) esp_image: MMU page size 0x10000
02:01:02.756 > [37mV (80) esp_image: segment 3 map_segment 0 segment_data_offs 0x28ad4 load_addr 0x40024000
02:01:02.756 > [37mI[37m (80) esp_image: segment 3: paddr=00028ad4 vaddr=40024000 size=07544h ( 30020) load
02:01:02.756 > [37mD (81) esp_image: free data page_count 0x00000038
02:01:02.756 > [37mD (81) bootloader_flash: rodata starts from paddr=0x00028ad4, si[37mz[37me=0x7544, will be mapped to vaddr=0x3f000000
02:01:02.757 > [37mV (81) bootloader_flash: after mapping, starting from paddr=0x00[37m0[37m20000 and vaddr=0x3f000000, 0x20000 bytes are mapped
02:01:02.764 > [37mV[37m (89) esp_image: loading segment header 4 at offset 0x30018
02:01:02.764 > D (89) bootloader_flash: mmu set block paddr=0x00030000 (was 0xf[37mf[37mffffff)
02:01:02.766 > [37mV[37m (90) esp_image: segment data length 0x40dcc data starts 0x3002[37m0[37m
02:01:02.767 > [37mV (91) esp_image: MMU page size 0x10000
02:01:02.767 > [37mV[37m (91) esp_image: segment 4 map_segment 1 segment_data_offs 0x30020 load_addr 0x40080020
02:01:02.767 > [37mI[37m (91) esp_image: segment 4: paddr=00030020 vaddr=40080020 size=40dcch (265676) map
02:01:02.767 > [37mD[37m (92) esp_image: free data page_count 0x00000038
02:01:02.767 > [37mD[37m (92) bootloader_flash: rodata starts from paddr=0x00030020, si[37mz[37me=0x40dcc, will be mapped to vaddr=0x3f000000
02:01:02.768 > [37mV[37m (92) bootloader_flash: after mapping, starting from paddr=0x00[37m0[37m30000 and vaddr=0x3f000000, 0x50000 bytes are mapped
02:01:02.820 > [37mV[37m (144) esp_image: loading segment header 5 at offset 0x70dec
02:01:02.820 > D (145) bootloader_flash: mmu set block paddr=0x00070000 (was 0x[37mf[37mfffffff)
02:01:02.821 > [37mV (146) esp_image: segment data length 0xa9b4 data starts 0x70df[37m4[37m
02:01:02.822 > V (147) esp_image: MMU page size 0x10000
02:01:02.823 > [37mV[37m (147) esp_image: segment 5 map_segment 0 segment_data_offs 0x7[37m0[37mdf4 load_addr 0x4002b544
02:01:02.823 > [37mI (147) esp_image: segment 5: paddr=00070df4 vaddr=4002b544 size=0a9b4h ( 43444) load
02:01:02.823 > [37mD[37m (147) esp_image: free data page_count 0x00000038
02:01:02.823 > [37mD[37m (147) bootloader_flash: rodata starts from paddr=0x00070df4, s[37mi[37mze=0xa9b4, will be mapped to vaddr=0x3f000000
02:01:02.823 > [37mV[37m (148) bootloader_flash: after mapping, starting from paddr=0x0[37m0[37m070000 and vaddr=0x3f000000, 0x10000 bytes are mapped
02:01:02.834 > [37mV[37m (159) esp_image: image start 0x00010000 end of last section 0x[37m0[37m007b7a8
02:01:02.836 > [37mD[37m (160) bootloader_flash: mmu set block paddr=0x00070000 (was 0x[37mf[37mfffffff)
02:01:02.845 > [37mI[37m (170) boot: Loaded app from partition at offset 0x10000
02:01:02.845 > I (170) boot: Disabling RNG early entropy source...
02:01:02.845 > [37mD (170) boot: Mapping segment 0 as DROM
02:01:02.846 > [37mD[37m (170) boot: Mapping segment 4 as IROM
02:01:02.847 > [37mD[37m (170) boot: calling set_cache_and_start_app
02:01:02.847 > [37mD[37m (171) boot: configure drom and irom and start
02:01:02.847 > [37mV[37m (171) boot: rodata starts from paddr=0x00010020, vaddr=0x3f000[37m0[37m20, size=0x15b38
02:01:02.848 > [37mV[37m (173) boot: after mapping rodata, starting from paddr=0x000100[37m0[37m0 and vaddr=0x3f000000, 0x20000 bytes are mapped
02:01:02.848 > [37mV[37m (173) boot: mapped one page of the rodata, from paddr=0x000100[37m0[37m0 and vaddr=0x3f3f0000, 0x10000 bytes are mapped
02:01:02.849 > [37mV[37m (173) boot: text starts from paddr=0x00030020, vaddr=0x4008002[37m0[37m, size=0x40dcc
02:01:02.850 > [37mV[37m (174) boot: after mapping text, starting from paddr=0x00030000[37m [37mand vaddr=0x40080000, 0x50000 bytes are mapped
02:01:02.850 > [37mD[37m (174) boot: start: 0x40026a80
02:01:02.872 > [37mI[37m (196) main_task: Started on CPU0
02:01:02.873 > [37mI[37m (196) main_task: Calling app_main()
02:01:02.874 > [37m[37m[1;32m[INFO][MAIN][13ms] START[0m
02:01:03.972 > [37m[37m[1;32m[INFO][SETUP][1112ms] [USER] > Select log level:[0m
02:01:03.973 > [1;32m[INFO][SETUP][1112ms]   I - ERROR and INFO logs[0m
02:01:03.973 > [37m[1;32m[INFO][SETUP][1113ms]   D - ERROR, INFO, and DEBUG logs[[37m0[37mm
02:01:07.352 > [37m[37m[1;32m[INFO][SETUP][4492ms] [USER] > Select System Mode:[0m
02:01:07.352 > [37m[1;32m[INFO][SETUP][4493ms]   1 - MODE_SYSTEM_BOOT[0m
02:01:07.353 > [37m[37m[1;32m[INFO][SETUP][4493ms]   2 - MODE_SCANNING_SESSION[0m
02:01:07.353 > [37m[37m[1;32m[INFO][SETUP][4493ms]   3 - MODE_PREDICTION_SESSION[0m
02:01:07.354 > [37m[37m[1;32m[INFO][SETUP][4494ms]   4 - MODE_FULL_SESSION[0m
