00:17:57.371 > [37m3[37m2) bootloader_flash: XMC chip detected by RDID (00204016), skip.
00:17:57.371 > D (34) bootloader_flash: mmu set block paddr=0x00000000 (was 0xffffffff)
00:17:57.371 > I (35) boot: chip revision: v0.0
00:17:57.371 > I (35) boot: efuse block revision: v0.2
00:17:57.371 > D (35) boot.esp32s2: magic e9
00:17:57.371 > D (35) boot.esp32s2: segments 04
00:17:57.371 > D (35) boot.esp32s2: spi_mode 02
00:17:57.371 > D (35) boot.esp32s2: spi_speed 0f
00:17:57.371 > D (36) boot.esp32s2: spi_size 02
00:17:57.371 > I (36) boot.esp32s2: SPI Speed      : 80MHz
00:17:57.371 > I (36) boot.esp32s2: SPI Mode       : DIO
00:17:57.371 > I (36) boot.esp32s2: SPI Flash Size : 4MB
00:17:57.371 > D (37) boot: Enabling RTCWDT(9000 ms)
00:17:57.371 > I (37) boot: Enabling RNG early entropy source...
00:17:57.371 > D (37) bootloader_flash: rodata starts from paddr=0x00008000, size=0xc00, will be mapped to vaddr=0x3f000000
00:17:57.371 > V (37) bootloader_flash: after mapping, starting from paddr=0x00000000 and vaddr=0x3f000000, 0x10000 bytes are mapped
00:17:57.371 > D (37) boot: mapped partition table 0x8000 at 0x3f008000
00:17:57.371 > D (37) flash_parts: partition table verified, 5 entries
00:17:57.371 > I (38) boot: Partition Table:
00:17:57.371 > I (38) boot: ## Label            Usage  [37m        Type ST Offset   Length
00:17:57.371 > D (39) boot: load partition table entry 0x3f008000
00:17:57.371 > D (39) boot: type=1 subtype=2
00:17:57.371 > I (39) boot:  0 nvs              WiFi data        01 02 00009000 00004000
00:17:57.371 > D (40) boot: load partition table entry 0x3f008020
00:17:57.371 > D (40) boot: type=1 subtype=1
00:17:57.371 > I (41) boot:  1 phy_init         RF data          01 01 0000d000 00001000
00:17:57.371 > D (42) boot: load partition table entry 0x3f008040
00:17:57.371 > D (43) boot: type=0 subtype=0
00:17:57.371 > I (43) boot:  2 factory          factory app      00 00 00010000 00100000
00:17:57.371 > D (44) boot: load partition table entry 0x3f008060
00:17:57.371 > D (44) boot: type=1 subtype=83
00:17:57.371 > I (44) boot:  3 storage          Unknown data     01 83 00110000 000f0000
00:17:57.371 > I (45) boot: End of partition table
00:17:57.371 > D (45) boot: Trying partition index -1 offs 0x10000 size 0x100000
00:17:57.371 > D (46) esp_image: reading image header @ 0x10000
00:17:57.371 > D (47) bootloader_flash: mmu set block paddr=0x00010000 (was 0xffffffff)
00:17:57.371 > D (48) esp_image: image header: 0xe9 0x06 0x02 0x02 40026a3c
00:17:57.371 > V (48) esp_image: loading segment header 0 at offset 0x10018
00:17:57.371 > V [37m(48) esp_image: segment data length 0x14fd0 data starts 0x10020
00:17:57.372 > V (49) esp_image: MMU page size 0x10000
00:17:57.372 > V (50) esp_image: segment 0 map_segment 1 segment_data_offs 0x10020 load_addr 0x3f000020
00:17:57.372 > I (50) esp_image: segment 0: paddr=00010020 vaddr=3f000020 size=14fd0h ( 85968) map
00:17:57.372 > D (51) esp_image: free data page_count 0x00000038
00:17:57.372 > D (51) bootloader_flash: rodata starts from paddr=0x00010020, size=0x14fd0, will be mapped to vaddr=0x3f000000
00:17:57.372 > V (51) bootloader_flash: after mapping, starting from paddr=0x00010000 and vaddr=0x3f000000, 0x20000 bytes are mapped
00:17:57.372 > V (68) esp_image: loading segment header 1 at offset 0x24ff0
00:17:57.372 > D (68) bootloader_flash: mmu set block paddr=0x00020000 (was 0xffffffff)
00:17:57.372 > V (70) esp_image: segment data length 0x1c data starts 0x24ff8
00:17:57.372 > V (70) esp_image: MMU page size 0x10000
00:17:57.372 > V (70) esp_image: segment 1 map_segment 0 segment_data_offs 0x24ff8 load_addr 0x3ff9e010
00:17:57.372 > I (70) esp_image: segment 1: paddr=00024ff8 vaddr=3ff9e010 size=0001ch (    28) load
00:17:57.372 > D (71) esp_image: free data page_count 0[37mx00000038
00:17:57.372 > D (71) bootloader_flash: rodata starts from paddr=0x00024ff8, size=0x1c, will be mapped to vaddr=0x3f000000
00:17:57.372 > V (71) bootloader_flash: after mapping, starting from paddr=0x00020000 and vaddr=0x3f000000, 0x10000 bytes are mapped
00:17:57.372 > V (72) esp_image: loading segment header 2 at offset 0x25014
00:17:57.372 > D (72) bootloader_flash: mmu set block paddr=0x00020000 (was 0xffffffff)
00:17:57.372 > V (73) esp_image: segment data length 0x2ed8 data starts 0x2501c
00:17:57.372 > V (74) esp_image: MMU page size 0x10000
00:17:57.372 > V (74) esp_image: segment 2 map_segment 0 segment_data_offs 0x2501c load_addr 0x3ffc5ad0
00:17:57.372 > I (75) esp_image: segment 2: paddr=0002501c vaddr=3ffc5ad0 size=02ed8h ( 11992) load
00:17:57.372 > D (75) esp_image: free data page_count 0x00000038
00:17:57.372 > D (75) bootloader_flash: rodata starts from paddr=0x0002501c, size=0x2ed8, will be mapped to vaddr=0x3f000000
00:17:57.372 > V (75) bootloader_flash: after mapping, starting from paddr=0x00020000 and vaddr=0x3f000000, 0x10000 bytes are mapped
00:17:57.372 > V (78) esp_image: loading segment header 3 at offset 0x27ef4
00:17:57.372 > D (78) bootloader_f[37mlash: mmu set block paddr=0x00020000 (was 0xffffffff)
00:17:57.372 > V (79) esp_image: segment data length 0x811c data starts 0x27efc
00:17:57.372 > V (81) esp_image: MMU page size 0x10000
00:17:57.372 > V (81) esp_image: segment 3 map_segment 0 segment_data_offs 0x27efc load_addr 0x40024000
00:17:57.372 > I (81) esp_image: segment 3: paddr=00027efc vaddr=40024000 size=0811ch ( 33052) load
00:17:57.372 > D (81) esp_image: free data page_count 0x00000038
00:17:57.372 > D (81) bootloader_flash: rodata starts from paddr=0x00027efc, size=0x811c, will be mapped to vaddr=0x3f000000
00:17:57.372 > V (81) bootloader_flash: after mapping, starting from paddr=0x00020000 and vaddr=0x3f000000, 0x20000 bytes are mapped
00:17:57.372 > V (90) esp_image: loading segment header 4 at offset 0x30018
00:17:57.372 > D (90) bootloader_flash: mmu set block paddr=0x00030000 (was 0xffffffff)
00:17:57.372 > V (91) esp_image: segment data length 0x3f770 data starts 0x30020
00:17:57.372 > V (92) esp_image: MMU page size 0x10000
00:17:57.372 > V (92) esp_image: segment 4 map_segment 1 segment_data_offs 0x30020 load_addr 0x40080020
00:17:57.372 > I (93) esp_image: segment 4: paddr=00030020 vaddr=40080020 size=3f7[37m70h (259952) map
00:17:57.372 > D (93) esp_image: free data page_count 0x00000038
00:17:57.372 > D (93) bootloader_flash: rodata starts from paddr=0x00030020, size=0x3f770, will be mapped to vaddr=0x3f000000
00:17:57.372 > V (93) bootloader_flash: after mapping, starting from paddr=0x00030000 and vaddr=0x3f000000, 0x40000 bytes are mapped
00:17:57.372 > V (144) esp_image: loading segment header 5 at offset 0x6f790
00:17:57.372 > D (145) bootloader_flash: mmu set block paddr=0x00060000 (was 0xffffffff)
00:17:57.372 > V (146) esp_image: segment data length 0x99b0 data starts 0x6f798
00:17:57.372 > V (147) esp_image: MMU page size 0x10000
00:17:57.372 > V (147) esp_image: segment 5 map_segment 0 segment_data_offs 0x6f798 load_addr 0x4002c11c
00:17:57.372 > I (147) esp_image: segment 5: paddr=0006f798 vaddr=4002c11c size=099b0h ( 39344) load
00:17:57.372 > D (147) esp_image: free data page_count 0x00000038
00:17:57.372 > D (148) bootloader_flash: rodata starts from paddr=0x0006f798, size=0x99b0, will be mapped to vaddr=0x3f000000
00:17:57.372 > V (148) bootloader_flash: after mapping, starting from paddr=0x00060000 and vaddr=0x3f000000, 0x20000 bytes are mapped
00:17:57.372 > V (158) esp[37m_image: image start 0x00010000 end of last section 0x00079148
00:17:57.372 > D (159) bootloader_flash: mmu set block paddr=0x00070000 (was 0xffffffff)
00:17:57.372 > I (169) boot: Loaded app from partition at offset 0x10000
00:17:57.372 > I (169) boot: Disabling RNG early entropy source...
00:17:57.372 > D (169) boot: Mapping segment 0 as DROM
00:17:57.372 > D (169) boot: Mapping segment 4 as IROM
00:17:57.372 > D (169) boot: calling set_cache_and_start_app
00:17:57.372 > D (169) boot: configure drom and irom and start
00:17:57.372 > V (170) boot: rodata starts from paddr=0x00010020, vaddr=0x3f000020, size=0x14fd0
00:17:57.372 > V (171) boot: after mapping rodata, starting from paddr=0x00010000 and vaddr=0x3f000000, 0x20000 bytes are mapped
00:17:57.372 > V (172) boot: mapped one page of the rodata, from paddr=0x00010000 and vaddr=0x3f3f0000, 0x10000 bytes are mapped
00:17:57.372 > V (172) boot: text starts from paddr=0x00030020, vaddr=0x40080020, size=0x3f770
00:17:57.372 > V (173) boot: after mapping text, starting from paddr=0x00030000 and vaddr=0x40080000, 0x40000 bytes are mapped
00:17:57.372 > D (173) boot: start: 0x40026a3c
00:17:57.372 > I (195) main_task: Started on CPU0
00:17:57.372 > I (195) main_tas[37mk: Calling app_main()
00:17:57.372 > [INFO][SYSTEM][13ms] [1;36m╔════════════════════════════════════════════════════════════════════╗
00:17:57.372 > Guru Meditation Error: Core  0 panic'ed (LoadProhibited). Exception was unhandled.
00:17:57.372 > 
00:17:57.372 > Core  0 register dump:
00:17:57.372 > PC      : 0x400b3eab  PS      : 0x00060e30  A0      : 0x800a99b4  A1      : 0x3ffcdc20  
00:17:57.372 > A2      : 0x3ffce1d0  A3      : 0x00000000  A4      : 0x3ffcdc30  A5      : 0x3ffcdf70  
00:17:57.372 > A6      : 0x3ffcdf50  A7      : 0x00000008  A8      : 0x00000000  A9      : 0x3ffcdc10  
00:17:57.372 > A10     : 0x00000001  A11     : 0x3f012666  A12     : 0x000000ff  A13     : 0x0000ff00  
00:17:57.372 > A14     : 0x00ff0000  A15     : 0xff000000  SAR     : 0x0000001f  EXCCAUSE: 0x0000001c  
00:17:57.372 > EXCVADDR: 0x00000064  LBEG    : 0x000000ff  LEND    : 0x0000ff00  LCOUNT  : 0x4002a7e8  
00:17:57.372 > 
00:17:57.372 > 
00:17:57.372 > Backtrace: 0x400b3ea8:0x3ffcdc20 0x400a99b1:0x3ffcdf40 0x4008968a:0x3ffcdf90 0x4008a405:0x3ffce0e0 0x40[37m08a69a:0x3ffce100 0x400bf127:0x3ffce120 0x4002d279:0x3ffce150
00:17:57.373 > 
00:17:57.373 > 
00:17:57.373 > 
00:17:57.373 > 
00:17:57.373 > ELF file SHA256: 65f1a10cf
00:17:57.373 > 
00:17:57.373 > Rebooting...
00:17:57.373 > I (32) boot: ESP-IDF 5.4.0 2nd stage bootloader
00:17:57.373 > I (32) boot: compile time Jul  3 2025 00:17:27
00:17:57.373 > D (32) bootloader_flash: XMC chip detected by RDID (00204016), skip.
00:17:57.373 > D (34) bootloader_flash: mmu set block paddr=0x00000000 (was 0xffffffff)
00:17:57.373 > I (35) boot: chip revision: v0.0
00:17:57.373 > I (35) boot: efuse block revision: v0.2
00:17:57.373 > D (35) boot.esp32s2: magic e9
00:17:57.373 > D (35) boot.esp32s2: segments 04
00:17:57.373 > D (35) boot.esp32s2: spi_mode 02
00:17:57.373 > D (35) boot.esp32s2: spi_speed 0f
00:17:57.373 > D (35) boot.esp32s2: spi_size 02
00:17:57.373 > I (35) boot.esp32s2: SPI Speed      : 80MHz
00:17:57.373 > I (35) boot.esp32s2: SPI Mode       : DIO
00:17:57.373 > I (35) boot.esp32s2: SPI Flash Size : 4MB
00:17:57.373 > D (36) boot: Enabling RTCWDT(9000 ms)
00:17:57.373 > I (36) boot: Enabling RNG early entropy source...
00:17:57.373 > D (36) bootloader_flash: rodata starts from paddr=0x00008000, size=0xc00, will be mapped to vaddr=0x3f000000
00:17:57.373 > V (36) bootloader_flash: after mapping, starting from paddr=0x00000000 and vaddr=0x3f00000[37m0, 0x10000 bytes are mapped
00:17:57.373 > D (37) boot: mapped partition table 0x8000 at 0x3f008000
00:17:57.373 > D (37) flash_parts: partition table verified, 5 entries
00:17:57.373 > I (38) boot: Partition Table:
00:17:57.373 > I (38) boot: ## Label            Usage          Type ST Offset   Length
00:17:57.373 > D (39) boot: load partition table entry 0x3f008000
00:17:57.373 > D (39) boot: type=1 subtype=2
00:17:57.373 > I (39) boot:  0 nvs              WiFi data        01 02 00009000 00004000
00:17:57.373 > D (40) boot: load partition table entry 0x3f008020
00:17:57.373 > D (40) boot: type=1 subtype=1
00:17:57.373 > I (40) boot:  1 phy_init         RF data          01 01 0000d000 00001000
00:17:57.373 > D (41) boot: load partition table entry 0x3f008040
00:17:57.373 > D (42) boot: type=0 subtype=0
00:17:57.373 > I (42) boot:  2 factory          factory app      00 00 00010000 00100000
00:17:57.373 > D (43) boot: load partition table entry 0x3f008060
00:17:57.373 > D (43) boot: type=1 subtype=83
00:17:57.373 > I (43) boot:  3 storage          Unknown data     01 83 00110000 000f0000
00:17:57.373 > I (44) boot: End of partition table
00:17:57.373 > D (44) boot: Trying partition index -1 offs 0x10000 size 0x100000
00:17:57.373 > D (45) esp_image: reading image hea[37mder @ 0x10000
00:17:57.373 > D (46) bootloader_flash: mmu set block paddr=0x00010000 (was 0xffffffff)
00:17:57.373 > D (47) esp_image: image header: 0xe9 0x06 0x02 0x02 40026a3c
00:17:57.373 > V (47) esp_image: loading segment header 0 at offset 0x10018
00:17:57.373 > V (47) esp_image: segment data length 0x14fd0 data starts 0x10020
00:17:57.373 > V (48) esp_image: MMU page size 0x10000
00:17:57.373 > V (48) esp_image: segment 0 map_segment 1 segment_data_offs 0x10020 load_addr 0x3f000020
00:17:57.373 > I (48) esp_image: segment 0: paddr=00010020 vaddr=3f000020 size=14fd0h ( 85968) map
00:17:57.373 > D (49) esp_image: free data page_count 0x00000038
00:17:57.373 > D (49) bootloader_flash: rodata starts from paddr=0x00010020, size=0x14fd0, will be mapped to vaddr=0x3f000000
00:17:57.373 > V (49) bootloader_flash: after mapping, starting from paddr=0x00010000 and vaddr=0x3f000000, 0x20000 bytes are mapped
00:17:57.373 > V (66) esp_image: loading segment header 1 at offset 0x24ff0
00:17:57.373 > D (66) bootloader_flash: mmu set block paddr=0x00020000 (was 0xffffffff)
00:17:57.373 > V (68) esp_image: segment data length 0x1c data starts 0x24ff8
00:17:57.373 > V (68) esp_image: MMU page size 0x10000
00:17:57.373 > V[37m (68) esp_image: segment 1 map_segment 0 segment_data_offs 0x24ff8 load_addr 0x3ff9e010
00:17:57.373 > I (68) esp_image: segment 1: paddr=00024ff8 vaddr=3ff9e010 size=0001ch (    28) load
00:17:57.373 > D (69) esp_image: free data page_count 0x00000038
00:17:57.373 > D (69) bootloader_flash: rodata starts from paddr=0x00024ff8, size=0x1c, will be mapped to vaddr=0x3f000000
00:17:57.373 > V (69) bootloader_flash: after mapping, starting from paddr=0x00020000 and vaddr=0x3f000000, 0x10000 bytes are mapped
00:17:57.373 > V (70) esp_image: loading segment header 2 at offset 0x25014
00:17:57.373 > D (70) bootloader_flash: mmu set block paddr=0x00020000 (was 0xffffffff)
00:17:57.373 > V (71) esp_image: segment data length 0x2ed8 data starts 0x2501c
00:17:57.373 > V (72) esp_image: MMU page size 0x10000
00:17:57.373 > V (72) esp_image: segment 2 map_segment 0 segment_data_offs 0x2501c load_addr 0x3ffc5ad0
00:17:57.373 > I (73) esp_image: segment 2: paddr=0002501c vaddr=3ffc5ad0 size=02ed8h ( 11992) load
00:17:57.373 > D (73) esp_image: free data page_count 0x00000038
00:17:57.373 > D (73) bootloader_flash: rodata starts from paddr=0x0002501c, size=0x2ed8, will be mapped to vad[37mdr=0x3f000000
00:17:57.373 > V (73) bootloader_flash: after mapping, starting from paddr=0x00020000 and vaddr=0x3f000000, 0x10000 bytes are mapped
00:17:57.373 > V (76) esp_image: loading segment header 3 at offset 0x27ef4
00:17:57.373 > D (76) bootloader_flash: mmu set block paddr=0x00020000 (was 0xffffffff)
00:17:57.373 > V (77) esp_image: segment data length 0x811c data starts 0x27efc
00:17:57.373 > V (79) esp_image: MMU page size 0x10000
00:17:57.373 > V (79) esp_image: segment 3 map_segment 0 segment_data_offs 0x27efc load_addr 0x40024000
00:17:57.373 > I (79) esp_image: segment 3: paddr=00027efc vaddr=40024000 size=0811ch ( 33052) load
00:17:57.373 > D (79) esp_image: free data page_count 0x00000038
00:17:57.373 > D (80) bootloader_flash: rodata starts from paddr=0x00027efc, size=0x811c, will be mapped to vaddr=0x3f000000
00:17:57.373 > V (80) bootloader_flash: after mapping, starting from paddr=0x00020000 and vaddr=0x3f000000, 0x20000 bytes are mapped
00:17:57.373 > V (89) esp_image: loading segment header 4 at offset 0x30018
00:17:57.373 > D (89) bootloader_flash: mmu set block paddr=0x00030000 (was 0xffffffff)
00:17:57.373 > V (90) esp_image: segment data length 0x3f770 data[37m starts 0x30020
00:17:57.373 > V (91) esp_image: MMU page size 0x10000
00:17:57.373 > V (91) esp_image: segment 4 map_segment 1 segment_data_offs 0x30020 load_addr 0x40080020
00:17:57.373 > I (92) esp_image: segment 4: paddr=00030020 vaddr=40080020 size=3f770h (259952) map
00:17:57.373 > D (92) esp_image: free data page_count 0x00000038
00:17:57.373 > D (92) bootloader_flash: rodata starts from paddr=0x00030020, size=0x3f770, will be mapped to vaddr=0x3f000000
00:17:57.373 > V (92) bootloader_flash: after mapping, starting from paddr=0x00030000 and vaddr=0x3f000000, 0x40000 bytes are mapped
00:17:57.373 > V (143) esp_image: loading segment header 5 at offset 0x6f790
00:17:57.373 > D (144) bootloader_flash: mmu set block paddr=0x00060000 (was 0xffffffff)
00:17:57.373 > V (145) esp_image: segment data length 0x99b0 data starts 0x6f798
00:17:57.373 > V (146) esp_image: MMU page size 0x10000
00:17:57.373 > V (146) esp_image: segment 5 map_segment 0 segment_data_offs 0x6f798 load_addr 0x4002c11c
00:17:57.373 > I (146) esp_image: segment 5: paddr=0006f798 vaddr=4002c11c size=099b0h ( 39344) load
00:17:57.373 > D (146) esp_image: free data page_count 0x00000038
00:17:57.373 > D (147) bootloader_flash: ro[37mdata starts from paddr=0x0006f798, size=0x99b0, will be mapped to vaddr=0x3f000000
00:17:57.374 > V (147) bootloader_flash: after mapping, starting from paddr=0x00060000 and vaddr=0x3f000000, 0x20000 bytes are mapped
00:17:57.374 > V (157) esp_image: image start 0x00010000 end of last section 0x00079148
00:17:57.374 > D (158) bootloader_flash: mmu set block paddr=0x00070000 (was 0xffffffff)
00:17:57.374 > I (168) boot: Loaded app from partition at offset 0x10000
00:17:57.374 > I (168) boot: Disabling RNG early entropy source...
00:17:57.374 > D (168) boot: Mapping segment 0 as DROM
00:17:57.374 > D (168) boot: Mapping segment 4 as IROM
00:17:57.374 > D (168) boot: calling set_cache_and_start_app
00:17:57.374 > D (168) boot: configure drom and irom and start
00:17:57.374 > V (168) boot: rodata starts from paddr=0x00010020, vaddr=0x3f000020, size=0x14fd0
00:17:57.374 > V (169) boot: after mapping rodata, starting from paddr=0x00010000 and vaddr=0x3f000000, 0x20000 bytes are mapped
00:17:57.374 > V (170) boot: mapped one page of the rodata, from paddr=0x00010000 and vaddr=0x3f3f0000, 0x10000 bytes are mapped
00:17:57.374 > V (170) boot: text starts from paddr=0x00030020, vaddr=0x4008002[37m0, size=0x3f770
00:17:57.374 > V (171) boot: after mapping text, starting from paddr=0x00030000 and vaddr=0x40080000, 0x40000 bytes are mapped
00:17:57.374 > D (171) boot: start: 0x40026a3c
00:17:57.374 > I (193) main_task: Started on CPU0
00:17:57.374 > I (193) main_task: Calling app_main()
00:17:57.374 > [INFO][SYSTEM][13ms] [1;36m╔════════════════════════════════════════════════════════════════════╗
00:17:57.374 > Guru Meditation Error: Core  0 panic'ed (LoadProhibited). Exception was unhandled.
00:17:57.374 > 
00:17:57.374 > Core  0 register dump:
00:17:57.374 > PC      : 0x400b3eab  PS      : 0x00060e30  A0      : 0x800a99b4  A1      : 0x3ffcdc20  
00:17:57.374 > A2      : 0x3ffce1d0  A3      : 0x00000000  A4      : 0x3ffcdc30  A5      : 0x3ffcdf70  
00:17:57.374 > A6      : 0x3ffcdf50  A7      : 0x00000008  A8      : 0x00000000  A9      : 0x3ffcdc10  
00:17:57.374 > A10     : 0x00000001  A11     : 0x3f012666  A12     : 0x000000ff  A13     : 0x0000ff00  
00:17:57.374 > A14     : 0x00ff0000  A15     : 0xff000000  SAR     : 0x0000001f  EXCCAU[37mSE: 0x0000001c  
00:17:57.374 > EXCVADDR: 0x00000064  LBEG    : 0x000000ff  LEND    : 0x0000ff00  LCOUNT  : 0x4002a7e8  
00:17:57.374 > 
00:17:57.374 > 
00:17:57.374 > Backtrace: 0x400b3ea8:0x3ffcdc20 0x400a99b1:0x3ffcdf40 0x4008968a:0x3ffcdf90 0x4008a405:0x3ffce0e0 0x4008a69a:0x3ffce100 0x400bf127:0x3ffce120 0x4002d279:0x3ffce150
00:17:57.374 > 
00:17:57.374 > 
00:17:57.374 > 
00:17:57.374 > 
00:17:57.374 > ELF file SHA256: 65f1a10cf
00:17:57.374 > 
00:17:57.374 > Rebooting...
00:17:57.374 > I (32) boot: ESP-IDF 5.4.0 2nd stage bootloader
00:17:57.374 > I (32) boot: compile time Jul  3 2025 00:17:27
00:17:57.374 > D (32) bootloader_flash: XMC chip detected by RDID (00204016), skip.
00:17:57.374 > D (34) bootloader_flash: mmu set block paddr=0x00000000 (was 0xffffffff)
00:17:57.374 > I (35) boot: chip revision: v0.0
00:17:57.374 > I (35) boot: efuse block revision: v0.2
00:17:57.374 > D (35) boot.esp32s2: magic e9
00:17:57.374 > D (36) boot.esp32s2: segments 04
00:17:57.374 > D (36) boot.esp32s2: spi_mode 02
00:17:57.374 > D (36) boot.esp32s2: spi_speed 0f
00:17:57.374 > D (36) boot.esp32s2: spi_size 02
00:17:57.374 > I (36) boot.esp32s2: SPI Speed      : 80MHz
00:17:57.374 > I (36) boot.esp32s2: SPI Mode       : DIO
00:17:57.374 > I (36) boot.esp32s2: SPI Flash Size : 4MB
00:17:57.374 > D (37) boot: Enabling RTCWDT(9000 ms)
00:17:57.374 > I (37) boot: Enabling RNG early entr[37mopy source...
00:17:57.374 > D (37) bootloader_flash: rodata starts from paddr=0x00008000, size=0xc00, will be mapped to vaddr=0x3f000000
00:17:57.374 > V (38) bootloader_flash: after mapping, starting from paddr=0x00000000 and vaddr=0x3f000000, 0x10000 bytes are mapped
00:17:57.374 > D (38) boot: mapped partition table 0x8000 at 0x3f008000
00:17:57.374 > D (38) flash_parts: partition table verified, 5 entries
00:17:57.374 > I (39) boot: Partition Table:
00:17:57.374 > I (39) boot: ## Label            Usage          Type ST Offset   Length
00:17:57.374 > D (40) boot: load partition table entry 0x3f008000
00:17:57.374 > D (40) boot: type=1 subtype=2
00:17:57.374 > I (40) boot:  0 nvs              WiFi data        01 02 00009000 00004000
00:17:57.374 > D (41) boot: load partition table entry 0x3f008020
00:17:57.374 > D (41) boot: type=1 subtype=1
00:17:57.374 > I (41) boot:  1 phy_init         RF data          01 01 0000d000 00001000
00:17:57.374 > D (42) boot: load partition table entry 0x3f008040
00:17:57.374 > D (43) boot: type=0 subtype=0
00:17:57.374 > I (43) boot:  2 factory          factory app      00 00 00010000 00100000
00:17:57.374 > D (44) boot: load partition table entry 0x3f008060
00:17:57.374 > D (44) boot: type=1 subtype=83[37m
00:17:57.374 > I (45) boot:  3 storage          Unknown data     01 83 00110000 000f0000
00:17:57.374 > I (46) boot: End of partition table
00:17:57.374 > D (46) boot: Trying partition index -1 offs 0x10000 size 0x100000
00:17:57.374 > D (47) esp_image: reading image header @ 0x10000
00:17:57.374 > D (48) bootloader_flash: mmu set block paddr=0x00010000 (was 0xffffffff)
00:17:57.374 > D (49) esp_image: image header: 0xe9 0x06 0x02 0x02 40026a3c
00:17:57.374 > V (49) esp_image: loading segment header 0 at offset 0x10018
00:17:57.374 > V (49) esp_image: segment data length 0x14fd0 data starts 0x10020
00:17:57.374 > V (50) esp_image: MMU page size 0x10000
00:17:57.374 > V (50) esp_image: segment 0 map_segment 1 segment_data_offs 0x10020 load_addr 0x3f000020
00:17:57.374 > I (50) esp_image: segment 0: paddr=00010020 vaddr=3f000020 size=14fd0h ( 85968) map
00:17:57.374 > D (51) esp_image: free data page_count 0x00000038
00:17:57.374 > D (51) bootloader_flash: rodata starts from paddr=0x00010020, size=0x14fd0, will be mapped to vaddr=0x3f000000
00:17:57.374 > V (51) bootloader_flash: after mapping, starting from paddr=0x00010000 and vaddr=0x3f000000, 0x20000 bytes are mapped
00:17:57.374 > V (68) esp_image: loading s[37megment header 1 at offset 0x24ff0
00:17:57.375 > D (68) bootloader_flash: mmu set block paddr=0x00020000 (was 0xffffffff)
00:17:57.375 > V (70) esp_image: segment data length 0x1c data starts 0x24ff8
00:17:57.375 > V (70) esp_image: MMU page size 0x10000
00:17:57.375 > V (70) esp_image: segment 1 map_segment 0 segment_data_offs 0x24ff8 load_addr 0x3ff9e010
00:17:57.375 > I (71) esp_image: segment 1: paddr=00024ff8 vaddr=3ff9e010 size=0001ch (    28) load
00:17:57.375 > D (72) esp_image: free data page_count 0x00000038
00:17:57.375 > D (72) bootloader_flash: rodata starts from paddr=0x00024ff8, size=0x1c, will be mapped to vaddr=0x3f000000
00:17:57.375 > V (72) bootloader_flash: after mapping, starting from paddr=0x00020000 and vaddr=0x3f000000, 0x10000 bytes are mapped
00:17:57.375 > V (73) esp_image: loading segment header 2 at offset 0x25014
00:17:57.375 > D (73) bootloader_flash: mmu set block paddr=0x00020000 (was 0xffffffff)
00:17:57.375 > V (74) esp_image: segment data length 0x2ed8 data starts 0x2501c
00:17:57.375 > V (75) esp_image: MMU page size 0x10000
00:17:57.375 > V (75) esp_image: segment 2 map_segment 0 segment_data_offs 0x2501c load_addr 0x3ffc5ad0
00:17:57.375 > I (76) esp_image: [37msegment 2: paddr=0002501c vaddr=3ffc5ad0 size=02ed8h ( 11992) load
00:17:57.377 > D (76) esp_image: free data page_count 0x00000038
00:17:57.377 > D (76) bootloader_flash: rodata starts from paddr=0x0002501c, size=0x2ed8, will be mapped to vaddr=0x3f000000
00:17:57.377 > V (76) bootloader_flash: after mapping, starting from paddr=0x00020000 and vaddr=0x3f000000, 0x10000 bytes are mapped
00:17:57.377 > V (79) esp_image: loading segment header 3 at offset 0x27ef4
00:17:57.377 > D (79) bootloader_flash: mmu set block paddr=0x00020000 (was 0xffffffff)
00:17:57.377 > V (80) esp_image: segment data length 0x811c data starts 0x27efc
00:17:57.377 > V (82) esp_image: MMU page size 0x10000
00:17:57.377 > V (82) esp_image: segment 3 map_segment 0 segment_data_offs 0x27efc load_addr 0x40024000
00:17:57.377 > I (82) esp_image: segment 3: paddr=00027efc vaddr=40024000 size=0811ch ( 33052) load
00:17:57.377 > D (83) esp_image: free data page_count 0x00000038
00:17:57.377 > D (83) bootloader_flash: rodata starts from paddr=0x00027efc, size=0x811c, will be mapped to vaddr=0x3f000000
00:17:57.377 > V (83) bootloader_flash: after mapping, starting from paddr=0x00020000 and vaddr=0x3f00000[37m0, 0x20000 bytes are mapped
00:17:57.377 > V (92) esp_image: loading segment header 4 at offset 0x30018
00:17:57.377 > D (92) bootloader_flash: mmu set block paddr=0x00030000 (was 0xffffffff)
00:17:57.377 > V (93) esp_image: segment data length 0x3f770 data starts 0x30020
00:17:57.377 > V (94) esp_image: MMU page size 0x10000
00:17:57.377 > V (94) esp_image: segment 4 map_segment 1 segment_data_offs 0x30020 load_addr 0x40080020
00:17:57.377 > I (95) esp_image: segment 4: paddr=00030020 vaddr=40080020 size=3f770h (259952) map
00:17:57.377 > D (95) esp_image: free data page_count 0x00000038
00:17:57.377 > D (95) bootloader_flash: rodata starts from paddr=0x00030020, size=0x3f770, will be mapped to vaddr=0x3f000000
00:17:57.377 > V (95) bootloader_flash: after mapping, starting from paddr=0x00030000 and vaddr=0x3f000000, 0x40000 bytes are mapped
00:17:57.377 > V (146) esp_image: loading segment header 5 at offset 0x6f790
00:17:57.377 > D (147) bootloader_flash: mmu set block paddr=0x00060000 (was 0xffffffff)
00:17:57.377 > V (148) esp_image: segment data length 0x99b0 data starts 0x6f798
00:17:57.377 > V (149) esp_image: MMU page size 0x10000
00:17:57.377 > V (149) esp_image: segment 5 map_segment 0 [37msegment_data_offs 0x6f798 load_addr 0x4002c11c
00:17:57.377 > I (149) esp_image: segment 5: paddr=0006f798 vaddr=4002c11c size=099b0h ( 39344) load
00:17:57.377 > D (149) esp_image: free data page_count 0x00000038
00:17:57.377 > D (150) bootloader_flash: rodata starts from paddr=0x0006f798, size=0x99b0, will be mapped to vaddr=0x3f000000
00:17:57.377 > V (150) bootloader_flash: after mapping, starting from paddr=0x00060000 and vaddr=0x3f000000, 0x20000 bytes are mapped
00:17:57.377 > V (160) esp_image: image start 0x00010000 end of last section 0x00079148
00:17:57.377 > D (161) bootloader_flash: mmu set block paddr=0x00070000 (was 0xffffffff)
00:17:57.377 > I (171) boot: Loaded app from partition at offset 0x10000
00:17:57.377 > I (171) boot: Disabling RNG early entropy source...
00:17:57.377 > D (171) boot: Mapping segment 0 as DROM
00:17:57.377 > D (171) boot: Mapping segment 4 as IROM
00:17:57.377 > D (171) boot: calling set_cache_and_start_app
00:17:57.377 > D (171) boot: configure drom and irom and start
00:17:57.377 > V (171) boot: rodata starts from paddr=0x00010020, vaddr=0x3f000020, size=0x14fd0
00:17:57.377 > V (172) boot: after mapping rodata, starting from paddr=0x00010000 and vaddr=0x[37m3f000000, 0x20000 bytes are mapped
00:17:57.378 > V (173) boot: mapped one page of the rodata, from paddr=0x00010000 and vaddr=0x3f3f0000, 0x10000 bytes are mapped
00:17:57.378 > V (173) boot: text starts from paddr=0x00030020, vaddr=0x40080020, size=0x3f770
00:17:57.378 > V (174) boot: after mapping text, starting from paddr=0x00030000 and vaddr=0x40080000, 0x40000 bytes are mapped
00:17:57.378 > D (174) boot: start: 0x40026a3c
00:17:57.378 > I (196) main_task: Started on CPU0
00:17:57.378 > I (196) main_task: Calling app_main()
00:17:57.378 > [INFO][SYSTEM][13ms] [1;36m╔════════════════════════════════════════════════════════════════════╗
00:17:57.378 > Guru Meditation Error: Core  0 panic'ed (LoadProhibited). Exception was unhandled.
00:17:57.378 > 
00:17:57.378 > Core  0 register dump:
00:17:57.378 > PC      : 0x400b3eab  PS      : 0x00060e30  A0      : 0x800a99b4  A1      : 0x3ffcdc20  
00:17:57.378 > A2      : 0x3ffce1d0  A3      : 0x00000000  A4      : 0x3ffcdc30  A5      : 0x3ffcdf70  
00:17:57.378 > A6      : 0x3ffcdf50  A7      : 0x000[37m00008  A8      : 0x00000000  A9      : 0x3ffcdc10  
00:17:57.378 > A10     : 0x00000001  A11     : 0x3f012666  A12     : 0x000000ff  A13     : 0x0000ff00  
00:17:57.378 > A14     : 0x00ff0000  A15     : 0xff000000  SAR     : 0x0000001f  EXCCAUSE: 0x0000001c  
00:17:57.378 > EXCVADDR: 0x00000064  LBEG    : 0x000000ff  LEND    : 0x0000ff00  LCOUNT  : 0x4002a7e8  
00:17:57.378 > 
00:17:57.378 > 
00:17:57.378 > Backtrace: 0x400b3ea8:0x3ffcdc20 0x400a99b1:0x3ffcdf40 0x4008968a:0x3ffcdf90 0x4008a405:0x3ffce0e0 0x4008a69a:0x3ffce100 0x400bf127:0x3ffce120 0x4002d279:0x3ffce150
00:17:57.378 > 
00:17:57.378 > 
00:17:57.378 > 
00:17:57.378 > 
00:17:57.378 > ELF file SHA256: 65f1a10cf
00:17:57.378 > 
00:17:57.378 > Rebooting...
00:17:57.378 > I (32) boot: ESP-IDF 5.4.0 2nd stage bootloader
00:17:57.378 > I (32) boot: compile time Jul  3 2025 00:17:27
00:17:57.378 > D (32) bootloader_flash: XMC chip detected by RDID (00204016), skip.
00:17:57.378 > D (34) bootloader_flash: mmu set block paddr=0x00000000 (was 0xffffffff)
00:17:57.378 > I (35) boot: chip revision: v0.0
00:17:57.378 > I (35) boot: efuse block revision: v0.2
00:17:57.378 > D (35) boot.esp32s2: magic e9
00:17:57.378 > D (35) boot.esp32s2: segments 04
00:17:57.378 > D (35) boot.esp32s2: spi_mode 02
00:17:57.378 > D (35) boot.esp32s2: spi_speed 0f
00:17:57.378 > D (35) boot.esp32s2: spi_[37msize 02
00:17:57.378 > I (35) boot.esp32s2: SPI Speed      : 80MHz
00:17:57.378 > I (35) boot.esp32s2: SPI Mode       : DIO
00:17:57.378 > I (35) boot.esp32s2: SPI Flash Size : 4MB
00:17:57.378 > D (36) boot: Enabling RTCWDT(9000 ms)
00:17:57.378 > I (36) boot: Enabling RNG early entropy source...
00:17:57.378 > D (36) bootloader_flash: rodata starts from paddr=0x00008000, size=0xc00, will be mapped to vaddr=0x3f000000
00:17:57.378 > V (36) bootloader_flash: after mapping, starting from paddr=0x00000000 and vaddr=0x3f000000, 0x10000 bytes are mapped
00:17:57.378 > D (36) boot: mapped partition table 0x8000 at 0x3f008000
00:17:57.378 > D (36) flash_parts: partition table verified, 5 entries
00:17:57.378 > I (37) boot: Partition Table:
00:17:57.378 > I (37) boot: ## Label            Usage          Type ST Offset   Length
00:17:57.378 > D (38) boot: load partition table entry 0x3f008000
00:17:57.378 > D (38) boot: type=1 subtype=2
00:17:57.378 > I (38) boot:  0 nvs              WiFi data        01 02 00009000 00004000
00:17:57.378 > D (39) boot: load partition table entry 0x3f008020
00:17:57.378 > D (39) boot: type=1 subtype=1
00:17:57.378 > I (39) boot:  1 phy_init         RF data          01 01 0000d000 00001000
00:17:57.378 > D (40) boot: load partitio[37mn table entry 0x3f008040
00:17:57.378 > D (41) boot: type=0 subtype=0
00:17:57.378 > I (41) boot:  2 factory          factory app      00 00 00010000 00100000
00:17:57.378 > D (42) boot: load partition table entry 0x3f008060
00:17:57.378 > D (42) boot: type=1 subtype=83
00:17:57.378 > I (42) boot:  3 storage          Unknown data     01 83 00110000 000f0000
00:17:57.378 > I (43) boot: End of partition table
00:17:57.378 > D (43) boot: Trying partition index -1 offs 0x10000 size 0x100000
00:17:57.378 > D (44) esp_image: reading image header @ 0x10000
00:17:57.378 > D (45) bootloader_flash: mmu set block paddr=0x00010000 (was 0xffffffff)
00:17:57.378 > D (46) esp_image: image header: 0xe9 0x06 0x02 0x02 40026a3c
00:17:57.378 > V (46) esp_image: loading segment header 0 at offset 0x10018
00:17:57.378 > V (46) esp_image: segment data length 0x14fd0 data starts 0x10020
00:17:57.378 > V (47) esp_image: MMU page size 0x10000
00:17:57.378 > V (47) esp_image: segment 0 map_segment 1 segment_data_offs 0x10020 load_addr 0x3f000020
00:17:57.378 > I (47) esp_image: segment 0: paddr=00010020 vaddr=3f000020 size=14fd0h ( 85968) map
00:17:57.378 > D (48) esp_image: free data page_count 0x00000038
00:17:57.378 > D (48) bootloader_flash: rodata starts from[37m paddr=0x00010020, size=0x14fd0, will be mapped to vaddr=0x3f000000
00:17:57.378 > V (48) bootloader_flash: after mapping, starting from paddr=0x00010000 and vaddr=0x3f000000, 0x20000 bytes are mapped
00:17:57.378 > V (65) esp_image: loading segment header 1 at offset 0x24ff0
00:17:57.378 > D (65) bootloader_flash: mmu set block paddr=0x00020000 (was 0xffffffff)
00:17:57.378 > V (67) esp_image: segment data length 0x1c data starts 0x24ff8
00:17:57.378 > V (67) esp_image: MMU page size 0x10000
00:17:57.378 > V (67) esp_image: segment 1 map_segment 0 segment_data_offs 0x24ff8 load_addr 0x3ff9e010
00:17:57.378 > I (67) esp_image: segment 1: paddr=00024ff8 vaddr=3ff9e010 size=0001ch (    28) load
00:17:57.378 > D (68) esp_image: free data page_count 0x00000038
00:17:57.378 > D (68) bootloader_flash: rodata starts from paddr=0x00024ff8, size=0x1c, will be mapped to vaddr=0x3f000000
00:17:57.378 > V (68) bootloader_flash: after mapping, starting from paddr=0x00020000 and vaddr=0x3f000000, 0x10000 bytes are mapped
00:17:57.378 > V (69) esp_image: loading segment header 2 at offset 0x25014
00:17:57.378 > D (69) bootloader_flash: mmu set block paddr=0x00020000 (was 0xffffffff)
00:17:57.379 > [37mV (70) esp_image: segment data length 0x2ed8 data starts 0x2501c
00:17:57.379 > V (71) esp_image: MMU page size 0x10000
00:17:57.379 > V (71) esp_image: segment 2 map_segment 0 segment_data_offs 0x2501c load_addr 0x3ffc5ad0
00:17:57.379 > I (72) esp_image: segment 2: paddr=0002501c vaddr=3ffc5ad0 size=02ed8h ( 11992) load
00:17:57.379 > D (72) esp_image: free data page_count 0x00000038
00:17:57.379 > D (72) bootloader_flash: rodata starts from paddr=0x0002501c, size=0x2ed8, will be mapped to vaddr=0x3f000000
00:17:57.379 > V (72) bootloader_flash: after mapping, starting from paddr=0x00020000 and vaddr=0x3f000000, 0x10000 bytes are mapped
00:17:57.379 > V (75) esp_image: loading segment header 3 at offset 0x27ef4
00:17:57.379 > D (75) bootloader_flash: mmu set block paddr=0x00020000 (was 0xffffffff)
00:17:57.379 > V (76) esp_image: segment data length 0x811c data starts 0x27efc
00:17:57.379 > V (78) esp_image: MMU page size 0x10000
00:17:57.379 > V (78) esp_image: segment 3 map_segment 0 segment_data_offs 0x27efc load_addr 0x40024000
00:17:57.379 > I (78) esp_image: segment 3: paddr=00027efc vaddr=40024000 size=0811ch ( 33052) load
00:17:57.379 > D (78) esp_image: free data page_coun[37mt 0x00000038
00:17:57.379 > D (78) bootloader_flash: rodata starts from paddr=0x00027efc, size=0x811c, will be mapped to vaddr=0x3f000000
00:17:57.379 > V (78) bootloader_flash: after mapping, starting from paddr=0x00020000 and vaddr=0x3f000000, 0x20000 bytes are mapped
00:17:57.379 > V (87) esp_image: loading segment header 4 at offset 0x30018
00:17:57.379 > D (87) bootloader_flash: mmu set block paddr=0x00030000 (was 0xffffffff)
00:17:57.379 > V (88) esp_image: segment data length 0x3f770 data starts 0x30020
00:17:57.379 > V (89) esp_image: MMU page size 0x10000
00:17:57.379 > V (89) esp_image: segment 4 map_segment 1 segment_data_offs 0x30020 load_addr 0x40080020
00:17:57.379 > I (90) esp_image: segment 4: paddr=00030020 vaddr=40080020 size=3f770h (259952) map
00:17:57.379 > D (91) esp_image: free data page_count 0x00000038
00:17:57.379 > D (91) bootloader_flash: rodata starts from paddr=0x00030020, size=0x3f770, will be mapped to vaddr=0x3f000000
00:17:57.379 > V (91) bootloader_flash: after mapping, starting from paddr=0x00030000 and vaddr=0x3f000000, 0x40000 bytes are mapped
00:17:57.379 > V (142) esp_image: loading segment header 5 at offset 0x6f790
00:17:57.379 > D (143) boot[37mloader_flash: mmu set block paddr=0x00060000 (was 0xffffffff)
00:17:57.379 > V (144) esp_image: segment data length 0x99b0 data starts 0x6f798
00:17:57.379 > V (145) esp_image: MMU page size 0x10000
00:17:57.379 > V (145) esp_image: segment 5 map_segment 0 segment_data_offs 0x6f798 load_addr 0x4002c11c
00:17:57.379 > I (145) esp_image: segment 5: paddr=0006f798 vaddr=4002c11c size=099b0h ( 39344) load
00:17:57.379 > D (145) esp_image: free data page_count 0x00000038
00:17:57.379 > D (146) bootloader_flash: rodata starts from paddr=0x0006f798, size=0x99b0, will be mapped to vaddr=0x3f000000
00:17:57.379 > V (146) bootloader_flash: after mapping, starting from paddr=0x00060000 and vaddr=0x3f000000, 0x20000 bytes are mapped
00:17:57.379 > V (156) esp_image: image start 0x00010000 end of last section 0x00079148
00:17:57.379 > D (157) bootloader_flash: mmu set block paddr=0x00070000 (was 0xffffffff)
00:17:57.379 > I (167) boot: Loaded app from partition at offset 0x10000
00:17:57.379 > I (167) boot: Disabling RNG early entropy source...
00:17:57.379 > D (168) boot: Mapping segment 0 as DROM
00:17:57.379 > D (168) boot: Mapping segment 4 as IROM
00:17:57.379 > D (168) boot: calling set_cache_and_start_a[37mpp
00:17:57.379 > D (168) boot: configure drom and irom and start
00:17:57.379 > V (168) boot: rodata starts from paddr=0x00010020, vaddr=0x3f000020, size=0x14fd0
00:17:57.379 > V (169) boot: after mapping rodata, starting from paddr=0x00010000 and vaddr=0x3f000000, 0x20000 bytes are mapped
00:17:57.379 > V (170) boot: mapped one page of the rodata, from paddr=0x00010000 and vaddr=0x3f3f0000, 0x10000 bytes are mapped
00:17:57.379 > V (170) boot: text starts from paddr=0x00030020, vaddr=0x40080020, size=0x3f770
00:17:57.379 > V (171) boot: after mapping text, starting from paddr=0x00030000 and vaddr=0x40080000, 0x40000 bytes are mapped
00:17:57.379 > D (171) boot: start: 0x40026a3c
00:17:57.379 > I (193) main_task: Started on CPU0
00:17:57.379 > I (193) main_task: Calling app_main()
00:17:57.379 > [INFO][SYSTEM][13ms] [1;36m╔════════════════════════════════════════════════════════════════════╗
00:17:57.379 > Guru Meditation Error: Core  0 panic'ed (LoadProhibited). Exception was unhandled.
00:17:57.379 > 
00:17:57.379 > Core  0 register dump:
00:17:57.379 > PC[37m      : 0x400b3eab  PS      : 0x00060e30  A0      : 0x800a99b4  A1      : 0x3ffcdc20  
00:17:57.379 > A2      : 0x3ffce1d0  A3      : 0x00000000  A4      : 0x3ffcdc30  A5      : 0x3ffcdf70  
00:17:57.379 > A6      : 0x3ffcdf50  A7      : 0x00000008  A8      : 0x00000000  A9      : 0x3ffcdc10  
00:17:57.379 > A10     : 0x00000001  A11     : 0x3f012666  A12     : 0x000000ff  A13     : 0x0000ff00  
00:17:57.379 > A14     : 0x00ff0000  A15     : 0xff000000  SAR     : 0x0000001f  EXCCAUSE: 0x0000001c  
00:17:57.379 > EXCVADDR: 0x00000064  LBEG    : 0x000000ff  LEND    : 0x0000ff00  LCOUNT  : 0x4002a7e8  
00:17:57.379 > 
00:17:57.379 > 
00:17:57.379 > Backtrace: 0x400b3ea8:0x3ffcdc20 0x400a99b1:0x3ffcdf40 0x4008968a:0x3ffcdf90 0x4008a405:0x3ffce0e0 0x4008a69a:0x3ffce100 0x400bf127:0x3ffce120 0x4002d279:0x3ffce150
00:17:57.379 > 
00:17:57.379 > 
00:17:57.379 > 
00:17:57.379 > 
00:17:57.379 > ELF file SHA256: 65f1a10cf
00:17:57.379 > 
00:17:57.379 > Rebooting...
00:17:57.379 > I (32) boot: ESP-IDF 5.4.0 2nd stage bootloader
00:17:57.379 > I (32) boot: compile time Jul  3 2025 00:17:27
00:17:57.379 > D (32) bootloader_flash: XMC chip detected by RDID (00204016), skip.
00:17:57.379 > D (34) bootloader_flash: mmu set block paddr=0x00000000 (was 0xffffffff)
00:17:57.379 > I (35) boot: chip r[37mevision: v0.0
00:17:57.379 > I (35) boot: efuse block revision: v0.2
00:17:57.379 > D (35) boot.esp32s2: magic e9
00:17:57.379 > D (35) boot.esp32s2: segments 04
00:17:57.379 > D (35) boot.esp32s2: spi_mode 02
00:17:57.379 > D (35) boot.esp32s2: spi_speed 0f
00:17:57.379 > D (35) boot.esp32s2: spi_size 02
00:17:57.379 > I (35) boot.esp32s2: SPI Speed      : 80MHz
00:17:57.379 > I (35) boot.esp32s2: SPI Mode       : DIO
00:17:57.379 > I (35) boot.esp32s2: SPI Flash Size : 4MB
00:17:57.379 > D (36) boot: Enabling RTCWDT(9000 ms)
00:17:57.379 > I (36) boot: Enabling RNG early entropy source...
00:17:57.379 > D (37) bootloader_flash: rodata starts from paddr=0x00008000, size=0xc00, will be mapped to vaddr=0x3f000000
00:17:57.379 > V (37) bootloader_flash: after mapping, starting from paddr=0x00000000 and vaddr=0x3f000000, 0x10000 bytes are mapped
00:17:57.379 > D (37) boot: mapped partition table 0x8000 at 0x3f008000
00:17:57.379 > D (37) flash_parts: partition table verified, 5 entries
00:17:57.379 > I (38) boot: Partition Table:
00:17:57.379 > I (38) boot: ## Label            Usage          Type ST Offset   Length
00:17:57.379 > D (39) boot: load partition table entry 0x3f008000
00:17:57.379 > D (39) boot: type=1 subtype=2
00:17:57.379 > I (39) boot:  0 nvs              WiFi data  [37m      01 02 00009000 00004000
00:17:57.379 > D (40) boot: load partition table entry 0x3f008020
00:17:57.379 > D (40) boot: type=1 subtype=1
00:17:57.379 > I (40) boot:  1 phy_init         RF data          01 01 0000d000 00001000
00:17:57.379 > D (41) boot: load partition table entry 0x3f008040
00:17:57.379 > D (42) boot: type=0 subtype=0
00:17:57.379 > I (42) boot:  2 factory          factory app      00 00 00010000 00100000
00:17:57.379 > D (43) boot: load partition table entry 0x3f008060
00:17:57.379 > D (43) boot: type=1 subtype=83
00:17:57.379 > I (43) boot:  3 storage          Unknown data     01 83 00110000 000f0000
00:17:57.379 > I (44) boot: End of partition table
00:17:57.379 > D (44) boot: Trying partition index -1 offs 0x10000 size 0x100000
00:17:57.379 > D (45) esp_image: reading image header @ 0x10000
00:17:57.379 > D (46) bootloader_flash: mmu set block paddr=0x00010000 (was 0xffffffff)
00:17:57.379 > D (47) esp_image: image header: 0xe9 0x06 0x02 0x02 40026a3c
00:17:57.379 > V (47) esp_image: loading segment header 0 at offset 0x10018
00:17:57.379 > V (47) esp_image: segment data length 0x14fd0 data starts 0x10020
00:17:57.379 > V (48) esp_image: MMU page size 0x10000
00:17:57.379 > V (48) esp_image: segment 0 map_segment 1 segment_data[37m_offs 0x10020 load_addr 0x3f000020
00:17:57.380 > I (48) esp_image: segment 0: paddr=00010020 vaddr=3f000020 size=14fd0h ( 85968) map
00:17:57.380 > D (49) esp_image: free data page_count 0x00000038
00:17:57.380 > D (50) bootloader_flash: rodata starts from paddr=0x00010020, size=0x14fd0, will be mapped to vaddr=0x3f000000
00:17:57.380 > V (50) bootloader_flash: after mapping, starting from paddr=0x00010000 and vaddr=0x3f000000, 0x20000 bytes are mapped
00:17:57.380 > V (67) esp_image: loading segment header 1 at offset 0x24ff0
00:17:57.380 > D (67) bootloader_flash: mmu set block paddr=0x00020000 (was 0xffffffff)
00:17:57.380 > V (69) esp_image: segment data length 0x1c data starts 0x24ff8
00:17:57.380 > V (69) esp_image: MMU page size 0x10000
00:17:57.380 > V (70) esp_image: segment 1 map_segment 0 segment_data_offs 0x24ff8 load_addr 0x3ff9e010
00:17:57.380 > I (70) esp_image: segment 1: paddr=00024ff8 vaddr=3ff9e010 size=0001ch (    28) load
00:17:57.380 > D (71) esp_image: free data page_count 0x00000038
00:17:57.380 > D (71) bootloader_flash: rodata starts from paddr=0x00024ff8, size=0x1c, will be mapped to vaddr=0x3f000000
00:17:57.380 > V (71) bootloader_flash: after mapping, [37mstarting from paddr=0x00020000 and vaddr=0x3f000000, 0x10000 bytes are mapped
00:17:57.380 > V (72) esp_image: loading segment header 2 at offset 0x25014
00:17:57.380 > D (72) bootloader_flash: mmu set block paddr=0x00020000 (was 0xffffffff)
00:17:57.380 > V (73) esp_image: segment data length 0x2ed8 data starts 0x2501c
00:17:57.380 > V (74) esp_image: MMU page size 0x10000
00:17:57.380 > V (74) esp_image: segment 2 map_segment 0 segment_data_offs 0x2501c load_addr 0x3ffc5ad0
00:17:57.380 > I (75) esp_image: segment 2: paddr=0002501c vaddr=3ffc5ad0 size=02ed8h ( 11992) load
00:17:57.380 > D (76) esp_image: free data page_count 0x00000038
00:17:57.380 > D (76) bootloader_flash: rodata starts from paddr=0x0002501c, size=0x2ed8, will be mapped to vaddr=0x3f000000
00:17:57.380 > V (76) bootloader_flash: after mapping, starting from paddr=0x00020000 and vaddr=0x3f000000, 0x10000 bytes are mapped
00:17:57.380 > V (79) esp_image: loading segment header 3 at offset 0x27ef4
00:17:57.380 > D (79) bootloader_flash: mmu set block paddr=0x00020000 (was 0xffffffff)
00:17:57.380 > V (80) esp_image: segment data length 0x811c data starts 0x27efc
00:17:57.380 > V (82) esp_image: MMU page size 0x10000[37m
00:17:57.381 > V (82) esp_image: segment 3 map_segment 0 segment_data_offs 0x27efc load_addr 0x40024000
00:17:57.381 > I (83) esp_image: segment 3: paddr=00027efc vaddr=40024000 size=0811ch ( 33052) load
00:17:57.381 > D (83) esp_image: free data page_count 0x00000038
00:17:57.381 > D (83) bootloader_flash: rodata starts from paddr=0x00027efc, size=0x811c, will be mapped to vaddr=0x3f000000
00:17:57.381 > V (83) bootloader_flash: after mapping, starting from paddr=0x00020000 and vaddr=0x3f000000, 0x20000 bytes are mapped
00:17:57.381 > V (92) esp_image: loading segment header 4 at offset 0x30018
00:17:57.381 > D (92) bootloader_flash: mmu set block paddr=0x00030000 (was 0xffffffff)
00:17:57.381 > V (93) esp_image: segment data length 0x3f770 data starts 0x30020
00:17:57.381 > V (94) esp_image: MMU page size 0x10000
00:17:57.381 > V (94) esp_image: segment 4 map_segment 1 segment_data_offs 0x30020 load_addr 0x40080020
00:17:57.381 > I (95) esp_image: segment 4: paddr=00030020 vaddr=40080020 size=3f770h (259952) map
00:17:57.381 > D (95) esp_image: free data page_count 0x00000038
00:17:57.381 > D (95) bootloader_flash: rodata starts from paddr=0x00030020, size=0x3f770, will be mapped [37mto vaddr=0x3f000000
00:17:57.382 > V (95) bootloader_flash: after mapping, starting from paddr=0x00030000 and vaddr=0x3f000000, 0x40000 bytes are mapped
00:17:57.382 > V (146) esp_image: loading segment header 5 at offset 0x6f790
00:17:57.382 > D (147) bootloader_flash: mmu set block paddr=0x00060000 (was 0xffffffff)
00:17:57.382 > V (148) esp_image: segment data length 0x99b0 data starts 0x6f798
00:17:57.382 > V (149) esp_image: MMU page size 0x10000
00:17:57.382 > V (149) esp_image: segment 5 map_segment 0 segment_data_offs 0x6f798 load_addr 0x4002c11c
00:17:57.382 > I (149) esp_image: segment 5: paddr=0006f798 vaddr=4002c11c size=099b0h ( 39344) load
00:17:57.382 > D (149) esp_image: free data page_count 0x00000038
00:17:57.382 > D (150) bootloader_flash: rodata starts from paddr=0x0006f798, size=0x99b0, will be mapped to vaddr=0x3f000000
00:17:57.382 > V (151) bootloader_flash: after mapping, starting from paddr=0x00060000 and vaddr=0x3f000000, 0x20000 bytes are mapped
00:17:57.382 > V (161) esp_image: image start 0x00010000 end of last section 0x00079148
00:17:57.382 > D (162) bootloader_flash: mmu set block paddr=0x00070000 (was 0xffffffff)
00:17:57.382 > I (172) boot: Loaded a[37mpp from partition at offset 0x10000
00:17:57.383 > I (172) boot: Disabling RNG early entropy source...
00:17:57.383 > D (172) boot: Mapping segment 0 as DROM
00:17:57.383 > D (172) boot: Mapping segment 4 as IROM
00:17:57.383 > D (172) boot: calling set_cache_and_start_app
00:17:57.383 > D (172) boot: configure drom and irom and start
00:17:57.383 > V (172) boot: rodata starts from paddr=0x00010020, vaddr=0x3f000020, size=0x14fd0
00:17:57.383 > V (173) boot: after mapping rodata, starting from paddr=0x00010000 and vaddr=0x3f000000, 0x20000 bytes are mapped
00:17:57.383 > V (174) boot: mapped one page of the rodata, from paddr=0x00010000 and vaddr=0x3f3f0000, 0x10000 bytes are mapped
00:17:57.383 > V (174) boot: text starts from paddr=0x00030020, vaddr=0x40080020, size=0x3f770
00:17:57.383 > V (175) boot: after mapping text, starting from paddr=0x00030000 and vaddr=0x40080000, 0x40000 bytes are mapped
00:17:57.383 > D (175) boot: start: 0x40026a3c
00:17:57.383 > I (197) main_task: Started on CPU0
00:17:57.383 > I (197) main_task: Calling app_main()
00:17:57.383 > [INFO][SYSTEM][13ms] [1;36m╔═══════════════════════════════════[37m═════════════════════════════════╗
00:17:57.383 > Guru Meditation Error: Core  0 panic'ed (LoadProhibited). Exception was unhandled.
00:17:57.383 > 
00:17:57.383 > Core  0 register dump:
00:17:57.383 > PC      : 0x400b3eab  PS      : 0x00060e30  A0      : 0x800a99b4  A1      : 0x3ffcdc20  
00:17:57.383 > A2      : 0x3ffce1d0  A3      : 0x00000000  A4      : 0x3ffcdc30  A5      : 0x3ffcdf70  
00:17:57.383 > A6      : 0x3ffcdf50  A7      : 0x00000008  A8      : 0x00000000  A9      : 0x3ffcdc10  
00:17:57.383 > A10     : 0x00000001  A11     : 0x3f012666  A12     : 0x000000ff  A13     : 0x0000ff00  
00:17:57.383 > A14     : 0x00ff0000  A15     : 0xff000000  SAR     : 0x0000001f  EXCCAUSE: 0x0000001c  
00:17:57.383 > EXCVADDR: 0x00000064  LBEG    : 0x000000ff  LEND    : 0x0000ff00  LCOUNT  : 0x4002a7e8  
00:17:57.383 > 
00:17:57.383 > 
00:17:57.383 > Backtrace: 0x400b3ea8:0x3ffcdc20 0x400a99b1:0x3ffcdf40 0x4008968a:0x3ffcdf90 0x4008a405:0x3ffce0e0 0x4008a69a:0x3ffce100 0x400bf127:0x3ffce120 0x4002d279:0x3ffce150
00:17:57.383 > 
00:17:57.383 > 
00:17:57.383 > 
00:17:57.383 > 
00:17:57.383 > ELF file SHA256: 65f1a10cf
00:17:57.383 > 
00:17:57.383 > Rebooting...
00:17:57.383 > I (32) boot: ESP-IDF 5.4.0 2nd stage bootload[37mer
00:17:57.383 > I (32) boot: compile time Jul  3 2025 00:17:27
00:17:57.383 > D (32) bootloader_flash: XMC chip detected by RDID (00204016), skip.
00:17:57.383 > D (34) bootloader_flash: mmu set block paddr=0x00000000 (was 0xffffffff)
00:17:57.383 > I (35) boot: chip revision: v0.0
00:17:57.383 > I (35) boot: efuse block revision: v0.2
00:17:57.383 > D (35) boot.esp32s2: magic e9
00:17:57.383 > D (35) boot.esp32s2: segments 04
00:17:57.383 > D (35) boot.esp32s2: spi_mode 02
00:17:57.383 > D (35) boot.esp32s2: spi_speed 0f
00:17:57.383 > D (35) boot.esp32s2: spi_size 02
00:17:57.383 > I (35) boot.esp32s2: SPI Speed      : 80MHz
00:17:57.383 > I (35) boot.esp32s2: SPI Mode       : DIO
00:17:57.383 > I (35) boot.esp32s2: SPI Flash Size : 4MB
00:17:57.383 > D (36) boot: Enabling RTCWDT(9000 ms)
00:17:57.383 > I (36) boot: Enabling RNG early entropy source...
00:17:57.383 > D (36) bootloader_flash: rodata starts from paddr=0x00008000, size=0xc00, will be mapped to vaddr=0x3f000000
00:17:57.383 > V (36) bootloader_flash: after mapping, starting from paddr=0x00000000 and vaddr=0x3f000000, 0x10000 bytes are mapped
00:17:57.383 > D (36) boot: mapped partition table 0x8000 at 0x3f008000
00:17:57.383 > D (36) flash_parts: partition table verified, 5 entries
00:17:57.383 > I (37) boot: Par[37mtition Table:
00:17:57.383 > I (38) boot: ## Label            Usage          Type ST Offset   Length
00:17:57.383 > D (39) boot: load partition table entry 0x3f008000
00:17:57.383 > D (39) boot: type=1 subtype=2
00:17:57.383 > I (39) boot:  0 nvs              WiFi data        01 02 00009000 00004000
00:17:57.383 > D (40) boot: load partition table entry 0x3f008020
00:17:57.383 > D (40) boot: type=1 subtype=1
00:17:57.383 > I (40) boot:  1 phy_init         RF data          01 01 0000d000 00001000
00:17:57.383 > D (41) boot: load partition table entry 0x3f008040
00:17:57.383 > D (42) boot: type=0 subtype=0
00:17:57.383 > I (43) boot:  2 factory          factory app      00 00 00010000 00100000
00:17:57.383 > D (44) boot: load partition table entry 0x3f008060
00:17:57.383 > D (44) boot: type=1 subtype=83
00:17:57.383 > I (44) boot:  3 storage          Unknown data     01 83 00110000 000f0000
00:17:57.383 > I (45) boot: End of partition table
00:17:57.383 > D (45) boot: Trying partition index -1 offs 0x10000 size 0x100000
00:17:57.383 > D (46) esp_image: reading image header @ 0x10000
00:17:57.383 > D (47) bootloader_flash: mmu set block paddr=0x00010000 (was 0xffffffff)
00:17:57.383 > D (48) esp_image: image header: 0xe9 0x06 0x02 0x02 40026a3c
00:17:57.383 > V (48) es[37mp_image: loading segment header 0 at offset 0x10018
00:17:57.383 > V (48) esp_image: segment data length 0x14fd0 data starts 0x10020
00:17:57.383 > V (49) esp_image: MMU page size 0x10000
00:17:57.383 > V (49) esp_image: segment 0 map_segment 1 segment_data_offs 0x10020 load_addr 0x3f000020
00:17:57.383 > I (49) esp_image: segment 0: paddr=00010020 vaddr=3f000020 size=14fd0h ( 85968) map
00:17:57.383 > D (50) esp_image: free data page_count 0x00000038
00:17:57.383 > D (50) bootloader_flash: rodata starts from paddr=0x00010020, size=0x14fd0, will be mapped to vaddr=0x3f000000
00:17:57.383 > V (50) bootloader_flash: after mapping, starting from paddr=0x00010000 and vaddr=0x3f000000, 0x20000 bytes are mapped
00:17:57.383 > V (67) esp_image: loading segment header 1 at offset 0x24ff0
00:17:57.383 > D (67) bootloader_flash: mmu set block paddr=0x00020000 (was 0xffffffff)
00:17:57.383 > V (69) esp_image: segment data length 0x1c data starts 0x24ff8
00:17:57.383 > V (69) esp_image: MMU page size 0x10000
00:17:57.383 > V (69) esp_image: segment 1 map_segment 0 segment_data_offs 0x24ff8 load_addr 0x3ff9e010
00:17:57.383 > I (69) esp_image: segment 1: paddr=00024ff8 vaddr=3ff9e010 size=0001ch [37m(    28) load
00:17:57.383 > D (70) esp_image: free data page_count 0x00000038
00:17:57.383 > D (70) bootloader_flash: rodata starts from paddr=0x00024ff8, size=0x1c, will be mapped to vaddr=0x3f000000
00:17:57.383 > V (70) bootloader_flash: after mapping, starting from paddr=0x00020000 and vaddr=0x3f000000, 0x10000 bytes are mapped
00:17:57.383 > V (72) esp_image: loading segment header 2 at offset 0x25014
00:17:57.383 > D (72) bootloader_flash: mmu set block paddr=0x00020000 (was 0xffffffff)
00:17:57.383 > V (73) esp_image: segment data length 0x2ed8 data starts 0x2501c
00:17:57.383 > V (74) esp_image: MMU page size 0x10000
00:17:57.383 > V (74) esp_image: segment 2 map_segment 0 segment_data_offs 0x2501c load_addr 0x3ffc5ad0
00:17:57.383 > I (75) esp_image: segment 2: paddr=0002501c vaddr=3ffc5ad0 size=02ed8h ( 11992) load
00:17:57.383 > D (75) esp_image: free data page_count 0x00000038
00:17:57.383 > D (75) bootloader_flash: rodata starts from paddr=0x0002501c, size=0x2ed8, will be mapped to vaddr=0x3f000000
00:17:57.383 > V (75) bootloader_flash: after mapping, starting from paddr=0x00020000 and vaddr=0x3f000000, 0x10000 bytes are mapped
00:17:57.383 > V (78) esp_image: loading [37msegment header 3 at offset 0x27ef4
00:17:57.383 > D (78) bootloader_flash: mmu set block paddr=0x00020000 (was 0xffffffff)
00:17:57.383 > V (79) esp_image: segment data length 0x811c data starts 0x27efc
00:17:57.383 > V (81) esp_image: MMU page size 0x10000
00:17:57.383 > V (81) esp_image: segment 3 map_segment 0 segment_data_offs 0x27efc load_addr 0x40024000
00:17:57.383 > I (81) esp_image: segment 3: paddr=00027efc vaddr=40024000 size=0811ch ( 33052) load
00:17:57.383 > D (81) esp_image: free data page_count 0x00000038
00:17:57.383 > D (81) bootloader_flash: rodata starts from paddr=0x00027efc, size=0x811c, will be mapped to vaddr=0x3f000000
00:17:57.383 > V (81) bootloader_flash: after mapping, starting from paddr=0x00020000 and vaddr=0x3f000000, 0x20000 bytes are mapped
00:17:57.383 > V (90) esp_image: loading segment header 4 at offset 0x30018
00:17:57.383 > D (90) bootloader_flash: mmu set block paddr=0x00030000 (was 0xffffffff)
00:17:57.383 > V (91) esp_image: segment data length 0x3f770 data starts 0x30020
00:17:57.383 > V (92) esp_image: MMU page size 0x10000
00:17:57.383 > V (92) esp_image: segment 4 map_segment 1 segment_data_offs 0x30020 load_addr 0x40080020
00:17:57.383 > I (94) esp_i[37mmage: segment 4: paddr=00030020 vaddr=40080020 size=3f770h (259952) map
00:17:57.383 > D (94) esp_image: free data page_count 0x00000038
00:17:57.383 > D (94) bootloader_flash: rodata starts from paddr=0x00030020, size=0x3f770, will be mapped to vaddr=0x3f000000
00:17:57.383 > V (94) bootloader_flash: after mapping, starting from paddr=0x00030000 and vaddr=0x3f000000, 0x40000 bytes are mapped
00:17:57.383 > V (145) esp_image: loading segment header 5 at offset 0x6f790
00:17:57.383 > D (146) bootloader_flash: mmu set block paddr=0x00060000 (was 0xffffffff)
00:17:57.383 > V (147) esp_image: segment data length 0x99b0 data starts 0x6f798
00:17:57.383 > V (148) esp_image: MMU page size 0x10000
00:17:57.383 > V (148) esp_image: segment 5 map_segment 0 segment_data_offs 0x6f798 load_addr 0x4002c11c
00:17:57.383 > I (148) esp_image: segment 5: paddr=0006f798 vaddr=4002c11c size=099b0h ( 39344) load
00:17:57.383 > D (148) esp_image: free data page_count 0x00000038
00:17:57.383 > D (149) bootloader_flash: rodata starts from paddr=0x0006f798, size=0x99b0, will be mapped to vaddr=0x3f000000
00:17:57.383 > V (149) bootloader_flash: after mapping, starting from paddr=0x00060000 and [37mvaddr=0x3f000000, 0x20000 bytes are mapped
00:17:57.383 > V (159) esp_image: image start 0x00010000 end of last section 0x00079148
00:17:57.383 > D (160) bootloader_flash: mmu set block paddr=0x00070000 (was 0xffffffff)
00:17:57.383 > I (170) boot: Loaded app from partition at offset 0x10000
00:17:57.383 > I (170) boot: Disabling RNG early entropy source...
00:17:57.383 > D (170) boot: Mapping segment 0 as DROM
00:17:57.383 > D (170) boot: Mapping segment 4 as IROM
00:17:57.383 > D (170) boot: calling set_cache_and_start_app
00:17:57.383 > D (170) boot: configure drom and irom and start
00:17:57.383 > V (170) boot: rodata starts from paddr=0x00010020, vaddr=0x3f000020, size=0x14fd0
00:17:57.383 > V (171) boot: after mapping rodata, starting from paddr=0x00010000 and vaddr=0x3f000000, 0x20000 bytes are mapped
00:17:57.383 > V (172) boot: mapped one page of the rodata, from paddr=0x00010000 and vaddr=0x3f3f0000, 0x10000 bytes are mapped
00:17:57.383 > V (172) boot: text starts from paddr=0x00030020, vaddr=0x40080020, size=0x3f770
00:17:57.383 > V (173) boot: after mapping text, starting from paddr=0x00030000 and vaddr=0x40080000, 0x40000 bytes are mapped
00:17:57.383 > D (173) boot: start: 0x40026a3[37mc
00:17:57.384 > I (195) main_task: Started on CPU0
00:17:57.384 > I (195) main_task: Calling app_main()
00:17:57.384 > [INFO][SYSTEM][13ms] [1;36m╔════════════════════════════════════════════════════════════════════╗
00:17:57.384 > Guru Meditation Error: Core  0 panic'ed (LoadProhibited). Exception was unhandled.
00:17:57.384 > 
00:17:57.384 > Core  0 register dump:
00:17:57.384 > PC      : 0x400b3eab  PS      : 0x00060e30  A0      : 0x800a99b4  A1      : 0x3ffcdc20  
00:17:57.384 > A2      : 0x3ffce1d0  A3      : 0x00000000  A4      : 0x3ffcdc30  A5      : 0x3ffcdf70  
00:17:57.384 > A6      : 0x3ffcdf50  A7      : 0x00000008  A8      : 0x00000000  A9      : 0x3ffcdc10  
00:17:57.384 > A10     : 0x00000001  A11     : 0x3f012666  A12     : 0x000000ff  A13     : 0x0000ff00  
00:17:57.384 > A14     : 0x00ff0000  A15     : 0xff000000  SAR     : 0x0000001f  EXCCAUSE: 0x0000001c  
00:17:57.384 > EXCVADDR: 0x00000064  LBEG    : 0x000000ff  LEND    : 0x0000ff00  LCOUNT  : 0x4002a7e8  
00:17:57.384 > 
00:17:57.384 > 
00:17:57.384 > Backtrace: 0x400b3ea8:0x3ffcdc20 0x400a99b1:0x3f[37mfcdf40 0x4008968a:0x3ffcdf90 0x4008a405:0x3ffce0e0 0x4008a69a:0x3ffce100 0x400bf127:0x3ffce120 0x4002d279:0x3ffce150
00:17:57.384 > 
00:17:57.384 > 
00:17:57.384 > 
00:17:57.384 > 
00:17:57.384 > ELF file SHA256: 65f1a10cf
00:17:57.384 > 
00:17:57.384 > ReboRebooting...
00:17:57.384 > I (32) boot: ESP-IDF 5.4.0 2nd stage bootloader
00:17:57.384 > I (32) boot: compile time Jul  3 2025 00:17:27
00:17:57.384 > D (32) bootloader_flash: XMC chip detected by RDID (00204016), skip.
00:17:57.384 > D (34) bootloader_flash: mmu set block paddr=0x00000000 (was 0xffffffff)
00:17:57.384 > I (35) boot: chip revision: v0.0
00:17:57.384 > I (35) boot: efuse block revision: v0.2
00:17:57.384 > D (35) boot.esp32s2: magic e9
00:17:57.384 > D (35) boot.esp32s2: segments 04
00:17:57.384 > D (35) boot.esp32s2: spi_mode 02
00:17:57.384 > D (35) boot.esp32s2: spi_speed 0f
00:17:57.384 > D (35) boot.esp32s2: spi_size 02
00:17:57.384 > I (35) boot.esp32s2: SPI Speed      : 80MHz
00:17:57.384 > I (35) boot.esp32s2: SPI Mode       : DIO
00:17:57.384 > I (36) boot.esp32s2: SPI Flash Size : 4MB
00:17:57.384 > D (37) boot: Enabling RTCWDT(9000 ms)
00:17:57.384 > I (37) boot: Enabling RNG early entropy source...
00:17:57.384 > D (37) bootloader_flash: rodata starts from paddr=0x00008000, size=0xc00, will be mapped to vaddr=0x3f000000
00:17:57.384 > V (37) bootloader_flash: after [37mmapping, starting from paddr=0x00000000 and vaddr=0x3f000000, 0x10000 bytes are mapped
00:17:57.384 > D (37) boot: mapped partition table 0x8000 at 0x3f008000
00:17:57.384 > D (37) flash_parts: partition table verified, 5 entries
00:17:57.384 > I (38) boot: Partition Table:
00:17:57.384 > I (38) boot: ## Label            Usage          Type ST Offset   Length
00:17:57.384 > D (39) boot: load partition table entry 0x3f008000
00:17:57.384 > D (39) boot: type=1 subtype=2
00:17:57.384 > I (39) boot:  0 nvs              WiFi data        01 02 00009000 00004000
00:17:57.384 > D (40) boot: load partition table entry 0x3f008020
00:17:57.384 > D (40) boot: type=1 subtype=1
00:17:57.384 > I (40) boot:  1 phy_init         RF data          01 01 0000d000 00001000
00:17:57.384 > D (41) boot: load partition table entry 0x3f008040
00:17:57.384 > D (42) boot: type=0 subtype=0
00:17:57.384 > I (42) boot:  2 factory          factory app      00 00 00010000 00100000
00:17:57.384 > D (43) boot: load partition table entry 0x3f008060
00:17:57.384 > D (43) boot: type=1 subtype=83
00:17:57.384 > I (43) boot:  3 storage          Unknown data     01 83 00110000 000f0000
00:17:57.384 > I (44) boot: End of partition table
00:17:57.384 > D (44) boot: Trying partition index -1 offs[37m 0x10000 size 0x100000
00:17:57.384 > D (45) esp_image: reading image header @ 0x10000
00:17:57.384 > D (46) bootloader_flash: mmu set block paddr=0x00010000 (was 0xffffffff)
00:17:57.384 > D (47) esp_image: image header: 0xe9 0x06 0x02 0x02 40026a3c
00:17:57.384 > V (47) esp_image: loading segment header 0 at offset 0x10018
00:17:57.384 > V (47) esp_image: segment data length 0x14fd0 data starts 0x10020
00:17:57.384 > V (48) esp_image: MMU page size 0x10000
00:17:57.384 > V (48) esp_image: segment 0 map_segment 1 segment_data_offs 0x10020 load_addr 0x3f000020
00:17:57.384 > I (49) esp_image: segment 0: paddr=00010020 vaddr=3f000020 size=14fd0h ( 85968) map
00:17:57.384 > D (50) esp_image: free data page_count 0x00000038
00:17:57.384 > D (50) bootloader_flash: rodata starts from paddr=0x00010020, size=0x14fd0, will be mapped to vaddr=0x3f000000
00:17:57.384 > V (50) bootloader_flash: after mapping, starting from paddr=0x00010000 and vaddr=0x3f000000, 0x20000 bytes are mapped
00:17:57.384 > V (67) esp_image: loading segment header 1 at offset 0x24ff0
00:17:57.384 > D (67) bootloader_flash: mmu set block paddr=0x00020000 (was 0xffffffff)
00:17:57.384 > V (69) esp_image: segment data length 0x1c data[37m starts 0x24ff8
00:17:57.384 > V (69) esp_image: MMU page size 0x10000
00:17:57.384 > V (69) esp_image: segment 1 map_segment 0 segment_data_offs 0x24ff8 load_addr 0x3ff9e010
00:17:57.384 > I (69) esp_image: segment 1: paddr=00024ff8 vaddr=3ff9e010 size=0001ch (    28) load
00:17:57.384 > D (70) esp_image: free data page_count 0x00000038
00:17:57.384 > D (70) bootloader_flash: rodata starts from paddr=0x00024ff8, size=0x1c, will be mapped to vaddr=0x3f000000
00:17:57.384 > V (71) bootloader_flash: after mapping, starting from paddr=0x00020000 and vaddr=0x3f000000, 0x10000 bytes are mapped
00:17:57.384 > V (72) esp_image: loading segment header 2 at offset 0x25014
00:17:57.384 > D (72) bootloader_flash: mmu set block paddr=0x00020000 (was 0xffffffff)
00:17:57.384 > V (73) esp_image: segment data length 0x2ed8 data starts 0x2501c
00:17:57.384 > V (74) esp_image: MMU page size 0x10000
00:17:57.384 > V (74) esp_image: segment 2 map_segment 0 segment_data_offs 0x2501c load_addr 0x3ffc5ad0
00:17:57.384 > I (75) esp_image: segment 2: paddr=0002501c vaddr=3ffc5ad0 size=02ed8h ( 11992) load
00:17:57.384 > D (75) esp_image: free data page_count 0x00000038
00:17:57.384 > D (75) bootloader_flash: rodata start[37ms from paddr=0x0002501c, size=0x2ed8, will be mapped to vaddr=0x3f000000
00:17:57.384 > V (75) bootloader_flash: after mapping, starting from paddr=0x00020000 and vaddr=0x3f000000, 0x10000 bytes are mapped
00:17:57.384 > V (78) esp_image: loading segment header 3 at offset 0x27ef4
00:17:57.384 > D (78) bootloader_flash: mmu set block paddr=0x00020000 (was 0xffffffff)
00:17:57.384 > V (79) esp_image: segment data length 0x811c data starts 0x27efc
00:17:57.384 > V (81) esp_image: MMU page size 0x10000
00:17:57.384 > V (81) esp_image: segment 3 map_segment 0 segment_data_offs 0x27efc load_addr 0x40024000
00:17:57.384 > I (81) esp_image: segment 3: paddr=00027efc vaddr=40024000 size=0811ch ( 33052) load
00:17:57.384 > D (81) esp_image: free data page_count 0x00000038
00:17:57.384 > D (81) bootloader_flash: rodata starts from paddr=0x00027efc, size=0x811c, will be mapped to vaddr=0x3f000000
00:17:57.384 > V (81) bootloader_flash: after mapping, starting from paddr=0x00020000 and vaddr=0x3f000000, 0x20000 bytes are mapped
00:17:57.384 > V (90) esp_image: loading segment header 4 at offset 0x30018
00:17:57.384 > D (90) bootloader_flash: mmu set block paddr=0x00030000 (was 0xff[37mffffff)
00:17:57.384 > V (91) esp_image: segment data length 0x3f770 data starts 0x30020
00:17:57.384 > V (92) esp_image: MMU page size 0x10000
00:17:57.384 > V (92) esp_image: segment 4 map_segment 1 segment_data_offs 0x30020 load_addr 0x40080020
00:17:57.384 > I (93) esp_image: segment 4: paddr=00030020 vaddr=40080020 size=3f770h (259952) map
00:17:57.384 > D (93) esp_image: free data page_count 0x00000038
00:17:57.384 > D (93) bootloader_flash: rodata starts from paddr=0x00030020, size=0x3f770, will be mapped to vaddr=0x3f000000
00:17:57.384 > V (93) bootloader_flash: after mapping, starting from paddr=0x00030000 and vaddr=0x3f000000, 0x40000 bytes are mapped
00:17:57.384 > V (144) esp_image: loading segment header 5 at offset 0x6f790
00:17:57.384 > D (145) bootloader_flash: mmu set block paddr=0x00060000 (was 0xffffffff)
00:17:57.384 > V (146) esp_image: segment data length 0x99b0 data starts 0x6f798
00:17:57.384 > V (147) esp_image: MMU page size 0x10000
00:17:57.384 > V (147) esp_image: segment 5 map_segment 0 segment_data_offs 0x6f798 load_addr 0x4002c11c
00:17:57.384 > I (147) esp_image: segment 5: paddr=0006f798 vaddr=4002c11c size=099b0h ( 39344) load
00:17:57.384 > D (147) esp_image: fr[37mee data page_count 0x00000038
00:17:57.384 > D (148) bootloader_flash: rodata starts from paddr=0x0006f798, size=0x99b0, will be mapped to vaddr=0x3f000000
00:17:57.384 > V (148) bootloader_flash: after mapping, starting from paddr=0x00060000 and vaddr=0x3f000000, 0x20000 bytes are mapped
00:17:57.384 > V (158) esp_image: image start 0x00010000 end of last section 0x00079148
00:17:57.384 > D (159) bootloader_flash: mmu set block paddr=0x00070000 (was 0xffffffff)
00:17:57.384 > I (169) boot: Loaded app from partition at offset 0x10000
00:17:57.384 > I (169) boot: Disabling RNG early entropy source...
00:17:57.384 > D (169) boot: Mapping segment 0 as DROM
00:17:57.384 > D (169) boot: Mapping segment 4 as IROM
00:17:57.384 > D (169) boot: calling set_cache_and_start_app
00:17:57.384 > D (169) boot: configure drom and irom and start
00:17:57.384 > V (169) boot: rodata starts from paddr=0x00010020, vaddr=0x3f000020, size=0x14fd0
00:17:57.384 > V (170) boot: after mapping rodata, starting from paddr=0x00010000 and vaddr=0x3f000000, 0x20000 bytes are mapped
00:17:57.384 > V (171) boot: mapped one page of the rodata, from paddr=0x00010000 and vaddr=0x3f3f0000, 0x10000 bytes are mapped
00:17:57.384 > V (17[37m1) boot: text starts from paddr=0x00030020, vaddr=0x40080020, size=0x3f770
00:17:57.384 > V (172) boot: after mapping text, starting from paddr=0x00030000 and vaddr=0x40080000, 0x40000 bytes are mapped
00:17:57.384 > D (172) boot: start: 0x40026a3c
00:17:57.384 > I (195) main_task: Started on CPU0
00:17:57.384 > I (195) main_task: Calling app_main()
00:17:57.384 > [INFO][SYSTEM][13ms] [1;36m╔════════════════════════════════════════════════════════════════════╗
00:17:57.384 > Guru Meditation Error: Core  0 panic'ed (LoadProhibited). Exception was unhandled.
00:17:57.384 > 
00:17:57.384 > Core  0 register dump:
00:17:57.384 > PC      : 0x400b3eab  PS      : 0x00060e30  A0      : 0x800a99b4  A1      : 0x3ffcdc20  
00:17:57.384 > A2      : 0x3ffce1d0  A3      : 0x00000000  A4      : 0x3ffcdc30  A5      : 0x3ffcdf70  
00:17:57.384 > A6      : 0x3ffcdf50  A7      : 0x00000008  A8      : 0x00000000  A9      : 0x3ffcdc10  
00:17:57.384 > A10     : 0x00000001  A11     : 0x3f012666  A12     : 0x000000ff  A13     : 0x0000ff00  
00:17:57.384 > A14     : 0x0[37m0ff0000  A15     : 0xff000000  SAR     : 0x0000001f  EXCCAUSE: 0x0000001c  
00:17:57.384 > EXCVADDR: 0x00000064  LBEG    : 0x000000ff  LEND    : 0x0000ff00  LCOUNT  : 0x4002a7e8  
00:17:57.384 > 
00:17:57.384 > 
00:17:57.384 > Backtrace: 0x400b3ea8:0x3ffcdc20 0x400a99b1:0x3ffcdf40 0x4008968a:0x3ffcdf90 0x4008a405:0x3ffce0e0 0x4008a69a:0x3ffce100 0x400bf127:0x3ffce120 0x4002d279:0x3ffce150
00:17:57.384 > 
00:17:57.384 > 
00:17:57.384 > 
00:17:57.384 > 
00:17:57.384 > ELF file SHA256: 65f1a10cf
00:17:57.384 > 
00:17:57.384 > Rebooting...
00:17:57.384 > I (32) boot: ESP-IDF 5.4.0 2nd stage bootloader
00:17:57.384 > I (32) boot: compile time Jul  3 2025 00:17:27
00:17:57.384 > D (32) bootloader_flash: XMC chip detected by RDID (00204016), skip.
00:17:57.384 > D (34) bootloader_flash: mmu set block paddr=0x00000000 (was 0xffffffff)
00:17:57.384 > I (35) boot: chip revision: v0.0
00:17:57.384 > I (35) boot: efuse block revision: v0.2
00:17:57.384 > D (35) boot.esp32s2: magic e9
00:17:57.384 > D (35) boot.esp32s2: segments 04
00:17:57.384 > D (35) boot.esp32s2: spi_mode 02
00:17:57.384 > D (35) boot.esp32s2: spi_speed 0f
00:17:57.384 > D (35) boot.esp32s2: spi_size 02
00:17:57.384 > I (35) boot.esp32s2: SPI Speed      : 80MHz
00:17:57.384 > I (35) boot.esp32s2: SPI Mode       : DIO
00:17:57.384 > I (35) boot.esp32s2: SPI Flash Size : 4MB
00:17:57.384 > D (36) boot: Ena[37mbling RTCWDT(9000 ms)
00:17:57.384 > I (36) boot: Enabling RNG early entropy source...
00:17:57.384 > D (36) bootloader_flash: rodata starts from paddr=0x00008000, size=0xc00, will be mapped to vaddr=0x3f000000
00:17:57.384 > V (36) bootloader_flash: after mapping, starting from paddr=0x00000000 and vaddr=0x3f000000, 0x10000 bytes are mapped
00:17:57.384 > D (36) boot: mapped partition table 0x8000 at 0x3f008000
00:17:57.384 > D (36) flash_parts: partition table verified, 5 entries
00:17:57.384 > I (37) boot: Partition Table:
00:17:57.384 > I (37) boot: ## Label            Usage          Type ST Offset   Length
00:17:57.384 > D (38) boot: load partition table entry 0x3f008000
00:17:57.384 > D (38) boot: type=1 subtype=2
00:17:57.384 > I (38) boot:  0 nvs              WiFi data        01 02 00009000 00004000
00:17:57.384 > D (39) boot: load partition table entry 0x3f008020
00:17:57.384 > D (39) boot: type=1 subtype=1
00:17:57.384 > I (39) boot:  1 phy_init         RF data          01 01 0000d000 00001000
00:17:57.384 > D (40) boot: load partition table entry 0x3f008040
00:17:57.384 > D (41) boot: type=0 subtype=0
00:17:57.384 > I (41) boot:  2 factory          factory app      00 00 00010000 00100000
00:17:57.384 > D (42) boot: load partit[37mion table entry 0x3f008060
00:17:57.385 > D (42) boot: type=1 subtype=83
00:17:57.385 > I (42) boot:  3 storage          Unknown data     01 83 00110000 000f0000
00:17:57.385 > I (43) boot: End of partition table
00:17:57.385 > D (43) boot: Trying partition index -1 offs 0x10000 size 0x100000
00:17:57.385 > D (44) esp_image: reading image header @ 0x10000
00:17:57.385 > D (45) bootloader_flash: mmu set block paddr=0x00010000 (was 0xffffffff)
00:17:57.385 > D (46) esp_image: image header: 0xe9 0x06 0x02 0x02 40026a3c
00:17:57.385 > V (46) esp_image: loading segment header 0 at offset 0x10018
00:17:57.385 > V (46) esp_image: segment data length 0x14fd0 data starts 0x10020
00:17:57.385 > V (47) esp_image: MMU page size 0x10000
00:17:57.385 > V (47) esp_image: segment 0 map_segment 1 segment_data_offs 0x10020 load_addr 0x3f000020
00:17:57.385 > I (48) esp_image: segment 0: paddr=00010020 vaddr=3f000020 size=14fd0h ( 85968) map
00:17:57.385 > D (49) esp_image: free data page_count 0x00000038
00:17:57.385 > D (49) bootloader_flash: rodata starts from paddr=0x00010020, size=0x14fd0, will be mapped to vaddr=0x3f000000
00:17:57.385 > V (49) bootloader_flash: after mapping, starting from paddr=0x00010000 and vaddr=0x3f00[37m0000, 0x20000 bytes are mapped
00:17:57.385 > V (66) esp_image: loading segment header 1 at offset 0x24ff0
00:17:57.385 > D (66) bootloader_flash: mmu set block paddr=0x00020000 (was 0xffffffff)
00:17:57.385 > V (68) esp_image: segment data length 0x1c data starts 0x24ff8
00:17:57.385 > V (68) esp_image: MMU page size 0x10000
00:17:57.385 > V (68) esp_image: segment 1 map_segment 0 segment_data_offs 0x24ff8 load_addr 0x3ff9e010
00:17:57.385 > I (68) esp_image: segment 1: paddr=00024ff8 vaddr=3ff9e010 size=0001ch (    28) load
00:17:57.385 > D (69) esp_image: free data page_count 0x00000038
00:17:57.385 > D (69) bootloader_flash: rodata starts from paddr=0x00024ff8, size=0x1c, will be mapped to vaddr=0x3f000000
00:17:57.385 > V (69) bootloader_flash: after mapping, starting from paddr=0x00020000 and vaddr=0x3f000000, 0x10000 bytes are mapped
00:17:57.385 > V (70) esp_image: loading segment header 2 at offset 0x25014
00:17:57.385 > D (70) bootloader_flash: mmu set block paddr=0x00020000 (was 0xffffffff)
00:17:57.385 > V (71) esp_image: segment data length 0x2ed8 data starts 0x2501c
00:17:57.385 > V (72) esp_image: MMU page size 0x10000
00:17:57.385 > V (73) esp_image: segment 2 map_segment 0 segment[37m_data_offs 0x2501c load_addr 0x3ffc5ad0
00:17:57.385 > I (74) esp_image: segment 2: paddr=0002501c vaddr=3ffc5ad0 size=02ed8h ( 11992) load
00:17:57.385 > D (74) esp_image: free data page_count 0x00000038
00:17:57.385 > D (74) bootloader_flash: rodata starts from paddr=0x0002501c, size=0x2ed8, will be mapped to vaddr=0x3f000000
00:17:57.385 > V (74) bootloader_flash: after mapping, starting from paddr=0x00020000 and vaddr=0x3f000000, 0x10000 bytes are mapped
00:17:57.385 > V (77) esp_image: loading segment header 3 at offset 0x27ef4
00:17:57.385 > D (77) bootloader_flash: mmu set block paddr=0x00020000 (was 0xffffffff)
00:17:57.385 > V (78) esp_image: segment data length 0x811c data starts 0x27efc
00:17:57.385 > V (80) esp_image: MMU page size 0x10000
00:17:57.385 > V (80) esp_image: segment 3 map_segment 0 segment_data_offs 0x27efc load_addr 0x40024000
00:17:57.385 > I (80) esp_image: segment 3: paddr=00027efc vaddr=40024000 size=0811ch ( 33052) load
00:17:57.385 > D (80) esp_image: free data page_count 0x00000038
00:17:57.385 > D (80) bootloader_flash: rodata starts from paddr=0x00027efc, size=0x811c, will be mapped to vaddr=0x3f000000
00:17:57.385 > V (81) bootloader_flash: after [37mmapping, starting from paddr=0x00020000 and vaddr=0x3f000000, 0x20000 bytes are mapped
00:17:57.385 > V (90) esp_image: loading segment header 4 at offset 0x30018
00:17:57.385 > D (90) bootloader_flash: mmu set block paddr=0x00030000 (was 0xffffffff)
00:17:57.385 > V (91) esp_image: segment data length 0x3f770 data starts 0x30020
00:17:57.385 > V (92) esp_image: MMU page size 0x10000
00:17:57.385 > V (92) esp_image: segment 4 map_segment 1 segment_data_offs 0x30020 load_addr 0x40080020
00:17:57.385 > I (93) esp_image: segment 4: paddr=00030020 vaddr=40080020 size=3f770h (259952) map
00:17:57.385 > D (93) esp_image: free data page_count 0x00000038
00:17:57.385 > D (93) bootloader_flash: rodata starts from paddr=0x00030020, size=0x3f770, will be mapped to vaddr=0x3f000000
00:17:57.385 > V (93) bootloader_flash: after mapping, starting from paddr=0x00030000 and vaddr=0x3f000000, 0x40000 bytes are mapped
00:17:57.385 > V (144) esp_image: loading segment header 5 at offset 0x6f790
00:17:57.385 > D (145) bootloader_flash: mmu set block paddr=0x00060000 (was 0xffffffff)
00:17:57.385 > V (146) esp_image: segment data length 0x99b0 data starts 0x6f798
00:17:57.385 > V (147) esp_image: MMU pag[37me size 0x10000
00:17:57.385 > V (147) esp_image: segment 5 map_segment 0 segment_data_offs 0x6f798 load_addr 0x4002c11c
00:17:57.385 > I (147) esp_image: segment 5: paddr=0006f798 vaddr=4002c11c size=099b0h ( 39344) load
00:17:57.385 > D (147) esp_image: free data page_count 0x00000038
00:17:57.385 > D (148) bootloader_flash: rodata starts from paddr=0x0006f798, size=0x99b0, will be mapped to vaddr=0x3f000000
00:17:57.385 > V (148) bootloader_flash: after mapping, starting from paddr=0x00060000 and vaddr=0x3f000000, 0x20000 bytes are mapped
00:17:57.385 > V (158) esp_image: image start 0x00010000 end of last section 0x00079148
00:17:57.385 > D (159) bootloader_flash: mmu set block paddr=0x00070000 (was 0xffffffff)
00:17:57.385 > I (169) boot: Loaded app from partition at offset 0x10000
00:17:57.385 > I (169) boot: Disabling RNG early entropy source...
00:17:57.385 > D (169) boot: Mapping segment 0 as DROM
00:17:57.385 > D (169) boot: Mapping segment 4 as IROM
00:17:57.385 > D (169) boot: calling set_cache_and_start_app
00:17:57.385 > D (169) boot: configure drom and irom and start
00:17:57.385 > V (169) boot: rodata starts from paddr=0x00010020, vaddr=0x3f000020, size=0x14fd0
00:17:57.385 > V (170) boot: after [37mmapping rodata, starting from paddr=0x00010000 and vaddr=0x3f000000, 0x20000 bytes are mapped
00:17:57.385 > V (171) boot: mapped one page of the rodata, from paddr=0x00010000 and vaddr=0x3f3f0000, 0x10000 bytes are mapped
00:17:57.385 > V (171) boot: text starts from paddr=0x00030020, vaddr=0x40080020, size=0x3f770
00:17:57.385 > V (172) boot: after mapping text, starting from paddr=0x00030000 and vaddr=0x40080000, 0x40000 bytes are mapped
00:17:57.385 > D (172) boot: start: 0x40026a3c
00:17:57.385 > I (194) main_task: Started on CPU0
00:17:57.385 > I (194) main_task: Calling app_main()
00:17:57.385 > [INFO][SYSTEM][13ms] [1;36m╔════════════════════════════════════════════════════════════════════╗
00:17:57.385 > Guru Meditation Error: Core  0 panic'ed (LoadProhibited). Exception was unhandled.
00:17:57.385 > 
00:17:57.385 > Core  0 register dump:
00:17:57.385 > PC      : 0x400b3eab  PS      : 0x00060e30  A0      : 0x800a99b4  A1      : 0x3ffcdc20  
00:17:57.385 > A2      : 0x3ffce1d0  A3      : 0x00000000  A4      : 0x3ffcdc30  A5[37m      : 0x3ffcdf70  
00:17:57.385 > A6      : 0x3ffcdf50  A7      : 0x00000008  A8      : 0x00000000  A9      : 0x3ffcdc10  
00:17:57.385 > A10     : 0x00000001  A11     : 0x3f012666  A12     : 0x000000ff  A13     : 0x0000ff00  
00:17:57.385 > A14     : 0x00ff0000  A15     : 0xff000000  SAR     : 0x0000001f  EXCCAUSE: 0x0000001c  
00:17:57.385 > EXCVADDR: 0x00000064  LBEG    : 0x000000ff  LEND    : 0x0000ff00  LCOUNT  : 0x4002a7e8  
00:17:57.385 > 
00:17:57.385 > 
00:17:57.385 > Backtrace: 0x400b3ea8:0x3ffcdc20 0x400a99b1:0x3ffcdf40 0x4008968a:0x3ffcdf90 0x4008a405:0x3ffce0e0 0x4008a69a:0x3ffce100 0x400bf127:0x3ffce120 0x4002d279:0x3ffce150
00:17:57.385 > 
00:17:57.385 > 
00:17:57.385 > 
00:17:57.385 > 
00:17:57.385 > ELF file SHA256: 65f1a10cf
00:17:57.385 > 
00:17:57.385 > Rebooting...
00:17:57.385 > I (32) boot: ESP-IDF 5.4.0 2nd stage bootloader
00:17:57.385 > I (32) boot: compile time Jul  3 2025 00:17:27
00:17:57.385 > D (32) bootloader_flash: XMC chip detected by RDID (00204016), skip.
00:17:57.385 > D (34) bootloader_flash: mmu set block paddr=0x00000000 (was 0xffffffff)
00:17:57.385 > I (35) boot: chip revision: v0.0
00:17:57.385 > I (35) boot: efuse block revision: v0.2
00:17:57.385 > D (35) boot.esp32s2: magic e9
00:17:57.385 > D (35) boot.esp32s2: segments 04
00:17:57.385 > D (35) boot.esp32s2: spi_mode 02
00:17:57.385 > D[37m (35) boot.esp32s2: spi_speed 0f
00:17:57.385 > D (36) boot.esp32s2: spi_size 02
00:17:57.385 > I (36) boot.esp32s2: SPI Speed      : 80MHz
00:17:57.385 > I (36) boot.esp32s2: SPI Mode       : DIO
00:17:57.385 > I (36) boot.esp32s2: SPI Flash Size : 4MB
00:17:57.385 > D (37) boot: Enabling RTCWDT(9000 ms)
00:17:57.385 > I (37) boot: Enabling RNG early entropy source...
00:17:57.385 > D (37) bootloader_flash: rodata starts from paddr=0x00008000, size=0xc00, will be mapped to vaddr=0x3f000000
00:17:57.385 > V (37) bootloader_flash: after mapping, starting from paddr=0x00000000 and vaddr=0x3f000000, 0x10000 bytes are mapped
00:17:57.385 > D (38) boot: mapped partition table 0x8000 at 0x3f008000
00:17:57.385 > D (38) flash_parts: partition table verified, 5 entries
00:17:57.385 > I (39) boot: Partition Table:
00:17:57.385 > I (39) boot: ## Label            Usage          Type ST Offset   Length
00:17:57.385 > D (40) boot: load partition table entry 0x3f008000
00:17:57.385 > D (40) boot: type=1 subtype=2
00:17:57.385 > I (40) boot:  0 nvs              WiFi data        01 02 00009000 00004000
00:17:57.385 > D (41) boot: load partition table entry 0x3f008020
00:17:57.385 > D (41) boot: type=1 subtype=1
00:17:57.385 > I (41) boot:  1 phy_init         RF data  [37m        01 01 0000d000 00001000
00:17:57.385 > D (42) boot: load partition table entry 0x3f008040
00:17:57.385 > D (43) boot: type=0 subtype=0
00:17:57.385 > I (43) boot:  2 factory          factory app      00 00 00010000 00100000
00:17:57.385 > D (44) boot: load partition table entry 0x3f008060
00:17:57.385 > D (44) boot: type=1 subtype=83
00:17:57.385 > I (44) boot:  3 storage          Unknown data     01 83 00110000 000f0000
00:17:57.385 > I (45) boot: End of partition table
00:17:57.385 > D (45) boot: Trying partition index -1 offs 0x10000 size 0x100000
00:17:57.385 > D (46) esp_image: reading image header @ 0x10000
00:17:57.385 > D (47) bootloader_flash: mmu set block paddr=0x00010000 (was 0xffffffff)
00:17:57.385 > D (48) esp_image: image header: 0xe9 0x06 0x02 0x02 40026a3c
00:17:57.385 > V (48) esp_image: loading segment header 0 at offset 0x10018
00:17:57.385 > V (48) esp_image: segment data length 0x14fd0 data starts 0x10020
00:17:57.385 > V (49) esp_image: MMU page size 0x10000
00:17:57.385 > V (49) esp_image: segment 0 map_segment 1 segment_data_offs 0x10020 load_addr 0x3f000020
00:17:57.385 > I (49) esp_image: segment 0: paddr=00010020 vaddr=3f000020 size=14fd0h ( 85968) map
00:17:57.385 > D (50) esp_image: free data page_co[37munt 0x00000038
00:17:57.385 > D (50) bootloader_flash: rodata starts from paddr=0x00010020, size=0x14fd0, will be mapped to vaddr=0x3f000000
00:17:57.385 > V (50) bootloader_flash: after mapping, starting from paddr=0x00010000 and vaddr=0x3f000000, 0x20000 bytes are mapped
00:17:57.385 > V (68) esp_image: loading segment header 1 at offset 0x24ff0
00:17:57.385 > D (68) bootloader_flash: mmu set block paddr=0x00020000 (was 0xffffffff)
00:17:57.385 > V (70) esp_image: segment data length 0x1c data starts 0x24ff8
00:17:57.385 > V (70) esp_image: MMU page size 0x10000
00:17:57.385 > V (70) esp_image: segment 1 map_segment 0 segment_data_offs 0x24ff8 load_addr 0x3ff9e010
00:17:57.385 > I (71) esp_image: segment 1: paddr=00024ff8 vaddr=3ff9e010 size=0001ch (    28) load
00:17:57.385 > D (72) esp_image: free data page_count 0x00000038
00:17:57.385 > D (72) bootloader_flash: rodata starts from paddr=0x00024ff8, size=0x1c, will be mapped to vaddr=0x3f000000
00:17:57.385 > V (72) bootloader_flash: after mapping, starting from paddr=0x00020000 and vaddr=0x3f000000, 0x10000 bytes are mapped
00:17:57.385 > V (73) esp_image: loading segment header 2 at offset 0x25014
00:17:57.385 > D (73) bootload[37mer_flash: mmu set block paddr=0x00020000 (was 0xffffffff)
00:17:57.386 > V (74) esp_image: segment data length 0x2ed8 data starts 0x2501c
00:17:57.386 > V (75) esp_image: MMU page size 0x10000
00:17:57.386 > V (75) esp_image: segment 2 map_segment 0 segment_data_offs 0x2501c load_addr 0x3ffc5ad0
00:17:57.386 > I (76) esp_image: segment 2: paddr=0002501c vaddr=3ffc5ad0 size=02ed8h ( 11992) load
00:17:57.386 > D (76) esp_image: free data page_count 0x00000038
00:17:57.386 > D (76) bootloader_flash: rodata starts from paddr=0x0002501c, size=0x2ed8, will be mapped to vaddr=0x3f000000
00:17:57.386 > V (76) bootloader_flash: after mapping, starting from paddr=0x00020000 and vaddr=0x3f000000, 0x10000 bytes are mapped
00:17:57.386 > V (79) esp_image: loading segment header 3 at offset 0x27ef4
00:17:57.386 > D (79) bootloader_flash: mmu set block paddr=0x00020000 (was 0xffffffff)
00:17:57.386 > V (80) esp_image: segment data length 0x811c data starts 0x27efc
00:17:57.386 > V (82) esp_image: MMU page size 0x10000
00:17:57.386 > V (82) esp_image: segment 3 map_segment 0 segment_data_offs 0x27efc load_addr 0x40024000
00:17:57.386 > I (82) esp_image: segment 3: paddr=00027efc vaddr=40024000 size=[37m0811ch ( 33052) load
00:17:57.386 > D (82) esp_image: free data page_count 0x00000038
00:17:57.386 > D (82) bootloader_flash: rodata starts from paddr=0x00027efc, size=0x811c, will be mapped to vaddr=0x3f000000
00:17:57.386 > V (82) bootloader_flash: after mapping, starting from paddr=0x00020000 and vaddr=0x3f000000, 0x20000 bytes are mapped
00:17:57.386 > V (91) esp_image: loading segment header 4 at offset 0x30018
00:17:57.386 > D (91) bootloader_flash: mmu set block paddr=0x00030000 (was 0xffffffff)
00:17:57.386 > V (92) esp_image: segment data length 0x3f770 data starts 0x30020
00:17:57.386 > V (93) esp_image: MMU page size 0x10000
00:17:57.386 > V (93) esp_image: segment 4 map_segment 1 segment_data_offs 0x30020 load_addr 0x40080020
00:17:57.386 > I (94) esp_image: segment 4: paddr=00030020 vaddr=40080020 size=3f770h (259952) map
00:17:57.386 > D (94) esp_image: free data page_count 0x00000038
00:17:57.386 > D (94) bootloader_flash: rodata starts from paddr=0x00030020, size=0x3f770, will be mapped to vaddr=0x3f000000
00:17:57.386 > V (94) bootloader_flash: after mapping, starting from paddr=0x00030000 and vaddr=0x3f000000, 0x40000 bytes are mapped
00:17:57.386 > V (145) esp_imag[37me: loading segment header 5 at offset 0x6f790
00:17:57.386 > D (146) bootloader_flash: mmu set block paddr=0x00060000 (was 0xffffffff)
00:17:57.386 > V (147) esp_image: segment data length 0x99b0 data starts 0x6f798
00:17:57.386 > V (148) esp_image: MMU page size 0x10000
00:17:57.386 > V (148) esp_image: segment 5 map_segment 0 segment_data_offs 0x6f798 load_addr 0x4002c11c
00:17:57.386 > I (149) esp_image: segment 5: paddr=0006f798 vaddr=4002c11c size=099b0h ( 39344) load
00:17:57.386 > D (149) esp_image: free data page_count 0x00000038
00:17:57.386 > D (150) bootloader_flash: rodata starts from paddr=0x0006f798, size=0x99b0, will be mapped to vaddr=0x3f000000
00:17:57.386 > V (150) bootloader_flash: after mapping, starting from paddr=0x00060000 and vaddr=0x3f000000, 0x20000 bytes are mapped
00:17:57.386 > V (160) esp_image: image start 0x00010000 end of last section 0x00079148
00:17:57.386 > D (161) bootloader_flash: mmu set block paddr=0x00070000 (was 0xffffffff)
00:17:57.386 > I (171) boot: Loaded app from partition at offset 0x10000
00:17:57.386 > I (171) boot: Disabling RNG early entropy source...
00:17:57.386 > D (171) boot: Mapping segment 0 as DROM
00:17:57.386 > D (171) boot: Mapping seg[37mment 4 as IROM
00:17:57.386 > D (171) boot: calling set_cache_and_start_app
00:17:57.386 > D (171) boot: configure drom and irom and start
00:17:57.386 > V (171) boot: rodata starts from paddr=0x00010020, vaddr=0x3f000020, size=0x14fd0
00:17:57.386 > V (172) boot: after mapping rodata, starting from paddr=0x00010000 and vaddr=0x3f000000, 0x20000 bytes are mapped
00:17:57.386 > V (173) boot: mapped one page of the rodata, from paddr=0x00010000 and vaddr=0x3f3f0000, 0x10000 bytes are mapped
00:17:57.386 > V (173) boot: text starts from paddr=0x00030020, vaddr=0x40080020, size=0x3f770
00:17:57.386 > V (174) boot: after mapping text, starting from paddr=0x00030000 and vaddr=0x40080000, 0x40000 bytes are mapped
00:17:57.386 > D (174) boot: start: 0x40026a3c
00:17:57.386 > I (196) main_task: Started on CPU0
00:17:57.386 > I (196) main_task: Calling app_main()
00:17:57.386 > [INFO][SYSTEM][13ms] [1;36m╔════════════════════════════════════════════════════════════════════╗
00:17:57.386 > Guru Meditation Error: Core  0 panic'ed (LoadProhibit[37med). Exception was unhandled.
00:17:57.386 > 
00:17:57.386 > Core  0 register dump:
00:17:57.386 > PC      : 0x400b3eab  PS      : 0x00060e30  A0      : 0x800a99b4  A1      : 0x3ffcdc20  
00:17:57.386 > A2      : 0x3ffce1d0  A3      : 0x00000000  A4      : 0x3ffcdc30  A5      : 0x3ffcdf70  
00:17:57.386 > A6      : 0x3ffcdf50  A7      : 0x00000008  A8      : 0x00000000  A9      : 0x3ffcdc10  
00:17:57.386 > A10     : 0x00000001  A11     : 0x3f012666  A12     : 0x000000ff  A13     : 0x0000ff00  
00:17:57.386 > A14     : 0x00ff0000  A15     : 0xff000000  SAR     : 0x0000001f  EXCCAUSE: 0x0000001c  
00:17:57.386 > EXCVADDR: 0x00000064  LBEG    : 0x000000ff  LEND    : 0x0000ff00  LCOUNT  : 0x4002a7e8  
00:17:57.386 > 
00:17:57.386 > 
00:17:57.386 > Backtrace: 0x400b3ea8:0x3ffcdc20 0x400a99b1:0x3ffcdf40 0x4008968a:0x3ffcdf90 0x4008a405:0x3ffce0e0 0x4008a69a:0x3ffce100 0x400bf127:0x3ffce120 0x4002d279:0x3ffce150
00:17:57.386 > 
00:17:57.386 > 
00:17:57.386 > 
00:17:57.386 > 
00:17:57.386 > ELF file SHA256: 65f1a10cf
00:17:57.386 > 
00:17:57.386 > Rebooting...
00:17:57.386 > I (32) boot: ESP-IDF 5.4.0 2nd stage bootloader
00:17:57.386 > I (32) boot: compile time Jul  3 2025 00:17:27
00:17:57.386 > D (32) bootloader_flash: XMC chip detected by RDID (00204016), skip.
00:17:57.386 > D (34) bootloader_flash: mmu set b[37mlock paddr=0x00000000 (was 0xffffffff)
00:17:57.388 > I (35) boot: chip revision: v0.0
00:17:57.388 > I (35) boot: efuse block revision: v0.2
00:17:57.388 > D (35) boot.esp32s2: magic e9
00:17:57.388 > D (35) boot.esp32s2: segments 04
00:17:57.388 > D (36) boot.esp32s2: spi_mode 02
00:17:57.388 > D (36) boot.esp32s2: spi_speed 0f
00:17:57.388 > D (36) boot.esp32s2: spi_size 02
00:17:57.388 > I (36) boot.esp32s2: SPI Speed      : 80MHz
00:17:57.388 > I (36) boot.esp32s2: SPI Mode       : DIO
00:17:57.388 > I (36) boot.esp32s2: SPI Flash Size : 4MB
00:17:57.388 > D (37) boot: Enabling RTCWDT(9000 ms)
00:17:57.388 > I (37) boot: Enabling RNG early entropy source...
00:17:57.388 > D (37) bootloader_flash: rodata starts from paddr=0x00008000, size=0xc00, will be mapped to vaddr=0x3f000000
00:17:57.388 > V (37) bootloader_flash: after mapping, starting from paddr=0x00000000 and vaddr=0x3f000000, 0x10000 bytes are mapped
00:17:57.388 > D (37) boot: mapped partition table 0x8000 at 0x3f008000
00:17:57.388 > D (37) flash_parts: partition table verified, 5 entries
00:17:57.388 > I (38) boot: Partition Table:
00:17:57.388 > I (38) boot: ## Label            Usage          Type ST Offset   Length
00:17:57.388 > D (39) boot: load partition table entry 0x3f008000
00:17:57.388 > D (39) boot: typ[37me=1 subtype=2
00:17:57.390 > I (39) boot:  0 nvs              WiFi data        01 02 00009000 00004000
00:17:57.390 > D (40) boot: load partition table entry 0x3f008020
00:17:57.390 > D (40) boot: type=1 subtype=1
00:17:57.390 > I (40) boot:  1 phy_init         RF data          01 01 0000d000 00001000
00:17:57.390 > D (41) boot: load partition table entry 0x3f008040
00:17:57.390 > D (42) boot: type=0 subtype=0
00:17:57.390 > I (42) boot:  2 factory          factory app      00 00 00010000 00100000
00:17:57.390 > D (43) boot: load partition table entry 0x3f008060
00:17:57.390 > D (43) boot: type=1 subtype=83
00:17:57.390 > I (43) boot:  3 storage          Unknown data     01 83 00110000 000f0000
00:17:57.390 > I (44) boot: End of partition table
00:17:57.390 > D (44) boot: Trying partition index -1 offs 0x10000 size 0x100000
00:17:57.390 > D (45) esp_image: reading image header @ 0x10000
00:17:57.390 > D (46) bootloader_flash: mmu set block paddr=0x00010000 (was 0xffffffff)
00:17:57.390 > D (47) esp_image: image header: 0xe9 0x06 0x02 0x02 40026a3c
00:17:57.390 > V (47) esp_image: loading segment header 0 at offset 0x10018
00:17:57.390 > V (47) esp_image: segment data length 0x14fd0 data starts 0x10020
00:17:57.390 > V (48) esp_image: MMU page size 0x10[37m000
00:17:57.390 > V (48) esp_image: segment 0 map_segment 1 segment_data_offs 0x10020 load_addr 0x3f000020
00:17:57.390 > I (48) esp_image: segment 0: paddr=00010020 vaddr=3f000020 size=14fd0h ( 85968) map
00:17:57.390 > D (49) esp_image: free data page_count 0x00000038
00:17:57.390 > D (49) bootloader_flash: rodata starts from paddr=0x00010020, size=0x14fd0, will be mapped to vaddr=0x3f000000
00:17:57.390 > V (49) bootloader_flash: after mapping, starting from paddr=0x00010000 and vaddr=0x3f000000, 0x20000 bytes are mapped
00:17:57.390 > V (67) esp_image: loading segment header 1 at offset 0x24ff0
00:17:57.390 > D (67) bootloader_flash: mmu set block paddr=0x00020000 (was 0xffffffff)
00:17:57.390 > V (69) esp_image: segment data length 0x1c data starts 0x24ff8
00:17:57.390 > V (69) esp_image: MMU page size 0x10000
00:17:57.390 > V (69) esp_image: segment 1 map_segment 0 segment_data_offs 0x24ff8 load_addr 0x3ff9e010
00:17:57.390 > I (69) esp_image: segment 1: paddr=00024ff8 vaddr=3ff9e010 size=0001ch (    28) load
00:17:57.390 > D (70) esp_image: free data page_count 0x00000038
00:17:57.390 > D (70) bootloader_flash: rodata starts from paddr=0x00024ff8, size=0x1c, will be mapped to[37m vaddr=0x3f000000
00:17:57.390 > V (70) bootloader_flash: after mapping, starting from paddr=0x00020000 and vaddr=0x3f000000, 0x10000 bytes are mapped
00:17:57.390 > V (71) esp_image: loading segment header 2 at offset 0x25014
00:17:57.390 > D (71) bootloader_flash: mmu set block paddr=0x00020000 (was 0xffffffff)
00:17:57.390 > V (72) esp_image: segment data length 0x2ed8 data starts 0x2501c
00:17:57.390 > V (73) esp_image: MMU page size 0x10000
00:17:57.390 > V (73) esp_image: segment 2 map_segment 0 segment_data_offs 0x2501c load_addr 0x3ffc5ad0
00:17:57.390 > I (75) esp_image: segment 2: paddr=0002501c vaddr=3ffc5ad0 size=02ed8h ( 11992) load
00:17:57.390 > D (75) esp_image: free data page_count 0x00000038
00:17:57.390 > D (75) bootloader_flash: rodata starts from paddr=0x0002501c, size=0x2ed8, will be mapped to vaddr=0x3f000000
00:17:57.390 > V (75) bootloader_flash: after mapping, starting from paddr=0x00020000 and vaddr=0x3f000000, 0x10000 bytes are mapped
00:17:57.390 > V (78) esp_image: loading segment header 3 at offset 0x27ef4
00:17:57.390 > D (78) bootloader_flash: mmu set block paddr=0x00020000 (was 0xffffffff)
00:17:57.390 > V (79) esp_image: segment data length 0x811c d[37mata starts 0x27efc
00:17:57.391 > V (81) esp_image: MMU page size 0x10000
00:17:57.391 > V (81) esp_image: segment 3 map_segment 0 segment_data_offs 0x27efc load_addr 0x40024000
00:17:57.391 > I (81) esp_image: segment 3: paddr=00027efc vaddr=40024000 size=0811ch ( 33052) load
00:17:57.391 > D (81) esp_image: free data page_count 0x00000038
00:17:57.391 > D (81) bootloader_flash: rodata starts from paddr=0x00027efc, size=0x811c, will be mapped to vaddr=0x3f000000
00:17:57.391 > V (81) bootloader_flash: after mapping, starting from paddr=0x00020000 and vaddr=0x3f000000, 0x20000 bytes are mapped
00:17:57.391 > V (90) esp_image: loading segment header 4 at offset 0x30018
00:17:57.391 > D (90) bootloader_flash: mmu set block paddr=0x00030000 (was 0xffffffff)
00:17:57.391 > V (91) esp_image: segment data length 0x3f770 data starts 0x30020
00:17:57.391 > V (92) esp_image: MMU page size 0x10000
00:17:57.391 > V (92) esp_image: segment 4 map_segment 1 segment_data_offs 0x30020 load_addr 0x40080020
00:17:57.391 > I (93) esp_image: segment 4: paddr=00030020 vaddr=40080020 size=3f770h (259952) map
00:17:57.391 > D (93) esp_image: free data page_count 0x00000038
00:17:57.391 > D (93) bootloader_flash: rodata [37mstarts from paddr=0x00030020, size=0x3f770, will be mapped to vaddr=0x3f000000
00:17:57.391 > V (93) bootloader_flash: after mapping, starting from paddr=0x00030000 and vaddr=0x3f000000, 0x40000 bytes are mapped
00:17:57.391 > V (144) esp_image: loading segment header 5 at offset 0x6f790
00:17:57.391 > D (145) bootloader_flash: mmu set block paddr=0x00060000 (was 0xffffffff)
00:17:57.391 > V (146) esp_image: segment data length 0x99b0 data starts 0x6f798
00:17:57.391 > V (147) esp_image: MMU page size 0x10000
00:17:57.391 > V (147) esp_image: segment 5 map_segment 0 segment_data_offs 0x6f798 load_addr 0x4002c11c
00:17:57.391 > I (148) esp_image: segment 5: paddr=0006f798 vaddr=4002c11c size=099b0h ( 39344) load
00:17:57.391 > D (148) esp_image: free data page_count 0x00000038
00:17:57.391 > D (149) bootloader_flash: rodata starts from paddr=0x0006f798, size=0x99b0, will be mapped to vaddr=0x3f000000
00:17:57.391 > V (149) bootloader_flash: after mapping, starting from paddr=0x00060000 and vaddr=0x3f000000, 0x20000 bytes are mapped
00:17:57.391 > V (159) esp_image: image start 0x00010000 end of last section 0x00079148
00:17:57.391 > D (160) bootloader_flash: mmu set bloc[37mk paddr=0x00070000 (was 0xffffffff)
00:17:57.391 > I (170) boot: Loaded app from partition at offset 0x10000
00:17:57.391 > I (170) boot: Disabling RNG early entropy source...
00:17:57.391 > D (170) boot: Mapping segment 0 as DROM
00:17:57.391 > D (170) boot: Mapping segment 4 as IROM
00:17:57.391 > D (171) boot: calling set_cache_and_start_app
00:17:57.391 > D (171) boot: configure drom and irom and start
00:17:57.391 > V (171) boot: rodata starts from paddr=0x00010020, vaddr=0x3f000020, size=0x14fd0
