00:36:14.264 > [37mn[37m table verified, 5 entries
00:36:14.264 > I (39) boot: Partition Table:
00:36:14.264 > I (39) boot: ## Label            Usage          Type ST Offset   Length
00:36:14.264 > D (40) boot: load partition table entry 0x3f008000
00:36:14.264 > D (40) boot: type=1 subtype=2
00:36:14.264 > I (40) boot:  0 nvs              WiFi data        01 02 00009000 00004000
00:36:14.264 > D (41) boot: load partition table entry 0x3f008020
00:36:14.264 > D (41) boot: type=1 subtype=1
00:36:14.264 > I (41) boot:  1 phy_init         RF data          01 01 0000d000 00001000
00:36:14.264 > D (42) boot: load partition table entry 0x3f008040
00:36:14.264 > D (43) boot: type=0 subtype=0
00:36:14.264 > I (43) boot:  2 factory          factory app      00 00 00010000 00100000
00:36:14.264 > D (44) boot: load partition table entry 0x3f008060
00:36:14.264 > D (44) boot: type=1 subtype=83
00:36:14.264 > I (44) boot:  3 storage          Unknown data     01 83 00110000 000f0000
00:36:14.264 > I (45) boot: End of partition table
00:36:14.264 > D (45) boot: Trying partition index -1 offs 0x10000 size 0x100000
00:36:14.264 > D (46) esp_image: reading image header @ 0x10000
00:36:14.264 > D (47) bootloader_flash: mmu set block paddr=0x00010000 (was 0xffffffff)
00:36:14.264 > D (48) esp_image: image he[37mader: 0xe9 0x06 0x02 0x02 40026a3c
00:36:14.264 > V (48) esp_image: loading segment header 0 at offset 0x10018
00:36:14.264 > V (48) esp_image: segment data length 0x14db8 data starts 0x10020
00:36:14.264 > V (49) esp_image: MMU page size 0x10000
00:36:14.264 > V (49) esp_image: segment 0 map_segment 1 segment_data_offs 0x10020 load_addr 0x3f000020
00:36:14.264 > I (50) esp_image: segment 0: paddr=00010020 vaddr=3f000020 size=14db8h ( 85432) map
00:36:14.264 > D (52) esp_image: free data page_count 0x00000038
00:36:14.264 > D (52) bootloader_flash: rodata starts from paddr=0x00010020, size=0x14db8, will be mapped to vaddr=0x3f000000
00:36:14.264 > V (52) bootloader_flash: after mapping, starting from paddr=0x00010000 and vaddr=0x3f000000, 0x20000 bytes are mapped
00:36:14.264 > V (69) esp_image: loading segment header 1 at offset 0x24dd8
00:36:14.264 > D (69) bootloader_flash: mmu set block paddr=0x00020000 (was 0xffffffff)
00:36:14.264 > V (70) esp_image: segment data length 0x1c data starts 0x24de0
00:36:14.264 > V (71) esp_image: MMU page size 0x10000
00:36:14.264 > V (71) esp_image: segment 1 map_segment 0 segment_data_offs 0x24de0 load_addr 0x3ff9e010
00:36:14.264 > I (71) esp_image: segment [37m1: paddr=00024de0 vaddr=3ff9e010 size=0001ch (    28) load
00:36:14.264 > D (72) esp_image: free data page_count 0x00000038
00:36:14.264 > D (73) bootloader_flash: rodata starts from paddr=0x00024de0, size=0x1c, will be mapped to vaddr=0x3f000000
00:36:14.264 > V (73) bootloader_flash: after mapping, starting from paddr=0x00020000 and vaddr=0x3f000000, 0x10000 bytes are mapped
00:36:14.264 > V (74) esp_image: loading segment header 2 at offset 0x24dfc
00:36:14.264 > D (74) bootloader_flash: mmu set block paddr=0x00020000 (was 0xffffffff)
00:36:14.264 > V (75) esp_image: segment data length 0x2ed8 data starts 0x24e04
00:36:14.264 > V (76) esp_image: MMU page size 0x10000
00:36:14.264 > V (76) esp_image: segment 2 map_segment 0 segment_data_offs 0x24e04 load_addr 0x3ffc5ad0
00:36:14.264 > I (76) esp_image: segment 2: paddr=00024e04 vaddr=3ffc5ad0 size=02ed8h ( 11992) load
00:36:14.264 > D (77) esp_image: free data page_count 0x00000038
00:36:14.264 > D (77) bootloader_flash: rodata starts from paddr=0x00024e04, size=0x2ed8, will be mapped to vaddr=0x3f000000
00:36:14.264 > V (77) bootloader_flash: after mapping, starting from paddr=0x00020000 and vaddr=0x3f000000, 0x10000[37m bytes are mapped
00:36:14.264 > V (80) esp_image: loading segment header 3 at offset 0x27cdc
00:36:14.264 > D (80) bootloader_flash: mmu set block paddr=0x00020000 (was 0xffffffff)
00:36:14.264 > V (81) esp_image: segment data length 0x8334 data starts 0x27ce4
00:36:14.264 > V (82) esp_image: MMU page size 0x10000
00:36:14.264 > V (83) esp_image: segment 3 map_segment 0 segment_data_offs 0x27ce4 load_addr 0x40024000
00:36:14.264 > I (83) esp_image: segment 3: paddr=00027ce4 vaddr=40024000 size=08334h ( 33588) load
00:36:14.264 > D (83) esp_image: free data page_count 0x00000038
00:36:14.264 > D (83) bootloader_flash: rodata starts from paddr=0x00027ce4, size=0x8334, will be mapped to vaddr=0x3f000000
00:36:14.264 > V (83) bootloader_flash: after mapping, starting from paddr=0x00020000 and vaddr=0x3f000000, 0x20000 bytes are mapped
00:36:14.264 > V (92) esp_image: loading segment header 4 at offset 0x30018
00:36:14.264 > D (92) bootloader_flash: mmu set block paddr=0x00030000 (was 0xffffffff)
00:36:14.264 > V (93) esp_image: segment data length 0x3fdc0 data starts 0x30020
00:36:14.264 > V (94) esp_image: MMU page size 0x10000
00:36:14.264 > V (94) esp_image: segment 4 map_segment 1 segment_data_of[37mfs 0x30020 load_addr 0x40080020
00:36:14.265 > I (96) esp_image: segment 4: paddr=00030020 vaddr=40080020 size=3fdc0h (261568) map
00:36:14.265 > D (96) esp_image: free data page_count 0x00000038
00:36:14.265 > D (96) bootloader_flash: rodata starts from paddr=0x00030020, size=0x3fdc0, will be mapped to vaddr=0x3f000000
00:36:14.265 > V (97) bootloader_flash: after mapping, starting from paddr=0x00030000 and vaddr=0x3f000000, 0x40000 bytes are mapped
00:36:14.265 > V (149) esp_image: loading segment header 5 at offset 0x6fde0
00:36:14.265 > D (149) bootloader_flash: mmu set block paddr=0x00060000 (was 0xffffffff)
00:36:14.265 > V (150) esp_image: segment data length 0x9798 data starts 0x6fde8
00:36:14.265 > V (151) esp_image: MMU page size 0x10000
00:36:14.265 > V (151) esp_image: segment 5 map_segment 0 segment_data_offs 0x6fde8 load_addr 0x4002c334
00:36:14.265 > I (153) esp_image: segment 5: paddr=0006fde8 vaddr=4002c334 size=09798h ( 38808) load
00:36:14.265 > D (153) esp_image: free data page_count 0x00000038
00:36:14.265 > D (153) bootloader_flash: rodata starts from paddr=0x0006fde8, size=0x9798, will be mapped to vaddr=0x3f000000
00:36:14.265 > V (153) bootloader_flash: after[37m mapping, starting from paddr=0x00060000 and vaddr=0x3f000000, 0x20000 bytes are mapped
00:36:14.265 > V (163) esp_image: image start 0x00010000 end of last section 0x00079580
00:36:14.265 > D (164) bootloader_flash: mmu set block paddr=0x00070000 (was 0xffffffff)
00:36:14.265 > I (174) boot: Loaded app from partition at offset 0x10000
00:36:14.265 > I (174) boot: Disabling RNG early entropy source...
00:36:14.265 > D (174) boot: Mapping segment 0 as DROM
00:36:14.265 > D (174) boot: Mapping segment 4 as IROM
00:36:14.265 > D (174) boot: calling set_cache_and_start_app
00:36:14.265 > D (174) boot: configure drom and irom and start
00:36:14.265 > V (174) boot: rodata starts from paddr=0x00010020, vaddr=0x3f000020, size=0x14db8
00:36:14.265 > V (176) boot: after mapping rodata, starting from paddr=0x00010000 and vaddr=0x3f000000, 0x20000 bytes are mapped
00:36:14.265 > V (176) boot: mapped one page of the rodata, from paddr=0x00010000 and vaddr=0x3f3f0000, 0x10000 bytes are mapped
00:36:14.265 > V (177) boot: text starts from paddr=0x00030020, vaddr=0x40080020, size=0x3fdc0
00:36:14.265 > V (178) boot: after mapping text, starting from paddr=0x00030000 and vaddr=0x40080000, 0x40000 byt[37mes are mapped
00:36:14.265 > D (179) boot: start: 0x40026a3c
00:36:14.265 > I (201) main_task: Started on CPU0
00:36:14.265 > I (201) main_task: Calling app_main()
00:36:14.265 > [INFO][MAIN][13ms] START
00:36:14.265 > Guru Meditation Error: Core  0 panic'ed (LoadProhibited). Exception was unhandled.
00:36:14.265 > 
00:36:14.265 > Core  0 register dump:
00:36:14.265 > PC      : 0x400b447b  PS      : 0x00060530  A0      : 0x800a9f6c  A1      : 0x3ffcdc40  
00:36:14.265 > A2      : 0x3ffce1d0  A3      : 0x00000000  A4      : 0x3ffcdc50  A5      : 0x3ffcdf90  
00:36:14.265 > A6      : 0x3ffcdf70  A7      : 0x00000008  A8      : 0x00000000  A9      : 0x3ffcdc30  
00:36:14.265 > A10     : 0x00000001  A11     : 0x3f01244e  A12     : 0x000000ff  A13     : 0x0000ff00  
00:36:14.265 > A14     : 0x00ff0000  A15     : 0xff000000  SAR     : 0x00000004  EXCCAUSE: 0x0000001c  
00:36:14.265 > EXCVADDR: 0x00000064  LBEG    : 0x000000ff  LEND    : 0x0000ff00  LCOUNT  : 0x4002a7e8  
00:36:14.265 > 
00:36:14.265 > 
00:36:14.265 > Backtrace: 0x400b4478:0x3ffcdc40 0x400a9f69:0x3ffcdf60 0x40089c1e:0x3ffcdfb0 0x4008a99d:0x3ffce100 0x400bf777:0x3ffce120 0x4002d279:0x3ffce150
00:36:14.265 > 
00:36:14.265 > 
00:36:14.265 > 
00:36:14.265 > 
00:36:14.265 > ELF file SHA256: 9a34642e2
00:36:14.265 > 
00:36:14.265 > Rebooting...
00:36:14.265 > I (32) boot: ESP-IDF [37m5.4.0 2nd stage bootloader
00:36:14.265 > I (32) boot: compile time Jul  3 2025 00:33:36
00:36:14.265 > D (32) bootloader_flash: XMC chip detected by RDID (00204016), skip.
00:36:14.265 > D (34) bootloader_flash: mmu set block paddr=0x00000000 (was 0xffffffff)
00:36:14.265 > I (35) boot: chip revision: v0.0
00:36:14.265 > I (35) boot: efuse block revision: v0.2
00:36:14.265 > D (35) boot.esp32s2: magic e9
00:36:14.265 > D (35) boot.esp32s2: segments 04
00:36:14.265 > D (35) boot.esp32s2: spi_mode 02
00:36:14.265 > D (35) boot.esp32s2: spi_speed 0f
00:36:14.265 > D (35) boot.esp32s2: spi_size 02
00:36:14.265 > I (35) boot.esp32s2: SPI Speed      : 80MHz
00:36:14.265 > I (35) boot.esp32s2: SPI Mode       : DIO
00:36:14.265 > I (35) boot.esp32s2: SPI Flash Size : 4MB
00:36:14.265 > D (36) boot: Enabling RTCWDT(9000 ms)
00:36:14.265 > I (36) boot: Enabling RNG early entropy source...
00:36:14.265 > D (36) bootloader_flash: rodata starts from paddr=0x00008000, size=0xc00, will be mapped to vaddr=0x3f000000
00:36:14.265 > V (36) bootloader_flash: after mapping, starting from paddr=0x00000000 and vaddr=0x3f000000, 0x10000 bytes are mapped
00:36:14.265 > D (36) boot: mapped partition table 0x8000 at 0x3f008000
00:36:14.265 > D (36) flash_parts: partition table verified, 5 e[37mntries
00:36:14.265 > I (37) boot: Partition Table:
00:36:14.265 > I (37) boot: ## Label            Usage          Type ST Offset   Length
00:36:14.265 > D (38) boot: load partition table entry 0x3f008000
00:36:14.265 > D (38) boot: type=1 subtype=2
00:36:14.265 > I (38) boot:  0 nvs              WiFi data        01 02 00009000 00004000
00:36:14.265 > D (39) boot: load partition table entry 0x3f008020
00:36:14.265 > D (39) boot: type=1 subtype=1
00:36:14.265 > I (39) boot:  1 phy_init         RF data          01 01 0000d000 00001000
00:36:14.265 > D (40) boot: load partition table entry 0x3f008040
00:36:14.265 > D (41) boot: type=0 subtype=0
00:36:14.265 > I (41) boot:  2 factory          factory app      00 00 00010000 00100000
00:36:14.265 > D (42) boot: load partition table entry 0x3f008060
00:36:14.265 > D (42) boot: type=1 subtype=83
00:36:14.265 > I (42) boot:  3 storage          Unknown data     01 83 00110000 000f0000
00:36:14.265 > I (43) boot: End of partition table
00:36:14.265 > D (43) boot: Trying partition index -1 offs 0x10000 size 0x100000
00:36:14.265 > D (44) esp_image: reading image header @ 0x10000
00:36:14.265 > D (45) bootloader_flash: mmu set block paddr=0x00010000 (was 0xffffffff)
00:36:14.265 > D (46) esp_image: image header: 0xe9 0x06 0x02 [37m0x02 40026a3c
00:36:14.265 > V (46) esp_image: loading segment header 0 at offset 0x10018
00:36:14.265 > V (46) esp_image: segment data length 0x14db8 data starts 0x10020
00:36:14.265 > V (47) esp_image: MMU page size 0x10000
00:36:14.265 > V (47) esp_image: segment 0 map_segment 1 segment_data_offs 0x10020 load_addr 0x3f000020
00:36:14.265 > I (47) esp_image: segment 0: paddr=00010020 vaddr=3f000020 size=14db8h ( 85432) map
00:36:14.265 > D (48) esp_image: free data page_count 0x00000038
00:36:14.265 > D (48) bootloader_flash: rodata starts from paddr=0x00010020, size=0x14db8, will be mapped to vaddr=0x3f000000
00:36:14.265 > V (48) bootloader_flash: after mapping, starting from paddr=0x00010000 and vaddr=0x3f000000, 0x20000 bytes are mapped
00:36:14.265 > V (65) esp_image: loading segment header 1 at offset 0x24dd8
00:36:14.265 > D (65) bootloader_flash: mmu set block paddr=0x00020000 (was 0xffffffff)
00:36:14.265 > V (66) esp_image: segment data length 0x1c data starts 0x24de0
00:36:14.265 > V (67) esp_image: MMU page size 0x10000
00:36:14.265 > V (67) esp_image: segment 1 map_segment 0 segment_data_offs 0x24de0 load_addr 0x3ff9e010
00:36:14.265 > I (67) esp_image: segment 1: paddr=00024de0 vad[37mdr=3ff9e010 size=0001ch (    28) load
00:36:14.265 > D (68) esp_image: free data page_count 0x00000038
00:36:14.265 > D (68) bootloader_flash: rodata starts from paddr=0x00024de0, size=0x1c, will be mapped to vaddr=0x3f000000
00:36:14.265 > V (68) bootloader_flash: after mapping, starting from paddr=0x00020000 and vaddr=0x3f000000, 0x10000 bytes are mapped
00:36:14.265 > V (69) esp_image: loading segment header 2 at offset 0x24dfc
00:36:14.265 > D (69) bootloader_flash: mmu set block paddr=0x00020000 (was 0xffffffff)
00:36:14.265 > V (70) esp_image: segment data length 0x2ed8 data starts 0x24e04
00:36:14.265 > V (71) esp_image: MMU page size 0x10000
00:36:14.265 > V (71) esp_image: segment 2 map_segment 0 segment_data_offs 0x24e04 load_addr 0x3ffc5ad0
00:36:14.265 > I (71) esp_image: segment 2: paddr=00024e04 vaddr=3ffc5ad0 size=02ed8h ( 11992) load
00:36:14.265 > D (72) esp_image: free data page_count 0x00000038
00:36:14.265 > D (72) bootloader_flash: rodata starts from paddr=0x00024e04, size=0x2ed8, will be mapped to vaddr=0x3f000000
00:36:14.265 > V (72) bootloader_flash: after mapping, starting from paddr=0x00020000 and vaddr=0x3f000000, 0x10000 bytes are mapped
00:36:14.265 > V [37m(75) esp_image: loading segment header 3 at offset 0x27cdc
00:36:14.265 > D (75) bootloader_flash: mmu set block paddr=0x00020000 (was 0xffffffff)
00:36:14.265 > V (76) esp_image: segment data length 0x8334 data starts 0x27ce4
00:36:14.265 > V (77) esp_image: MMU page size 0x10000
00:36:14.265 > V (77) esp_image: segment 3 map_segment 0 segment_data_offs 0x27ce4 load_addr 0x40024000
00:36:14.265 > I (78) esp_image: segment 3: paddr=00027ce4 vaddr=40024000 size=08334h ( 33588) load
00:36:14.265 > D (78) esp_image: free data page_count 0x00000038
00:36:14.265 > D (78) bootloader_flash: rodata starts from paddr=0x00027ce4, size=0x8334, will be mapped to vaddr=0x3f000000
00:36:14.265 > V (78) bootloader_flash: after mapping, starting from paddr=0x00020000 and vaddr=0x3f000000, 0x20000 bytes are mapped
00:36:14.265 > V (87) esp_image: loading segment header 4 at offset 0x30018
00:36:14.265 > D (87) bootloader_flash: mmu set block paddr=0x00030000 (was 0xffffffff)
00:36:14.265 > V (88) esp_image: segment data length 0x3fdc0 data starts 0x30020
00:36:14.265 > V (89) esp_image: MMU page size 0x10000
00:36:14.265 > V (89) esp_image: segment 4 map_segment 1 segment_data_offs 0x30020 load_addr [37m0x40080020
00:36:14.265 > I (90) esp_image: segment 4: paddr=00030020 vaddr=40080020 size=3fdc0h (261568) map
00:36:14.265 > D (90) esp_image: free data page_count 0x00000038
00:36:14.265 > D (90) bootloader_flash: rodata starts from paddr=0x00030020, size=0x3fdc0, will be mapped to vaddr=0x3f000000
00:36:14.265 > V (90) bootloader_flash: after mapping, starting from paddr=0x00030000 and vaddr=0x3f000000, 0x40000 bytes are mapped
00:36:14.265 > V (142) esp_image: loading segment header 5 at offset 0x6fde0
00:36:14.265 > D (142) bootloader_flash: mmu set block paddr=0x00060000 (was 0xffffffff)
00:36:14.265 > V (143) esp_image: segment data length 0x9798 data starts 0x6fde8
00:36:14.265 > V (144) esp_image: MMU page size 0x10000
00:36:14.265 > V (145) esp_image: segment 5 map_segment 0 segment_data_offs 0x6fde8 load_addr 0x4002c334
00:36:14.265 > I (146) esp_image: segment 5: paddr=0006fde8 vaddr=4002c334 size=09798h ( 38808) load
00:36:14.265 > D (146) esp_image: free data page_count 0x00000038
00:36:14.265 > D (146) bootloader_flash: rodata starts from paddr=0x0006fde8, size=0x9798, will be mapped to vaddr=0x3f000000
00:36:14.265 > V (146) bootloader_flash: after mapping, starting fr[37mom paddr=0x00060000 and vaddr=0x3f000000, 0x20000 bytes are mapped
00:36:14.266 > V (156) esp_image: image start 0x00010000 end of last section 0x00079580
00:36:14.266 > D (157) bootloader_flash: mmu set block paddr=0x00070000 (was 0xffffffff)
00:36:14.266 > I (167) boot: Loaded app from partition at offset 0x10000
00:36:14.266 > I (167) boot: Disabling RNG early entropy source...
00:36:14.266 > D (167) boot: Mapping segment 0 as DROM
00:36:14.266 > D (167) boot: Mapping segment 4 as IROM
00:36:14.266 > D (167) boot: calling set_cache_and_start_app
00:36:14.266 > D (168) boot: configure drom and irom and start
00:36:14.266 > V (168) boot: rodata starts from paddr=0x00010020, vaddr=0x3f000020, size=0x14db8
00:36:14.266 > V (170) boot: after mapping rodata, starting from paddr=0x00010000 and vaddr=0x3f000000, 0x20000 bytes are mapped
00:36:14.266 > V (170) boot: mapped one page of the rodata, from paddr=0x00010000 and vaddr=0x3f3f0000, 0x10000 bytes are mapped
00:36:14.266 > V (170) boot: text starts from paddr=0x00030020, vaddr=0x40080020, size=0x3fdc0
00:36:14.266 > V (171) boot: after mapping text, starting from paddr=0x00030000 and vaddr=0x40080000, 0x40000 bytes are mapped
00:36:14.266 > D (172[37m) boot: start: 0x40026a3c
00:36:14.266 > I (194) main_task: Started on CPU0
00:36:14.266 > I (194) main_task: Calling app_main()
00:36:14.266 > [INFO][MAIN][13ms] START
00:36:14.266 > Guru Meditation Error: Core  0 panic'ed (LoadProhibited). Exception was unhandled.
00:36:14.266 > 
00:36:14.266 > Core  0 register dump:
00:36:14.266 > PC      : 0x400b447b  PS      : 0x00060930  A0      : 0x800a9f6c  A1      : 0x3ffcdc40  
00:36:14.266 > A2      : 0x3ffce1d0  A3      : 0x00000000  A4      : 0x3ffcdc50  A5      : 0x3ffcdf90  
00:36:14.266 > A6      : 0x3ffcdf70  A7      : 0x00000008  A8      : 0x00000000  A9      : 0x3ffcdc30  
00:36:14.266 > A10     : 0x00000001  A11     : 0x3f01244e  A12     : 0x000000ff  A13     : 0x0000ff00  
00:36:14.266 > A14     : 0x00ff0000  A15     : 0xff000000  SAR     : 0x00000004  EXCCAUSE: 0x0000001c  
00:36:14.266 > EXCVADDR: 0x00000064  LBEG    : 0x000000ff  LEND    : 0x0000ff00  LCOUNT  : 0x4002a7e8  
00:36:14.266 > 
00:36:14.266 > 
00:36:14.266 > Backtrace: 0x400b4478:0x3ffcdc40 0x400a9f69:0x3ffcdf60 0x40089c1e:0x3ffcdfb0 0x4008a99d:0x3ffce100 0x400bf777:0x3ffce120 0x4002d279:0x3ffce150
00:36:14.266 > 
00:36:14.266 > 
00:36:14.266 > 
00:36:14.266 > 
00:36:14.266 > ELF file SHA256: 9a34642e2
00:36:14.266 > 
00:36:14.266 > Rebooting...
00:36:14.266 > I (32) boot: ESP-IDF 5.4.0 2nd stage bootl[37moader
00:36:14.266 > I (32) boot: compile time Jul  3 2025 00:33:36
00:36:14.266 > D (32) bootloader_flash: XMC chip detected by RDID (00204016), skip.
00:36:14.266 > D (34) bootloader_flash: mmu set block paddr=0x00000000 (was 0xffffffff)
00:36:14.266 > I (35) boot: chip revision: v0.0
00:36:14.266 > I (35) boot: efuse block revision: v0.2
00:36:14.266 > D (35) boot.esp32s2: magic e9
00:36:14.266 > D (35) boot.esp32s2: segments 04
00:36:14.266 > D (35) boot.esp32s2: spi_mode 02
00:36:14.266 > D (35) boot.esp32s2: spi_speed 0f
00:36:14.266 > D (35) boot.esp32s2: spi_size 02
00:36:14.266 > I (35) boot.esp32s2: SPI Speed      : 80MHz
00:36:14.266 > I (35) boot.esp32s2: SPI Mode       : DIO
00:36:14.266 > I (35) boot.esp32s2: SPI Flash Size : 4MB
00:36:14.266 > D (36) boot: Enabling RTCWDT(9000 ms)
00:36:14.266 > I (36) boot: Enabling RNG early entropy source...
00:36:14.266 > D (36) bootloader_flash: rodata starts from paddr=0x00008000, size=0xc00, will be mapped to vaddr=0x3f000000
00:36:14.266 > V (36) bootloader_flash: after mapping, starting from paddr=0x00000000 and vaddr=0x3f000000, 0x10000 bytes are mapped
00:36:14.266 > D (36) boot: mapped partition table 0x8000 at 0x3f008000
00:36:14.266 > D (36) flash_parts: partition table verified, 5 entries
00:36:14.266 > I (37) boot: [37mPartition Table:
00:36:14.266 > I (38) boot: ## Label            Usage          Type ST Offset   Length
00:36:14.266 > D (39) boot: load partition table entry 0x3f008000
00:36:14.266 > D (39) boot: type=1 subtype=2
00:36:14.266 > I (39) boot:  0 nvs              WiFi data        01 02 00009000 00004000
00:36:14.266 > D (40) boot: load partition table entry 0x3f008020
00:36:14.266 > D (40) boot: type=1 subtype=1
00:36:14.266 > I (40) boot:  1 phy_init         RF data          01 01 0000d000 00001000
00:36:14.266 > D (41) boot: load partition table entry 0x3f008040
00:36:14.266 > D (42) boot: type=0 subtype=0
00:36:14.266 > I (42) boot:  2 factory          factory app      00 00 00010000 00100000
00:36:14.266 > D (43) boot: load partition table entry 0x3f008060
00:36:14.266 > D (43) boot: type=1 subtype=83
00:36:14.266 > I (43) boot:  3 storage          Unknown data     01 83 00110000 000f0000
00:36:14.266 > I (44) boot: End of partition table
00:36:14.266 > D (44) boot: Trying partition index -1 offs 0x10000 size 0x100000
00:36:14.266 > D (45) esp_image: reading image header @ 0x10000
00:36:14.266 > D (46) bootloader_flash: mmu set block paddr=0x00010000 (was 0xffffffff)
00:36:14.266 > D (47) esp_image: image header: 0xe9 0x06 0x02 0x02 40026a3c
00:36:14.266 > V (47)[37m esp_image: loading segment header 0 at offset 0x10018
00:36:14.266 > V (47) esp_image: segment data length 0x14db8 data starts 0x10020
00:36:14.266 > V (48) esp_image: MMU page size 0x10000
00:36:14.266 > V (48) esp_image: segment 0 map_segment 1 segment_data_offs 0x10020 load_addr 0x3f000020
00:36:14.266 > I (48) esp_image: segment 0: paddr=00010020 vaddr=3f000020 size=14db8h ( 85432) map
00:36:14.266 > D (49) esp_image: free data page_count 0x00000038
00:36:14.266 > D (49) bootloader_flash: rodata starts from paddr=0x00010020, size=0x14db8, will be mapped to vaddr=0x3f000000
00:36:14.266 > V (49) bootloader_flash: after mapping, starting from paddr=0x00010000 and vaddr=0x3f000000, 0x20000 bytes are mapped
00:36:14.266 > V (66) esp_image: loading segment header 1 at offset 0x24dd8
00:36:14.266 > D (66) bootloader_flash: mmu set block paddr=0x00020000 (was 0xffffffff)
00:36:14.266 > V (67) esp_image: segment data length 0x1c data starts 0x24de0
00:36:14.266 > V (68) esp_image: MMU page size 0x10000
00:36:14.266 > V (68) esp_image: segment 1 map_segment 0 segment_data_offs 0x24de0 load_addr 0x3ff9e010
00:36:14.266 > I (68) esp_image: segment 1: paddr=00024de0 vaddr=3ff9e010 size=0001[37mch (    28) load
00:36:14.266 > D (69) esp_image: free data page_count 0x00000038
00:36:14.266 > D (69) bootloader_flash: rodata starts from paddr=0x00024de0, size=0x1c, will be mapped to vaddr=0x3f000000
00:36:14.266 > V (69) bootloader_flash: after mapping, starting from paddr=0x00020000 and vaddr=0x3f000000, 0x10000 bytes are mapped
00:36:14.266 > V (70) esp_image: loading segment header 2 at offset 0x24dfc
00:36:14.266 > D (70) bootloader_flash: mmu set block paddr=0x00020000 (was 0xffffffff)
00:36:14.266 > V (71) esp_image: segment data length 0x2ed8 data starts 0x24e04
00:36:14.266 > V (72) esp_image: MMU page size 0x10000
00:36:14.266 > V (72) esp_image: segment 2 map_segment 0 segment_data_offs 0x24e04 load_addr 0x3ffc5ad0
00:36:14.266 > I (72) esp_image: segment 2: paddr=00024e04 vaddr=3ffc5ad0 size=02ed8h ( 11992) load
00:36:14.266 > D (73) esp_image: free data page_count 0x00000038
00:36:14.266 > D (73) bootloader_flash: rodata starts from paddr=0x00024e04, size=0x2ed8, will be mapped to vaddr=0x3f000000
00:36:14.266 > V (73) bootloader_flash: after mapping, starting from paddr=0x00020000 and vaddr=0x3f000000, 0x10000 bytes are mapped
00:36:14.266 > V (76) esp_image: loadi[37mng segment header 3 at offset 0x27cdc
00:36:14.266 > D (76) bootloader_flash: mmu set block paddr=0x00020000 (was 0xffffffff)
00:36:14.266 > V (77) esp_image: segment data length 0x8334 data starts 0x27ce4
00:36:14.266 > V (78) esp_image: MMU page size 0x10000
00:36:14.266 > V (78) esp_image: segment 3 map_segment 0 segment_data_offs 0x27ce4 load_addr 0x40024000
00:36:14.266 > I (79) esp_image: segment 3: paddr=00027ce4 vaddr=40024000 size=08334h ( 33588) load
00:36:14.266 > D (79) esp_image: free data page_count 0x00000038
00:36:14.266 > D (79) bootloader_flash: rodata starts from paddr=0x00027ce4, size=0x8334, will be mapped to vaddr=0x3f000000
00:36:14.266 > V (79) bootloader_flash: after mapping, starting from paddr=0x00020000 and vaddr=0x3f000000, 0x20000 bytes are mapped
00:36:14.266 > V (88) esp_image: loading segment header 4 at offset 0x30018
00:36:14.266 > D (88) bootloader_flash: mmu set block paddr=0x00030000 (was 0xffffffff)
00:36:14.266 > V (89) esp_image: segment data length 0x3fdc0 data starts 0x30020
00:36:14.266 > V (90) esp_image: MMU page size 0x10000
00:36:14.266 > V (90) esp_image: segment 4 map_segment 1 segment_data_offs 0x30020 load_addr 0x40080020
00:36:14.266 > I (92) es[37mp_image: segment 4: paddr=00030020 vaddr=40080020 size=3fdc0h (261568) map
00:36:14.266 > D (92) esp_image: free data page_count 0x00000038
00:36:14.266 > D (92) bootloader_flash: rodata starts from paddr=0x00030020, size=0x3fdc0, will be mapped to vaddr=0x3f000000
00:36:14.266 > V (92) bootloader_flash: after mapping, starting from paddr=0x00030000 and vaddr=0x3f000000, 0x40000 bytes are mapped
00:36:14.266 > V (144) esp_image: loading segment header 5 at offset 0x6fde0
00:36:14.266 > D (144) bootloader_flash: mmu set block paddr=0x00060000 (was 0xffffffff)
00:36:14.266 > V (145) esp_image: segment data length 0x9798 data starts 0x6fde8
00:36:14.266 > V (146) esp_image: MMU page size 0x10000
00:36:14.266 > V (146) esp_image: segment 5 map_segment 0 segment_data_offs 0x6fde8 load_addr 0x4002c334
00:36:14.266 > I (147) esp_image: segment 5: paddr=0006fde8 vaddr=4002c334 size=09798h ( 38808) load
00:36:14.266 > D (147) esp_image: free data page_count 0x00000038
00:36:14.266 > D (147) bootloader_flash: rodata starts from paddr=0x0006fde8, size=0x9798, will be mapped to vaddr=0x3f000000
00:36:14.266 > V (147) bootloader_flash: after mapping, starting from paddr=0x00060000 a[37mnd vaddr=0x3f000000, 0x20000 bytes are mapped
00:36:14.266 > V (157) esp_image: image start 0x00010000 end of last section 0x00079580
00:36:14.266 > D (158) bootloader_flash: mmu set block paddr=0x00070000 (was 0xffffffff)
00:36:14.266 > I (168) boot: Loaded app from partition at offset 0x10000
00:36:14.266 > I (168) boot: Disabling RNG early entropy source...
00:36:14.266 > D (168) boot: Mapping segment 0 as DROM
00:36:14.266 > D (168) boot: Mapping segment 4 as IROM
00:36:14.266 > D (168) boot: calling set_cache_and_start_app
00:36:14.266 > D (168) boot: configure drom and irom and start
00:36:14.266 > V (168) boot: rodata starts from paddr=0x00010020, vaddr=0x3f000020, size=0x14db8
00:36:14.266 > V (170) boot: after mapping rodata, starting from paddr=0x00010000 and vaddr=0x3f000000, 0x20000 bytes are mapped
00:36:14.266 > V (170) boot: mapped one page of the rodata, from paddr=0x00010000 and vaddr=0x3f3f0000, 0x10000 bytes are mapped
00:36:14.266 > V (170) boot: text starts from paddr=0x00030020, vaddr=0x40080020, size=0x3fdc0
00:36:14.266 > V (171) boot: after mapping text, starting from paddr=0x00030000 and vaddr=0x40080000, 0x40000 bytes are mapped
00:36:14.266 > D (172) boot: start: 0x4002[37m6a3c
00:36:14.266 > I (194) main_task: Started on CPU0
00:36:14.266 > I (194) main_task: Calling app_main()
00:36:14.266 > [INFO][MAIN][13ms] START
00:36:14.266 > Guru Meditation Error: Core  0 panic'ed (LoadProhibited). Exception was unhandled.
00:36:14.266 > 
00:36:14.266 > Core  0 register dump:
00:36:14.266 > PC      : 0x400b447b  PS      : 0x00060930  A0      : 0x800a9f6c  A1      : 0x3ffcdc40  
00:36:14.266 > A2      : 0x3ffce1d0  A3      : 0x00000000  A4      : 0x3ffcdc50  A5      : 0x3ffcdf90  
00:36:14.266 > A6      : 0x3ffcdf70  A7      : 0x00000008  A8      : 0x00000000  A9      : 0x3ffcdc30  
00:36:14.266 > A10     : 0x00000001  A11     : 0x3f01244e  A12     : 0x000000ff  A13     : 0x0000ff00  
00:36:14.266 > A14     : 0x00ff0000  A15     : 0xff000000  SAR     : 0x00000004  EXCCAUSE: 0x0000001c  
00:36:14.266 > EXCVADDR: 0x00000064  LBEG    : 0x000000ff  LEND    : 0x0000ff00  LCOUNT  : 0x4002a7e8  
00:36:14.266 > 
00:36:14.266 > 
00:36:14.266 > Backtrace: 0x400b4478:0x3ffcdc40 0x400a9f69:0x3ffcdf60 0x40089c1e:0x3ffcdfb0 0x4008a99d:0x3ffce100 0x400bf777:0x3ffce120 0x4002d279:0x3ffce150
00:36:14.266 > 
00:36:14.266 > 
00:36:14.266 > 
00:36:14.266 > 
00:36:14.266 > ELF file SHA256: 9a34642e2
00:36:14.266 > 
00:36:14.266 > Rebooting...
00:36:14.266 > I (32) boot: ESP-IDF 5.4.0 2nd stage bootloader
00:36:14.266 > I (32) boot: c[37mompile time Jul  3 2025 00:33:36
00:36:14.266 > D (32) bootloader_flash: XMC chip detected by RDID (00204016), skip.
00:36:14.266 > D (34) bootloader_flash: mmu set block paddr=0x00000000 (was 0xffffffff)
00:36:14.266 > I (35) boot: chip revision: v0.0
00:36:14.266 > I (36) boot: efuse block revision: v0.2
00:36:14.266 > D (36) boot.esp32s2: magic e9
00:36:14.266 > D (36) boot.esp32s2: segments 04
00:36:14.266 > D (36) boot.esp32s2: spi_mode 02
00:36:14.266 > D (36) boot.esp32s2: spi_speed 0f
00:36:14.266 > D (36) boot.esp32s2: spi_size 02
00:36:14.266 > I (36) boot.esp32s2: SPI Speed      : 80MHz
00:36:14.266 > I (36) boot.esp32s2: SPI Mode       : DIO
00:36:14.266 > I (36) boot.esp32s2: SPI Flash Size : 4MB
00:36:14.266 > D (37) boot: Enabling RTCWDT(9000 ms)
00:36:14.266 > I (37) boot: Enabling RNG early entropy source...
00:36:14.266 > D (37) bootloader_flash: rodata starts from paddr=0x00008000, size=0xc00, will be mapped to vaddr=0x3f000000
00:36:14.266 > V (37) bootloader_flash: after mapping, starting from paddr=0x00000000 and vaddr=0x3f000000, 0x10000 bytes are mapped
00:36:14.266 > D (37) boot: mapped partition table 0x8000 at 0x3f008000
00:36:14.266 > D (37) flash_parts: partition table verified, 5 entries
00:36:14.266 > I (38) boot: Partition Table:
00:36:14.266 > I ([37m38) boot: ## Label            Usage          Type ST Offset   Length
00:36:14.266 > D (39) boot: load partition table entry 0x3f008000
00:36:14.266 > D (39) boot: type=1 subtype=2
00:36:14.266 > I (39) boot:  0 nvs              WiFi data        01 02 00009000 00004000
00:36:14.266 > D (40) boot: load partition table entry 0x3f008020
00:36:14.266 > D (40) boot: type=1 subtype=1
00:36:14.266 > I (40) boot:  1 phy_init         RF data          01 01 0000d000 00001000
00:36:14.266 > D (41) boot: load partition table entry 0x3f008040
00:36:14.266 > D (42) boot: type=0 subtype=0
00:36:14.266 > I (42) boot:  2 factory          factory app      00 00 00010000 00100000
00:36:14.266 > D (43) boot: load partition table entry 0x3f008060
00:36:14.266 > D (43) boot: type=1 subtype=83
00:36:14.266 > I (43) boot:  3 storage          Unknown data     01 83 00110000 000f0000
00:36:14.266 > I (44) boot: End of partition table
00:36:14.266 > D (44) boot: Trying partition index -1 offs 0x10000 size 0x100000
00:36:14.266 > D (45) esp_image: reading image header @ 0x10000
00:36:14.266 > D (46) bootloader_flash: mmu set block paddr=0x00010000 (was 0xffffffff)
00:36:14.266 > D (47) esp_image: image header: 0xe9 0x06 0x02 0x02 40026a3c
00:36:14.266 > V (47) esp_image: loading s[37megment header 0 at offset 0x10018
00:36:14.266 > V (47) esp_image: segment data length 0x14db8 data starts 0x10020
00:36:14.266 > V (48) esp_image: MMU page size 0x10000
00:36:14.266 > V (48) esp_image: segment 0 map_segment 1 segment_data_offs 0x10020 load_addr 0x3f000020
00:36:14.266 > I (48) esp_image: segment 0: paddr=00010020 vaddr=3f000020 size=14db8h ( 85432) map
00:36:14.266 > D (49) esp_image: free data page_count 0x00000038
00:36:14.266 > D (49) bootloader_flash: rodata starts from paddr=0x00010020, size=0x14db8, will be mapped to vaddr=0x3f000000
00:36:14.266 > V (50) bootloader_flash: after mapping, starting from paddr=0x00010000 and vaddr=0x3f000000, 0x20000 bytes are mapped
00:36:14.266 > V (67) esp_image: loading segment header 1 at offset 0x24dd8
00:36:14.266 > D (67) bootloader_flash: mmu set block paddr=0x00020000 (was 0xffffffff)
00:36:14.266 > V (68) esp_image: segment data length 0x1c data starts 0x24de0
00:36:14.266 > V (69) esp_image: MMU page size 0x10000
00:36:14.266 > V (69) esp_image: segment 1 map_segment 0 segment_data_offs 0x24de0 load_addr 0x3ff9e010
00:36:14.266 > I (70) esp_image: segment 1: paddr=00024de0 vaddr=3ff9e010 size=0001ch (    28) load
00:36:14.266 > D ([37m71) esp_image: free data page_count 0x00000038
00:36:14.267 > D (71) bootloader_flash: rodata starts from paddr=0x00024de0, size=0x1c, will be mapped to vaddr=0x3f000000
00:36:14.267 > V (71) bootloader_flash: after mapping, starting from paddr=0x00020000 and vaddr=0x3f000000, 0x10000 bytes are mapped
00:36:14.267 > V (72) esp_image: loading segment header 2 at offset 0x24dfc
00:36:14.267 > D (72) bootloader_flash: mmu set block paddr=0x00020000 (was 0xffffffff)
00:36:14.267 > V (73) esp_image: segment data length 0x2ed8 data starts 0x24e04
00:36:14.267 > V (74) esp_image: MMU page size 0x10000
00:36:14.267 > V (74) esp_image: segment 2 map_segment 0 segment_data_offs 0x24e04 load_addr 0x3ffc5ad0
00:36:14.267 > I (74) esp_image: segment 2: paddr=00024e04 vaddr=3ffc5ad0 size=02ed8h ( 11992) load
00:36:14.267 > D (75) esp_image: free data page_count 0x00000038
00:36:14.267 > D (75) bootloader_flash: rodata starts from paddr=0x00024e04, size=0x2ed8, will be mapped to vaddr=0x3f000000
00:36:14.267 > V (75) bootloader_flash: after mapping, starting from paddr=0x00020000 and vaddr=0x3f000000, 0x10000 bytes are mapped
00:36:14.267 > V (78) esp_image: loading segment header 3 a[37mt offset 0x27cdc
00:36:14.267 > D (78) bootloader_flash: mmu set block paddr=0x00020000 (was 0xffffffff)
00:36:14.267 > V (79) esp_image: segment data length 0x8334 data starts 0x27ce4
00:36:14.267 > V (80) esp_image: MMU page size 0x10000
00:36:14.267 > V (80) esp_image: segment 3 map_segment 0 segment_data_offs 0x27ce4 load_addr 0x40024000
00:36:14.267 > I (81) esp_image: segment 3: paddr=00027ce4 vaddr=40024000 size=08334h ( 33588) load
00:36:14.267 > D (81) esp_image: free data page_count 0x00000038
00:36:14.267 > D (81) bootloader_flash: rodata starts from paddr=0x00027ce4, size=0x8334, will be mapped to vaddr=0x3f000000
00:36:14.267 > V (81) bootloader_flash: after mapping, starting from paddr=0x00020000 and vaddr=0x3f000000, 0x20000 bytes are mapped
00:36:14.267 > V (90) esp_image: loading segment header 4 at offset 0x30018
00:36:14.267 > D (90) bootloader_flash: mmu set block paddr=0x00030000 (was 0xffffffff)
00:36:14.267 > V (91) esp_image: segment data length 0x3fdc0 data starts 0x30020
00:36:14.267 > V (92) esp_image: MMU page size 0x10000
00:36:14.267 > V (92) esp_image: segment 4 map_segment 1 segment_data_offs 0x30020 load_addr 0x40080020
00:36:14.267 > I (93) esp_image: segment 4: p[37maddr=00030020 vaddr=40080020 size=3fdc0h (261568) map
00:36:14.268 > D (94) esp_image: free data page_count 0x00000038
00:36:14.268 > D (94) bootloader_flash: rodata starts from paddr=0x00030020, size=0x3fdc0, will be mapped to vaddr=0x3f000000
00:36:14.268 > V (94) bootloader_flash: after mapping, starting from paddr=0x00030000 and vaddr=0x3f000000, 0x40000 bytes are mapped
00:36:14.268 > V (146) esp_image: loading segment header 5 at offset 0x6fde0
00:36:14.268 > D (146) bootloader_flash: mmu set block paddr=0x00060000 (was 0xffffffff)
00:36:14.268 > V (147) esp_image: segment data length 0x9798 data starts 0x6fde8
00:36:14.268 > V (148) esp_image: MMU page size 0x10000
00:36:14.268 > V (148) esp_image: segment 5 map_segment 0 segment_data_offs 0x6fde8 load_addr 0x4002c334
00:36:14.268 > I (149) esp_image: segment 5: paddr=0006fde8 vaddr=4002c334 size=09798h ( 38808) load
00:36:14.268 > D (149) esp_image: free data page_count 0x00000038
00:36:14.268 > D (150) bootloader_flash: rodata starts from paddr=0x0006fde8, size=0x9798, will be mapped to vaddr=0x3f000000
00:36:14.268 > V (150) bootloader_flash: after mapping, starting from paddr=0x00060000 and vaddr=0x3f000000, [37m0x20000 bytes are mapped
00:36:14.268 > V (160) esp_image: image start 0x00010000 end of last section 0x00079580
00:36:14.268 > D (161) bootloader_flash: mmu set block paddr=0x00070000 (was 0xffffffff)
00:36:14.268 > I (171) boot: Loaded app from partition at offset 0x10000
00:36:14.268 > I (171) boot: Disabling RNG early entropy source...
00:36:14.268 > D (171) boot: Mapping segment 0 as DROM
00:36:14.268 > D (171) boot: Mapping segment 4 as IROM
00:36:14.268 > D (171) boot: calling set_cache_and_start_app
00:36:14.268 > D (171) boot: configure drom and irom and start
00:36:14.268 > V (171) boot: rodata starts from paddr=0x00010020, vaddr=0x3f000020, size=0x14db8
00:36:14.268 > V (173) boot: after mapping rodata, starting from paddr=0x00010000 and vaddr=0x3f000000, 0x20000 bytes are mapped
00:36:14.268 > V (173) boot: mapped one page of the rodata, from paddr=0x00010000 and vaddr=0x3f3f0000, 0x10000 bytes are mapped
00:36:14.268 > V (173) boot: text starts from paddr=0x00030020, vaddr=0x40080020, size=0x3fdc0
00:36:14.268 > V (174) boot: after mapping text, starting from paddr=0x00030000 and vaddr=0x40080000, 0x40000 bytes are mapped
00:36:14.268 > D (175) boot: start: 0x40026a3c
00:36:14.268 > I (197) main_ta[37msk: Started on CPU0
00:36:14.270 > I (197) main_task: Calling app_main()
00:36:14.270 > [INFO][MAIN][13ms] START
00:36:14.270 > Guru Meditation Error: Core  0 panic'ed (LoadProhibited). Exception was unhandled.
00:36:14.270 > 
00:36:14.270 > Core  0 register dump:
00:36:14.270 > PC      : 0x400b447b  PS      : 0x00060530  A0      : 0x800a9f6c  A1      : 0x3ffcdc40  
00:36:14.270 > A2      : 0x3ffce1d0  A3      : 0x00000000  A4      : 0x3ffcdc50  A5      : 0x3ffcdf90  
00:36:14.270 > A6      : 0x3ffcdf70  A7      : 0x00000008  A8      : 0x00000000  A9      : 0x3ffcdc30  
00:36:14.270 > A10     : 0x00000001  A11     : 0x3f01244e  A12     : 0x000000ff  A13     : 0x0000ff00  
00:36:14.270 > A14     : 0x00ff0000  A15     : 0xff000000  SAR     : 0x00000004  EXCCAUSE: 0x0000001c  
00:36:14.270 > EXCVADDR: 0x00000064  LBEG    : 0x000000ff  LEND    : 0x0000ff00  LCOUNT  : 0x4002a7e8  
00:36:14.270 > 
00:36:14.270 > 
00:36:14.270 > Backtrace: 0x400b4478:0x3ffcdc40 0x400a9f69:0x3ffcdf60 0x40089c1e:0x3ffcdfb0 0x4008a99d:0x3ffce100 0x400bf777:0x3ffce120 0x4002d279:0x3ffce150
00:36:14.270 > 
00:36:14.270 > 
00:36:14.270 > 
00:36:14.270 > 
00:36:14.270 > ELF file SHA256: 9a34642e2
00:36:14.270 > 
00:36:14.270 > Rebooting...
00:36:14.270 > I (32) boot: ESP-IDF 5.4.0 2nd stage bootloader
00:36:14.270 > I (32) boot: compile time Jul  3 20[37m25 00:33:36
00:36:14.270 > D (32) bootloader_flash: XMC chip detected by RDID (00204016), skip.
00:36:14.270 > D (34) bootloader_flash: mmu set block paddr=0x00000000 (was 0xffffffff)
00:36:14.270 > I (35) boot: chip revision: v0.0
00:36:14.270 > I (35) boot: efuse block revision: v0.2
00:36:14.270 > D (35) boot.esp32s2: magic e9
00:36:14.270 > D (35) boot.esp32s2: segments 04
00:36:14.270 > D (36) boot.esp32s2: spi_mode 02
00:36:14.270 > D (36) boot.esp32s2: spi_speed 0f
00:36:14.270 > D (36) boot.esp32s2: spi_size 02
00:36:14.270 > I (36) boot.esp32s2: SPI Speed      : 80MHz
00:36:14.270 > I (36) boot.esp32s2: SPI Mode       : DIO
00:36:14.270 > I (36) boot.esp32s2: SPI Flash Size : 4MB
00:36:14.270 > D (37) boot: Enabling RTCWDT(9000 ms)
00:36:14.270 > I (37) boot: Enabling RNG early entropy source...
00:36:14.270 > D (37) bootloader_flash: rodata starts from paddr=0x00008000, size=0xc00, will be mapped to vaddr=0x3f000000
00:36:14.270 > V (37) bootloader_flash: after mapping, starting from paddr=0x00000000 and vaddr=0x3f000000, 0x10000 bytes are mapped
00:36:14.270 > D (37) boot: mapped partition table 0x8000 at 0x3f008000
00:36:14.270 > D (37) flash_parts: partition table verified, 5 entries
00:36:14.270 > I (38) boot: Partition Table:
00:36:14.270 > I (38) boot: ## Label   [37m         Usage          Type ST Offset   Length
00:36:14.270 > D (39) boot: load partition table entry 0x3f008000
00:36:14.270 > D (39) boot: type=1 subtype=2
00:36:14.270 > I (39) boot:  0 nvs              WiFi data        01 02 00009000 00004000
00:36:14.270 > D (40) boot: load partition table entry 0x3f008020
00:36:14.270 > D (40) boot: type=1 subtype=1
00:36:14.270 > I (40) boot:  1 phy_init         RF data          01 01 0000d000 00001000
00:36:14.270 > D (41) boot: load partition table entry 0x3f008040
00:36:14.270 > D (42) boot: type=0 subtype=0
00:36:14.270 > I (42) boot:  2 factory          factory app      00 00 00010000 00100000
00:36:14.270 > D (43) boot: load partition table entry 0x3f008060
00:36:14.270 > D (43) boot: type=1 subtype=83
00:36:14.270 > I (43) boot:  3 storage          Unknown data     01 83 00110000 000f0000
00:36:14.270 > I (44) boot: End of partition table
00:36:14.270 > D (44) boot: Trying partition index -1 offs 0x10000 size 0x100000
00:36:14.270 > D (45) esp_image: reading image header @ 0x10000
00:36:14.270 > D (46) bootloader_flash: mmu set block paddr=0x00010000 (was 0xffffffff)
00:36:14.270 > D (47) esp_image: image header: 0xe9 0x06 0x02 0x02 40026a3c
00:36:14.270 > V (47) esp_image: loading segment header 0 at of[37mfset 0x10018
00:36:14.270 > V (47) esp_image: segment data length 0x14db8 data starts 0x10020
00:36:14.270 > V (48) esp_image: MMU page size 0x10000
00:36:14.270 > V (48) esp_image: segment 0 map_segment 1 segment_data_offs 0x10020 load_addr 0x3f000020
00:36:14.270 > I (48) esp_image: segment 0: paddr=00010020 vaddr=3f000020 size=14db8h ( 85432) map
00:36:14.270 > D (49) esp_image: free data page_count 0x00000038
00:36:14.270 > D (49) bootloader_flash: rodata starts from paddr=0x00010020, size=0x14db8, will be mapped to vaddr=0x3f000000
00:36:14.270 > V (49) bootloader_flash: after mapping, starting from paddr=0x00010000 and vaddr=0x3f000000, 0x20000 bytes are mapped
00:36:14.270 > V (66) esp_image: loading segment header 1 at offset 0x24dd8
00:36:14.270 > D (66) bootloader_flash: mmu set block paddr=0x00020000 (was 0xffffffff)
00:36:14.270 > V (67) esp_image: segment data length 0x1c data starts 0x24de0
00:36:14.270 > V (68) esp_image: MMU page size 0x10000
00:36:14.270 > V (68) esp_image: segment 1 map_segment 0 segment_data_offs 0x24de0 load_addr 0x3ff9e010
00:36:14.270 > I (68) esp_image: segment 1: paddr=00024de0 vaddr=3ff9e010 size=0001ch (    28) load
00:36:14.270 > D (69) esp_image: free d[37mata page_count 0x00000038
00:36:14.271 > D (69) bootloader_flash: rodata starts from paddr=0x00024de0, size=0x1c, will be mapped to vaddr=0x3f000000
00:36:14.271 > V (69) bootloader_flash: after mapping, starting from paddr=0x00020000 and vaddr=0x3f000000, 0x10000 bytes are mapped
00:36:14.271 > V (70) esp_image: loading segment header 2 at offset 0x24dfc
00:36:14.271 > D (70) bootloader_flash: mmu set block paddr=0x00020000 (was 0xffffffff)
00:36:14.271 > V (71) esp_image: segment data length 0x2ed8 data starts 0x24e04
00:36:14.271 > V (72) esp_image: MMU page size 0x10000
00:36:14.271 > V (72) esp_image: segment 2 map_segment 0 segment_data_offs 0x24e04 load_addr 0x3ffc5ad0
00:36:14.271 > I (72) esp_image: segment 2: paddr=00024e04 vaddr=3ffc5ad0 size=02ed8h ( 11992) load
00:36:14.271 > D (73) esp_image: free data page_count 0x00000038
00:36:14.271 > D (73) bootloader_flash: rodata starts from paddr=0x00024e04, size=0x2ed8, will be mapped to vaddr=0x3f000000
00:36:14.271 > V (73) bootloader_flash: after mapping, starting from paddr=0x00020000 and vaddr=0x3f000000, 0x10000 bytes are mapped
00:36:14.271 > V (76) esp_image: loading segment header 3 at offset 0x27cdc
00:36:14.271 > D ([37m76) bootloader_flash: mmu set block paddr=0x00020000 (was 0xffffffff)
00:36:14.271 > V (77) esp_image: segment data length 0x8334 data starts 0x27ce4
00:36:14.271 > V (78) esp_image: MMU page size 0x10000
00:36:14.271 > V (78) esp_image: segment 3 map_segment 0 segment_data_offs 0x27ce4 load_addr 0x40024000
00:36:14.271 > I (79) esp_image: segment 3: paddr=00027ce4 vaddr=40024000 size=08334h ( 33588) load
00:36:14.271 > D (79) esp_image: free data page_count 0x00000038
00:36:14.271 > D (79) bootloader_flash: rodata starts from paddr=0x00027ce4, size=0x8334, will be mapped to vaddr=0x3f000000
00:36:14.271 > V (79) bootloader_flash: after mapping, starting from paddr=0x00020000 and vaddr=0x3f000000, 0x20000 bytes are mapped
00:36:14.271 > V (88) esp_image: loading segment header 4 at offset 0x30018
00:36:14.271 > D (88) bootloader_flash: mmu set block paddr=0x00030000 (was 0xffffffff)
00:36:14.271 > V (89) esp_image: segment data length 0x3fdc0 data starts 0x30020
00:36:14.271 > V (90) esp_image: MMU page size 0x10000
00:36:14.271 > V (90) esp_image: segment 4 map_segment 1 segment_data_offs 0x30020 load_addr 0x40080020
00:36:14.271 > I (91) esp_image: segment 4: paddr=00030020 vaddr=4[37m0080020 size=3fdc0h (261568) map
00:36:14.271 > D (91) esp_image: free data page_count 0x00000038
00:36:14.271 > D (91) bootloader_flash: rodata starts from paddr=0x00030020, size=0x3fdc0, will be mapped to vaddr=0x3f000000
00:36:14.271 > V (91) bootloader_flash: after mapping, starting from paddr=0x00030000 and vaddr=0x3f000000, 0x40000 bytes are mapped
00:36:14.271 > V (143) esp_image: loading segment header 5 at offset 0x6fde0
00:36:14.271 > D (143) bootloader_flash: mmu set block paddr=0x00060000 (was 0xffffffff)
00:36:14.271 > V (144) esp_image: segment data length 0x9798 data starts 0x6fde8
00:36:14.271 > V (145) esp_image: MMU page size 0x10000
00:36:14.271 > V (145) esp_image: segment 5 map_segment 0 segment_data_offs 0x6fde8 load_addr 0x4002c334
00:36:14.271 > I (146) esp_image: segment 5: paddr=0006fde8 vaddr=4002c334 size=09798h ( 38808) load
00:36:14.271 > D (146) esp_image: free data page_count 0x00000038
00:36:14.271 > D (146) bootloader_flash: rodata starts from paddr=0x0006fde8, size=0x9798, will be mapped to vaddr=0x3f000000
00:36:14.271 > V (146) bootloader_flash: after mapping, starting from paddr=0x00060000 and vaddr=0x3f000000, 0x20000 bytes are map[37mped
00:36:14.271 > V (156) esp_image: image start 0x00010000 end of last section 0x00079580
00:36:14.271 > D (157) bootloader_flash: mmu set block paddr=0x00070000 (was 0xffffffff)
00:36:14.271 > I (167) boot: Loaded app from partition at offset 0x10000
00:36:14.271 > I (167) boot: Disabling RNG early entropy source...
00:36:14.271 > D (167) boot: Mapping segment 0 as DROM
00:36:14.271 > D (167) boot: Mapping segment 4 as IROM
00:36:14.271 > D (167) boot: calling set_cache_and_start_app
00:36:14.271 > D (167) boot: configure drom and irom and start
00:36:14.271 > V (167) boot: rodata starts from paddr=0x00010020, vaddr=0x3f000020, size=0x14db8
00:36:14.271 > V (169) boot: after mapping rodata, starting from paddr=0x00010000 and vaddr=0x3f000000, 0x20000 bytes are mapped
00:36:14.271 > V (169) boot: mapped one page of the rodata, from paddr=0x00010000 and vaddr=0x3f3f0000, 0x10000 bytes are mapped
00:36:14.271 > V (169) boot: text starts from paddr=0x00030020, vaddr=0x40080020, size=0x3fdc0
00:36:14.271 > V (170) boot: after mapping text, starting from paddr=0x00030000 and vaddr=0x40080000, 0x40000 bytes are mapped
00:36:14.271 > D (171) boot: start: 0x40026a3c
00:36:14.271 > I (193) main_task: Started on CPU0
00:36:14.271 > [37mI (193) main_task: Calling app_main()
00:36:14.271 > [INFO][MAIN][13ms] START
00:36:14.271 > Guru Meditation Error: Core  0 panic'ed (LoadProhibited). Exception was unhandled.
00:36:14.271 > 
00:36:14.271 > Core  0 register dump:
00:36:14.271 > PC      : 0x400b447b  PS      : 0x00060530  A0      : 0x800a9f6c  A1      : 0x3ffcdc40  
00:36:14.271 > A2      : 0x3ffce1d0  A3      : 0x00000000  A4      : 0x3ffcdc50  A5      : 0x3ffcdf90  
00:36:14.271 > A6      : 0x3ffcdf70  A7      : 0x00000008  A8      : 0x00000000  A9      : 0x3ffcdc30  
00:36:14.271 > A10     : 0x00000001  A11     : 0x3f01244e  A12     : 0x000000ff  A13     : 0x0000ff00  
00:36:14.271 > A14     : 0x00ff0000  A15     : 0xff000000  SAR     : 0x00000004  EXCCAUSE: 0x0000001c  
00:36:14.271 > EXCVADDR: 0x00000064  LBEG    : 0x000000ff  LEND    : 0x0000ff00  LCOUNT  : 0x4002a7e8  
00:36:14.271 > 
00:36:14.271 > 
00:36:14.271 > Backtrace: 0x400b4478:0x3ffcdc40 0x400a9f69:0x3ffcdf60 0x40089c1e:0x3ffcdfb0 0x4008a99d:0x3ffce100 0x400bf777:0x3ffce120 0x4002d279:0x3ffce150
00:36:14.271 > 
00:36:14.271 > 
00:36:14.271 > 
00:36:14.271 > 
00:36:14.271 > ELF file SHA256: 9a34642e2
00:36:14.271 > 
00:36:14.271 > Rebooting...
00:36:14.271 > I (32) boot: ESP-IDF 5.4.0 2nd stage bootloader
00:36:14.271 > I (32) boot: compile time Jul  3 2025 00:33:36
00:36:14.271 > D (32) b[37mootloader_flash: XMC chip detected by RDID (00204016), skip.
00:36:14.271 > D (34) bootloader_flash: mmu set block paddr=0x00000000 (was 0xffffffff)
00:36:14.271 > I (35) boot: chip revision: v0.0
00:36:14.271 > I (35) boot: efuse block revision: v0.2
00:36:14.271 > D (35) boot.esp32s2: magic e9
00:36:14.271 > D (35) boot.esp32s2: segments 04
00:36:14.271 > D (35) boot.esp32s2: spi_mode 02
00:36:14.271 > D (35) boot.esp32s2: spi_speed 0f
00:36:14.271 > D (35) boot.esp32s2: spi_size 02
00:36:14.271 > I (35) boot.esp32s2: SPI Speed      : 80MHz
00:36:14.271 > I (36) boot.esp32s2: SPI Mode       : DIO
00:36:14.271 > I (36) boot.esp32s2: SPI Flash Size : 4MB
00:36:14.271 > D (37) boot: Enabling RTCWDT(9000 ms)
00:36:14.271 > I (37) boot: Enabling RNG early entropy source...
00:36:14.271 > D (37) bootloader_flash: rodata starts from paddr=0x00008000, size=0xc00, will be mapped to vaddr=0x3f000000
00:36:14.271 > V (37) bootloader_flash: after mapping, starting from paddr=0x00000000 and vaddr=0x3f000000, 0x10000 bytes are mapped
00:36:14.271 > D (37) boot: mapped partition table 0x8000 at 0x3f008000
00:36:14.271 > D (37) flash_parts: partition table verified, 5 entries
00:36:14.271 > I (38) boot: Partition Table:
00:36:14.271 > I (38) boot: ## Label            Usage       [37m   Type ST Offset   Length
00:36:14.271 > D (39) boot: load partition table entry 0x3f008000
00:36:14.271 > D (39) boot: type=1 subtype=2
00:36:14.271 > I (39) boot:  0 nvs              WiFi data        01 02 00009000 00004000
00:36:14.271 > D (40) boot: load partition table entry 0x3f008020
00:36:14.271 > D (40) boot: type=1 subtype=1
00:36:14.271 > I (40) boot:  1 phy_init         RF data          01 01 0000d000 00001000
00:36:14.271 > D (41) boot: load partition table entry 0x3f008040
00:36:14.271 > D (42) boot: type=0 subtype=0
00:36:14.271 > I (42) boot:  2 factory          factory app      00 00 00010000 00100000
00:36:14.271 > D (43) boot: load partition table entry 0x3f008060
00:36:14.271 > D (43) boot: type=1 subtype=83
00:36:14.271 > I (43) boot:  3 storage          Unknown data     01 83 00110000 000f0000
00:36:14.271 > I (44) boot: End of partition table
00:36:14.271 > D (44) boot: Trying partition index -1 offs 0x10000 size 0x100000
00:36:14.271 > D (45) esp_image: reading image header @ 0x10000
00:36:14.271 > D (46) bootloader_flash: mmu set block paddr=0x00010000 (was 0xffffffff)
00:36:14.271 > D (47) esp_image: image header: 0xe9 0x06 0x02 0x02 40026a3c
00:36:14.271 > V (47) esp_image: loading segment header 0 at offset 0x10018
00:36:14.271 > V (47) [37mesp_image: segment data length 0x14db8 data starts 0x10020
00:36:14.271 > V (48) esp_image: MMU page size 0x10000
00:36:14.271 > V (48) esp_image: segment 0 map_segment 1 segment_data_offs 0x10020 load_addr 0x3f000020
00:36:14.271 > I (48) esp_image: segment 0: paddr=00010020 vaddr=3f000020 size=14db8h ( 85432) map
00:36:14.271 > D (49) esp_image: free data page_count 0x00000038
00:36:14.271 > D (49) bootloader_flash: rodata starts from paddr=0x00010020, size=0x14db8, will be mapped to vaddr=0x3f000000
00:36:14.271 > V (49) bootloader_flash: after mapping, starting from paddr=0x00010000 and vaddr=0x3f000000, 0x20000 bytes are mapped
00:36:14.271 > V (66) esp_image: loading segment header 1 at offset 0x24dd8
00:36:14.271 > D (66) bootloader_flash: mmu set block paddr=0x00020000 (was 0xffffffff)
00:36:14.271 > V (67) esp_image: segment data length 0x1c data starts 0x24de0
00:36:14.271 > V (68) esp_image: MMU page size 0x10000
00:36:14.271 > V (68) esp_image: segment 1 map_segment 0 segment_data_offs 0x24de0 load_addr 0x3ff9e010
00:36:14.271 > I (68) esp_image: segment 1: paddr=00024de0 vaddr=3ff9e010 size=0001ch (    28) load
00:36:14.271 > D (69) esp_image: free data page_count 0x0000[37m0038
00:36:14.271 > D (69) bootloader_flash: rodata starts from paddr=0x00024de0, size=0x1c, will be mapped to vaddr=0x3f000000
00:36:14.271 > V (70) bootloader_flash: after mapping, starting from paddr=0x00020000 and vaddr=0x3f000000, 0x10000 bytes are mapped
00:36:14.271 > V (71) esp_image: loading segment header 2 at offset 0x24dfc
00:36:14.271 > D (71) bootloader_flash: mmu set block paddr=0x00020000 (was 0xffffffff)
00:36:14.271 > V (72) esp_image: segment data length 0x2ed8 data starts 0x24e04
00:36:14.271 > V (73) esp_image: MMU page size 0x10000
00:36:14.271 > V (73) esp_image: segment 2 map_segment 0 segment_data_offs 0x24e04 load_addr 0x3ffc5ad0
00:36:14.271 > I (73) esp_image: segment 2: paddr=00024e04 vaddr=3ffc5ad0 size=02ed8h ( 11992) load
00:36:14.271 > D (74) esp_image: free data page_count 0x00000038
00:36:14.271 > D (74) bootloader_flash: rodata starts from paddr=0x00024e04, size=0x2ed8, will be mapped to vaddr=0x3f000000
00:36:14.271 > V (74) bootloader_flash: after mapping, starting from paddr=0x00020000 and vaddr=0x3f000000, 0x10000 bytes are mapped
00:36:14.271 > V (77) esp_image: loading segment header 3 at offset 0x27cdc
00:36:14.271 > D (77) bootloader_flash:[37m mmu set block paddr=0x00020000 (was 0xffffffff)
00:36:14.271 > V (78) esp_image: segment data length 0x8334 data starts 0x27ce4
00:36:14.271 > V (79) esp_image: MMU page size 0x10000
00:36:14.271 > V (79) esp_image: segment 3 map_segment 0 segment_data_offs 0x27ce4 load_addr 0x40024000
00:36:14.271 > I (80) esp_image: segment 3: paddr=00027ce4 vaddr=40024000 size=08334h ( 33588) load
00:36:14.271 > D (80) esp_image: free data page_count 0x00000038
00:36:14.271 > D (80) bootloader_flash: rodata starts from paddr=0x00027ce4, size=0x8334, will be mapped to vaddr=0x3f000000
00:36:14.271 > V (80) bootloader_flash: after mapping, starting from paddr=0x00020000 and vaddr=0x3f000000, 0x20000 bytes are mapped
00:36:14.271 > V (89) esp_image: loading segment header 4 at offset 0x30018
00:36:14.271 > D (89) bootloader_flash: mmu set block paddr=0x00030000 (was 0xffffffff)
00:36:14.271 > V (90) esp_image: segment data length 0x3fdc0 data starts 0x30020
00:36:14.271 > V (91) esp_image: MMU page size 0x10000
00:36:14.271 > V (91) esp_image: segment 4 map_segment 1 segment_data_offs 0x30020 load_addr 0x40080020
00:36:14.271 > I (92) esp_image: segment 4: paddr=00030020 vaddr=40080020 size=3fdc0h ([37m261568) map
00:36:14.272 > D (92) esp_image: free data page_count 0x00000038
00:36:14.272 > D (92) bootloader_flash: rodata starts from paddr=0x00030020, size=0x3fdc0, will be mapped to vaddr=0x3f000000
00:36:14.272 > V (92) bootloader_flash: after mapping, starting from paddr=0x00030000 and vaddr=0x3f000000, 0x40000 bytes are mapped
00:36:14.272 > V (144) esp_image: loading segment header 5 at offset 0x6fde0
00:36:14.272 > D (144) bootloader_flash: mmu set block paddr=0x00060000 (was 0xffffffff)
00:36:14.272 > V (145) esp_image: segment data length 0x9798 data starts 0x6fde8
00:36:14.272 > V (146) esp_image: MMU page size 0x10000
00:36:14.272 > V (146) esp_image: segment 5 map_segment 0 segment_data_offs 0x6fde8 load_addr 0x4002c334
00:36:14.272 > I (147) esp_image: segment 5: paddr=0006fde8 vaddr=4002c334 size=09798h ( 38808) load
00:36:14.272 > D (147) esp_image: free data page_count 0x00000038
00:36:14.272 > D (147) bootloader_flash: rodata starts from paddr=0x0006fde8, size=0x9798, will be mapped to vaddr=0x3f000000
00:36:14.272 > V (147) bootloader_flash: after mapping, starting from paddr=0x00060000 and vaddr=0x3f000000, 0x20000 bytes are mapped
00:36:14.272 > V (157) esp_imag[37me: image start 0x00010000 end of last section 0x00079580
00:36:14.272 > D (158) bootloader_flash: mmu set block paddr=0x00070000 (was 0xffffffff)
00:36:14.272 > I (168) boot: Loaded app from partition at offset 0x10000
00:36:14.272 > I (168) boot: Disabling RNG early entropy source...
00:36:14.272 > D (168) boot: Mapping segment 0 as DROM
00:36:14.272 > D (168) boot: Mapping segment 4 as IROM
00:36:14.272 > D (168) boot: calling set_cache_and_start_app
00:36:14.272 > D (169) boot: configure drom and irom and start
00:36:14.272 > V (169) boot: rodata starts from paddr=0x00010020, vaddr=0x3f000020, size=0x14db8
00:36:14.272 > V (171) boot: after mapping rodata, starting from paddr=0x00010000 and vaddr=0x3f000000, 0x20000 bytes are mapped
00:36:14.272 > V (171) boot: mapped one page of the rodata, from paddr=0x00010000 and vaddr=0x3f3f0000, 0x10000 bytes are mapped
00:36:14.272 > V (171) boot: text starts from paddr=0x00030020, vaddr=0x40080020, size=0x3fdc0
00:36:14.272 > V (172) boot: after mapping text, starting from paddr=0x00030000 and vaddr=0x40080000, 0x40000 bytes are mapped
00:36:14.272 > D (173) boot: start: 0x40026a3c
00:36:14.272 > I (195) main_task: Started on CPU0
00:36:14.272 > I (195) main_task: Ca[37mlling app_main()
00:36:14.272 > [INFO][MAIN][13ms] START
00:36:14.272 > Guru Meditation Error: Core  0 panic'ed (LoadProhibited). Exception was unhandled.
00:36:14.272 > 
00:36:14.272 > Core  0 register dump:
00:36:14.272 > PC      : 0x400b447b  PS      : 0x00060530  A0      : 0x800a9f6c  A1      : 0x3ffcdc40  
00:36:14.272 > A2      : 0x3ffce1d0  A3      : 0x00000000  A4      : 0x3ffcdc50  A5      : 0x3ffcdf90  
00:36:14.272 > A6      : 0x3ffcdf70  A7      : 0x00000008  A8      : 0x00000000  A9      : 0x3ffcdc30  
00:36:14.272 > A10     : 0x00000001  A11     : 0x3f01244e  A12     : 0x000000ff  A13     : 0x0000ff00  
00:36:14.272 > A14     : 0x00ff0000  A15     : 0xff000000  SAR     : 0x00000004  EXCCAUSE: 0x0000001c  
00:36:14.272 > EXCVADDR: 0x00000064  LBEG    : 0x000000ff  LEND    : 0x0000ff00  LCOUNT  : 0x4002a7e8  
00:36:14.272 > 
00:36:14.272 > 
00:36:14.272 > Backtrace: 0x400b4478:0x3ffcdc40 0x400a9f69:0x3ffcdf60 0x40089c1e:0x3ffcdfb0 0x4008a99d:0x3ffce100 0x400bf777:0x3ffce120 0x4002d279:0x3ffce150
00:36:14.272 > 
00:36:14.272 > 
00:36:14.272 > 
00:36:14.272 > 
00:36:14.272 > ELF file SHA256: 9a34642e2
00:36:14.272 > 
00:36:14.272 > Rebooting...
00:36:14.272 > I (32) boot: ESP-IDF 5.4.0 2nd stage bootloader
00:36:14.272 > I (32) boot: compile time Jul  3 2025 00:33:36
00:36:14.272 > D (32) bootloader_flash: XMC [37mchip detected by RDID (00204016), skip.
00:36:14.272 > D (34) bootloader_flash: mmu set block paddr=0x00000000 (was 0xffffffff)
00:36:14.272 > I (35) boot: chip revision: v0.0
00:36:14.272 > I (35) boot: efuse block revision: v0.2
00:36:14.272 > D (35) boot.esp32s2: magic e9
00:36:14.272 > D (35) boot.esp32s2: segments 04
00:36:14.272 > D (35) boot.esp32s2: spi_mode 02
00:36:14.272 > D (35) boot.esp32s2: spi_speed 0f
00:36:14.272 > D (35) boot.esp32s2: spi_size 02
00:36:14.272 > I (35) boot.esp32s2: SPI Speed      : 80MHz
00:36:14.272 > I (35) boot.esp32s2: SPI Mode       : DIO
00:36:14.272 > I (35) boot.esp32s2: SPI Flash Size : 4MB
00:36:14.272 > D (36) boot: Enabling RTCWDT(9000 ms)
00:36:14.272 > I (37) boot: Enabling RNG early entropy source...
00:36:14.272 > D (37) bootloader_flash: rodata starts from paddr=0x00008000, size=0xc00, will be mapped to vaddr=0x3f000000
00:36:14.272 > V (37) bootloader_flash: after mapping, starting from paddr=0x00000000 and vaddr=0x3f000000, 0x10000 bytes are mapped
00:36:14.272 > D (37) boot: mapped partition table 0x8000 at 0x3f008000
00:36:14.272 > D (37) flash_parts: partition table verified, 5 entries
00:36:14.272 > I (38) boot: Partition Table:
00:36:14.272 > I (39) boot: ## Label            Usage          Type ST Offset   L[37mength
00:36:14.272 > D (40) boot: load partition table entry 0x3f008000
00:36:14.272 > D (40) boot: type=1 subtype=2
00:36:14.272 > I (40) boot:  0 nvs              WiFi data        01 02 00009000 00004000
00:36:14.272 > D (41) boot: load partition table entry 0x3f008020
00:36:14.272 > D (41) boot: type=1 subtype=1
00:36:14.272 > I (41) boot:  1 phy_init         RF data          01 01 0000d000 00001000
00:36:14.272 > D (42) boot: load partition table entry 0x3f008040
00:36:14.272 > D (43) boot: type=0 subtype=0
00:36:14.272 > I (44) boot:  2 factory          factory app      00 00 00010000 00100000
00:36:14.272 > D (45) boot: load partition table entry 0x3f008060
00:36:14.272 > D (45) boot: type=1 subtype=83
00:36:14.272 > I (45) boot:  3 storage          Unknown data     01 83 00110000 000f0000
00:36:14.272 > I (46) boot: End of partition table
00:36:14.272 > D (46) boot: Trying partition index -1 offs 0x10000 size 0x100000
00:36:14.272 > D (47) esp_image: reading image header @ 0x10000
00:36:14.272 > D (48) bootloader_flash: mmu set block paddr=0x00010000 (was 0xffffffff)
00:36:14.272 > D (49) esp_image: image header: 0xe9 0x06 0x02 0x02 40026a3c
00:36:14.272 > V (49) esp_image: loading segment header 0 at offset 0x10018
00:36:14.272 > V (49) esp_image: segment da[37mta length 0x14db8 data starts 0x10020
00:36:14.272 > V (50) esp_image: MMU page size 0x10000
00:36:14.272 > V (50) esp_image: segment 0 map_segment 1 segment_data_offs 0x10020 load_addr 0x3f000020
00:36:14.272 > I (50) esp_image: segment 0: paddr=00010020 vaddr=3f000020 size=14db8h ( 85432) map
00:36:14.272 > D (52) esp_image: free data page_count 0x00000038
00:36:14.272 > D (52) bootloader_flash: rodata starts from paddr=0x00010020, size=0x14db8, will be mapped to vaddr=0x3f000000
00:36:14.272 > V (52) bootloader_flash: after mapping, starting from paddr=0x00010000 and vaddr=0x3f000000, 0x20000 bytes are mapped
00:36:14.272 > V (69) esp_image: loading segment header 1 at offset 0x24dd8
00:36:14.272 > D (69) bootloader_flash: mmu set block paddr=0x00020000 (was 0xffffffff)
00:36:14.272 > V (70) esp_image: segment data length 0x1c data starts 0x24de0
00:36:14.272 > V (71) esp_image: MMU page size 0x10000
00:36:14.272 > V (71) esp_image: segment 1 map_segment 0 segment_data_offs 0x24de0 load_addr 0x3ff9e010
00:36:14.272 > I (71) esp_image: segment 1: paddr=00024de0 vaddr=3ff9e010 size=0001ch (    28) load
00:36:14.272 > D (72) esp_image: free data page_count 0x00000038
00:36:14.272 > D (72) bootload[37mer_flash: rodata starts from paddr=0x00024de0, size=0x1c, will be mapped to vaddr=0x3f000000
00:36:14.272 > V (72) bootloader_flash: after mapping, starting from paddr=0x00020000 and vaddr=0x3f000000, 0x10000 bytes are mapped
00:36:14.272 > V (74) esp_image: loading segment header 2 at offset 0x24dfc
00:36:14.272 > D (74) bootloader_flash: mmu set block paddr=0x00020000 (was 0xffffffff)
00:36:14.272 > V (75) esp_image: segment data length 0x2ed8 data starts 0x24e04
00:36:14.272 > V (76) esp_image: MMU page size 0x10000
00:36:14.272 > V (76) esp_image: segment 2 map_segment 0 segment_data_offs 0x24e04 load_addr 0x3ffc5ad0
00:36:14.272 > I (76) esp_image: segment 2: paddr=00024e04 vaddr=3ffc5ad0 size=02ed8h ( 11992) load
00:36:14.272 > D (78) esp_image: free data page_count 0x00000038
00:36:14.272 > D (78) bootloader_flash: rodata starts from paddr=0x00024e04, size=0x2ed8, will be mapped to vaddr=0x3f000000
00:36:14.272 > V (78) bootloader_flash: after mapping, starting from paddr=0x00020000 and vaddr=0x3f000000, 0x10000 bytes are mapped
00:36:14.272 > V (81) esp_image: loading segment header 3 at offset 0x27cdc
00:36:14.272 > D (81) bootloader_flash: mmu set block paddr=[37m0x00020000 (was 0xffffffff)
00:36:14.272 > V (82) esp_image: segment data length 0x8334 data starts 0x27ce4
00:36:14.272 > V (83) esp_image: MMU page size 0x10000
00:36:14.272 > V (84) esp_image: segment 3 map_segment 0 segment_data_offs 0x27ce4 load_addr 0x40024000
00:36:14.272 > I (85) esp_image: segment 3: paddr=00027ce4 vaddr=40024000 size=08334h ( 33588) load
00:36:14.272 > D (85) esp_image: free data page_count 0x00000038
00:36:14.272 > D (85) bootloader_flash: rodata starts from paddr=0x00027ce4, size=0x8334, will be mapped to vaddr=0x3f000000
00:36:14.272 > V (85) bootloader_flash: after mapping, starting from paddr=0x00020000 and vaddr=0x3f000000, 0x20000 bytes are mapped
00:36:14.272 > V (94) esp_image: loading segment header 4 at offset 0x30018
00:36:14.272 > D (94) bootloader_flash: mmu set block paddr=0x00030000 (was 0xffffffff)
00:36:14.272 > V (95) esp_image: segment data length 0x3fdc0 data starts 0x30020
00:36:14.272 > V (96) esp_image: MMU page size 0x10000
00:36:14.272 > V (96) esp_image: segment 4 map_segment 1 segment_data_offs 0x30020 load_addr 0x40080020
00:36:14.272 > I (98) esp_image: segment 4: paddr=00030020 vaddr=40080020 size=3fdc0h (261568) map
00:36:14.272 > D (98) e[37msp_image: free data page_count 0x00000038
00:36:14.273 > D (98) bootloader_flash: rodata starts from paddr=0x00030020, size=0x3fdc0, will be mapped to vaddr=0x3f000000
00:36:14.273 > V (98) bootloader_flash: after mapping, starting from paddr=0x00030000 and vaddr=0x3f000000, 0x40000 bytes are mapped
00:36:14.273 > V (150) esp_image: loading segment header 5 at offset 0x6fde0
00:36:14.273 > D (150) bootloader_flash: mmu set block paddr=0x00060000 (was 0xffffffff)
00:36:14.273 > V (151) esp_image: segment data length 0x9798 data starts 0x6fde8
00:36:14.273 > V (152) esp_image: MMU page size 0x10000
00:36:14.273 > V (152) esp_image: segment 5 map_segment 0 segment_data_offs 0x6fde8 load_addr 0x4002c334
00:36:14.273 > I (153) esp_image: segment 5: paddr=0006fde8 vaddr=4002c334 size=09798h ( 38808) load
00:36:14.273 > D (153) esp_image: free data page_count 0x00000038
00:36:14.273 > D (153) bootloader_flash: rodata starts from paddr=0x0006fde8, size=0x9798, will be mapped to vaddr=0x3f000000
00:36:14.273 > V (153) bootloader_flash: after mapping, starting from paddr=0x00060000 and vaddr=0x3f000000, 0x20000 bytes are mapped
00:36:14.273 > V (163) esp_image: image start 0x0001[37m0000 end of last section 0x00079580
00:36:14.273 > D (164) bootloader_flash: mmu set block paddr=0x00070000 (was 0xffffffff)
00:36:14.273 > I (174) boot: Loaded app from partition at offset 0x10000
00:36:14.273 > I (174) boot: Disabling RNG early entropy source...
00:36:14.273 > D (174) boot: Mapping segment 0 as DROM
00:36:14.273 > D (174) boot: Mapping segment 4 as IROM
00:36:14.273 > D (174) boot: calling set_cache_and_start_app
00:36:14.273 > D (174) boot: configure drom and irom and start
00:36:14.273 > V (174) boot: rodata starts from paddr=0x00010020, vaddr=0x3f000020, size=0x14db8
00:36:14.273 > V (176) boot: after mapping rodata, starting from paddr=0x00010000 and vaddr=0x3f000000, 0x20000 bytes are mapped
00:36:14.273 > V (176) boot: mapped one page of the rodata, from paddr=0x00010000 and vaddr=0x3f3f0000, 0x10000 bytes are mapped
00:36:14.273 > V (176) boot: text starts from paddr=0x00030020, vaddr=0x40080020, size=0x3fdc0
00:36:14.273 > V (177) boot: after mapping text, starting from paddr=0x00030000 and vaddr=0x40080000, 0x40000 bytes are mapped
00:36:14.273 > D (178) boot: start: 0x40026a3c
00:36:14.273 > I (200) main_task: Started on CPU0
00:36:14.273 > I (200) main_task: Calling app_main()
00:36:14.273 > [IN[37mFO][MAIN][13ms] START
00:36:14.273 > Guru Meditation Error: Core  0 panic'ed (LoadProhibited). Exception was unhandled.
00:36:14.273 > 
00:36:14.273 > Core  0 register dump:
00:36:14.273 > PC      : 0x400b447b  PS      : 0x00060930  A0      : 0x800a9f6c  A1      : 0x3ffcdc40  
00:36:14.273 > A2      : 0x3ffce1d0  A3      : 0x00000000  A4      : 0x3ffcdc50  A5      : 0x3ffcdf90  
00:36:14.273 > A6      : 0x3ffcdf70  A7      : 0x00000008  A8      : 0x00000000  A9      : 0x3ffcdc30  
00:36:14.273 > A10     : 0x00000001  A11     : 0x3f01244e  A12     : 0x000000ff  A13     : 0x0000ff00  
00:36:14.273 > A14     : 0x00ff0000  A15     : 0xff000000  SAR     : 0x00000004  EXCCAUSE: 0x0000001c  
00:36:14.273 > EXCVADDR: 0x00000064  LBEG    : 0x000000ff  LEND    : 0x0000ff00  LCOUNT  : 0x4002a7e8  
00:36:14.273 > 
00:36:14.273 > 
00:36:14.273 > Backtrace: 0x400b4478:0x3ffcdc40 0x400a9f69:0x3ffcdf60 0x40089c1e:0x3ffcdfb0 0x4008a99d:0x3ffce100 0x400bf777:0x3ffce120 0x4002d279:0x3ffce150
00:36:14.273 > 
00:36:14.273 > 
00:36:14.273 > 
00:36:14.273 > 
00:36:14.273 > ELF file SHA256: 9a34642e2
00:36:14.273 > 
00:36:14.273 > Rebooting...
00:36:14.273 > I (32) boot: ESP-IDF 5.4.0 2nd stage bootloader
00:36:14.273 > I (32) boot: compile time Jul  3 2025 00:33:36
00:36:14.273 > D (32) bootloader_flash: XMC chip detected by RDID[37m (00204016), skip.
00:36:14.273 > D (34) bootloader_flash: mmu set block paddr=0x00000000 (was 0xffffffff)
00:36:14.273 > I (35) boot: chip revision: v0.0
00:36:14.273 > I (35) boot: efuse block revision: v0.2
00:36:14.273 > D (35) boot.esp32s2: magic e9
00:36:14.273 > D (35) boot.esp32s2: segments 04
00:36:14.273 > D (35) boot.esp32s2: spi_mode 02
00:36:14.273 > D (35) boot.esp32s2: spi_speed 0f
00:36:14.273 > D (35) boot.esp32s2: spi_size 02
00:36:14.273 > I (35) boot.esp32s2: SPI Speed      : 80MHz
00:36:14.273 > I (35) boot.esp32s2: SPI Mode       : DIO
00:36:14.273 > I (35) boot.esp32s2: SPI Flash Size : 4MB
00:36:14.273 > D (36) boot: Enabling RTCWDT(9000 ms)
00:36:14.273 > I (36) boot: Enabling RNG early entropy source...
00:36:14.273 > D (36) bootloader_flash: rodata starts from paddr=0x00008000, size=0xc00, will be mapped to vaddr=0x3f000000
00:36:14.273 > V (36) bootloader_flash: after mapping, starting from paddr=0x00000000 and vaddr=0x3f000000, 0x10000 bytes are mapped
00:36:14.273 > D (36) boot: mapped partition table 0x8000 at 0x3f008000
00:36:14.273 > D (36) flash_parts: partition table verified, 5 entries
00:36:14.273 > I (37) boot: Partition Table:
00:36:14.273 > I (37) boot: ## Label            Usage          Type ST Offset   Length
00:36:14.273 > D (38) boot: l[37moad partition table entry 0x3f008000
00:36:14.273 > D (38) boot: type=1 subtype=2
00:36:14.273 > I (38) boot:  0 nvs              WiFi data        01 02 00009000 00004000
00:36:14.273 > D (39) boot: load partition table entry 0x3f008020
00:36:14.273 > D (39) boot: type=1 subtype=1
00:36:14.273 > I (39) boot:  1 phy_init         RF data          01 01 0000d000 00001000
00:36:14.273 > D (40) boot: load partition table entry 0x3f008040
00:36:14.273 > D (41) boot: type=0 subtype=0
00:36:14.273 > I (41) boot:  2 factory          factory app      00 00 00010000 00100000
00:36:14.273 > D (42) boot: load partition table entry 0x3f008060
00:36:14.273 > D (42) boot: type=1 subtype=83
00:36:14.273 > I (42) boot:  3 storage          Unknown data     01 83 00110000 000f0000
00:36:14.273 > I (43) boot: End of partition table
00:36:14.273 > D (43) boot: Trying partition index -1 offs 0x10000 size 0x100000
00:36:14.273 > D (44) esp_image: reading image header @ 0x10000
00:36:14.273 > D (45) bootloader_flash: mmu set block paddr=0x00010000 (was 0xffffffff)
00:36:14.273 > D (46) esp_image: image header: 0xe9 0x06 0x02 0x02 40026a3c
00:36:14.273 > V (46) esp_image: loading segment header 0 at offset 0x10018
00:36:14.273 > V (46) esp_image: segment data length 0x14db8 dat[37ma starts 0x10020
00:36:14.273 > V (47) esp_image: MMU page size 0x10000
00:36:14.273 > V (47) esp_image: segment 0 map_segment 1 segment_data_offs 0x10020 load_addr 0x3f000020
00:36:14.273 > I (47) esp_image: segment 0: paddr=00010020 vaddr=3f000020 size=14db8h ( 85432) map
00:36:14.273 > D (48) esp_image: free data page_count 0x00000038
00:36:14.273 > D (48) bootloader_flash: rodata starts from paddr=0x00010020, size=0x14db8, will be mapped to vaddr=0x3f000000
00:36:14.273 > V (48) bootloader_flash: after mapping, starting from paddr=0x00010000 and vaddr=0x3f000000, 0x20000 bytes are mapped
00:36:14.273 > V (65) esp_image: loading segment header 1 at offset 0x24dd8
00:36:14.273 > D (65) bootloader_flash: mmu set block paddr=0x00020000 (was 0xffffffff)
00:36:14.273 > V (66) esp_image: segment data length 0x1c data starts 0x24de0
00:36:14.273 > V (67) esp_image: MMU page size 0x10000
00:36:14.273 > V (67) esp_image: segment 1 map_segment 0 segment_data_offs 0x24de0 load_addr 0x3ff9e010
00:36:14.273 > I (68) esp_image: segment 1: paddr=00024de0 vaddr=3ff9e010 size=0001ch (    28) load
00:36:14.273 > D (69) esp_image: free data page_count 0x00000038
00:36:14.273 > D (69) bootloader_flash: rodata star[37mts from paddr=0x00024de0, size=0x1c, will be mapped to vaddr=0x3f000000
00:36:14.273 > V (69) bootloader_flash: after mapping, starting from paddr=0x00020000 and vaddr=0x3f000000, 0x10000 bytes are mapped
00:36:14.273 > V (70) esp_image: loading segment header 2 at offset 0x24dfc
00:36:14.273 > D (70) bootloader_flash: mmu set block paddr=0x00020000 (was 0xffffffff)
00:36:14.273 > V (71) esp_image: segment data length 0x2ed8 data starts 0x24e04
00:36:14.273 > V (72) esp_image: MMU page size 0x10000
00:36:14.273 > V (72) esp_image: segment 2 map_segment 0 segment_data_offs 0x24e04 load_addr 0x3ffc5ad0
00:36:14.273 > I (73) esp_image: segment 2: paddr=00024e04 vaddr=3ffc5ad0 size=02ed8h ( 11992) load
00:36:14.273 > D (74) esp_image: free data page_count 0x00000038
00:36:14.273 > D (74) bootloader_flash: rodata starts from paddr=0x00024e04, size=0x2ed8, will be mapped to vaddr=0x3f000000
00:36:14.273 > V (74) bootloader_flash: after mapping, starting from paddr=0x00020000 and vaddr=0x3f000000, 0x10000 bytes are mapped
00:36:14.273 > V (77) esp_image: loading segment header 3 at offset 0x27cdc
00:36:14.273 > D (77) bootloader_flash: mmu set block paddr=0x00020000 (was 0xfff[37mfffff)
00:36:14.273 > V (78) esp_image: segment data length 0x8334 data starts 0x27ce4
00:36:14.273 > V (79) esp_image: MMU page size 0x10000
00:36:14.273 > V (79) esp_image: segment 3 map_segment 0 segment_data_offs 0x27ce4 load_addr 0x40024000
00:36:14.273 > I (80) esp_image: segment 3: paddr=00027ce4 vaddr=40024000 size=08334h ( 33588) load
00:36:14.273 > D (80) esp_image: free data page_count 0x00000038
00:36:14.273 > D (80) bootloader_flash: rodata starts from paddr=0x00027ce4, size=0x8334, will be mapped to vaddr=0x3f000000
00:36:14.273 > V (80) bootloader_flash: after mapping, starting from paddr=0x00020000 and vaddr=0x3f000000, 0x20000 bytes are mapped
00:36:14.273 > V (89) esp_image: loading segment header 4 at offset 0x30018
00:36:14.273 > D (89) bootloader_flash: mmu set block paddr=0x00030000 (was 0xffffffff)
00:36:14.273 > V (90) esp_image: segment data length 0x3fdc0 data starts 0x30020
00:36:14.273 > V (91) esp_image: MMU page size 0x10000
00:36:14.273 > V (91) esp_image: segment 4 map_segment 1 segment_data_offs 0x30020 load_addr 0x40080020
00:36:14.273 > I (92) esp_image: segment 4: paddr=00030020 vaddr=40080020 size=3fdc0h (261568) map
00:36:14.273 > D (93) esp_image: free data p[37mage_count 0x00000038
00:36:14.273 > D (93) bootloader_flash: rodata starts from paddr=0x00030020, size=0x3fdc0, will be mapped to vaddr=0x3f000000
00:36:14.273 > V (93) bootloader_flash: after mapping, starting from paddr=0x00030000 and vaddr=0x3f000000, 0x40000 bytes are mapped
00:36:14.273 > V (145) esp_image: loading segment header 5 at offset 0x6fde0
00:36:14.273 > D (145) bootloader_flash: mmu set block paddr=0x00060000 (was 0xffffffff)
00:36:14.273 > V (146) esp_image: segment data length 0x9798 data starts 0x6fde8
00:36:14.273 > V (147) esp_image: MMU page size 0x10000
00:36:14.273 > V (147) esp_image: segment 5 map_segment 0 segment_data_offs 0x6fde8 load_addr 0x4002c334
00:36:14.273 > I (148) esp_image: segment 5: paddr=0006fde8 vaddr=4002c334 size=09798h ( 38808) load
00:36:14.273 > D (148) esp_image: free data page_count 0x00000038
00:36:14.273 > D (148) bootloader_flash: rodata starts from paddr=0x0006fde8, size=0x9798, will be mapped to vaddr=0x3f000000
00:36:14.273 > V (148) bootloader_flash: after mapping, starting from paddr=0x00060000 and vaddr=0x3f000000, 0x20000 bytes are mapped
00:36:14.273 > V (158) esp_image: image start 0x00010000 end of last sect[37mion 0x00079580
00:36:14.274 > D (159) bootloader_flash: mmu set block paddr=0x00070000 (was 0xffffffff)
00:36:14.274 > I (169) boot: Loaded app from partition at offset 0x10000
00:36:14.274 > I (169) boot: Disabling RNG early entropy source...
00:36:14.274 > D (169) boot: Mapping segment 0 as DROM
00:36:14.274 > D (169) boot: Mapping segment 4 as IROM
00:36:14.274 > D (169) boot: calling set_cache_and_start_app
00:36:14.274 > D (169) boot: configure drom and irom and start
00:36:14.274 > V (169) boot: rodata starts from paddr=0x00010020, vaddr=0x3f000020, size=0x14db8
00:36:14.274 > V (171) boot: after mapping rodata, starting from paddr=0x00010000 and vaddr=0x3f000000, 0x20000 bytes are mapped
00:36:14.274 > V (171) boot: mapped one page of the rodata, from paddr=0x00010000 and vaddr=0x3f3f0000, 0x10000 bytes are mapped
00:36:14.274 > V (171) boot: text starts from paddr=0x00030020, vaddr=0x40080020, size=0x3fdc0
00:36:14.274 > V (172) boot: after mapping text, starting from paddr=0x00030000 and vaddr=0x40080000, 0x40000 bytes are mapped
00:36:14.274 > D (173) boot: start: 0x40026a3c
00:36:14.274 > I (195) main_task: Started on CPU0
00:36:14.274 > I (195) main_task: Calling app_main()
00:36:14.274 > [INFO][MAIN][13ms] START[37m
00:36:14.274 > Guru Meditation Error: Core  0 panic'ed (LoadProhibited). Exception was unhandled.
00:36:14.274 > 
00:36:14.274 > Core  0 register dump:
00:36:14.274 > PC      : 0x400b447b  PS      : 0x00060530  A0      : 0x800a9f6c  A1      : 0x3ffcdc40  
00:36:14.274 > A2      : 0x3ffce1d0  A3      : 0x00000000  A4      : 0x3ffcdc50  A5      : 0x3ffcdf90  
00:36:14.274 > A6      : 0x3ffcdf70  A7      : 0x00000008  A8      : 0x00000000  A9      : 0x3ffcdc30  
00:36:14.274 > A10     : 0x00000001  A11     : 0x3f01244e  A12     : 0x000000ff  A13     : 0x0000ff00  
00:36:14.274 > A14     : 0x00ff0000  A15     : 0xff000000  SAR     : 0x00000004  EXCCAUSE: 0x0000001c  
00:36:14.274 > EXCVADDR: 0x00000064  LBEG    : 0x000000ff  LEND    : 0x0000ff00  LCOUNT  : 0x4002a7e8  
00:36:14.274 > 
00:36:14.274 > 
00:36:14.274 > Backtrace: 0x400b4478:0x3ffcdc40 0x400a9f69:0x3ffcdf60 0x40089c1e:0x3ffcdfb0 0x4008a99d:0x3ffce100 0x400bf777:0x3ffce120 0x4002d279:0x3ffce150
00:36:14.274 > 
00:36:14.274 > 
00:36:14.274 > 
00:36:14.274 > 
00:36:14.274 > ELF file SHA256: 9a34642e2
00:36:14.274 > 
00:36:14.274 > Rebooting...
00:36:14.274 > I (32) boot: ESP-IDF 5.4.0 2nd stage bootloader
00:36:14.274 > I (32) boot: compile time Jul  3 2025 00:33:36
00:36:14.274 > D (32) bootloader_flash: XMC chip detected by RDID (00204016), skip.
00:36:14.274 > D[37m (34) bootloader_flash: mmu set block paddr=0x00000000 (was 0xffffffff)
00:36:14.274 > I (35) boot: chip revision: v0.0
00:36:14.274 > I (35) boot: efuse block revision: v0.2
00:36:14.274 > D (35) boot.esp32s2: magic e9
00:36:14.274 > D (35) boot.esp32s2: segments 04
00:36:14.274 > D (36) boot.esp32s2: spi_mode 02
00:36:14.274 > D (36) boot.esp32s2: spi_speed 0f
00:36:14.274 > D (36) boot.esp32s2: spi_size 02
00:36:14.274 > I (36) boot.esp32s2: SPI Speed      : 80MHz
00:36:14.274 > I (36) boot.esp32s2: SPI Mode       : DIO
00:36:14.274 > I (36) boot.esp32s2: SPI Flash Size : 4MB
00:36:14.274 > D (37) boot: Enabling RTCWDT(9000 ms)
00:36:14.274 > I (37) boot: Enabling RNG early entropy source...
00:36:14.274 > D (37) bootloader_flash: rodata starts from paddr=0x00008000, size=0xc00, will be mapped to vaddr=0x3f000000
00:36:14.274 > V (37) bootloader_flash: after mapping, starting from paddr=0x00000000 and vaddr=0x3f000000, 0x10000 bytes are mapped
00:36:14.274 > D (38) boot: mapped partition table 0x8000 at 0x3f008000
00:36:14.274 > D (38) flash_parts: partition table verified, 5 entries
00:36:14.274 > I (39) boot: Partition Table:
00:36:14.274 > I (39) boot: ## Label            Usage          Type ST Offset   Length
00:36:14.274 > D (40) boot: load partition table e[37mntry 0x3f008000
00:36:14.274 > D (40) boot: type=1 subtype=2
00:36:14.274 > I (40) boot:  0 nvs              WiFi data        01 02 00009000 00004000
00:36:14.274 > D (41) boot: load partition table entry 0x3f008020
00:36:14.274 > D (41) boot: type=1 subtype=1
00:36:14.274 > I (41) boot:  1 phy_init         RF data          01 01 0000d000 00001000
00:36:14.274 > D (42) boot: load partition table entry 0x3f008040
00:36:14.274 > D (43) boot: type=0 subtype=0
00:36:14.274 > I (43) boot:  2 factory          factory app      00 00 00010000 00100000
00:36:14.274 > D (44) boot: load partition table entry 0x3f008060
00:36:14.274 > D (44) boot: type=1 subtype=83
00:36:14.274 > I (44) boot:  3 storage          Unknown data     01 83 00110000 000f0000
00:36:14.274 > I (45) boot: End of partition table
00:36:14.274 > D (45) boot: Trying partition index -1 offs 0x10000 size 0x100000
00:36:14.274 > D (46) esp_image: reading image header @ 0x10000
00:36:14.274 > D (47) bootloader_flash: mmu set block paddr=0x00010000 (was 0xffffffff)
00:36:14.274 > D (48) esp_image: image header: 0xe9 0x06 0x02 0x02 40026a3c
00:36:14.274 > V (48) esp_image: loading segment header 0 at offset 0x10018
00:36:14.274 > V (48) esp_image: segment data length 0x14db8 data starts 0x10020
00:36:14.274 > V ([37m49) esp_image: MMU page size 0x10000
00:36:14.274 > V (49) esp_image: segment 0 map_segment 1 segment_data_offs 0x10020 load_addr 0x3f000020
00:36:14.274 > I (49) esp_image: segment 0: paddr=00010020 vaddr=3f000020 size=14db8h ( 85432) map
00:36:14.274 > D (50) esp_image: free data page_count 0x00000038
00:36:14.274 > D (50) bootloader_flash: rodata starts from paddr=0x00010020, size=0x14db8, will be mapped to vaddr=0x3f000000
00:36:14.274 > V (50) bootloader_flash: after mapping, starting from paddr=0x00010000 and vaddr=0x3f000000, 0x20000 bytes are mapped
00:36:14.274 > V (67) esp_image: loading segment header 1 at offset 0x24dd8
00:36:14.274 > D (67) bootloader_flash: mmu set block paddr=0x00020000 (was 0xffffffff)
00:36:14.274 > V (68) esp_image: segment data length 0x1c data starts 0x24de0
00:36:14.274 > V (69) esp_image: MMU page size 0x10000
00:36:14.274 > V (69) esp_image: segment 1 map_segment 0 segment_data_offs 0x24de0 load_addr 0x3ff9e010
00:36:14.274 > I (69) esp_image: segment 1: paddr=00024de0 vaddr=3ff9e010 size=0001ch (    28) load
00:36:14.274 > D (70) esp_image: free data page_count 0x00000038
00:36:14.274 > D (70) bootloader_flash: rodata starts from paddr=0x00024[37mde0, size=0x1c, will be mapped to vaddr=0x3f000000
00:36:14.274 > V (70) bootloader_flash: after mapping, starting from paddr=0x00020000 and vaddr=0x3f000000, 0x10000 bytes are mapped
00:36:14.274 > V (71) esp_image: loading segment header 2 at offset 0x24dfc
00:36:14.274 > D (71) bootloader_flash: mmu set block paddr=0x00020000 (was 0xffffffff)
00:36:14.274 > V (72) esp_image: segment data length 0x2ed8 data starts 0x24e04
00:36:14.274 > V (73) esp_image: MMU page size 0x10000
00:36:14.274 > V (73) esp_image: segment 2 map_segment 0 segment_data_offs 0x24e04 load_addr 0x3ffc5ad0
00:36:14.274 > I (74) esp_image: segment 2: paddr=00024e04 vaddr=3ffc5ad0 size=02ed8h ( 11992) load
00:36:14.274 > D (75) esp_image: free data page_count 0x00000038
00:36:14.274 > D (75) bootloader_flash: rodata starts from paddr=0x00024e04, size=0x2ed8, will be mapped to vaddr=0x3f000000
00:36:14.274 > V (75) bootloader_flash: after mapping, starting from paddr=0x00020000 and vaddr=0x3f000000, 0x10000 bytes are mapped
00:36:14.274 > V (78) esp_image: loading segment header 3 at offset 0x27cdc
00:36:14.274 > D (78) bootloader_flash: mmu set block paddr=0x00020000 (was 0xffffffff)
00:36:14.274 > V (79) esp_im[37mage: segment data length 0x8334 data starts 0x27ce4
00:36:14.274 > V (80) esp_image: MMU page size 0x10000
00:36:14.274 > V (80) esp_image: segment 3 map_segment 0 segment_data_offs 0x27ce4 load_addr 0x40024000
00:36:14.274 > I (81) esp_image: segment 3: paddr=00027ce4 vaddr=40024000 size=08334h ( 33588) load
00:36:14.274 > D (81) esp_image: free data page_count 0x00000038
00:36:14.274 > D (81) bootloader_flash: rodata starts from paddr=0x00027ce4, size=0x8334, will be mapped to vaddr=0x3f000000
00:36:14.274 > V (81) bootloader_flash: after mapping, starting from paddr=0x00020000 and vaddr=0x3f000000, 0x20000 bytes are mapped
00:36:14.274 > V (90) esp_image: loading segment header 4 at offset 0x30018
00:36:14.274 > D (90) bootloader_flash: mmu set block paddr=0x00030000 (was 0xffffffff)
00:36:14.274 > V (91) esp_image: segment data length 0x3fdc0 data starts 0x30020
00:36:14.274 > V (92) esp_image: MMU page size 0x10000
00:36:14.274 > V (92) esp_image: segment 4 map_segment 1 segment_data_offs 0x30020 load_addr 0x40080020
00:36:14.274 > I (93) esp_image: segment 4: paddr=00030020 vaddr=40080020 size=3fdc0h (261568) map
00:36:14.274 > D (93) esp_image: free data page_count 0x00000038[37m
00:36:14.274 > D (93) bootloader_flash: rodata starts from paddr=0x00030020, size=0x3fdc0, will be mapped to vaddr=0x3f000000
00:36:14.274 > V (93) bootloader_flash: after mapping, starting from paddr=0x00030000 and vaddr=0x3f000000, 0x40000 bytes are mapped
00:36:14.274 > V (145) esp_image: loading segment header 5 at offset 0x6fde0
00:36:14.274 > D (145) bootloader_flash: mmu set block paddr=0x00060000 (was 0xffffffff)
00:36:14.274 > V (146) esp_image: segment data length 0x9798 data starts 0x6fde8
00:36:14.274 > V (147) esp_image: MMU page size 0x10000
00:36:14.274 > V (147) esp_image: segment 5 map_segment 0 segment_data_offs 0x6fde8 load_addr 0x4002c334
00:36:14.274 > I (148) esp_image: segment 5: paddr=0006fde8 vaddr=4002c334 size=09798h ( 38808) load
00:36:14.274 > D (148) esp_image: free data page_count 0x00000038
00:36:14.274 > D (148) bootloader_flash: rodata starts from paddr=0x0006fde8, size=0x9798, will be mapped to vaddr=0x3f000000
00:36:14.274 > V (148) bootloader_flash: after mapping, starting from paddr=0x00060000 and vaddr=0x3f000000, 0x20000 bytes are mapped
00:36:14.274 > V (158) esp_image: image start 0x00010000 end of last section 0x00079580
00:36:14.274 > D (15[37m9) bootloader_flash: mmu set block paddr=0x00070000 (was 0xffffffff)
00:36:14.274 > I (169) boot: Loaded app from partition at offset 0x10000
00:36:14.274 > I (169) boot: Disabling RNG early entropy source...
00:36:14.274 > D (169) boot: Mapping segment 0 as DROM
00:36:14.274 > D (169) boot: Mapping segment 4 as IROM
00:36:14.274 > D (169) boot: calling set_cache_and_start_app
00:36:14.274 > D (169) boot: configure drom and irom and start
00:36:14.274 > V (169) boot: rodata starts from paddr=0x00010020, vaddr=0x3f000020, size=0x14db8
00:36:14.274 > V (171) boot: after mapping rodata, starting from paddr=0x00010000 and vaddr=0x3f000000, 0x20000 bytes are mapped
00:36:14.274 > V (171) boot: mapped one page of the rodata, from paddr=0x00010000 and vaddr=0x3f3f0000, 0x10000 bytes are mapped
00:36:14.274 > V (171) boot: text starts from paddr=0x00030020, vaddr=0x40080020, size=0x3fdc0
00:36:14.274 > V (172) boot: after mapping text, starting from paddr=0x00030000 and vaddr=0x40080000, 0x40000 bytes are mapped
00:36:14.274 > D (173) boot: start: 0x40026a3c
00:36:14.274 > I (195) main_task: Started on CPU0
00:36:14.274 > I (195) main_task: Calling app_main()
00:36:14.274 > [INFO][MAIN][13ms] START
00:36:14.274 > Guru Meditation Err[37mor: Core  0 panic'ed (LoadProhibited). Exception was unhandled.
00:36:14.274 > 
00:36:14.274 > Core  0 register dump:
00:36:14.274 > PC      : 0x400b447b  PS      : 0x00060530  A0      : 0x800a9f6c  A1      : 0x3ffcdc40  
00:36:14.274 > A2      : 0x3ffce1d0  A3      : 0x00000000  A4      : 0x3ffcdc50  A5      : 0x3ffcdf90  
00:36:14.274 > A6      : 0x3ffcdf70  A7      : 0x00000008  A8      : 0x00000000  A9      : 0x3ffcdc30  
00:36:14.274 > A10     : 0x00000001  A11     : 0x3f01244e  A12     : 0x000000ff  A13     : 0x0000ff00  
00:36:14.274 > A14     : 0x00ff0000  A15     : 0xff000000  SAR     : 0x00000004  EXCCAUSE: 0x0000001c  
00:36:14.274 > EXCVADDR: 0x00000064  LBEG    : 0x000000ff  LEND    : 0x0000ff00  LCOUNT  : 0x4002a7e8  
00:36:14.274 > 
00:36:14.274 > 
00:36:14.274 > Backtrace: 0x400b4478:0x3ffcdc40 0x400a9f69:0x3ffcdf60 0x40089c1e:0x3ffcdfb0 0x4008a99d:0x3ffce100 0x400bf777:0x3ffce120 0x4002d279:0x3ffce150
00:36:14.274 > 
00:36:14.274 > 
00:36:14.274 > 
00:36:14.274 > 
00:36:14.274 > ELF file SHA256: 9a34642e2
00:36:14.274 > 
00:36:14.274 > Rebooting...
00:36:14.274 > I (32) boot: ESP-IDF 5.4.0 2nd stage bootloader
00:36:14.274 > I (32) boot: compile time Jul  3 2025 00:33:36
00:36:14.274 > D (33) bootloader_flash: XMC chip detected by RDID (00204016), skip.
00:36:14.274 > D (35) bootloader_flas[37mh: mmu set block paddr=0x00000000 (was 0xffffffff)
00:36:14.274 > I (36) boot: chip revision: v0.0
00:36:14.274 > I (36) boot: efuse block revision: v0.2
00:36:14.274 > D (36) boot.esp32s2: magic e9
00:36:14.274 > D (36) boot.esp32s2: segments 04
00:36:14.274 > D (36) boot.esp32s2: spi_mode 02
00:36:14.274 > D (36) boot.esp32s2: spi_speed 0f
00:36:14.274 > D (36) boot.esp32s2: spi_size 02
00:36:14.274 > I (36) boot.esp32s2: SPI Speed      : 80MHz
00:36:14.274 > I (37) boot.esp32s2: SPI Mode       : DIO
00:36:14.274 > I (37) boot.esp32s2: SPI Flash Size : 4MB
00:36:14.274 > D (38) boot: Enabling RTCWDT(9000 ms)
00:36:14.274 > I (38) boot: Enabling RNG early entropy source...
00:36:14.274 > D (38) bootloader_flash: rodata starts from paddr=0x00008000, size=0xc00, will be mapped to vaddr=0x3f000000
00:36:14.274 > V (38) bootloader_flash: after mapping, starting from paddr=0x00000000 and vaddr=0x3f000000, 0x10000 bytes are mapped
00:36:14.274 > D (38) boot: mapped partition table 0x8000 at 0x3f008000
00:36:14.274 > D (38) flash_parts: partition table verified, 5 entries
00:36:14.274 > I (39) boot: Partition Table:
00:36:14.274 > I (39) boot: ## Label            Usage          Type ST Offset   Length
00:36:14.274 > D (40) boot: load partition table entry 0x3f008000
00:36:14.274 > D (4[37m0) boot: type=1 subtype=2
00:36:14.274 > I (40) boot:  0 nvs              WiFi data        01 02 00009000 00004000
00:36:14.274 > D (41) boot: load partition table entry 0x3f008020
00:36:14.274 > D (41) boot: type=1 subtype=1
00:36:14.274 > I (41) boot:  1 phy_init         RF data          01 01 0000d000 00001000
00:36:14.274 > D (42) boot: load partition table entry 0x3f008040
00:36:14.274 > D (43) boot: type=0 subtype=0
00:36:14.274 > I (43) boot:  2 factory          factory app      00 00 00010000 00100000
00:36:14.274 > D (44) boot: load partition table entry 0x3f008060
00:36:14.274 > D (44) boot: type=1 subtype=83
00:36:14.274 > I (44) boot:  3 storage          Unknown data     01 83 00110000 000f0000
00:36:14.274 > I (45) boot: End of partition table
00:36:14.274 > D (45) boot: Trying partition index -1 offs 0x10000 size 0x100000
00:36:14.274 > D (46) esp_image: reading image header @ 0x10000
00:36:14.274 > D (47) bootloader_flash: mmu set block paddr=0x00010000 (was 0xffffffff)
00:36:14.274 > D (48) esp_image: image header: 0xe9 0x06 0x02 0x02 40026a3c
00:36:14.274 > V (48) esp_image: loading segment header 0 at offset 0x10018
00:36:14.274 > V (48) esp_image: segment data length 0x14db8 data starts 0x10020
00:36:14.274 > V (49) esp_image: MMU pa[37mge size 0x10000
00:36:14.275 > V (49) esp_image: segment 0 map_segment 1 segment_data_offs 0x10020 load_addr 0x3f000020
00:36:14.275 > I (49) esp_image: segment 0: paddr=00010020 vaddr=3f000020 size=14db8h ( 85432) map
00:36:14.275 > D (50) esp_image: free data page_count 0x00000038
00:36:14.275 > D (50) bootloader_flash: rodata starts from paddr=0x00010020, size=0x14db8, will be mapped to vaddr=0x3f000000
00:36:14.275 > V (50) bootloader_flash: after mapping, starting from paddr=0x00010000 and vaddr=0x3f000000, 0x20000 bytes are mapped
00:36:14.275 > V (67) esp_image: loading segment header 1 at offset 0x24dd8
00:36:14.275 > D (67) bootloader_flash: mmu set block paddr=0x00020000 (was 0xffffffff)
00:36:14.275 > V (68) esp_image: segment data length 0x1c data starts 0x24de0
00:36:14.275 > V (69) esp_image: MMU page size 0x10000
00:36:14.275 > V (69) esp_image: segment 1 map_segment 0 segment_data_offs 0x24de0 load_addr 0x3ff9e010
00:36:14.275 > I (69) esp_image: segment 1: paddr=00024de0 vaddr=3ff9e010 size=0001ch (    28) load
00:36:14.275 > D (70) esp_image: free data page_count 0x00000038
00:36:14.275 > D (70) bootloader_flash: rodata starts from paddr=0x00024de0, size=0x1c, will [37mbe mapped to vaddr=0x3f000000
00:36:14.275 > V (71) bootloader_flash: after mapping, starting from paddr=0x00020000 and vaddr=0x3f000000, 0x10000 bytes are mapped
00:36:14.275 > V (72) esp_image: loading segment header 2 at offset 0x24dfc
00:36:14.275 > D (72) bootloader_flash: mmu set block paddr=0x00020000 (was 0xffffffff)
00:36:14.275 > V (73) esp_image: segment data length 0x2ed8 data starts 0x24e04
00:36:14.275 > V (74) esp_image: MMU page size 0x10000
00:36:14.275 > V (74) esp_image: segment 2 map_segment 0 segment_data_offs 0x24e04 load_addr 0x3ffc5ad0
00:36:14.275 > I (74) esp_image: segment 2: paddr=00024e04 vaddr=3ffc5ad0 size=02ed8h ( 11992) load
00:36:14.275 > D (75) esp_image: free data page_count 0x00000038
00:36:14.275 > D (75) bootloader_flash: rodata starts from paddr=0x00024e04, size=0x2ed8, will be mapped to vaddr=0x3f000000
00:36:14.275 > V (75) bootloader_flash: after mapping, starting from paddr=0x00020000 and vaddr=0x3f000000, 0x10000 bytes are mapped
00:36:14.275 > V (78) esp_image: loading segment header 3 at offset 0x27cdc
00:36:14.275 > D (78) bootloader_flash: mmu set block paddr=0x00020000 (was 0xffffffff)
00:36:14.275 > V (79) esp_image: segment data len[37mgth 0x8334 data starts 0x27ce4
00:36:14.275 > V (80) esp_image: MMU page size 0x10000
00:36:14.275 > V (80) esp_image: segment 3 map_segment 0 segment_data_offs 0x27ce4 load_addr 0x40024000
00:36:14.275 > I (81) esp_image: segment 3: paddr=00027ce4 vaddr=40024000 size=08334h ( 33588) load
00:36:14.275 > D (81) esp_image: free data page_count 0x00000038
00:36:14.275 > D (81) bootloader_flash: rodata starts from paddr=0x00027ce4, size=0x8334, will be mapped to vaddr=0x3f000000
00:36:14.275 > V (81) bootloader_flash: after mapping, starting from paddr=0x00020000 and vaddr=0x3f000000, 0x20000 bytes are mapped
00:36:14.275 > V (90) esp_image: loading segment header 4 at offset 0x30018
00:36:14.275 > D (90) bootloader_flash: mmu set block paddr=0x00030000 (was 0xffffffff)
00:36:14.275 > V (91) esp_image: segment data length 0x3fdc0 data starts 0x30020
00:36:14.275 > V (92) esp_image: MMU page size 0x10000
00:36:14.275 > V (92) esp_image: segment 4 map_segment 1 segment_data_offs 0x30020 load_addr 0x40080020
00:36:14.275 > I (93) esp_image: segment 4: paddr=00030020 vaddr=40080020 size=3fdc0h (261568) map
00:36:14.275 > D (93) esp_image: free data page_count 0x00000038
00:36:14.275 > D (93) bootloader_fl[37mash: rodata starts from paddr=0x00030020, size=0x3fdc0, will be mapped to vaddr=0x3f000000
00:36:14.275 > V (93) bootloader_flash: after mapping, starting from paddr=0x00030000 and vaddr=0x3f000000, 0x40000 bytes are mapped
00:36:14.275 > V (145) esp_image: loading segment header 5 at offset 0x6fde0
00:36:14.275 > D (145) bootloader_flash: mmu set block paddr=0x00060000 (was 0xffffffff)
00:36:14.275 > V (146) esp_image: segment data length 0x9798 data starts 0x6fde8
00:36:14.275 > V (147) esp_image: MMU page size 0x10000
00:36:14.275 > V (147) esp_image: segment 5 map_segment 0 segment_data_offs 0x6fde8 load_addr 0x4002c334
00:36:14.275 > I (148) esp_image: segment 5: paddr=0006fde8 vaddr=4002c334 size=09798h ( 38808) load
00:36:14.275 > D (148) esp_image: free data page_count 0x00000038
00:36:14.275 > D (148) bootloader_flash: rodata starts from paddr=0x0006fde8, size=0x9798, will be mapped to vaddr=0x3f000000
00:36:14.275 > V (148) bootloader_flash: after mapping, starting from paddr=0x00060000 and vaddr=0x3f000000, 0x20000 bytes are mapped
00:36:14.275 > V (158) esp_image: image start 0x00010000 end of last section 0x00079580
00:36:14.275 > D (159) bootloader_flash: [37mmmu set block paddr=0x00070000 (was 0xffffffff)
00:36:14.275 > I (169) boot: Loaded app from partition at offset 0x10000
00:36:14.275 > I (169) boot: Disabling RNG early entropy source...
00:36:14.275 > D (169) boot: Mapping segment 0 as DROM
00:36:14.275 > D (169) boot: Mapping segment 4 as IROM
00:36:14.275 > D (169) boot: calling set_cache_and_start_app
00:36:14.275 > D (170) boot: configure drom and irom and start
00:36:14.275 > V (170) boot: rodata starts from paddr=0x00010020, vaddr=0x3f000020, size=0x14db8
00:36:14.275 > V (172) boot: after mapping rodata, starting from paddr=0x00010000 and vaddr=0x3f000000, 0x20000 bytes are mapped
00:36:14.275 > V (172) boot: mapped one page of the rodata, from paddr=0x00010000 and vaddr=0x3f3f0000, 0x10000 bytes are mapped
00:36:14.275 > V (172) boot: text starts from paddr=0x00030020, vaddr=0x40080020, size=0x3fdc0
00:36:14.275 > V (173) boot: after mapping text, starting from paddr=0x00030000 and vaddr=0x40080000, 0x40000 bytes are mapped
00:36:14.275 > D (174) boot: start: 0x40026a3c
00:36:14.275 > I (196) main_task: Started on CPU0
00:36:14.275 > I (196) main_task: Calling app_main()
00:36:14.275 > [INFO][MAIN][13ms] START
00:36:14.275 > Guru Meditation Error: Core  0 panic'ed [37m(LoadProhibited). Exception was unhandled.
00:36:14.275 > 
00:36:14.275 > Core  0 register dump:
00:36:14.275 > PC      : 0x400b447b  PS      : 0x00060930  A0      : 0x800a9f6c  A1      : 0x3ffcdc40  
00:36:14.275 > A2      : 0x3ffce1d0  A3      : 0x00000000  A4      : 0x3ffcdc50  A5      : 0x3ffcdf90  
00:36:14.275 > A6      : 0x3ffcdf70  A7      : 0x00000008  A8      : 0x00000000  A9      : 0x3ffcdc30  
00:36:14.275 > A10     : 0x00000001  A11     : 0x3f01244e  A12     : 0x000000ff  A13     : 0x0000ff00  
00:36:14.275 > A14     : 0x00ff0000  A15     : 0xff000000  SAR     : 0x00000004  EXCCAUSE: 0x0000001c  
00:36:14.275 > EXCVADDR: 0x00000064  LBEG    : 0x000000ff  LEND    : 0x0000ff00  LCOUNT  : 0x4002a7e8  
00:36:14.275 > 
00:36:14.275 > 
00:36:14.275 > Backtrace: 0x400b4478:0x3ffcdc40 0x400a9f69:0x3ffcdf60 0x40089c1e:0x3ffcdfb0 0x4008a99d:0x3ffce100 0x400bf777:0x3ffce120 0x4002d279:0x3ffce150
00:36:14.275 > 
00:36:14.275 > 
00:36:14.275 > 
00:36:14.275 > 
00:36:14.275 > ELF file SHA256: 9a34642e2
00:36:14.275 > 
00:36:14.275 > Rebooting...
00:36:14.275 > I (32) boot: ESP-IDF 5.4.0 2nd stage bootloader
00:36:14.275 > I (32) boot: compile time Jul  3 2025 00:33:36
00:36:14.275 > D (32) bootloader_flash: XMC chip detected by RDID (00204016), skip.
00:36:14.275 > D (34) bootloader_flash: mmu set block padd[37mr=0x00000000 (was 0xffffffff)
